
[1m[46m RUN [49m[22m [36mv4.0.16 [39m[90mC:/Projects/DiagnosticCodeAssistant/frontend[39m

node.exe : [90mstderr[2m | 
src/components/__tests__/BulkActionsBar.test.tsx[2m > 
[22m[2mBulkActionsBar[2m > [22m[2mdoes not render when 
no items are selected
At line:1 char:1
+ & "C:\Program Files\nodejs/node.exe" "C:\Program 
Files\nodejs/node_mo ...
+ ~~~~~~~~~~~~~~~~~~~~~~~~~~~~~~~~~~~~~~~~~~~~~~~~~~~~~~~~~~~~
~~~~~~~~~
    + CategoryInfo          : NotSpecified: ([90mstderr[2m. 
   ..ms are selected:String) [], RemoteException
    + FullyQualifiedErrorId : NativeCommandError
 
[22m[39mΓÜá∩╕Å React Router Future Flag Warning: React 
Router will begin wrapping state updates in 
`React.startTransition` in v7. You can use the 
`v7_startTransition` future flag to opt-in early. For more 
information, see https://reactrouter.com/v6/upgrading/future#v
7_starttransition.
ΓÜá∩╕Å React Router Future Flag Warning: Relative route 
resolution within Splat routes is changing in v7. You can use 
the `v7_relativeSplatPath` future flag to opt-in early. For 
more information, see https://reactrouter.com/v6/upgrading/fut
ure#v7_relativesplatpath.

[90mstderr[2m | 
src/components/__tests__/DeleteConfirmModal.test.tsx[2m > 
[22m[2mDeleteConfirmModal[2m > [22m[2mdoes not render 
when isOpen is false
[22m[39mΓÜá∩╕Å React Router Future Flag Warning: React 
Router will begin wrapping state updates in 
`React.startTransition` in v7. You can use the 
`v7_startTransition` future flag to opt-in early. For more 
information, see https://reactrouter.com/v6/upgrading/future#v
7_starttransition.
ΓÜá∩╕Å React Router Future Flag Warning: Relative route 
resolution within Splat routes is changing in v7. You can use 
the `v7_relativeSplatPath` future flag to opt-in early. For 
more information, see https://reactrouter.com/v6/upgrading/fut
ure#v7_relativesplatpath.

[90mstderr[2m | 
src/pages/__tests__/CodeDetailPage.test.tsx[2m > 
[22m[2mCodeDetailPage[2m > [22m[2mshows loading state
[22m[39mΓÜá∩╕Å React Router Future Flag Warning: React 
Router will begin wrapping state updates in 
`React.startTransition` in v7. You can use the 
`v7_startTransition` future flag to opt-in early. For more 
information, see https://reactrouter.com/v6/upgrading/future#v
7_starttransition.
ΓÜá∩╕Å React Router Future Flag Warning: Relative route 
resolution within Splat routes is changing in v7. You can use 
the `v7_relativeSplatPath` future flag to opt-in early. For 
more information, see https://reactrouter.com/v6/upgrading/fut
ure#v7_relativesplatpath.

 [32mΓ£ô[39m src/hooks/__tests__/useDiagnosticCodes.test.tsx [2m([22m[2m9 tests[22m[2m)[22m[33m 719[2mms[22m[39m
[90mstderr[2m | 
src/components/__tests__/CodeCard.test.tsx[2m > 
[22m[2mCodeCard[2m > [22m[2mrenders code information 
correctly
[22m[39mΓÜá∩╕Å React Router Future Flag Warning: React 
Router will begin wrapping state updates in 
`React.startTransition` in v7. You can use the 
`v7_startTransition` future flag to opt-in early. For more 
information, see https://reactrouter.com/v6/upgrading/future#v
7_starttransition.
ΓÜá∩╕Å React Router Future Flag Warning: Relative route 
resolution within Splat routes is changing in v7. You can use 
the `v7_relativeSplatPath` future flag to opt-in early. For 
more information, see https://reactrouter.com/v6/upgrading/fut
ure#v7_relativesplatpath.

[90mstderr[2m | 
src/__tests__/VersionHistoryPage.test.tsx[2m > 
[22m[2mVersionHistoryPage[2m > [22m[2mrenders version 
history timeline
[22m[39mΓÜá∩╕Å React Router Future Flag Warning: React 
Router will begin wrapping state updates in 
`React.startTransition` in v7. You can use the 
`v7_startTransition` future flag to opt-in early. For more 
information, see https://reactrouter.com/v6/upgrading/future#v
7_starttransition.
ΓÜá∩╕Å React Router Future Flag Warning: Relative route 
resolution within Splat routes is changing in v7. You can use 
the `v7_relativeSplatPath` future flag to opt-in early. For 
more information, see https://reactrouter.com/v6/upgrading/fut
ure#v7_relativesplatpath.

[90mstderr[2m | src/__tests__/WebhooksPage.test.tsx[2m > 
[22m[2mWebhooksPage[2m > [22m[2mrenders webhook list
[22m[39mΓÜá∩╕Å React Router Future Flag Warning: React 
Router will begin wrapping state updates in 
`React.startTransition` in v7. You can use the 
`v7_startTransition` future flag to opt-in early. For more 
information, see https://reactrouter.com/v6/upgrading/future#v
7_starttransition.
ΓÜá∩╕Å React Router Future Flag Warning: Relative route 
resolution within Splat routes is changing in v7. You can use 
the `v7_relativeSplatPath` future flag to opt-in early. For 
more information, see https://reactrouter.com/v6/upgrading/fut
ure#v7_relativesplatpath.

[90mstderr[2m | 
src/__tests__/OrganizationsPage.test.tsx[2m > 
[22m[2mOrganizationsPage[2m > [22m[2mrenders 
organization list
[22m[39mΓÜá∩╕Å React Router Future Flag Warning: React 
Router will begin wrapping state updates in 
`React.startTransition` in v7. You can use the 
`v7_startTransition` future flag to opt-in early. For more 
information, see https://reactrouter.com/v6/upgrading/future#v
7_starttransition.
ΓÜá∩╕Å React Router Future Flag Warning: Relative route 
resolution within Splat routes is changing in v7. You can use 
the `v7_relativeSplatPath` future flag to opt-in early. For 
more information, see https://reactrouter.com/v6/upgrading/fut
ure#v7_relativesplatpath.

[90mstderr[2m | 
src/components/__tests__/CodeFormModal.test.tsx[2m > 
[22m[2mCodeFormModal[2m > [22m[2mdoes not render when 
isOpen is false
[22m[39mΓÜá∩╕Å React Router Future Flag Warning: React 
Router will begin wrapping state updates in 
`React.startTransition` in v7. You can use the 
`v7_startTransition` future flag to opt-in early. For more 
information, see https://reactrouter.com/v6/upgrading/future#v
7_starttransition.
ΓÜá∩╕Å React Router Future Flag Warning: Relative route 
resolution within Splat routes is changing in v7. You can use 
the `v7_relativeSplatPath` future flag to opt-in early. For 
more information, see https://reactrouter.com/v6/upgrading/fut
ure#v7_relativesplatpath.

[90mstderr[2m | 
src/components/__tests__/EditCodeModal.test.tsx[2m > 
[22m[2mEditCodeModal[2m > [22m[2mdoes not render when 
isOpen is false
[22m[39mΓÜá∩╕Å React Router Future Flag Warning: React 
Router will begin wrapping state updates in 
`React.startTransition` in v7. You can use the 
`v7_startTransition` future flag to opt-in early. For more 
information, see https://reactrouter.com/v6/upgrading/future#v
7_starttransition.
ΓÜá∩╕Å React Router Future Flag Warning: Relative route 
resolution within Splat routes is changing in v7. You can use 
the `v7_relativeSplatPath` future flag to opt-in early. For 
more information, see https://reactrouter.com/v6/upgrading/fut
ure#v7_relativesplatpath.

[90mstderr[2m | 
src/components/__tests__/FilterBar.test.tsx[2m > 
[22m[2mFilterBar[2m > [22m[2mrenders filter button
[22m[39mΓÜá∩╕Å React Router Future Flag Warning: React 
Router will begin wrapping state updates in 
`React.startTransition` in v7. You can use the 
`v7_startTransition` future flag to opt-in early. For more 
information, see https://reactrouter.com/v6/upgrading/future#v
7_starttransition.
ΓÜá∩╕Å React Router Future Flag Warning: Relative route 
resolution within Splat routes is changing in v7. You can use 
the `v7_relativeSplatPath` future flag to opt-in early. For 
more information, see https://reactrouter.com/v6/upgrading/fut
ure#v7_relativesplatpath.

[90mstderr[2m | 
src/components/__tests__/ExportButton.test.tsx[2m > 
[22m[2mExportButton[2m > [22m[2mrenders CSV and JSON 
export buttons
[22m[39mΓÜá∩╕Å React Router Future Flag Warning: React 
Router will begin wrapping state updates in 
`React.startTransition` in v7. You can use the 
`v7_startTransition` future flag to opt-in early. For more 
information, see https://reactrouter.com/v6/upgrading/future#v
7_starttransition.
ΓÜá∩╕Å React Router Future Flag Warning: Relative route 
resolution within Splat routes is changing in v7. You can use 
the `v7_relativeSplatPath` future flag to opt-in early. For 
more information, see https://reactrouter.com/v6/upgrading/fut
ure#v7_relativesplatpath.

[90mstderr[2m | src/__tests__/WebhooksPage.test.tsx[2m > 
[22m[2mWebhooksPage[2m > [22m[2mdisplays webhook 
deliveries when selected
[22m[39mWarning: An update to WebhooksPage inside a test 
was not wrapped in act(...).

When testing, code that causes React state updates should be 
wrapped into act(...):

act(() => {
  /* fire events that update state */
});
/* assert on the output */

This ensures that you're testing the behavior the user would 
see in the browser. Learn more at 
https://reactjs.org/link/wrap-tests-with-act
    at WebhooksPage (C:/Projects/DiagnosticCodeAssistant/front
end/src/pages/WebhooksPage.tsx:33:69)
    at ThemeProvider (C:/Projects/DiagnosticCodeAssistant/fron
tend/src/contexts/ThemeContext.tsx:8:26)
    at AuthProvider (C:/Projects/DiagnosticCodeAssistant/front
end/src/contexts/AuthContext.tsx:10:25)
    at Router (C:\Projects\DiagnosticCodeAssistant\frontend\no
de_modules\react-router\dist\umd\react-router.development.js:1
207:17)
    at BrowserRouter (C:\Projects\DiagnosticCodeAssistant\fron
tend\node_modules\react-router-dom\dist\umd\react-router-dom.d
evelopment.js:695:7)
    at QueryClientProvider (file:///C:/Projects/DiagnosticCode
Assistant/frontend/node_modules/@tanstack/react-query/build/mo
dern/QueryClientProvider.js:20:3)
    at AllTheProviders (C:/Projects/DiagnosticCodeAssistant/fr
ontend/src/test/test-utils.tsx:28:28)

[90mstderr[2m | 
src/components/__tests__/SavedFiltersBar.test.tsx[2m > 
[22m[2mSavedFiltersBar[2m > [22m[2mrenders save button 
when no filters are saved
[22m[39mΓÜá∩╕Å React Router Future Flag Warning: React 
Router will begin wrapping state updates in 
`React.startTransition` in v7. You can use the 
`v7_startTransition` future flag to opt-in early. For more 
information, see https://reactrouter.com/v6/upgrading/future#v
7_starttransition.
ΓÜá∩╕Å React Router Future Flag Warning: Relative route 
resolution within Splat routes is changing in v7. You can use 
the `v7_relativeSplatPath` future flag to opt-in early. For 
more information, see https://reactrouter.com/v6/upgrading/fut
ure#v7_relativesplatpath.

 [32mΓ£ô[39m src/components/__tests__/BulkActionsBar.test.tsx [2m([22m[2m6 tests[22m[2m)[22m[33m 1014[2mms[22m[39m
     [33m[2mΓ£ô[22m[39m renders all action buttons [33m 845[2mms[22m[39m
Not implemented: navigation to another Document
 [32mΓ£ô[39m src/components/__tests__/DeleteConfirmModal.test.tsx [2m([22m[2m7 tests[22m[2m)[22m[33m 1074[2mms[22m[39m
     [33m[2mΓ£ô[22m[39m calls onClose when Cancel is clicked [33m 586[2mms[22m[39m
Not implemented: navigation to another Document
 [32mΓ£ô[39m src/components/__tests__/ExportButton.test.tsx [2m([22m[2m4 tests[22m[2m)[22m[33m 1264[2mms[22m[39m
     [33m[2mΓ£ô[22m[39m renders CSV and JSON export buttons [33m 722[2mms[22m[39m
[90mstderr[2m | 
src/components/__tests__/Layout.test.tsx[2m > 
[22m[2mLayout[2m > [22m[2mrenders the header with app 
title
[22m[39mΓÜá∩╕Å React Router Future Flag Warning: React 
Router will begin wrapping state updates in 
`React.startTransition` in v7. You can use the 
`v7_startTransition` future flag to opt-in early. For more 
information, see https://reactrouter.com/v6/upgrading/future#v
7_starttransition.
ΓÜá∩╕Å React Router Future Flag Warning: Relative route 
resolution within Splat routes is changing in v7. You can use 
the `v7_relativeSplatPath` future flag to opt-in early. For 
more information, see https://reactrouter.com/v6/upgrading/fut
ure#v7_relativesplatpath.

 [32mΓ£ô[39m src/components/__tests__/CodeCard.test.tsx [2m([22m[2m8 tests[22m[2m)[22m[33m 1071[2mms[22m[39m
     [33m[2mΓ£ô[22m[39m shows checkbox when onToggleSelect is provided [33m 308[2mms[22m[39m
     [33m[2mΓ£ô[22m[39m renders Edit and Delete buttons [33m 380[2mms[22m[39m
[90mstderr[2m | 
src/pages/__tests__/CodeDetailPage.test.tsx[2m > 
[22m[2mCodeDetailPage[2m > [22m[2mnavigates back when 
Back to List is clicked
[22m[39mFailed to track analytics event: AxiosError: 
Network Error
    at XMLHttpRequest.handleError [90m(file:///C:/Projects/Di
agnosticCodeAssistant/frontend/[39mnode_modules/[4maxios[24
m/lib/adapters/xhr.js:112:20[90m)[39m
    at XMLHttpRequest.invokeTheCallbackFunction [90m(C:\Proje
cts\DiagnosticCodeAssistant\frontend\[39mnode_modules\[4mjsd
om[24m\lib\jsdom\living\generated\EventHandlerNonNull.js:14:2
8[90m)[39m
    at XMLHttpRequest.<anonymous> [90m(C:\Projects\Diagnostic
CodeAssistant\frontend\[39mnode_modules\[4mjsdom[24m\lib\js
dom\living\helpers\create-event-accessor.js:36:32[90m)[39m
    at innerInvokeEventListeners [90m(C:\Projects\DiagnosticC
odeAssistant\frontend\[39mnode_modules\[4mjsdom[24m\lib\jsd
om\living\events\EventTarget-impl.js:360:16[90m)[39m
    at invokeEventListeners [90m(C:\Projects\DiagnosticCodeAs
sistant\frontend\[39mnode_modules\[4mjsdom[24m\lib\jsdom\li
ving\events\EventTarget-impl.js:296:3[90m)[39m
    at XMLHttpRequestImpl._dispatch [90m(C:\Projects\Diagnost
icCodeAssistant\frontend\[39mnode_modules\[4mjsdom[24m\lib\
jsdom\living\events\EventTarget-impl.js:243:9[90m)[39m
    at fireAnEvent [90m(C:\Projects\DiagnosticCodeAssistant\f
rontend\[39mnode_modules\[4mjsdom[24m\lib\jsdom\living\help
ers\events.js:18:36[90m)[39m
    at requestErrorSteps [90m(C:\Projects\DiagnosticCodeAssis
tant\frontend\[39mnode_modules\[4mjsdom[24m\lib\jsdom\livin
g\xhr\xhr-utils.js:123:3[90m)[39m
    at Object.dispatchError [90m(C:\Projects\DiagnosticCodeAs
sistant\frontend\[39mnode_modules\[4mjsdom[24m\lib\jsdom\li
ving\xhr\xhr-utils.js:59:3[90m)[39m
    at Request.<anonymous> [90m(C:\Projects\DiagnosticCodeAss
istant\frontend\[39mnode_modules\[4mjsdom[24m\lib\jsdom\liv
ing\xhr\XMLHttpRequest-impl.js:655:18[90m)[39m
    at Axios.request [90m(file:///C:/Projects/DiagnosticCodeA
ssistant/frontend/[39mnode_modules/[4maxios[24m/lib/core/Ax
ios.js:45:41[90m)[39m
[90m    at processTicksAndRejections 
(node:internal/process/task_queues:105:5)[39m
    at AnalyticsService.trackEvent (C:/Projects/DiagnosticCode
Assistant/frontend/src/services/analytics.ts:49:7) {
  code: [32m'ERR_NETWORK'[39m,
  config: {
    transitional: {
      silentJSONParsing: [33mtrue[39m,
      forcedJSONParsing: [33mtrue[39m,
      clarifyTimeoutError: [33mfalse[39m
    },
    adapter: [ [32m'xhr'[39m, [32m'http'[39m, 
[32m'fetch'[39m ],
    transformRequest: [ [36m[Function: 
transformRequest][39m ],
    transformResponse: [ [36m[Function: 
transformResponse][39m ],
    timeout: [33m0[39m,
    xsrfCookieName: [32m'XSRF-TOKEN'[39m,
    xsrfHeaderName: [32m'X-XSRF-TOKEN'[39m,
    maxContentLength: [33m-1[39m,
    maxBodyLength: [33m-1[39m,
    env: { FormData: [36m[Function][39m, Blob: [36m[class 
Blob][39m },
    validateStatus: [36m[Function: validateStatus][39m,
    headers: Object [AxiosHeaders] {
      Accept: [32m'application/json, text/plain, */*'[39m,
      [32m'Content-Type'[39m: [32m'application/json'[39m
    },
    baseURL: [32m'http://localhost:8000'[39m,
    method: [32m'post'[39m,
    url: [32m'/analytics/events'[39m,
    data: [32m'{"event_type":"view","event_category":"diagnos
tic_code","resource_id":1,"metadata":{"code":"E001"}}'[39m,
    allowAbsoluteUrls: [33mtrue[39m
  },
  request: XMLHttpRequest {},
  event: ProgressEvent { isTrusted: [36m[Getter][39m }
}

[90mstderr[2m | 
src/pages/__tests__/CodeDetailPage.test.tsx[2m > 
[22m[2mCodeDetailPage[2m > [22m[2mnavigates back when 
Back to List is clicked
[22m[39mFailed to track analytics event: AxiosError: 
Network Error
    at XMLHttpRequest.handleError [90m(file:///C:/Projects/Di
agnosticCodeAssistant/frontend/[39mnode_modules/[4maxios[24
m/lib/adapters/xhr.js:112:20[90m)[39m
    at XMLHttpRequest.invokeTheCallbackFunction [90m(C:\Proje
cts\DiagnosticCodeAssistant\frontend\[39mnode_modules\[4mjsd
om[24m\lib\jsdom\living\generated\EventHandlerNonNull.js:14:2
8[90m)[39m
    at XMLHttpRequest.<anonymous> [90m(C:\Projects\Diagnostic
CodeAssistant\frontend\[39mnode_modules\[4mjsdom[24m\lib\js
dom\living\helpers\create-event-accessor.js:36:32[90m)[39m
    at innerInvokeEventListeners [90m(C:\Projects\DiagnosticC
odeAssistant\frontend\[39mnode_modules\[4mjsdom[24m\lib\jsd
om\living\events\EventTarget-impl.js:360:16[90m)[39m
    at invokeEventListeners [90m(C:\Projects\DiagnosticCodeAs
sistant\frontend\[39mnode_modules\[4mjsdom[24m\lib\jsdom\li
ving\events\EventTarget-impl.js:296:3[90m)[39m
    at XMLHttpRequestImpl._dispatch [90m(C:\Projects\Diagnost
icCodeAssistant\frontend\[39mnode_modules\[4mjsdom[24m\lib\
jsdom\living\events\EventTarget-impl.js:243:9[90m)[39m
    at fireAnEvent [90m(C:\Projects\DiagnosticCodeAssistant\f
rontend\[39mnode_modules\[4mjsdom[24m\lib\jsdom\living\help
ers\events.js:18:36[90m)[39m
    at requestErrorSteps [90m(C:\Projects\DiagnosticCodeAssis
tant\frontend\[39mnode_modules\[4mjsdom[24m\lib\jsdom\livin
g\xhr\xhr-utils.js:123:3[90m)[39m
    at Object.dispatchError [90m(C:\Projects\DiagnosticCodeAs
sistant\frontend\[39mnode_modules\[4mjsdom[24m\lib\jsdom\li
ving\xhr\xhr-utils.js:59:3[90m)[39m
    at Request.<anonymous> [90m(C:\Projects\DiagnosticCodeAss
istant\frontend\[39mnode_modules\[4mjsdom[24m\lib\jsdom\liv
ing\xhr\XMLHttpRequest-impl.js:655:18[90m)[39m
    at Axios.request [90m(file:///C:/Projects/DiagnosticCodeA
ssistant/frontend/[39mnode_modules/[4maxios[24m/lib/core/Ax
ios.js:45:41[90m)[39m
[90m    at processTicksAndRejections 
(node:internal/process/task_queues:105:5)[39m
    at AnalyticsService.trackEvent (C:/Projects/DiagnosticCode
Assistant/frontend/src/services/analytics.ts:49:7) {
  code: [32m'ERR_NETWORK'[39m,
  config: {
    transitional: {
      silentJSONParsing: [33mtrue[39m,
      forcedJSONParsing: [33mtrue[39m,
      clarifyTimeoutError: [33mfalse[39m
    },
    adapter: [ [32m'xhr'[39m, [32m'http'[39m, 
[32m'fetch'[39m ],
    transformRequest: [ [36m[Function: 
transformRequest][39m ],
    transformResponse: [ [36m[Function: 
transformResponse][39m ],
    timeout: [33m0[39m,
    xsrfCookieName: [32m'XSRF-TOKEN'[39m,
    xsrfHeaderName: [32m'X-XSRF-TOKEN'[39m,
    maxContentLength: [33m-1[39m,
    maxBodyLength: [33m-1[39m,
    env: { FormData: [36m[Function][39m, Blob: [36m[class 
Blob][39m },
    validateStatus: [36m[Function: validateStatus][39m,
    headers: Object [AxiosHeaders] {
      Accept: [32m'application/json, text/plain, */*'[39m,
      [32m'Content-Type'[39m: [32m'application/json'[39m
    },
    baseURL: [32m'http://localhost:8000'[39m,
    method: [32m'post'[39m,
    url: [32m'/analytics/events'[39m,
    data: [32m'{"event_type":"view","event_category":"diagnos
tic_code","resource_id":1,"metadata":{"code":"E001"}}'[39m,
    allowAbsoluteUrls: [33mtrue[39m
  },
  request: XMLHttpRequest {},
  event: ProgressEvent { isTrusted: [36m[Getter][39m }
}

[90mstderr[2m | 
src/pages/__tests__/CodeDetailPage.test.tsx[2m > 
[22m[2mCodeDetailPage[2m > [22m[2mnavigates back when 
Back to List is clicked
[22m[39mFailed to track analytics event: AxiosError: 
Network Error
    at XMLHttpRequest.handleError [90m(file:///C:/Projects/Di
agnosticCodeAssistant/frontend/[39mnode_modules/[4maxios[24
m/lib/adapters/xhr.js:112:20[90m)[39m
    at XMLHttpRequest.invokeTheCallbackFunction [90m(C:\Proje
cts\DiagnosticCodeAssistant\frontend\[39mnode_modules\[4mjsd
om[24m\lib\jsdom\living\generated\EventHandlerNonNull.js:14:2
8[90m)[39m
    at XMLHttpRequest.<anonymous> [90m(C:\Projects\Diagnostic
CodeAssistant\frontend\[39mnode_modules\[4mjsdom[24m\lib\js
dom\living\helpers\create-event-accessor.js:36:32[90m)[39m
    at innerInvokeEventListeners [90m(C:\Projects\DiagnosticC
odeAssistant\frontend\[39mnode_modules\[4mjsdom[24m\lib\jsd
om\living\events\EventTarget-impl.js:360:16[90m)[39m
    at invokeEventListeners [90m(C:\Projects\DiagnosticCodeAs
sistant\frontend\[39mnode_modules\[4mjsdom[24m\lib\jsdom\li
ving\events\EventTarget-impl.js:296:3[90m)[39m
    at XMLHttpRequestImpl._dispatch [90m(C:\Projects\Diagnost
icCodeAssistant\frontend\[39mnode_modules\[4mjsdom[24m\lib\
jsdom\living\events\EventTarget-impl.js:243:9[90m)[39m
    at fireAnEvent [90m(C:\Projects\DiagnosticCodeAssistant\f
rontend\[39mnode_modules\[4mjsdom[24m\lib\jsdom\living\help
ers\events.js:18:36[90m)[39m
    at requestErrorSteps [90m(C:\Projects\DiagnosticCodeAssis
tant\frontend\[39mnode_modules\[4mjsdom[24m\lib\jsdom\livin
g\xhr\xhr-utils.js:123:3[90m)[39m
    at Object.dispatchError [90m(C:\Projects\DiagnosticCodeAs
sistant\frontend\[39mnode_modules\[4mjsdom[24m\lib\jsdom\li
ving\xhr\xhr-utils.js:59:3[90m)[39m
    at Request.<anonymous> [90m(C:\Projects\DiagnosticCodeAss
istant\frontend\[39mnode_modules\[4mjsdom[24m\lib\jsdom\liv
ing\xhr\XMLHttpRequest-impl.js:655:18[90m)[39m
    at Axios.request [90m(file:///C:/Projects/DiagnosticCodeA
ssistant/frontend/[39mnode_modules/[4maxios[24m/lib/core/Ax
ios.js:45:41[90m)[39m
[90m    at processTicksAndRejections 
(node:internal/process/task_queues:105:5)[39m
    at AnalyticsService.trackEvent (C:/Projects/DiagnosticCode
Assistant/frontend/src/services/analytics.ts:49:7) {
  code: [32m'ERR_NETWORK'[39m,
  config: {
    transitional: {
      silentJSONParsing: [33mtrue[39m,
      forcedJSONParsing: [33mtrue[39m,
      clarifyTimeoutError: [33mfalse[39m
    },
    adapter: [ [32m'xhr'[39m, [32m'http'[39m, 
[32m'fetch'[39m ],
    transformRequest: [ [36m[Function: 
transformRequest][39m ],
    transformResponse: [ [36m[Function: 
transformResponse][39m ],
    timeout: [33m0[39m,
    xsrfCookieName: [32m'XSRF-TOKEN'[39m,
    xsrfHeaderName: [32m'X-XSRF-TOKEN'[39m,
    maxContentLength: [33m-1[39m,
    maxBodyLength: [33m-1[39m,
    env: { FormData: [36m[Function][39m, Blob: [36m[class 
Blob][39m },
    validateStatus: [36m[Function: validateStatus][39m,
    headers: Object [AxiosHeaders] {
      Accept: [32m'application/json, text/plain, */*'[39m,
      [32m'Content-Type'[39m: [32m'application/json'[39m
    },
    baseURL: [32m'http://localhost:8000'[39m,
    method: [32m'post'[39m,
    url: [32m'/analytics/events'[39m,
    data: [32m'{"event_type":"view","event_category":"diagnos
tic_code","resource_id":1,"metadata":{"code":"E001"}}'[39m,
    allowAbsoluteUrls: [33mtrue[39m
  },
  request: XMLHttpRequest {},
  event: ProgressEvent { isTrusted: [36m[Getter][39m }
}

[90mstderr[2m | 
src/pages/__tests__/CodeDetailPage.test.tsx[2m > 
[22m[2mCodeDetailPage[2m > [22m[2mnavigates back when 
Back to List is clicked
[22m[39mFailed to track analytics event: AxiosError: 
Network Error
    at XMLHttpRequest.handleError [90m(file:///C:/Projects/Di
agnosticCodeAssistant/frontend/[39mnode_modules/[4maxios[24
m/lib/adapters/xhr.js:112:20[90m)[39m
    at XMLHttpRequest.invokeTheCallbackFunction [90m(C:\Proje
cts\DiagnosticCodeAssistant\frontend\[39mnode_modules\[4mjsd
om[24m\lib\jsdom\living\generated\EventHandlerNonNull.js:14:2
8[90m)[39m
    at XMLHttpRequest.<anonymous> [90m(C:\Projects\Diagnostic
CodeAssistant\frontend\[39mnode_modules\[4mjsdom[24m\lib\js
dom\living\helpers\create-event-accessor.js:36:32[90m)[39m
    at innerInvokeEventListeners [90m(C:\Projects\DiagnosticC
odeAssistant\frontend\[39mnode_modules\[4mjsdom[24m\lib\jsd
om\living\events\EventTarget-impl.js:360:16[90m)[39m
    at invokeEventListeners [90m(C:\Projects\DiagnosticCodeAs
sistant\frontend\[39mnode_modules\[4mjsdom[24m\lib\jsdom\li
ving\events\EventTarget-impl.js:296:3[90m)[39m
    at XMLHttpRequestImpl._dispatch [90m(C:\Projects\Diagnost
icCodeAssistant\frontend\[39mnode_modules\[4mjsdom[24m\lib\
jsdom\living\events\EventTarget-impl.js:243:9[90m)[39m
    at fireAnEvent [90m(C:\Projects\DiagnosticCodeAssistant\f
rontend\[39mnode_modules\[4mjsdom[24m\lib\jsdom\living\help
ers\events.js:18:36[90m)[39m
    at requestErrorSteps [90m(C:\Projects\DiagnosticCodeAssis
tant\frontend\[39mnode_modules\[4mjsdom[24m\lib\jsdom\livin
g\xhr\xhr-utils.js:123:3[90m)[39m
    at Object.dispatchError [90m(C:\Projects\DiagnosticCodeAs
sistant\frontend\[39mnode_modules\[4mjsdom[24m\lib\jsdom\li
ving\xhr\xhr-utils.js:59:3[90m)[39m
    at Request.<anonymous> [90m(C:\Projects\DiagnosticCodeAss
istant\frontend\[39mnode_modules\[4mjsdom[24m\lib\jsdom\liv
ing\xhr\XMLHttpRequest-impl.js:655:18[90m)[39m
    at Axios.request [90m(file:///C:/Projects/DiagnosticCodeA
ssistant/frontend/[39mnode_modules/[4maxios[24m/lib/core/Ax
ios.js:45:41[90m)[39m
[90m    at processTicksAndRejections 
(node:internal/process/task_queues:105:5)[39m
    at AnalyticsService.trackEvent (C:/Projects/DiagnosticCode
Assistant/frontend/src/services/analytics.ts:49:7) {
  code: [32m'ERR_NETWORK'[39m,
  config: {
    transitional: {
      silentJSONParsing: [33mtrue[39m,
      forcedJSONParsing: [33mtrue[39m,
      clarifyTimeoutError: [33mfalse[39m
    },
    adapter: [ [32m'xhr'[39m, [32m'http'[39m, 
[32m'fetch'[39m ],
    transformRequest: [ [36m[Function: 
transformRequest][39m ],
    transformResponse: [ [36m[Function: 
transformResponse][39m ],
    timeout: [33m0[39m,
    xsrfCookieName: [32m'XSRF-TOKEN'[39m,
    xsrfHeaderName: [32m'X-XSRF-TOKEN'[39m,
    maxContentLength: [33m-1[39m,
    maxBodyLength: [33m-1[39m,
    env: { FormData: [36m[Function][39m, Blob: [36m[class 
Blob][39m },
    validateStatus: [36m[Function: validateStatus][39m,
    headers: Object [AxiosHeaders] {
      Accept: [32m'application/json, text/plain, */*'[39m,
      [32m'Content-Type'[39m: [32m'application/json'[39m
    },
    baseURL: [32m'http://localhost:8000'[39m,
    method: [32m'post'[39m,
    url: [32m'/analytics/events'[39m,
    data: [32m'{"event_type":"view","event_category":"diagnos
tic_code","resource_id":1,"metadata":{"code":"E001"}}'[39m,
    allowAbsoluteUrls: [33mtrue[39m
  },
  request: XMLHttpRequest {},
  event: ProgressEvent { isTrusted: [36m[Getter][39m }
}

[90mstderr[2m | 
src/pages/__tests__/CodeDetailPage.test.tsx[2m > 
[22m[2mCodeDetailPage[2m > [22m[2mnavigates back when 
Back to List is clicked
[22m[39mFailed to track analytics event: AxiosError: 
Network Error
    at XMLHttpRequest.handleError [90m(file:///C:/Projects/Di
agnosticCodeAssistant/frontend/[39mnode_modules/[4maxios[24
m/lib/adapters/xhr.js:112:20[90m)[39m
    at XMLHttpRequest.invokeTheCallbackFunction [90m(C:\Proje
cts\DiagnosticCodeAssistant\frontend\[39mnode_modules\[4mjsd
om[24m\lib\jsdom\living\generated\EventHandlerNonNull.js:14:2
8[90m)[39m
    at XMLHttpRequest.<anonymous> [90m(C:\Projects\Diagnostic
CodeAssistant\frontend\[39mnode_modules\[4mjsdom[24m\lib\js
dom\living\helpers\create-event-accessor.js:36:32[90m)[39m
    at innerInvokeEventListeners [90m(C:\Projects\DiagnosticC
odeAssistant\frontend\[39mnode_modules\[4mjsdom[24m\lib\jsd
om\living\events\EventTarget-impl.js:360:16[90m)[39m
    at invokeEventListeners [90m(C:\Projects\DiagnosticCodeAs
sistant\frontend\[39mnode_modules\[4mjsdom[24m\lib\jsdom\li
ving\events\EventTarget-impl.js:296:3[90m)[39m
    at XMLHttpRequestImpl._dispatch [90m(C:\Projects\Diagnost
icCodeAssistant\frontend\[39mnode_modules\[4mjsdom[24m\lib\
jsdom\living\events\EventTarget-impl.js:243:9[90m)[39m
    at fireAnEvent [90m(C:\Projects\DiagnosticCodeAssistant\f
rontend\[39mnode_modules\[4mjsdom[24m\lib\jsdom\living\help
ers\events.js:18:36[90m)[39m
    at requestErrorSteps [90m(C:\Projects\DiagnosticCodeAssis
tant\frontend\[39mnode_modules\[4mjsdom[24m\lib\jsdom\livin
g\xhr\xhr-utils.js:123:3[90m)[39m
    at Object.dispatchError [90m(C:\Projects\DiagnosticCodeAs
sistant\frontend\[39mnode_modules\[4mjsdom[24m\lib\jsdom\li
ving\xhr\xhr-utils.js:59:3[90m)[39m
    at Request.<anonymous> [90m(C:\Projects\DiagnosticCodeAss
istant\frontend\[39mnode_modules\[4mjsdom[24m\lib\jsdom\liv
ing\xhr\XMLHttpRequest-impl.js:655:18[90m)[39m
    at Axios.request [90m(file:///C:/Projects/DiagnosticCodeA
ssistant/frontend/[39mnode_modules/[4maxios[24m/lib/core/Ax
ios.js:45:41[90m)[39m
[90m    at processTicksAndRejections 
(node:internal/process/task_queues:105:5)[39m
    at AnalyticsService.trackEvent (C:/Projects/DiagnosticCode
Assistant/frontend/src/services/analytics.ts:49:7) {
  code: [32m'ERR_NETWORK'[39m,
  config: {
    transitional: {
      silentJSONParsing: [33mtrue[39m,
      forcedJSONParsing: [33mtrue[39m,
      clarifyTimeoutError: [33mfalse[39m
    },
    adapter: [ [32m'xhr'[39m, [32m'http'[39m, 
[32m'fetch'[39m ],
    transformRequest: [ [36m[Function: 
transformRequest][39m ],
    transformResponse: [ [36m[Function: 
transformResponse][39m ],
    timeout: [33m0[39m,
    xsrfCookieName: [32m'XSRF-TOKEN'[39m,
    xsrfHeaderName: [32m'X-XSRF-TOKEN'[39m,
    maxContentLength: [33m-1[39m,
    maxBodyLength: [33m-1[39m,
    env: { FormData: [36m[Function][39m, Blob: [36m[class 
Blob][39m },
    validateStatus: [36m[Function: validateStatus][39m,
    headers: Object [AxiosHeaders] {
      Accept: [32m'application/json, text/plain, */*'[39m,
      [32m'Content-Type'[39m: [32m'application/json'[39m
    },
    baseURL: [32m'http://localhost:8000'[39m,
    method: [32m'post'[39m,
    url: [32m'/analytics/events'[39m,
    data: [32m'{"event_type":"view","event_category":"diagnos
tic_code","resource_id":1,"metadata":{"code":"E001"}}'[39m,
    allowAbsoluteUrls: [33mtrue[39m
  },
  request: XMLHttpRequest {},
  event: ProgressEvent { isTrusted: [36m[Getter][39m }
}

[90mstderr[2m | src/pages/__tests__/HomePage.test.tsx[2m > 
[22m[2mHomePage[2m > [22m[2mrenders page title and 
description
[22m[39mΓÜá∩╕Å React Router Future Flag Warning: React 
Router will begin wrapping state updates in 
`React.startTransition` in v7. You can use the 
`v7_startTransition` future flag to opt-in early. For more 
information, see https://reactrouter.com/v6/upgrading/future#v
7_starttransition.
ΓÜá∩╕Å React Router Future Flag Warning: Relative route 
resolution within Splat routes is changing in v7. You can use 
the `v7_relativeSplatPath` future flag to opt-in early. For 
more information, see https://reactrouter.com/v6/upgrading/fut
ure#v7_relativesplatpath.

[90mstderr[2m | 
src/pages/__tests__/CodeDetailPage.test.tsx[2m > 
[22m[2mCodeDetailPage[2m > [22m[2mcalls delete mutation 
when Delete button is clicked and confirmed
[22m[39mFailed to track analytics event: AxiosError: 
Network Error
    at XMLHttpRequest.handleError [90m(file:///C:/Projects/Di
agnosticCodeAssistant/frontend/[39mnode_modules/[4maxios[24
m/lib/adapters/xhr.js:112:20[90m)[39m
    at XMLHttpRequest.invokeTheCallbackFunction [90m(C:\Proje
cts\DiagnosticCodeAssistant\frontend\[39mnode_modules\[4mjsd
om[24m\lib\jsdom\living\generated\EventHandlerNonNull.js:14:2
8[90m)[39m
    at XMLHttpRequest.<anonymous> [90m(C:\Projects\Diagnostic
CodeAssistant\frontend\[39mnode_modules\[4mjsdom[24m\lib\js
dom\living\helpers\create-event-accessor.js:36:32[90m)[39m
    at innerInvokeEventListeners [90m(C:\Projects\DiagnosticC
odeAssistant\frontend\[39mnode_modules\[4mjsdom[24m\lib\jsd
om\living\events\EventTarget-impl.js:360:16[90m)[39m
    at invokeEventListeners [90m(C:\Projects\DiagnosticCodeAs
sistant\frontend\[39mnode_modules\[4mjsdom[24m\lib\jsdom\li
ving\events\EventTarget-impl.js:296:3[90m)[39m
    at XMLHttpRequestImpl._dispatch [90m(C:\Projects\Diagnost
icCodeAssistant\frontend\[39mnode_modules\[4mjsdom[24m\lib\
jsdom\living\events\EventTarget-impl.js:243:9[90m)[39m
    at fireAnEvent [90m(C:\Projects\DiagnosticCodeAssistant\f
rontend\[39mnode_modules\[4mjsdom[24m\lib\jsdom\living\help
ers\events.js:18:36[90m)[39m
    at requestErrorSteps [90m(C:\Projects\DiagnosticCodeAssis
tant\frontend\[39mnode_modules\[4mjsdom[24m\lib\jsdom\livin
g\xhr\xhr-utils.js:123:3[90m)[39m
    at Object.dispatchError [90m(C:\Projects\DiagnosticCodeAs
sistant\frontend\[39mnode_modules\[4mjsdom[24m\lib\jsdom\li
ving\xhr\xhr-utils.js:59:3[90m)[39m
    at Request.<anonymous> [90m(C:\Projects\DiagnosticCodeAss
istant\frontend\[39mnode_modules\[4mjsdom[24m\lib\jsdom\liv
ing\xhr\XMLHttpRequest-impl.js:655:18[90m)[39m
    at Axios.request [90m(file:///C:/Projects/DiagnosticCodeA
ssistant/frontend/[39mnode_modules/[4maxios[24m/lib/core/Ax
ios.js:45:41[90m)[39m
[90m    at processTicksAndRejections 
(node:internal/process/task_queues:105:5)[39m
    at AnalyticsService.trackEvent (C:/Projects/DiagnosticCode
Assistant/frontend/src/services/analytics.ts:49:7) {
  code: [32m'ERR_NETWORK'[39m,
  config: {
    transitional: {
      silentJSONParsing: [33mtrue[39m,
      forcedJSONParsing: [33mtrue[39m,
      clarifyTimeoutError: [33mfalse[39m
    },
    adapter: [ [32m'xhr'[39m, [32m'http'[39m, 
[32m'fetch'[39m ],
    transformRequest: [ [36m[Function: 
transformRequest][39m ],
    transformResponse: [ [36m[Function: 
transformResponse][39m ],
    timeout: [33m0[39m,
    xsrfCookieName: [32m'XSRF-TOKEN'[39m,
    xsrfHeaderName: [32m'X-XSRF-TOKEN'[39m,
    maxContentLength: [33m-1[39m,
    maxBodyLength: [33m-1[39m,
    env: { FormData: [36m[Function][39m, Blob: [36m[class 
Blob][39m },
    validateStatus: [36m[Function: validateStatus][39m,
    headers: Object [AxiosHeaders] {
      Accept: [32m'application/json, text/plain, */*'[39m,
      [32m'Content-Type'[39m: [32m'application/json'[39m
    },
    baseURL: [32m'http://localhost:8000'[39m,
    method: [32m'post'[39m,
    url: [32m'/analytics/events'[39m,
    data: [32m'{"event_type":"view","event_category":"diagnos
tic_code","resource_id":1,"metadata":{"code":"E001"}}'[39m,
    allowAbsoluteUrls: [33mtrue[39m
  },
  request: XMLHttpRequest {},
  event: ProgressEvent { isTrusted: [36m[Getter][39m }
}

[90mstderr[2m | 
src/pages/__tests__/CodeDetailPage.test.tsx[2m > 
[22m[2mCodeDetailPage[2m > [22m[2mcalls delete mutation 
when Delete button is clicked and confirmed
[22m[39mFailed to track analytics event: AxiosError: 
Network Error
    at XMLHttpRequest.handleError [90m(file:///C:/Projects/Di
agnosticCodeAssistant/frontend/[39mnode_modules/[4maxios[24
m/lib/adapters/xhr.js:112:20[90m)[39m
    at XMLHttpRequest.invokeTheCallbackFunction [90m(C:\Proje
cts\DiagnosticCodeAssistant\frontend\[39mnode_modules\[4mjsd
om[24m\lib\jsdom\living\generated\EventHandlerNonNull.js:14:2
8[90m)[39m
    at XMLHttpRequest.<anonymous> [90m(C:\Projects\Diagnostic
CodeAssistant\frontend\[39mnode_modules\[4mjsdom[24m\lib\js
dom\living\helpers\create-event-accessor.js:36:32[90m)[39m
    at innerInvokeEventListeners [90m(C:\Projects\DiagnosticC
odeAssistant\frontend\[39mnode_modules\[4mjsdom[24m\lib\jsd
om\living\events\EventTarget-impl.js:360:16[90m)[39m
    at invokeEventListeners [90m(C:\Projects\DiagnosticCodeAs
sistant\frontend\[39mnode_modules\[4mjsdom[24m\lib\jsdom\li
ving\events\EventTarget-impl.js:296:3[90m)[39m
    at XMLHttpRequestImpl._dispatch [90m(C:\Projects\Diagnost
icCodeAssistant\frontend\[39mnode_modules\[4mjsdom[24m\lib\
jsdom\living\events\EventTarget-impl.js:243:9[90m)[39m
    at fireAnEvent [90m(C:\Projects\DiagnosticCodeAssistant\f
rontend\[39mnode_modules\[4mjsdom[24m\lib\jsdom\living\help
ers\events.js:18:36[90m)[39m
    at requestErrorSteps [90m(C:\Projects\DiagnosticCodeAssis
tant\frontend\[39mnode_modules\[4mjsdom[24m\lib\jsdom\livin
g\xhr\xhr-utils.js:123:3[90m)[39m
    at Object.dispatchError [90m(C:\Projects\DiagnosticCodeAs
sistant\frontend\[39mnode_modules\[4mjsdom[24m\lib\jsdom\li
ving\xhr\xhr-utils.js:59:3[90m)[39m
    at Request.<anonymous> [90m(C:\Projects\DiagnosticCodeAss
istant\frontend\[39mnode_modules\[4mjsdom[24m\lib\jsdom\liv
ing\xhr\XMLHttpRequest-impl.js:655:18[90m)[39m
    at Axios.request [90m(file:///C:/Projects/DiagnosticCodeA
ssistant/frontend/[39mnode_modules/[4maxios[24m/lib/core/Ax
ios.js:45:41[90m)[39m
[90m    at processTicksAndRejections 
(node:internal/process/task_queues:105:5)[39m
    at AnalyticsService.trackEvent (C:/Projects/DiagnosticCode
Assistant/frontend/src/services/analytics.ts:49:7) {
  code: [32m'ERR_NETWORK'[39m,
  config: {
    transitional: {
      silentJSONParsing: [33mtrue[39m,
      forcedJSONParsing: [33mtrue[39m,
      clarifyTimeoutError: [33mfalse[39m
    },
    adapter: [ [32m'xhr'[39m, [32m'http'[39m, 
[32m'fetch'[39m ],
    transformRequest: [ [36m[Function: 
transformRequest][39m ],
    transformResponse: [ [36m[Function: 
transformResponse][39m ],
    timeout: [33m0[39m,
    xsrfCookieName: [32m'XSRF-TOKEN'[39m,
    xsrfHeaderName: [32m'X-XSRF-TOKEN'[39m,
    maxContentLength: [33m-1[39m,
    maxBodyLength: [33m-1[39m,
    env: { FormData: [36m[Function][39m, Blob: [36m[class 
Blob][39m },
    validateStatus: [36m[Function: validateStatus][39m,
    headers: Object [AxiosHeaders] {
      Accept: [32m'application/json, text/plain, */*'[39m,
      [32m'Content-Type'[39m: [32m'application/json'[39m
    },
    baseURL: [32m'http://localhost:8000'[39m,
    method: [32m'post'[39m,
    url: [32m'/analytics/events'[39m,
    data: [32m'{"event_type":"view","event_category":"diagnos
tic_code","resource_id":1,"metadata":{"code":"E001"}}'[39m,
    allowAbsoluteUrls: [33mtrue[39m
  },
  request: XMLHttpRequest {},
  event: ProgressEvent { isTrusted: [36m[Getter][39m }
}

[90mstderr[2m | 
src/pages/__tests__/CodeDetailPage.test.tsx[2m > 
[22m[2mCodeDetailPage[2m > [22m[2mcalls delete mutation 
when Delete button is clicked and confirmed
[22m[39mFailed to track analytics event: AxiosError: 
Network Error
    at XMLHttpRequest.handleError [90m(file:///C:/Projects/Di
agnosticCodeAssistant/frontend/[39mnode_modules/[4maxios[24
m/lib/adapters/xhr.js:112:20[90m)[39m
    at XMLHttpRequest.invokeTheCallbackFunction [90m(C:\Proje
cts\DiagnosticCodeAssistant\frontend\[39mnode_modules\[4mjsd
om[24m\lib\jsdom\living\generated\EventHandlerNonNull.js:14:2
8[90m)[39m
    at XMLHttpRequest.<anonymous> [90m(C:\Projects\Diagnostic
CodeAssistant\frontend\[39mnode_modules\[4mjsdom[24m\lib\js
dom\living\helpers\create-event-accessor.js:36:32[90m)[39m
    at innerInvokeEventListeners [90m(C:\Projects\DiagnosticC
odeAssistant\frontend\[39mnode_modules\[4mjsdom[24m\lib\jsd
om\living\events\EventTarget-impl.js:360:16[90m)[39m
    at invokeEventListeners [90m(C:\Projects\DiagnosticCodeAs
sistant\frontend\[39mnode_modules\[4mjsdom[24m\lib\jsdom\li
ving\events\EventTarget-impl.js:296:3[90m)[39m
    at XMLHttpRequestImpl._dispatch [90m(C:\Projects\Diagnost
icCodeAssistant\frontend\[39mnode_modules\[4mjsdom[24m\lib\
jsdom\living\events\EventTarget-impl.js:243:9[90m)[39m
    at fireAnEvent [90m(C:\Projects\DiagnosticCodeAssistant\f
rontend\[39mnode_modules\[4mjsdom[24m\lib\jsdom\living\help
ers\events.js:18:36[90m)[39m
    at requestErrorSteps [90m(C:\Projects\DiagnosticCodeAssis
tant\frontend\[39mnode_modules\[4mjsdom[24m\lib\jsdom\livin
g\xhr\xhr-utils.js:123:3[90m)[39m
    at Object.dispatchError [90m(C:\Projects\DiagnosticCodeAs
sistant\frontend\[39mnode_modules\[4mjsdom[24m\lib\jsdom\li
ving\xhr\xhr-utils.js:59:3[90m)[39m
    at Request.<anonymous> [90m(C:\Projects\DiagnosticCodeAss
istant\frontend\[39mnode_modules\[4mjsdom[24m\lib\jsdom\liv
ing\xhr\XMLHttpRequest-impl.js:655:18[90m)[39m
    at Axios.request [90m(file:///C:/Projects/DiagnosticCodeA
ssistant/frontend/[39mnode_modules/[4maxios[24m/lib/core/Ax
ios.js:45:41[90m)[39m
[90m    at processTicksAndRejections 
(node:internal/process/task_queues:105:5)[39m
    at AnalyticsService.trackEvent (C:/Projects/DiagnosticCode
Assistant/frontend/src/services/analytics.ts:49:7) {
  code: [32m'ERR_NETWORK'[39m,
  config: {
    transitional: {
      silentJSONParsing: [33mtrue[39m,
      forcedJSONParsing: [33mtrue[39m,
      clarifyTimeoutError: [33mfalse[39m
    },
    adapter: [ [32m'xhr'[39m, [32m'http'[39m, 
[32m'fetch'[39m ],
    transformRequest: [ [36m[Function: 
transformRequest][39m ],
    transformResponse: [ [36m[Function: 
transformResponse][39m ],
    timeout: [33m0[39m,
    xsrfCookieName: [32m'XSRF-TOKEN'[39m,
    xsrfHeaderName: [32m'X-XSRF-TOKEN'[39m,
    maxContentLength: [33m-1[39m,
    maxBodyLength: [33m-1[39m,
    env: { FormData: [36m[Function][39m, Blob: [36m[class 
Blob][39m },
    validateStatus: [36m[Function: validateStatus][39m,
    headers: Object [AxiosHeaders] {
      Accept: [32m'application/json, text/plain, */*'[39m,
      [32m'Content-Type'[39m: [32m'application/json'[39m
    },
    baseURL: [32m'http://localhost:8000'[39m,
    method: [32m'post'[39m,
    url: [32m'/analytics/events'[39m,
    data: [32m'{"event_type":"view","event_category":"diagnos
tic_code","resource_id":1,"metadata":{"code":"E001"}}'[39m,
    allowAbsoluteUrls: [33mtrue[39m
  },
  request: XMLHttpRequest {},
  event: ProgressEvent { isTrusted: [36m[Getter][39m }
}

[90mstderr[2m | 
src/pages/__tests__/CodeDetailPage.test.tsx[2m > 
[22m[2mCodeDetailPage[2m > [22m[2mcalls delete mutation 
when Delete button is clicked and confirmed
[22m[39mFailed to track analytics event: AxiosError: 
Network Error
    at XMLHttpRequest.handleError [90m(file:///C:/Projects/Di
agnosticCodeAssistant/frontend/[39mnode_modules/[4maxios[24
m/lib/adapters/xhr.js:112:20[90m)[39m
    at XMLHttpRequest.invokeTheCallbackFunction [90m(C:\Proje
cts\DiagnosticCodeAssistant\frontend\[39mnode_modules\[4mjsd
om[24m\lib\jsdom\living\generated\EventHandlerNonNull.js:14:2
8[90m)[39m
    at XMLHttpRequest.<anonymous> [90m(C:\Projects\Diagnostic
CodeAssistant\frontend\[39mnode_modules\[4mjsdom[24m\lib\js
dom\living\helpers\create-event-accessor.js:36:32[90m)[39m
    at innerInvokeEventListeners [90m(C:\Projects\DiagnosticC
odeAssistant\frontend\[39mnode_modules\[4mjsdom[24m\lib\jsd
om\living\events\EventTarget-impl.js:360:16[90m)[39m
    at invokeEventListeners [90m(C:\Projects\DiagnosticCodeAs
sistant\frontend\[39mnode_modules\[4mjsdom[24m\lib\jsdom\li
ving\events\EventTarget-impl.js:296:3[90m)[39m
    at XMLHttpRequestImpl._dispatch [90m(C:\Projects\Diagnost
icCodeAssistant\frontend\[39mnode_modules\[4mjsdom[24m\lib\
jsdom\living\events\EventTarget-impl.js:243:9[90m)[39m
    at fireAnEvent [90m(C:\Projects\DiagnosticCodeAssistant\f
rontend\[39mnode_modules\[4mjsdom[24m\lib\jsdom\living\help
ers\events.js:18:36[90m)[39m
    at requestErrorSteps [90m(C:\Projects\DiagnosticCodeAssis
tant\frontend\[39mnode_modules\[4mjsdom[24m\lib\jsdom\livin
g\xhr\xhr-utils.js:123:3[90m)[39m
    at Object.dispatchError [90m(C:\Projects\DiagnosticCodeAs
sistant\frontend\[39mnode_modules\[4mjsdom[24m\lib\jsdom\li
ving\xhr\xhr-utils.js:59:3[90m)[39m
    at Request.<anonymous> [90m(C:\Projects\DiagnosticCodeAss
istant\frontend\[39mnode_modules\[4mjsdom[24m\lib\jsdom\liv
ing\xhr\XMLHttpRequest-impl.js:655:18[90m)[39m
    at Axios.request [90m(file:///C:/Projects/DiagnosticCodeA
ssistant/frontend/[39mnode_modules/[4maxios[24m/lib/core/Ax
ios.js:45:41[90m)[39m
[90m    at processTicksAndRejections 
(node:internal/process/task_queues:105:5)[39m
    at AnalyticsService.trackEvent (C:/Projects/DiagnosticCode
Assistant/frontend/src/services/analytics.ts:49:7) {
  code: [32m'ERR_NETWORK'[39m,
  config: {
    transitional: {
      silentJSONParsing: [33mtrue[39m,
      forcedJSONParsing: [33mtrue[39m,
      clarifyTimeoutError: [33mfalse[39m
    },
    adapter: [ [32m'xhr'[39m, [32m'http'[39m, 
[32m'fetch'[39m ],
    transformRequest: [ [36m[Function: 
transformRequest][39m ],
    transformResponse: [ [36m[Function: 
transformResponse][39m ],
    timeout: [33m0[39m,
    xsrfCookieName: [32m'XSRF-TOKEN'[39m,
    xsrfHeaderName: [32m'X-XSRF-TOKEN'[39m,
    maxContentLength: [33m-1[39m,
    maxBodyLength: [33m-1[39m,
    env: { FormData: [36m[Function][39m, Blob: [36m[class 
Blob][39m },
    validateStatus: [36m[Function: validateStatus][39m,
    headers: Object [AxiosHeaders] {
      Accept: [32m'application/json, text/plain, */*'[39m,
      [32m'Content-Type'[39m: [32m'application/json'[39m
    },
    baseURL: [32m'http://localhost:8000'[39m,
    method: [32m'post'[39m,
    url: [32m'/analytics/events'[39m,
    data: [32m'{"event_type":"view","event_category":"diagnos
tic_code","resource_id":1,"metadata":{"code":"E001"}}'[39m,
    allowAbsoluteUrls: [33mtrue[39m
  },
  request: XMLHttpRequest {},
  event: ProgressEvent { isTrusted: [36m[Getter][39m }
}

[90mstderr[2m | 
src/pages/__tests__/CodeDetailPage.test.tsx[2m > 
[22m[2mCodeDetailPage[2m > [22m[2mcalls delete mutation 
when Delete button is clicked and confirmed
[22m[39mFailed to track analytics event: AxiosError: 
Network Error
    at XMLHttpRequest.handleError [90m(file:///C:/Projects/Di
agnosticCodeAssistant/frontend/[39mnode_modules/[4maxios[24
m/lib/adapters/xhr.js:112:20[90m)[39m
    at XMLHttpRequest.invokeTheCallbackFunction [90m(C:\Proje
cts\DiagnosticCodeAssistant\frontend\[39mnode_modules\[4mjsd
om[24m\lib\jsdom\living\generated\EventHandlerNonNull.js:14:2
8[90m)[39m
    at XMLHttpRequest.<anonymous> [90m(C:\Projects\Diagnostic
CodeAssistant\frontend\[39mnode_modules\[4mjsdom[24m\lib\js
dom\living\helpers\create-event-accessor.js:36:32[90m)[39m
    at innerInvokeEventListeners [90m(C:\Projects\DiagnosticC
odeAssistant\frontend\[39mnode_modules\[4mjsdom[24m\lib\jsd
om\living\events\EventTarget-impl.js:360:16[90m)[39m
    at invokeEventListeners [90m(C:\Projects\DiagnosticCodeAs
sistant\frontend\[39mnode_modules\[4mjsdom[24m\lib\jsdom\li
ving\events\EventTarget-impl.js:296:3[90m)[39m
    at XMLHttpRequestImpl._dispatch [90m(C:\Projects\Diagnost
icCodeAssistant\frontend\[39mnode_modules\[4mjsdom[24m\lib\
jsdom\living\events\EventTarget-impl.js:243:9[90m)[39m
    at fireAnEvent [90m(C:\Projects\DiagnosticCodeAssistant\f
rontend\[39mnode_modules\[4mjsdom[24m\lib\jsdom\living\help
ers\events.js:18:36[90m)[39m
    at requestErrorSteps [90m(C:\Projects\DiagnosticCodeAssis
tant\frontend\[39mnode_modules\[4mjsdom[24m\lib\jsdom\livin
g\xhr\xhr-utils.js:123:3[90m)[39m
    at Object.dispatchError [90m(C:\Projects\DiagnosticCodeAs
sistant\frontend\[39mnode_modules\[4mjsdom[24m\lib\jsdom\li
ving\xhr\xhr-utils.js:59:3[90m)[39m
    at Request.<anonymous> [90m(C:\Projects\DiagnosticCodeAss
istant\frontend\[39mnode_modules\[4mjsdom[24m\lib\jsdom\liv
ing\xhr\XMLHttpRequest-impl.js:655:18[90m)[39m
    at Axios.request [90m(file:///C:/Projects/DiagnosticCodeA
ssistant/frontend/[39mnode_modules/[4maxios[24m/lib/core/Ax
ios.js:45:41[90m)[39m
[90m    at processTicksAndRejections 
(node:internal/process/task_queues:105:5)[39m
    at AnalyticsService.trackEvent (C:/Projects/DiagnosticCode
Assistant/frontend/src/services/analytics.ts:49:7) {
  code: [32m'ERR_NETWORK'[39m,
  config: {
    transitional: {
      silentJSONParsing: [33mtrue[39m,
      forcedJSONParsing: [33mtrue[39m,
      clarifyTimeoutError: [33mfalse[39m
    },
    adapter: [ [32m'xhr'[39m, [32m'http'[39m, 
[32m'fetch'[39m ],
    transformRequest: [ [36m[Function: 
transformRequest][39m ],
    transformResponse: [ [36m[Function: 
transformResponse][39m ],
    timeout: [33m0[39m,
    xsrfCookieName: [32m'XSRF-TOKEN'[39m,
    xsrfHeaderName: [32m'X-XSRF-TOKEN'[39m,
    maxContentLength: [33m-1[39m,
    maxBodyLength: [33m-1[39m,
    env: { FormData: [36m[Function][39m, Blob: [36m[class 
Blob][39m },
    validateStatus: [36m[Function: validateStatus][39m,
    headers: Object [AxiosHeaders] {
      Accept: [32m'application/json, text/plain, */*'[39m,
      [32m'Content-Type'[39m: [32m'application/json'[39m
    },
    baseURL: [32m'http://localhost:8000'[39m,
    method: [32m'post'[39m,
    url: [32m'/analytics/events'[39m,
    data: [32m'{"event_type":"view","event_category":"diagnos
tic_code","resource_id":1,"metadata":{"code":"E001"}}'[39m,
    allowAbsoluteUrls: [33mtrue[39m
  },
  request: XMLHttpRequest {},
  event: ProgressEvent { isTrusted: [36m[Getter][39m }
}

[90mstderr[2m | 
src/pages/__tests__/CodeDetailPage.test.tsx[2m > 
[22m[2mCodeDetailPage[2m > [22m[2mcalls delete mutation 
when Delete button is clicked and confirmed
[22m[39mFailed to track analytics event: AxiosError: 
Network Error
    at XMLHttpRequest.handleError [90m(file:///C:/Projects/Di
agnosticCodeAssistant/frontend/[39mnode_modules/[4maxios[24
m/lib/adapters/xhr.js:112:20[90m)[39m
    at XMLHttpRequest.invokeTheCallbackFunction [90m(C:\Proje
cts\DiagnosticCodeAssistant\frontend\[39mnode_modules\[4mjsd
om[24m\lib\jsdom\living\generated\EventHandlerNonNull.js:14:2
8[90m)[39m
    at XMLHttpRequest.<anonymous> [90m(C:\Projects\Diagnostic
CodeAssistant\frontend\[39mnode_modules\[4mjsdom[24m\lib\js
dom\living\helpers\create-event-accessor.js:36:32[90m)[39m
    at innerInvokeEventListeners [90m(C:\Projects\DiagnosticC
odeAssistant\frontend\[39mnode_modules\[4mjsdom[24m\lib\jsd
om\living\events\EventTarget-impl.js:360:16[90m)[39m
    at invokeEventListeners [90m(C:\Projects\DiagnosticCodeAs
sistant\frontend\[39mnode_modules\[4mjsdom[24m\lib\jsdom\li
ving\events\EventTarget-impl.js:296:3[90m)[39m
    at XMLHttpRequestImpl._dispatch [90m(C:\Projects\Diagnost
icCodeAssistant\frontend\[39mnode_modules\[4mjsdom[24m\lib\
jsdom\living\events\EventTarget-impl.js:243:9[90m)[39m
    at fireAnEvent [90m(C:\Projects\DiagnosticCodeAssistant\f
rontend\[39mnode_modules\[4mjsdom[24m\lib\jsdom\living\help
ers\events.js:18:36[90m)[39m
    at requestErrorSteps [90m(C:\Projects\DiagnosticCodeAssis
tant\frontend\[39mnode_modules\[4mjsdom[24m\lib\jsdom\livin
g\xhr\xhr-utils.js:123:3[90m)[39m
    at Object.dispatchError [90m(C:\Projects\DiagnosticCodeAs
sistant\frontend\[39mnode_modules\[4mjsdom[24m\lib\jsdom\li
ving\xhr\xhr-utils.js:59:3[90m)[39m
    at Request.<anonymous> [90m(C:\Projects\DiagnosticCodeAss
istant\frontend\[39mnode_modules\[4mjsdom[24m\lib\jsdom\liv
ing\xhr\XMLHttpRequest-impl.js:655:18[90m)[39m
    at Axios.request [90m(file:///C:/Projects/DiagnosticCodeA
ssistant/frontend/[39mnode_modules/[4maxios[24m/lib/core/Ax
ios.js:45:41[90m)[39m
[90m    at processTicksAndRejections 
(node:internal/process/task_queues:105:5)[39m
    at AnalyticsService.trackEvent (C:/Projects/DiagnosticCode
Assistant/frontend/src/services/analytics.ts:49:7) {
  code: [32m'ERR_NETWORK'[39m,
  config: {
    transitional: {
      silentJSONParsing: [33mtrue[39m,
      forcedJSONParsing: [33mtrue[39m,
      clarifyTimeoutError: [33mfalse[39m
    },
    adapter: [ [32m'xhr'[39m, [32m'http'[39m, 
[32m'fetch'[39m ],
    transformRequest: [ [36m[Function: 
transformRequest][39m ],
    transformResponse: [ [36m[Function: 
transformResponse][39m ],
    timeout: [33m0[39m,
    xsrfCookieName: [32m'XSRF-TOKEN'[39m,
    xsrfHeaderName: [32m'X-XSRF-TOKEN'[39m,
    maxContentLength: [33m-1[39m,
    maxBodyLength: [33m-1[39m,
    env: { FormData: [36m[Function][39m, Blob: [36m[class 
Blob][39m },
    validateStatus: [36m[Function: validateStatus][39m,
    headers: Object [AxiosHeaders] {
      Accept: [32m'application/json, text/plain, */*'[39m,
      [32m'Content-Type'[39m: [32m'application/json'[39m
    },
    baseURL: [32m'http://localhost:8000'[39m,
    method: [32m'post'[39m,
    url: [32m'/analytics/events'[39m,
    data: [32m'{"event_type":"view","event_category":"diagnos
tic_code","resource_id":1,"metadata":{"code":"E001"}}'[39m,
    allowAbsoluteUrls: [33mtrue[39m
  },
  request: XMLHttpRequest {},
  event: ProgressEvent { isTrusted: [36m[Getter][39m }
}

[90mstderr[2m | 
src/pages/__tests__/CodeDetailPage.test.tsx[2m > 
[22m[2mCodeDetailPage[2m > [22m[2mcalls delete mutation 
when Delete button is clicked and confirmed
[22m[39mFailed to track analytics event: AxiosError: 
Network Error
    at XMLHttpRequest.handleError [90m(file:///C:/Projects/Di
agnosticCodeAssistant/frontend/[39mnode_modules/[4maxios[24
m/lib/adapters/xhr.js:112:20[90m)[39m
    at XMLHttpRequest.invokeTheCallbackFunction [90m(C:\Proje
cts\DiagnosticCodeAssistant\frontend\[39mnode_modules\[4mjsd
om[24m\lib\jsdom\living\generated\EventHandlerNonNull.js:14:2
8[90m)[39m
    at XMLHttpRequest.<anonymous> [90m(C:\Projects\Diagnostic
CodeAssistant\frontend\[39mnode_modules\[4mjsdom[24m\lib\js
dom\living\helpers\create-event-accessor.js:36:32[90m)[39m
    at innerInvokeEventListeners [90m(C:\Projects\DiagnosticC
odeAssistant\frontend\[39mnode_modules\[4mjsdom[24m\lib\jsd
om\living\events\EventTarget-impl.js:360:16[90m)[39m
    at invokeEventListeners [90m(C:\Projects\DiagnosticCodeAs
sistant\frontend\[39mnode_modules\[4mjsdom[24m\lib\jsdom\li
ving\events\EventTarget-impl.js:296:3[90m)[39m
    at XMLHttpRequestImpl._dispatch [90m(C:\Projects\Diagnost
icCodeAssistant\frontend\[39mnode_modules\[4mjsdom[24m\lib\
jsdom\living\events\EventTarget-impl.js:243:9[90m)[39m
    at fireAnEvent [90m(C:\Projects\DiagnosticCodeAssistant\f
rontend\[39mnode_modules\[4mjsdom[24m\lib\jsdom\living\help
ers\events.js:18:36[90m)[39m
    at requestErrorSteps [90m(C:\Projects\DiagnosticCodeAssis
tant\frontend\[39mnode_modules\[4mjsdom[24m\lib\jsdom\livin
g\xhr\xhr-utils.js:123:3[90m)[39m
    at Object.dispatchError [90m(C:\Projects\DiagnosticCodeAs
sistant\frontend\[39mnode_modules\[4mjsdom[24m\lib\jsdom\li
ving\xhr\xhr-utils.js:59:3[90m)[39m
    at Request.<anonymous> [90m(C:\Projects\DiagnosticCodeAss
istant\frontend\[39mnode_modules\[4mjsdom[24m\lib\jsdom\liv
ing\xhr\XMLHttpRequest-impl.js:655:18[90m)[39m
    at Axios.request [90m(file:///C:/Projects/DiagnosticCodeA
ssistant/frontend/[39mnode_modules/[4maxios[24m/lib/core/Ax
ios.js:45:41[90m)[39m
[90m    at processTicksAndRejections 
(node:internal/process/task_queues:105:5)[39m
    at AnalyticsService.trackEvent (C:/Projects/DiagnosticCode
Assistant/frontend/src/services/analytics.ts:49:7) {
  code: [32m'ERR_NETWORK'[39m,
  config: {
    transitional: {
      silentJSONParsing: [33mtrue[39m,
      forcedJSONParsing: [33mtrue[39m,
      clarifyTimeoutError: [33mfalse[39m
    },
    adapter: [ [32m'xhr'[39m, [32m'http'[39m, 
[32m'fetch'[39m ],
    transformRequest: [ [36m[Function: 
transformRequest][39m ],
    transformResponse: [ [36m[Function: 
transformResponse][39m ],
    timeout: [33m0[39m,
    xsrfCookieName: [32m'XSRF-TOKEN'[39m,
    xsrfHeaderName: [32m'X-XSRF-TOKEN'[39m,
    maxContentLength: [33m-1[39m,
    maxBodyLength: [33m-1[39m,
    env: { FormData: [36m[Function][39m, Blob: [36m[class 
Blob][39m },
    validateStatus: [36m[Function: validateStatus][39m,
    headers: Object [AxiosHeaders] {
      Accept: [32m'application/json, text/plain, */*'[39m,
      [32m'Content-Type'[39m: [32m'application/json'[39m
    },
    baseURL: [32m'http://localhost:8000'[39m,
    method: [32m'post'[39m,
    url: [32m'/analytics/events'[39m,
    data: [32m'{"event_type":"view","event_category":"diagnos
tic_code","resource_id":1,"metadata":{"code":"E001"}}'[39m,
    allowAbsoluteUrls: [33mtrue[39m
  },
  request: XMLHttpRequest {},
  event: ProgressEvent { isTrusted: [36m[Getter][39m }
}

[90mstderr[2m | 
src/pages/__tests__/CodeDetailPage.test.tsx[2m > 
[22m[2mCodeDetailPage[2m > [22m[2mcalls delete mutation 
when Delete button is clicked and confirmed
[22m[39mFailed to track analytics event: AxiosError: 
Network Error
    at XMLHttpRequest.handleError [90m(file:///C:/Projects/Di
agnosticCodeAssistant/frontend/[39mnode_modules/[4maxios[24
m/lib/adapters/xhr.js:112:20[90m)[39m
    at XMLHttpRequest.invokeTheCallbackFunction [90m(C:\Proje
cts\DiagnosticCodeAssistant\frontend\[39mnode_modules\[4mjsd
om[24m\lib\jsdom\living\generated\EventHandlerNonNull.js:14:2
8[90m)[39m
    at XMLHttpRequest.<anonymous> [90m(C:\Projects\Diagnostic
CodeAssistant\frontend\[39mnode_modules\[4mjsdom[24m\lib\js
dom\living\helpers\create-event-accessor.js:36:32[90m)[39m
    at innerInvokeEventListeners [90m(C:\Projects\DiagnosticC
odeAssistant\frontend\[39mnode_modules\[4mjsdom[24m\lib\jsd
om\living\events\EventTarget-impl.js:360:16[90m)[39m
    at invokeEventListeners [90m(C:\Projects\DiagnosticCodeAs
sistant\frontend\[39mnode_modules\[4mjsdom[24m\lib\jsdom\li
ving\events\EventTarget-impl.js:296:3[90m)[39m
    at XMLHttpRequestImpl._dispatch [90m(C:\Projects\Diagnost
icCodeAssistant\frontend\[39mnode_modules\[4mjsdom[24m\lib\
jsdom\living\events\EventTarget-impl.js:243:9[90m)[39m
    at fireAnEvent [90m(C:\Projects\DiagnosticCodeAssistant\f
rontend\[39mnode_modules\[4mjsdom[24m\lib\jsdom\living\help
ers\events.js:18:36[90m)[39m
    at requestErrorSteps [90m(C:\Projects\DiagnosticCodeAssis
tant\frontend\[39mnode_modules\[4mjsdom[24m\lib\jsdom\livin
g\xhr\xhr-utils.js:123:3[90m)[39m
    at Object.dispatchError [90m(C:\Projects\DiagnosticCodeAs
sistant\frontend\[39mnode_modules\[4mjsdom[24m\lib\jsdom\li
ving\xhr\xhr-utils.js:59:3[90m)[39m
    at Request.<anonymous> [90m(C:\Projects\DiagnosticCodeAss
istant\frontend\[39mnode_modules\[4mjsdom[24m\lib\jsdom\liv
ing\xhr\XMLHttpRequest-impl.js:655:18[90m)[39m
    at Axios.request [90m(file:///C:/Projects/DiagnosticCodeA
ssistant/frontend/[39mnode_modules/[4maxios[24m/lib/core/Ax
ios.js:45:41[90m)[39m
[90m    at processTicksAndRejections 
(node:internal/process/task_queues:105:5)[39m
    at AnalyticsService.trackEvent (C:/Projects/DiagnosticCode
Assistant/frontend/src/services/analytics.ts:49:7) {
  code: [32m'ERR_NETWORK'[39m,
  config: {
    transitional: {
      silentJSONParsing: [33mtrue[39m,
      forcedJSONParsing: [33mtrue[39m,
      clarifyTimeoutError: [33mfalse[39m
    },
    adapter: [ [32m'xhr'[39m, [32m'http'[39m, 
[32m'fetch'[39m ],
    transformRequest: [ [36m[Function: 
transformRequest][39m ],
    transformResponse: [ [36m[Function: 
transformResponse][39m ],
    timeout: [33m0[39m,
    xsrfCookieName: [32m'XSRF-TOKEN'[39m,
    xsrfHeaderName: [32m'X-XSRF-TOKEN'[39m,
    maxContentLength: [33m-1[39m,
    maxBodyLength: [33m-1[39m,
    env: { FormData: [36m[Function][39m, Blob: [36m[class 
Blob][39m },
    validateStatus: [36m[Function: validateStatus][39m,
    headers: Object [AxiosHeaders] {
      Accept: [32m'application/json, text/plain, */*'[39m,
      [32m'Content-Type'[39m: [32m'application/json'[39m
    },
    baseURL: [32m'http://localhost:8000'[39m,
    method: [32m'post'[39m,
    url: [32m'/analytics/events'[39m,
    data: [32m'{"event_type":"view","event_category":"diagnos
tic_code","resource_id":1,"metadata":{"code":"E001"}}'[39m,
    allowAbsoluteUrls: [33mtrue[39m
  },
  request: XMLHttpRequest {},
  event: ProgressEvent { isTrusted: [36m[Getter][39m }
}

[90mstderr[2m | 
src/pages/__tests__/CodeDetailPage.test.tsx[2m > 
[22m[2mCodeDetailPage[2m > [22m[2mcalls delete mutation 
when Delete button is clicked and confirmed
[22m[39mFailed to track analytics event: AxiosError: 
Network Error
    at XMLHttpRequest.handleError [90m(file:///C:/Projects/Di
agnosticCodeAssistant/frontend/[39mnode_modules/[4maxios[24
m/lib/adapters/xhr.js:112:20[90m)[39m
    at XMLHttpRequest.invokeTheCallbackFunction [90m(C:\Proje
cts\DiagnosticCodeAssistant\frontend\[39mnode_modules\[4mjsd
om[24m\lib\jsdom\living\generated\EventHandlerNonNull.js:14:2
8[90m)[39m
    at XMLHttpRequest.<anonymous> [90m(C:\Projects\Diagnostic
CodeAssistant\frontend\[39mnode_modules\[4mjsdom[24m\lib\js
dom\living\helpers\create-event-accessor.js:36:32[90m)[39m
    at innerInvokeEventListeners [90m(C:\Projects\DiagnosticC
odeAssistant\frontend\[39mnode_modules\[4mjsdom[24m\lib\jsd
om\living\events\EventTarget-impl.js:360:16[90m)[39m
    at invokeEventListeners [90m(C:\Projects\DiagnosticCodeAs
sistant\frontend\[39mnode_modules\[4mjsdom[24m\lib\jsdom\li
ving\events\EventTarget-impl.js:296:3[90m)[39m
    at XMLHttpRequestImpl._dispatch [90m(C:\Projects\Diagnost
icCodeAssistant\frontend\[39mnode_modules\[4mjsdom[24m\lib\
jsdom\living\events\EventTarget-impl.js:243:9[90m)[39m
    at fireAnEvent [90m(C:\Projects\DiagnosticCodeAssistant\f
rontend\[39mnode_modules\[4mjsdom[24m\lib\jsdom\living\help
ers\events.js:18:36[90m)[39m
    at requestErrorSteps [90m(C:\Projects\DiagnosticCodeAssis
tant\frontend\[39mnode_modules\[4mjsdom[24m\lib\jsdom\livin
g\xhr\xhr-utils.js:123:3[90m)[39m
    at Object.dispatchError [90m(C:\Projects\DiagnosticCodeAs
sistant\frontend\[39mnode_modules\[4mjsdom[24m\lib\jsdom\li
ving\xhr\xhr-utils.js:59:3[90m)[39m
    at Request.<anonymous> [90m(C:\Projects\DiagnosticCodeAss
istant\frontend\[39mnode_modules\[4mjsdom[24m\lib\jsdom\liv
ing\xhr\XMLHttpRequest-impl.js:655:18[90m)[39m
    at Axios.request [90m(file:///C:/Projects/DiagnosticCodeA
ssistant/frontend/[39mnode_modules/[4maxios[24m/lib/core/Ax
ios.js:45:41[90m)[39m
[90m    at processTicksAndRejections 
(node:internal/process/task_queues:105:5)[39m
    at AnalyticsService.trackEvent (C:/Projects/DiagnosticCode
Assistant/frontend/src/services/analytics.ts:49:7) {
  code: [32m'ERR_NETWORK'[39m,
  config: {
    transitional: {
      silentJSONParsing: [33mtrue[39m,
      forcedJSONParsing: [33mtrue[39m,
      clarifyTimeoutError: [33mfalse[39m
    },
    adapter: [ [32m'xhr'[39m, [32m'http'[39m, 
[32m'fetch'[39m ],
    transformRequest: [ [36m[Function: 
transformRequest][39m ],
    transformResponse: [ [36m[Function: 
transformResponse][39m ],
    timeout: [33m0[39m,
    xsrfCookieName: [32m'XSRF-TOKEN'[39m,
    xsrfHeaderName: [32m'X-XSRF-TOKEN'[39m,
    maxContentLength: [33m-1[39m,
    maxBodyLength: [33m-1[39m,
    env: { FormData: [36m[Function][39m, Blob: [36m[class 
Blob][39m },
    validateStatus: [36m[Function: validateStatus][39m,
    headers: Object [AxiosHeaders] {
      Accept: [32m'application/json, text/plain, */*'[39m,
      [32m'Content-Type'[39m: [32m'application/json'[39m
    },
    baseURL: [32m'http://localhost:8000'[39m,
    method: [32m'post'[39m,
    url: [32m'/analytics/events'[39m,
    data: [32m'{"event_type":"delete","event_category":"diagn
ostic_code","resource_id":1}'[39m,
    allowAbsoluteUrls: [33mtrue[39m
  },
  request: XMLHttpRequest {},
  event: ProgressEvent { isTrusted: [36m[Getter][39m }
}

 [32mΓ£ô[39m src/components/__tests__/SavedFiltersBar.test.tsx [2m([22m[2m6 tests[22m[2m)[22m[33m 1469[2mms[22m[39m
     [33m[2mΓ£ô[22m[39m renders save button when no filters are saved [33m 438[2mms[22m[39m
     [33m[2mΓ£ô[22m[39m saves a filter with a name [33m 634[2mms[22m[39m
[90mstderr[2m | 
src/pages/__tests__/CodeDetailPage.test.tsx[2m > 
[22m[2mCodeDetailPage[2m > [22m[2mdoes not delete when 
user cancels confirmation
[22m[39mFailed to track analytics event: AxiosError: 
Network Error
    at XMLHttpRequest.handleError [90m(file:///C:/Projects/Di
agnosticCodeAssistant/frontend/[39mnode_modules/[4maxios[24
m/lib/adapters/xhr.js:112:20[90m)[39m
    at XMLHttpRequest.invokeTheCallbackFunction [90m(C:\Proje
cts\DiagnosticCodeAssistant\frontend\[39mnode_modules\[4mjsd
om[24m\lib\jsdom\living\generated\EventHandlerNonNull.js:14:2
8[90m)[39m
    at XMLHttpRequest.<anonymous> [90m(C:\Projects\Diagnostic
CodeAssistant\frontend\[39mnode_modules\[4mjsdom[24m\lib\js
dom\living\helpers\create-event-accessor.js:36:32[90m)[39m
    at innerInvokeEventListeners [90m(C:\Projects\DiagnosticC
odeAssistant\frontend\[39mnode_modules\[4mjsdom[24m\lib\jsd
om\living\events\EventTarget-impl.js:360:16[90m)[39m
    at invokeEventListeners [90m(C:\Projects\DiagnosticCodeAs
sistant\frontend\[39mnode_modules\[4mjsdom[24m\lib\jsdom\li
ving\events\EventTarget-impl.js:296:3[90m)[39m
    at XMLHttpRequestImpl._dispatch [90m(C:\Projects\Diagnost
icCodeAssistant\frontend\[39mnode_modules\[4mjsdom[24m\lib\
jsdom\living\events\EventTarget-impl.js:243:9[90m)[39m
    at fireAnEvent [90m(C:\Projects\DiagnosticCodeAssistant\f
rontend\[39mnode_modules\[4mjsdom[24m\lib\jsdom\living\help
ers\events.js:18:36[90m)[39m
    at requestErrorSteps [90m(C:\Projects\DiagnosticCodeAssis
tant\frontend\[39mnode_modules\[4mjsdom[24m\lib\jsdom\livin
g\xhr\xhr-utils.js:123:3[90m)[39m
    at Object.dispatchError [90m(C:\Projects\DiagnosticCodeAs
sistant\frontend\[39mnode_modules\[4mjsdom[24m\lib\jsdom\li
ving\xhr\xhr-utils.js:59:3[90m)[39m
    at Request.<anonymous> [90m(C:\Projects\DiagnosticCodeAss
istant\frontend\[39mnode_modules\[4mjsdom[24m\lib\jsdom\liv
ing\xhr\XMLHttpRequest-impl.js:655:18[90m)[39m
    at Axios.request [90m(file:///C:/Projects/DiagnosticCodeA
ssistant/frontend/[39mnode_modules/[4maxios[24m/lib/core/Ax
ios.js:45:41[90m)[39m
[90m    at processTicksAndRejections 
(node:internal/process/task_queues:105:5)[39m
    at AnalyticsService.trackEvent (C:/Projects/DiagnosticCode
Assistant/frontend/src/services/analytics.ts:49:7) {
  code: [32m'ERR_NETWORK'[39m,
  config: {
    transitional: {
      silentJSONParsing: [33mtrue[39m,
      forcedJSONParsing: [33mtrue[39m,
      clarifyTimeoutError: [33mfalse[39m
    },
    adapter: [ [32m'xhr'[39m, [32m'http'[39m, 
[32m'fetch'[39m ],
    transformRequest: [ [36m[Function: 
transformRequest][39m ],
    transformResponse: [ [36m[Function: 
transformResponse][39m ],
    timeout: [33m0[39m,
    xsrfCookieName: [32m'XSRF-TOKEN'[39m,
    xsrfHeaderName: [32m'X-XSRF-TOKEN'[39m,
    maxContentLength: [33m-1[39m,
    maxBodyLength: [33m-1[39m,
    env: { FormData: [36m[Function][39m, Blob: [36m[class 
Blob][39m },
    validateStatus: [36m[Function: validateStatus][39m,
    headers: Object [AxiosHeaders] {
      Accept: [32m'application/json, text/plain, */*'[39m,
      [32m'Content-Type'[39m: [32m'application/json'[39m
    },
    baseURL: [32m'http://localhost:8000'[39m,
    method: [32m'post'[39m,
    url: [32m'/analytics/events'[39m,
    data: [32m'{"event_type":"view","event_category":"diagnos
tic_code","resource_id":1,"metadata":{"code":"E001"}}'[39m,
    allowAbsoluteUrls: [33mtrue[39m
  },
  request: XMLHttpRequest {},
  event: ProgressEvent { isTrusted: [36m[Getter][39m }
}

[90mstderr[2m | 
src/pages/__tests__/CodeDetailPage.test.tsx[2m > 
[22m[2mCodeDetailPage[2m > [22m[2mnavigates to home 
after successful delete
[22m[39mFailed to track analytics event: AxiosError: 
Network Error
    at XMLHttpRequest.handleError [90m(file:///C:/Projects/Di
agnosticCodeAssistant/frontend/[39mnode_modules/[4maxios[24
m/lib/adapters/xhr.js:112:20[90m)[39m
    at XMLHttpRequest.invokeTheCallbackFunction [90m(C:\Proje
cts\DiagnosticCodeAssistant\frontend\[39mnode_modules\[4mjsd
om[24m\lib\jsdom\living\generated\EventHandlerNonNull.js:14:2
8[90m)[39m
    at XMLHttpRequest.<anonymous> [90m(C:\Projects\Diagnostic
CodeAssistant\frontend\[39mnode_modules\[4mjsdom[24m\lib\js
dom\living\helpers\create-event-accessor.js:36:32[90m)[39m
    at innerInvokeEventListeners [90m(C:\Projects\DiagnosticC
odeAssistant\frontend\[39mnode_modules\[4mjsdom[24m\lib\jsd
om\living\events\EventTarget-impl.js:360:16[90m)[39m
    at invokeEventListeners [90m(C:\Projects\DiagnosticCodeAs
sistant\frontend\[39mnode_modules\[4mjsdom[24m\lib\jsdom\li
ving\events\EventTarget-impl.js:296:3[90m)[39m
    at XMLHttpRequestImpl._dispatch [90m(C:\Projects\Diagnost
icCodeAssistant\frontend\[39mnode_modules\[4mjsdom[24m\lib\
jsdom\living\events\EventTarget-impl.js:243:9[90m)[39m
    at fireAnEvent [90m(C:\Projects\DiagnosticCodeAssistant\f
rontend\[39mnode_modules\[4mjsdom[24m\lib\jsdom\living\help
ers\events.js:18:36[90m)[39m
    at requestErrorSteps [90m(C:\Projects\DiagnosticCodeAssis
tant\frontend\[39mnode_modules\[4mjsdom[24m\lib\jsdom\livin
g\xhr\xhr-utils.js:123:3[90m)[39m
    at Object.dispatchError [90m(C:\Projects\DiagnosticCodeAs
sistant\frontend\[39mnode_modules\[4mjsdom[24m\lib\jsdom\li
ving\xhr\xhr-utils.js:59:3[90m)[39m
    at Request.<anonymous> [90m(C:\Projects\DiagnosticCodeAss
istant\frontend\[39mnode_modules\[4mjsdom[24m\lib\jsdom\liv
ing\xhr\XMLHttpRequest-impl.js:655:18[90m)[39m
    at Axios.request [90m(file:///C:/Projects/DiagnosticCodeA
ssistant/frontend/[39mnode_modules/[4maxios[24m/lib/core/Ax
ios.js:45:41[90m)[39m
[90m    at processTicksAndRejections 
(node:internal/process/task_queues:105:5)[39m
    at AnalyticsService.trackEvent (C:/Projects/DiagnosticCode
Assistant/frontend/src/services/analytics.ts:49:7) {
  code: [32m'ERR_NETWORK'[39m,
  config: {
    transitional: {
      silentJSONParsing: [33mtrue[39m,
      forcedJSONParsing: [33mtrue[39m,
      clarifyTimeoutError: [33mfalse[39m
    },
    adapter: [ [32m'xhr'[39m, [32m'http'[39m, 
[32m'fetch'[39m ],
    transformRequest: [ [36m[Function: 
transformRequest][39m ],
    transformResponse: [ [36m[Function: 
transformResponse][39m ],
    timeout: [33m0[39m,
    xsrfCookieName: [32m'XSRF-TOKEN'[39m,
    xsrfHeaderName: [32m'X-XSRF-TOKEN'[39m,
    maxContentLength: [33m-1[39m,
    maxBodyLength: [33m-1[39m,
    env: { FormData: [36m[Function][39m, Blob: [36m[class 
Blob][39m },
    validateStatus: [36m[Function: validateStatus][39m,
    headers: Object [AxiosHeaders] {
      Accept: [32m'application/json, text/plain, */*'[39m,
      [32m'Content-Type'[39m: [32m'application/json'[39m
    },
    baseURL: [32m'http://localhost:8000'[39m,
    method: [32m'post'[39m,
    url: [32m'/analytics/events'[39m,
    data: [32m'{"event_type":"view","event_category":"diagnos
tic_code","resource_id":1,"metadata":{"code":"E001"}}'[39m,
    allowAbsoluteUrls: [33mtrue[39m
  },
  request: XMLHttpRequest {},
  event: ProgressEvent { isTrusted: [36m[Getter][39m }
}

[90mstderr[2m | 
src/pages/__tests__/CodeDetailPage.test.tsx[2m > 
[22m[2mCodeDetailPage[2m > [22m[2mnavigates to home 
after successful delete
[22m[39mFailed to track analytics event: AxiosError: 
Network Error
    at XMLHttpRequest.handleError [90m(file:///C:/Projects/Di
agnosticCodeAssistant/frontend/[39mnode_modules/[4maxios[24
m/lib/adapters/xhr.js:112:20[90m)[39m
    at XMLHttpRequest.invokeTheCallbackFunction [90m(C:\Proje
cts\DiagnosticCodeAssistant\frontend\[39mnode_modules\[4mjsd
om[24m\lib\jsdom\living\generated\EventHandlerNonNull.js:14:2
8[90m)[39m
    at XMLHttpRequest.<anonymous> [90m(C:\Projects\Diagnostic
CodeAssistant\frontend\[39mnode_modules\[4mjsdom[24m\lib\js
dom\living\helpers\create-event-accessor.js:36:32[90m)[39m
    at innerInvokeEventListeners [90m(C:\Projects\DiagnosticC
odeAssistant\frontend\[39mnode_modules\[4mjsdom[24m\lib\jsd
om\living\events\EventTarget-impl.js:360:16[90m)[39m
    at invokeEventListeners [90m(C:\Projects\DiagnosticCodeAs
sistant\frontend\[39mnode_modules\[4mjsdom[24m\lib\jsdom\li
ving\events\EventTarget-impl.js:296:3[90m)[39m
    at XMLHttpRequestImpl._dispatch [90m(C:\Projects\Diagnost
icCodeAssistant\frontend\[39mnode_modules\[4mjsdom[24m\lib\
jsdom\living\events\EventTarget-impl.js:243:9[90m)[39m
    at fireAnEvent [90m(C:\Projects\DiagnosticCodeAssistant\f
rontend\[39mnode_modules\[4mjsdom[24m\lib\jsdom\living\help
ers\events.js:18:36[90m)[39m
    at requestErrorSteps [90m(C:\Projects\DiagnosticCodeAssis
tant\frontend\[39mnode_modules\[4mjsdom[24m\lib\jsdom\livin
g\xhr\xhr-utils.js:123:3[90m)[39m
    at Object.dispatchError [90m(C:\Projects\DiagnosticCodeAs
sistant\frontend\[39mnode_modules\[4mjsdom[24m\lib\jsdom\li
ving\xhr\xhr-utils.js:59:3[90m)[39m
    at Request.<anonymous> [90m(C:\Projects\DiagnosticCodeAss
istant\frontend\[39mnode_modules\[4mjsdom[24m\lib\jsdom\liv
ing\xhr\XMLHttpRequest-impl.js:655:18[90m)[39m
    at Axios.request [90m(file:///C:/Projects/DiagnosticCodeA
ssistant/frontend/[39mnode_modules/[4maxios[24m/lib/core/Ax
ios.js:45:41[90m)[39m
[90m    at processTicksAndRejections 
(node:internal/process/task_queues:105:5)[39m
    at AnalyticsService.trackEvent (C:/Projects/DiagnosticCode
Assistant/frontend/src/services/analytics.ts:49:7) {
  code: [32m'ERR_NETWORK'[39m,
  config: {
    transitional: {
      silentJSONParsing: [33mtrue[39m,
      forcedJSONParsing: [33mtrue[39m,
      clarifyTimeoutError: [33mfalse[39m
    },
    adapter: [ [32m'xhr'[39m, [32m'http'[39m, 
[32m'fetch'[39m ],
    transformRequest: [ [36m[Function: 
transformRequest][39m ],
    transformResponse: [ [36m[Function: 
transformResponse][39m ],
    timeout: [33m0[39m,
    xsrfCookieName: [32m'XSRF-TOKEN'[39m,
    xsrfHeaderName: [32m'X-XSRF-TOKEN'[39m,
    maxContentLength: [33m-1[39m,
    maxBodyLength: [33m-1[39m,
    env: { FormData: [36m[Function][39m, Blob: [36m[class 
Blob][39m },
    validateStatus: [36m[Function: validateStatus][39m,
    headers: Object [AxiosHeaders] {
      Accept: [32m'application/json, text/plain, */*'[39m,
      [32m'Content-Type'[39m: [32m'application/json'[39m
    },
    baseURL: [32m'http://localhost:8000'[39m,
    method: [32m'post'[39m,
    url: [32m'/analytics/events'[39m,
    data: [32m'{"event_type":"delete","event_category":"diagn
ostic_code","resource_id":1}'[39m,
    allowAbsoluteUrls: [33mtrue[39m
  },
  request: XMLHttpRequest {},
  event: ProgressEvent { isTrusted: [36m[Getter][39m }
}

 [32mΓ£ô[39m src/components/__tests__/FilterBar.test.tsx [2m([22m[2m11 tests[22m[2m)[22m[33m 2179[2mms[22m[39m
     [33m[2mΓ£ô[22m[39m renders filter button [33m 601[2mms[22m[39m
[90mstderr[2m | src/components/__tests__/Layout.test.tsx
[22m[39mFailed to fetch organizations: AxiosError: Network 
Error
    at XMLHttpRequest.handleError [90m(file:///C:/Projects/Di
agnosticCodeAssistant/frontend/[39mnode_modules/[4maxios[24
m/lib/adapters/xhr.js:112:20[90m)[39m
    at XMLHttpRequest.invokeTheCallbackFunction [90m(C:\Proje
cts\DiagnosticCodeAssistant\frontend\[39mnode_modules\[4mjsd
om[24m\lib\jsdom\living\generated\EventHandlerNonNull.js:14:2
8[90m)[39m
    at XMLHttpRequest.<anonymous> [90m(C:\Projects\Diagnostic
CodeAssistant\frontend\[39mnode_modules\[4mjsdom[24m\lib\js
dom\living\helpers\create-event-accessor.js:36:32[90m)[39m
    at innerInvokeEventListeners [90m(C:\Projects\DiagnosticC
odeAssistant\frontend\[39mnode_modules\[4mjsdom[24m\lib\jsd
om\living\events\EventTarget-impl.js:360:16[90m)[39m
    at invokeEventListeners [90m(C:\Projects\DiagnosticCodeAs
sistant\frontend\[39mnode_modules\[4mjsdom[24m\lib\jsdom\li
ving\events\EventTarget-impl.js:296:3[90m)[39m
    at XMLHttpRequestImpl._dispatch [90m(C:\Projects\Diagnost
icCodeAssistant\frontend\[39mnode_modules\[4mjsdom[24m\lib\
jsdom\living\events\EventTarget-impl.js:243:9[90m)[39m
    at fireAnEvent [90m(C:\Projects\DiagnosticCodeAssistant\f
rontend\[39mnode_modules\[4mjsdom[24m\lib\jsdom\living\help
ers\events.js:18:36[90m)[39m
    at requestErrorSteps [90m(C:\Projects\DiagnosticCodeAssis
tant\frontend\[39mnode_modules\[4mjsdom[24m\lib\jsdom\livin
g\xhr\xhr-utils.js:123:3[90m)[39m
    at Object.dispatchError [90m(C:\Projects\DiagnosticCodeAs
sistant\frontend\[39mnode_modules\[4mjsdom[24m\lib\jsdom\li
ving\xhr\xhr-utils.js:59:3[90m)[39m
    at Request.<anonymous> [90m(C:\Projects\DiagnosticCodeAss
istant\frontend\[39mnode_modules\[4mjsdom[24m\lib\jsdom\liv
ing\xhr\XMLHttpRequest-impl.js:655:18[90m)[39m
    at Axios.request [90m(file:///C:/Projects/DiagnosticCodeA
ssistant/frontend/[39mnode_modules/[4maxios[24m/lib/core/Ax
ios.js:45:41[90m)[39m
[90m    at processTicksAndRejections 
(node:internal/process/task_queues:105:5)[39m
    at fetchOrganizations (C:/Projects/DiagnosticCodeAssistant
/frontend/src/components/OrganizationSwitcher.tsx:60:24) {
  code: [32m'ERR_NETWORK'[39m,
  config: {
    transitional: {
      silentJSONParsing: [33mtrue[39m,
      forcedJSONParsing: [33mtrue[39m,
      clarifyTimeoutError: [33mfalse[39m
    },
    adapter: [ [32m'xhr'[39m, [32m'http'[39m, 
[32m'fetch'[39m ],
    transformRequest: [ [36m[Function: 
transformRequest][39m ],
    transformResponse: [ [36m[Function: 
transformResponse][39m ],
    timeout: [33m0[39m,
    xsrfCookieName: [32m'XSRF-TOKEN'[39m,
    xsrfHeaderName: [32m'X-XSRF-TOKEN'[39m,
    maxContentLength: [33m-1[39m,
    maxBodyLength: [33m-1[39m,
    env: { FormData: [36m[Function][39m, Blob: [36m[class 
Blob][39m },
    validateStatus: [36m[Function: validateStatus][39m,
    headers: Object [AxiosHeaders] {
      Accept: [32m'application/json, text/plain, */*'[39m,
      [32m'Content-Type'[39m: [32m'application/json'[39m
    },
    baseURL: [32m'http://localhost:8000'[39m,
    method: [32m'get'[39m,
    url: [32m'/organizations'[39m,
    allowAbsoluteUrls: [33mtrue[39m,
    data: [90mundefined[39m
  },
  request: XMLHttpRequest {},
  event: ProgressEvent { isTrusted: [36m[Getter][39m }
}

[90mstderr[2m | src/components/__tests__/Layout.test.tsx
[22m[39mFailed to fetch notifications: AxiosError: Network 
Error
    at XMLHttpRequest.handleError [90m(file:///C:/Projects/Di
agnosticCodeAssistant/frontend/[39mnode_modules/[4maxios[24
m/lib/adapters/xhr.js:112:20[90m)[39m
    at XMLHttpRequest.invokeTheCallbackFunction [90m(C:\Proje
cts\DiagnosticCodeAssistant\frontend\[39mnode_modules\[4mjsd
om[24m\lib\jsdom\living\generated\EventHandlerNonNull.js:14:2
8[90m)[39m
    at XMLHttpRequest.<anonymous> [90m(C:\Projects\Diagnostic
CodeAssistant\frontend\[39mnode_modules\[4mjsdom[24m\lib\js
dom\living\helpers\create-event-accessor.js:36:32[90m)[39m
    at innerInvokeEventListeners [90m(C:\Projects\DiagnosticC
odeAssistant\frontend\[39mnode_modules\[4mjsdom[24m\lib\jsd
om\living\events\EventTarget-impl.js:360:16[90m)[39m
    at invokeEventListeners [90m(C:\Projects\DiagnosticCodeAs
sistant\frontend\[39mnode_modules\[4mjsdom[24m\lib\jsdom\li
ving\events\EventTarget-impl.js:296:3[90m)[39m
    at XMLHttpRequestImpl._dispatch [90m(C:\Projects\Diagnost
icCodeAssistant\frontend\[39mnode_modules\[4mjsdom[24m\lib\
jsdom\living\events\EventTarget-impl.js:243:9[90m)[39m
    at fireAnEvent [90m(C:\Projects\DiagnosticCodeAssistant\f
rontend\[39mnode_modules\[4mjsdom[24m\lib\jsdom\living\help
ers\events.js:18:36[90m)[39m
    at requestErrorSteps [90m(C:\Projects\DiagnosticCodeAssis
tant\frontend\[39mnode_modules\[4mjsdom[24m\lib\jsdom\livin
g\xhr\xhr-utils.js:123:3[90m)[39m
    at Object.dispatchError [90m(C:\Projects\DiagnosticCodeAs
sistant\frontend\[39mnode_modules\[4mjsdom[24m\lib\jsdom\li
ving\xhr\xhr-utils.js:59:3[90m)[39m
    at Request.<anonymous> [90m(C:\Projects\DiagnosticCodeAss
istant\frontend\[39mnode_modules\[4mjsdom[24m\lib\jsdom\liv
ing\xhr\XMLHttpRequest-impl.js:655:18[90m)[39m
    at Axios.request [90m(file:///C:/Projects/DiagnosticCodeA
ssistant/frontend/[39mnode_modules/[4maxios[24m/lib/core/Ax
ios.js:45:41[90m)[39m
[90m    at processTicksAndRejections 
(node:internal/process/task_queues:105:5)[39m
    at Object.getNotifications (C:/Projects/DiagnosticCodeAssi
stant/frontend/src/services/notifications.ts:27:22)
    at fetchNotifications (C:/Projects/DiagnosticCodeAssistant
/frontend/src/hooks/useNotifications.ts:11:20) {
  code: [32m'ERR_NETWORK'[39m,
  config: {
    transitional: {
      silentJSONParsing: [33mtrue[39m,
      forcedJSONParsing: [33mtrue[39m,
      clarifyTimeoutError: [33mfalse[39m
    },
    adapter: [ [32m'xhr'[39m, [32m'http'[39m, 
[32m'fetch'[39m ],
    transformRequest: [ [36m[Function: 
transformRequest][39m ],
    transformResponse: [ [36m[Function: 
transformResponse][39m ],
    timeout: [33m0[39m,
    xsrfCookieName: [32m'XSRF-TOKEN'[39m,
    xsrfHeaderName: [32m'X-XSRF-TOKEN'[39m,
    maxContentLength: [33m-1[39m,
    maxBodyLength: [33m-1[39m,
    env: { FormData: [36m[Function][39m, Blob: [36m[class 
Blob][39m },
    validateStatus: [36m[Function: validateStatus][39m,
    headers: Object [AxiosHeaders] {
      Accept: [32m'application/json, text/plain, */*'[39m,
      [32m'Content-Type'[39m: [32m'application/json'[39m
    },
    baseURL: [32m'http://localhost:8000'[39m,
    params: { skip: [33m0[39m, limit: [33m50[39m, 
unread_only: [33mfalse[39m },
    method: [32m'get'[39m,
    url: [32m'/api/v1/notifications'[39m,
    allowAbsoluteUrls: [33mtrue[39m,
    data: [90mundefined[39m
  },
  request: XMLHttpRequest {},
  event: ProgressEvent { isTrusted: [36m[Getter][39m }
}

[90mstderr[2m | src/components/__tests__/Layout.test.tsx
[22m[39mFailed to fetch organizations: AxiosError: Network 
Error
    at XMLHttpRequest.handleError [90m(file:///C:/Projects/Di
agnosticCodeAssistant/frontend/[39mnode_modules/[4maxios[24
m/lib/adapters/xhr.js:112:20[90m)[39m
    at XMLHttpRequest.invokeTheCallbackFunction [90m(C:\Proje
cts\DiagnosticCodeAssistant\frontend\[39mnode_modules\[4mjsd
om[24m\lib\jsdom\living\generated\EventHandlerNonNull.js:14:2
8[90m)[39m
    at XMLHttpRequest.<anonymous> [90m(C:\Projects\Diagnostic
CodeAssistant\frontend\[39mnode_modules\[4mjsdom[24m\lib\js
dom\living\helpers\create-event-accessor.js:36:32[90m)[39m
    at innerInvokeEventListeners [90m(C:\Projects\DiagnosticC
odeAssistant\frontend\[39mnode_modules\[4mjsdom[24m\lib\jsd
om\living\events\EventTarget-impl.js:360:16[90m)[39m
    at invokeEventListeners [90m(C:\Projects\DiagnosticCodeAs
sistant\frontend\[39mnode_modules\[4mjsdom[24m\lib\jsdom\li
ving\events\EventTarget-impl.js:296:3[90m)[39m
    at XMLHttpRequestImpl._dispatch [90m(C:\Projects\Diagnost
icCodeAssistant\frontend\[39mnode_modules\[4mjsdom[24m\lib\
jsdom\living\events\EventTarget-impl.js:243:9[90m)[39m
    at fireAnEvent [90m(C:\Projects\DiagnosticCodeAssistant\f
rontend\[39mnode_modules\[4mjsdom[24m\lib\jsdom\living\help
ers\events.js:18:36[90m)[39m
    at requestErrorSteps [90m(C:\Projects\DiagnosticCodeAssis
tant\frontend\[39mnode_modules\[4mjsdom[24m\lib\jsdom\livin
g\xhr\xhr-utils.js:123:3[90m)[39m
    at Object.dispatchError [90m(C:\Projects\DiagnosticCodeAs
sistant\frontend\[39mnode_modules\[4mjsdom[24m\lib\jsdom\li
ving\xhr\xhr-utils.js:59:3[90m)[39m
    at Request.<anonymous> [90m(C:\Projects\DiagnosticCodeAss
istant\frontend\[39mnode_modules\[4mjsdom[24m\lib\jsdom\liv
ing\xhr\XMLHttpRequest-impl.js:655:18[90m)[39m
    at Axios.request [90m(file:///C:/Projects/DiagnosticCodeA
ssistant/frontend/[39mnode_modules/[4maxios[24m/lib/core/Ax
ios.js:45:41[90m)[39m
[90m    at processTicksAndRejections 
(node:internal/process/task_queues:105:5)[39m
    at fetchOrganizations (C:/Projects/DiagnosticCodeAssistant
/frontend/src/components/OrganizationSwitcher.tsx:60:24) {
  code: [32m'ERR_NETWORK'[39m,
  config: {
    transitional: {
      silentJSONParsing: [33mtrue[39m,
      forcedJSONParsing: [33mtrue[39m,
      clarifyTimeoutError: [33mfalse[39m
    },
    adapter: [ [32m'xhr'[39m, [32m'http'[39m, 
[32m'fetch'[39m ],
    transformRequest: [ [36m[Function: 
transformRequest][39m ],
    transformResponse: [ [36m[Function: 
transformResponse][39m ],
    timeout: [33m0[39m,
    xsrfCookieName: [32m'XSRF-TOKEN'[39m,
    xsrfHeaderName: [32m'X-XSRF-TOKEN'[39m,
    maxContentLength: [33m-1[39m,
    maxBodyLength: [33m-1[39m,
    env: { FormData: [36m[Function][39m, Blob: [36m[class 
Blob][39m },
    validateStatus: [36m[Function: validateStatus][39m,
    headers: Object [AxiosHeaders] {
      Accept: [32m'application/json, text/plain, */*'[39m,
      [32m'Content-Type'[39m: [32m'application/json'[39m
    },
 [32mΓ£ô[39m src/pages/__tests__/CodeDetailPage.test.tsx [2m([22m[2m23 tests[22m[2m)[22m[33m 2255[2mms[22m[39m
     [33m[2mΓ£ô[22m[39m shows error state when there is an error [33m 362[2mms[22m[39m
    baseURL: [32m'http://localhost:8000'[39m,
    method: [32m'get'[39m,
    url: [32m'/organizations'[39m,
    allowAbsoluteUrls: [33mtrue[39m,
    data: [90mundefined[39m
  },
  request: XMLHttpRequest {},
  event: ProgressEvent { isTrusted: [36m[Getter][39m }
}

[90mstderr[2m | src/components/__tests__/Layout.test.tsx
[22m[39mFailed to fetch notifications: AxiosError: Network 
Error
    at XMLHttpRequest.handleError [90m(file:///C:/Projects/Di
agnosticCodeAssistant/frontend/[39mnode_modules/[4maxios[24
m/lib/adapters/xhr.js:112:20[90m)[39m
    at XMLHttpRequest.invokeTheCallbackFunction [90m(C:\Proje
cts\DiagnosticCodeAssistant\frontend\[39mnode_modules\[4mjsd
om[24m\lib\jsdom\living\generated\EventHandlerNonNull.js:14:2
8[90m)[39m
    at XMLHttpRequest.<anonymous> [90m(C:\Projects\Diagnostic
CodeAssistant\frontend\[39mnode_modules\[4mjsdom[24m\lib\js
dom\living\helpers\create-event-accessor.js:36:32[90m)[39m
    at innerInvokeEventListeners [90m(C:\Projects\DiagnosticC
odeAssistant\frontend\[39mnode_modules\[4mjsdom[24m\lib\jsd
om\living\events\EventTarget-impl.js:360:16[90m)[39m
    at invokeEventListeners [90m(C:\Projects\DiagnosticCodeAs
sistant\frontend\[39mnode_modules\[4mjsdom[24m\lib\jsdom\li
ving\events\EventTarget-impl.js:296:3[90m)[39m
    at XMLHttpRequestImpl._dispatch [90m(C:\Projects\Diagnost
icCodeAssistant\frontend\[39mnode_modules\[4mjsdom[24m\lib\
jsdom\living\events\EventTarget-impl.js:243:9[90m)[39m
    at fireAnEvent [90m(C:\Projects\DiagnosticCodeAssistant\f
rontend\[39mnode_modules\[4mjsdom[24m\lib\jsdom\living\help
ers\events.js:18:36[90m)[39m
    at requestErrorSteps [90m(C:\Projects\DiagnosticCodeAssis
tant\frontend\[39mnode_modules\[4mjsdom[24m\lib\jsdom\livin
g\xhr\xhr-utils.js:123:3[90m)[39m
    at Object.dispatchError [90m(C:\Projects\DiagnosticCodeAs
sistant\frontend\[39mnode_modules\[4mjsdom[24m\lib\jsdom\li
ving\xhr\xhr-utils.js:59:3[90m)[39m
    at Request.<anonymous> [90m(C:\Projects\DiagnosticCodeAss
istant\frontend\[39mnode_modules\[4mjsdom[24m\lib\jsdom\liv
ing\xhr\XMLHttpRequest-impl.js:655:18[90m)[39m
    at Axios.request [90m(file:///C:/Projects/DiagnosticCodeA
ssistant/frontend/[39mnode_modules/[4maxios[24m/lib/core/Ax
ios.js:45:41[90m)[39m
[90m    at processTicksAndRejections 
(node:internal/process/task_queues:105:5)[39m
    at Object.getNotifications (C:/Projects/DiagnosticCodeAssi
stant/frontend/src/services/notifications.ts:27:22)
    at fetchNotifications (C:/Projects/DiagnosticCodeAssistant
/frontend/src/hooks/useNotifications.ts:11:20) {
  code: [32m'ERR_NETWORK'[39m,
  config: {
    transitional: {
      silentJSONParsing: [33mtrue[39m,
      forcedJSONParsing: [33mtrue[39m,
      clarifyTimeoutError: [33mfalse[39m
    },
    adapter: [ [32m'xhr'[39m, [32m'http'[39m, 
[32m'fetch'[39m ],
    transformRequest: [ [36m[Function: 
transformRequest][39m ],
    transformResponse: [ [36m[Function: 
transformResponse][39m ],
    timeout: [33m0[39m,
    xsrfCookieName: [32m'XSRF-TOKEN'[39m,
    xsrfHeaderName: [32m'X-XSRF-TOKEN'[39m,
    maxContentLength: [33m-1[39m,
    maxBodyLength: [33m-1[39m,
    env: { FormData: [36m[Function][39m, Blob: [36m[class 
Blob][39m },
    validateStatus: [36m[Function: validateStatus][39m,
    headers: Object [AxiosHeaders] {
      Accept: [32m'application/json, text/plain, */*'[39m,
      [32m'Content-Type'[39m: [32m'application/json'[39m
    },
    baseURL: [32m'http://localhost:8000'[39m,
    params: { skip: [33m0[39m, limit: [33m50[39m, 
unread_only: [33mfalse[39m },
    method: [32m'get'[39m,
    url: [32m'/api/v1/notifications'[39m,
    allowAbsoluteUrls: [33mtrue[39m,
    data: [90mundefined[39m
  },
  request: XMLHttpRequest {},
  event: ProgressEvent { isTrusted: [36m[Getter][39m }
}

[90mstderr[2m | src/components/__tests__/Layout.test.tsx
[22m[39mFailed to fetch organizations: AxiosError: Network 
Error
    at XMLHttpRequest.handleError [90m(file:///C:/Projects/Di
agnosticCodeAssistant/frontend/[39mnode_modules/[4maxios[24
m/lib/adapters/xhr.js:112:20[90m)[39m
    at XMLHttpRequest.invokeTheCallbackFunction [90m(C:\Proje
cts\DiagnosticCodeAssistant\frontend\[39mnode_modules\[4mjsd
om[24m\lib\jsdom\living\generated\EventHandlerNonNull.js:14:2
8[90m)[39m
    at XMLHttpRequest.<anonymous> [90m(C:\Projects\Diagnostic
CodeAssistant\frontend\[39mnode_modules\[4mjsdom[24m\lib\js
dom\living\helpers\create-event-accessor.js:36:32[90m)[39m
    at innerInvokeEventListeners [90m(C:\Projects\DiagnosticC
odeAssistant\frontend\[39mnode_modules\[4mjsdom[24m\lib\jsd
om\living\events\EventTarget-impl.js:360:16[90m)[39m
    at invokeEventListeners [90m(C:\Projects\DiagnosticCodeAs
sistant\frontend\[39mnode_modules\[4mjsdom[24m\lib\jsdom\li
ving\events\EventTarget-impl.js:296:3[90m)[39m
    at XMLHttpRequestImpl._dispatch [90m(C:\Projects\Diagnost
icCodeAssistant\frontend\[39mnode_modules\[4mjsdom[24m\lib\
jsdom\living\events\EventTarget-impl.js:243:9[90m)[39m
    at fireAnEvent [90m(C:\Projects\DiagnosticCodeAssistant\f
rontend\[39mnode_modules\[4mjsdom[24m\lib\jsdom\living\help
ers\events.js:18:36[90m)[39m
    at requestErrorSteps [90m(C:\Projects\DiagnosticCodeAssis
tant\frontend\[39mnode_modules\[4mjsdom[24m\lib\jsdom\livin
g\xhr\xhr-utils.js:123:3[90m)[39m
    at Object.dispatchError [90m(C:\Projects\DiagnosticCodeAs
sistant\frontend\[39mnode_modules\[4mjsdom[24m\lib\jsdom\li
ving\xhr\xhr-utils.js:59:3[90m)[39m
    at Request.<anonymous> [90m(C:\Projects\DiagnosticCodeAss
istant\frontend\[39mnode_modules\[4mjsdom[24m\lib\jsdom\liv
ing\xhr\XMLHttpRequest-impl.js:655:18[90m)[39m
    at Axios.request [90m(file:///C:/Projects/DiagnosticCodeA
ssistant/frontend/[39mnode_modules/[4maxios[24m/lib/core/Ax
ios.js:45:41[90m)[39m
[90m    at processTicksAndRejections 
(node:internal/process/task_queues:105:5)[39m
    at fetchOrganizations (C:/Projects/DiagnosticCodeAssistant
/frontend/src/components/OrganizationSwitcher.tsx:60:24) {
  code: [32m'ERR_NETWORK'[39m,
  config: {
    transitional: {
      silentJSONParsing: [33mtrue[39m,
      forcedJSONParsing: [33mtrue[39m,
      clarifyTimeoutError: [33mfalse[39m
    },
    adapter: [ [32m'xhr'[39m, [32m'http'[39m, 
[32m'fetch'[39m ],
    transformRequest: [ [36m[Function: 
transformRequest][39m ],
    transformResponse: [ [36m[Function: 
transformResponse][39m ],
    timeout: [33m0[39m,
    xsrfCookieName: [32m'XSRF-TOKEN'[39m,
    xsrfHeaderName: [32m'X-XSRF-TOKEN'[39m,
    maxContentLength: [33m-1[39m,
    maxBodyLength: [33m-1[39m,
    env: { FormData: [36m[Function][39m, Blob: [36m[class 
Blob][39m },
    validateStatus: [36m[Function: validateStatus][39m,
    headers: Object [AxiosHeaders] {
      Accept: [32m'application/json, text/plain, */*'[39m,
      [32m'Content-Type'[39m: [32m'application/json'[39m
    },
    baseURL: [32m'http://localhost:8000'[39m,
    method: [32m'get'[39m,
    url: [32m'/organizations'[39m,
    allowAbsoluteUrls: [33mtrue[39m,
    data: [90mundefined[39m
  },
  request: XMLHttpRequest {},
  event: ProgressEvent { isTrusted: [36m[Getter][39m }
}

[90mstderr[2m | AnalyticsService.trackEvent (C:\Projects\Dia
gnosticCodeAssistant\frontend\src\services\analytics.ts:51:15)
[22m[39mFailed to track analytics event: AxiosError: 
Network Error
    at XMLHttpRequest.handleError [90m(file:///C:/Projects/Di
agnosticCodeAssistant/frontend/[39mnode_modules/[4maxios[24
m/lib/adapters/xhr.js:112:20[90m)[39m
    at XMLHttpRequest.invokeTheCallbackFunction [90m(C:\Proje
cts\DiagnosticCodeAssistant\frontend\[39mnode_modules\[4mjsd
om[24m\lib\jsdom\living\generated\EventHandlerNonNull.js:14:2
8[90m)[39m
    at XMLHttpRequest.<anonymous> [90m(C:\Projects\Diagnostic
CodeAssistant\frontend\[39mnode_modules\[4mjsdom[24m\lib\js
dom\living\helpers\create-event-accessor.js:36:32[90m)[39m
    at innerInvokeEventListeners [90m(C:\Projects\DiagnosticC
odeAssistant\frontend\[39mnode_modules\[4mjsdom[24m\lib\jsd
om\living\events\EventTarget-impl.js:360:16[90m)[39m
    at invokeEventListeners [90m(C:\Projects\DiagnosticCodeAs
sistant\frontend\[39mnode_modules\[4mjsdom[24m\lib\jsdom\li
ving\events\EventTarget-impl.js:296:3[90m)[39m
    at XMLHttpRequestImpl._dispatch [90m(C:\Projects\Diagnost
icCodeAssistant\frontend\[39mnode_modules\[4mjsdom[24m\lib\
jsdom\living\events\EventTarget-impl.js:243:9[90m)[39m
    at fireAnEvent [90m(C:\Projects\DiagnosticCodeAssistant\f
rontend\[39mnode_modules\[4mjsdom[24m\lib\jsdom\living\help
ers\events.js:18:36[90m)[39m
    at requestErrorSteps [90m(C:\Projects\DiagnosticCodeAssis
tant\frontend\[39mnode_modules\[4mjsdom[24m\lib\jsdom\livin
g\xhr\xhr-utils.js:123:3[90m)[39m
    at Object.dispatchError [90m(C:\Projects\DiagnosticCodeAs
sistant\frontend\[39mnode_modules\[4mjsdom[24m\lib\jsdom\li
ving\xhr\xhr-utils.js:59:3[90m)[39m
    at Request.<anonymous> [90m(C:\Projects\DiagnosticCodeAss
istant\frontend\[39mnode_modules\[4mjsdom[24m\lib\jsdom\liv
ing\xhr\XMLHttpRequest-impl.js:655:18[90m)[39m
    at Axios.request [90m(file:///C:/Projects/DiagnosticCodeA
ssistant/frontend/[39mnode_modules/[4maxios[24m/lib/core/Ax
ios.js:45:41[90m)[39m
[90m    at processTicksAndRejections 
(node:internal/process/task_queues:105:5)[39m
    at AnalyticsService.trackEvent (C:/Projects/DiagnosticCode
Assistant/frontend/src/services/analytics.ts:49:7) {
  code: [32m'ERR_NETWORK'[39m,
  config: {
    transitional: {
      silentJSONParsing: [33mtrue[39m,
      forcedJSONParsing: [33mtrue[39m,
      clarifyTimeoutError: [33mfalse[39m
    },
    adapter: [ [32m'xhr'[39m, [32m'http'[39m, 
[32m'fetch'[39m ],
    transformRequest: [ [36m[Function: 
transformRequest][39m ],
    transformResponse: [ [36m[Function: 
transformResponse][39m ],
    timeout: [33m0[39m,
    xsrfCookieName: [32m'XSRF-TOKEN'[39m,
    xsrfHeaderName: [32m'X-XSRF-TOKEN'[39m,
    maxContentLength: [33m-1[39m,
    maxBodyLength: [33m-1[39m,
    env: { FormData: [36m[Function][39m, Blob: [36m[class 
Blob][39m },
    validateStatus: [36m[Function: validateStatus][39m,
    headers: Object [AxiosHeaders] {
      Accept: [32m'application/json, text/plain, */*'[39m,
      [32m'Content-Type'[39m: [32m'application/json'[39m
    },
    baseURL: [32m'http://localhost:8000'[39m,
    method: [32m'post'[39m,
    url: [32m'/analytics/events'[39m,
    data: [32m'{"event_type":"view","event_category":"diagnos
tic_code","resource_id":1,"metadata":{"code":"E001"}}'[39m,
    allowAbsoluteUrls: [33mtrue[39m
  },
  request: XMLHttpRequest {},
  event: ProgressEvent { isTrusted: [36m[Getter][39m }
}

[90mstderr[2m | src/components/__tests__/Layout.test.tsx
[22m[39mFailed to fetch notifications: AxiosError: Network 
Error
    at XMLHttpRequest.handleError [90m(file:///C:/Projects/Di
agnosticCodeAssistant/frontend/[39mnode_modules/[4maxios[24
m/lib/adapters/xhr.js:112:20[90m)[39m
    at XMLHttpRequest.invokeTheCallbackFunction [90m(C:\Proje
cts\DiagnosticCodeAssistant\frontend\[39mnode_modules\[4mjsd
om[24m\lib\jsdom\living\generated\EventHandlerNonNull.js:14:2
8[90m)[39m
    at XMLHttpRequest.<anonymous> [90m(C:\Projects\Diagnostic
CodeAssistant\frontend\[39mnode_modules\[4mjsdom[24m\lib\js
dom\living\helpers\create-event-accessor.js:36:32[90m)[39m
    at innerInvokeEventListeners [90m(C:\Projects\DiagnosticC
odeAssistant\frontend\[39mnode_modules\[4mjsdom[24m\lib\jsd
om\living\events\EventTarget-impl.js:360:16[90m)[39m
    at invokeEventListeners [90m(C:\Projects\DiagnosticCodeAs
sistant\frontend\[39mnode_modules\[4mjsdom[24m\lib\jsdom\li
ving\events\EventTarget-impl.js:296:3[90m)[39m
    at XMLHttpRequestImpl._dispatch [90m(C:\Projects\Diagnost
icCodeAssistant\frontend\[39mnode_modules\[4mjsdom[24m\lib\
jsdom\living\events\EventTarget-impl.js:243:9[90m)[39m
    at fireAnEvent [90m(C:\Projects\DiagnosticCodeAssistant\f
rontend\[39mnode_modules\[4mjsdom[24m\lib\jsdom\living\help
ers\events.js:18:36[90m)[39m
    at requestErrorSteps [90m(C:\Projects\DiagnosticCodeAssis
tant\frontend\[39mnode_modules\[4mjsdom[24m\lib\jsdom\livin
g\xhr\xhr-utils.js:123:3[90m)[39m
    at Object.dispatchError [90m(C:\Projects\DiagnosticCodeAs
sistant\frontend\[39mnode_modules\[4mjsdom[24m\lib\jsdom\li
ving\xhr\xhr-utils.js:59:3[90m)[39m
    at Request.<anonymous> [90m(C:\Projects\DiagnosticCodeAss
istant\frontend\[39mnode_modules\[4mjsdom[24m\lib\jsdom\liv
ing\xhr\XMLHttpRequest-impl.js:655:18[90m)[39m
    at Axios.request [90m(file:///C:/Projects/DiagnosticCodeA
ssistant/frontend/[39mnode_modules/[4maxios[24m/lib/core/Ax
ios.js:45:41[90m)[39m
[90m    at processTicksAndRejections 
(node:internal/process/task_queues:105:5)[39m
    at Object.getNotifications (C:/Projects/DiagnosticCodeAssi
stant/frontend/src/services/notifications.ts:27:22)
    at fetchNotifications (C:/Projects/DiagnosticCodeAssistant
/frontend/src/hooks/useNotifications.ts:11:20) {
  code: [32m'ERR_NETWORK'[39m,
  config: {
    transitional: {
      silentJSONParsing: [33mtrue[39m,
      forcedJSONParsing: [33mtrue[39m,
      clarifyTimeoutError: [33mfalse[39m
    },
    adapter: [ [32m'xhr'[39m, [32m'http'[39m, 
[32m'fetch'[39m ],
    transformRequest: [ [36m[Function: 
transformRequest][39m ],
    transformResponse: [ [36m[Function: 
transformResponse][39m ],
    timeout: [33m0[39m,
    xsrfCookieName: [32m'XSRF-TOKEN'[39m,
    xsrfHeaderName: [32m'X-XSRF-TOKEN'[39m,
    maxContentLength: [33m-1[39m,
    maxBodyLength: [33m-1[39m,
    env: { FormData: [36m[Function][39m, Blob: [36m[class 
Blob][39m },
    validateStatus: [36m[Function: validateStatus][39m,
    headers: Object [AxiosHeaders] {
      Accept: [32m'application/json, text/plain, */*'[39m,
      [32m'Content-Type'[39m: [32m'application/json'[39m
    },
    baseURL: [32m'http://localhost:8000'[39m,
    params: { skip: [33m0[39m, limit: [33m50[39m, 
unread_only: [33mfalse[39m },
    method: [32m'get'[39m,
    url: [32m'/api/v1/notifications'[39m,
    allowAbsoluteUrls: [33mtrue[39m,
    data: [90mundefined[39m
  },
  request: XMLHttpRequest {},
  event: ProgressEvent { isTrusted: [36m[Getter][39m }
}

[90mstderr[2m | AnalyticsService.trackEvent (C:\Projects\Dia
gnosticCodeAssistant\frontend\src\services\analytics.ts:51:15)
[22m[39mFailed to track analytics event: AxiosError: 
Network Error
    at XMLHttpRequest.handleError [90m(file:///C:/Projects/Di
agnosticCodeAssistant/frontend/[39mnode_modules/[4maxios[24
m/lib/adapters/xhr.js:112:20[90m)[39m
    at XMLHttpRequest.invokeTheCallbackFunction [90m(C:\Proje
cts\DiagnosticCodeAssistant\frontend\[39mnode_modules\[4mjsd
om[24m\lib\jsdom\living\generated\EventHandlerNonNull.js:14:2
8[90m)[39m
    at XMLHttpRequest.<anonymous> [90m(C:\Projects\Diagnostic
CodeAssistant\frontend\[39mnode_modules\[4mjsdom[24m\lib\js
dom\living\helpers\create-event-accessor.js:36:32[90m)[39m
    at innerInvokeEventListeners [90m(C:\Projects\DiagnosticC
odeAssistant\frontend\[39mnode_modules\[4mjsdom[24m\lib\jsd
om\living\events\EventTarget-impl.js:360:16[90m)[39m
    at invokeEventListeners [90m(C:\Projects\DiagnosticCodeAs
sistant\frontend\[39mnode_modules\[4mjsdom[24m\lib\jsdom\li
ving\events\EventTarget-impl.js:296:3[90m)[39m
    at XMLHttpRequestImpl._dispatch [90m(C:\Projects\Diagnost
icCodeAssistant\frontend\[39mnode_modules\[4mjsdom[24m\lib\
jsdom\living\events\EventTarget-impl.js:243:9[90m)[39m
    at fireAnEvent [90m(C:\Projects\DiagnosticCodeAssistant\f
rontend\[39mnode_modules\[4mjsdom[24m\lib\jsdom\living\help
ers\events.js:18:36[90m)[39m
    at requestErrorSteps [90m(C:\Projects\DiagnosticCodeAssis
tant\frontend\[39mnode_modules\[4mjsdom[24m\lib\jsdom\livin
g\xhr\xhr-utils.js:123:3[90m)[39m
    at Object.dispatchError [90m(C:\Projects\DiagnosticCodeAs
sistant\frontend\[39mnode_modules\[4mjsdom[24m\lib\jsdom\li
ving\xhr\xhr-utils.js:59:3[90m)[39m
    at Request.<anonymous> [90m(C:\Projects\DiagnosticCodeAss
istant\frontend\[39mnode_modules\[4mjsdom[24m\lib\jsdom\liv
ing\xhr\XMLHttpRequest-impl.js:655:18[90m)[39m
    at Axios.request [90m(file:///C:/Projects/DiagnosticCodeA
ssistant/frontend/[39mnode_modules/[4maxios[24m/lib/core/Ax
ios.js:45:41[90m)[39m
[90m    at processTicksAndRejections 
(node:internal/process/task_queues:105:5)[39m
    at AnalyticsService.trackEvent (C:/Projects/DiagnosticCode
Assistant/frontend/src/services/analytics.ts:49:7) {
  code: [32m'ERR_NETWORK'[39m,
  config: {
    transitional: {
      silentJSONParsing: [33mtrue[39m,
      forcedJSONParsing: [33mtrue[39m,
      clarifyTimeoutError: [33mfalse[39m
    },
    adapter: [ [32m'xhr'[39m, [32m'http'[39m, 
[32m'fetch'[39m ],
    transformRequest: [ [36m[Function: 
transformRequest][39m ],
    transformResponse: [ [36m[Function: 
transformResponse][39m ],
    timeout: [33m0[39m,
    xsrfCookieName: [32m'XSRF-TOKEN'[39m,
    xsrfHeaderName: [32m'X-XSRF-TOKEN'[39m,
    maxContentLength: [33m-1[39m,
    maxBodyLength: [33m-1[39m,
    env: { FormData: [36m[Function][39m, Blob: [36m[class 
Blob][39m },
    validateStatus: [36m[Function: validateStatus][39m,
    headers: Object [AxiosHeaders] {
      Accept: [32m'application/json, text/plain, */*'[39m,
      [32m'Content-Type'[39m: [32m'application/json'[39m
    },
    baseURL: [32m'http://localhost:8000'[39m,
    method: [32m'post'[39m,
    url: [32m'/analytics/events'[39m,
    data: [32m'{"event_type":"view","event_category":"diagnos
tic_code","resource_id":1,"metadata":{"code":"E001"}}'[39m,
    allowAbsoluteUrls: [33mtrue[39m
  },
  request: XMLHttpRequest {},
  event: ProgressEvent { isTrusted: [36m[Getter][39m }
}

[90mstderr[2m | src/components/__tests__/Layout.test.tsx
[22m[39mFailed to fetch organizations: AxiosError: Network 
Error
    at XMLHttpRequest.handleError [90m(file:///C:/Projects/Di
agnosticCodeAssistant/frontend/[39mnode_modules/[4maxios[24
m/lib/adapters/xhr.js:112:20[90m)[39m
    at XMLHttpRequest.invokeTheCallbackFunction [90m(C:\Proje
cts\DiagnosticCodeAssistant\frontend\[39mnode_modules\[4mjsd
om[24m\lib\jsdom\living\generated\EventHandlerNonNull.js:14:2
8[90m)[39m
    at XMLHttpRequest.<anonymous> [90m(C:\Projects\Diagnostic
CodeAssistant\frontend\[39mnode_modules\[4mjsdom[24m\lib\js
dom\living\helpers\create-event-accessor.js:36:32[90m)[39m
    at innerInvokeEventListeners [90m(C:\Projects\DiagnosticC
odeAssistant\frontend\[39mnode_modules\[4mjsdom[24m\lib\jsd
om\living\events\EventTarget-impl.js:360:16[90m)[39m
    at invokeEventListeners [90m(C:\Projects\DiagnosticCodeAs
sistant\frontend\[39mnode_modules\[4mjsdom[24m\lib\jsdom\li
ving\events\EventTarget-impl.js:296:3[90m)[39m
    at XMLHttpRequestImpl._dispatch [90m(C:\Projects\Diagnost
icCodeAssistant\frontend\[39mnode_modules\[4mjsdom[24m\lib\
jsdom\living\events\EventTarget-impl.js:243:9[90m)[39m
    at fireAnEvent [90m(C:\Projects\DiagnosticCodeAssistant\f
rontend\[39mnode_modules\[4mjsdom[24m\lib\jsdom\living\help
ers\events.js:18:36[90m)[39m
    at requestErrorSteps [90m(C:\Projects\DiagnosticCodeAssis
tant\frontend\[39mnode_modules\[4mjsdom[24m\lib\jsdom\livin
g\xhr\xhr-utils.js:123:3[90m)[39m
    at Object.dispatchError [90m(C:\Projects\DiagnosticCodeAs
sistant\frontend\[39mnode_modules\[4mjsdom[24m\lib\jsdom\li
ving\xhr\xhr-utils.js:59:3[90m)[39m
    at Request.<anonymous> [90m(C:\Projects\DiagnosticCodeAss
istant\frontend\[39mnode_modules\[4mjsdom[24m\lib\jsdom\liv
ing\xhr\XMLHttpRequest-impl.js:655:18[90m)[39m
    at Axios.request [90m(file:///C:/Projects/DiagnosticCodeA
ssistant/frontend/[39mnode_modules/[4maxios[24m/lib/core/Ax
ios.js:45:41[90m)[39m
[90m    at processTicksAndRejections 
(node:internal/process/task_queues:105:5)[39m
    at fetchOrganizations (C:/Projects/DiagnosticCodeAssistant
/frontend/src/components/OrganizationSwitcher.tsx:60:24) {
  code: [32m'ERR_NETWORK'[39m,
  config: {
    transitional: {
      silentJSONParsing: [33mtrue[39m,
      forcedJSONParsing: [33mtrue[39m,
      clarifyTimeoutError: [33mfalse[39m
    },
    adapter: [ [32m'xhr'[39m, [32m'http'[39m, 
[32m'fetch'[39m ],
    transformRequest: [ [36m[Function: 
transformRequest][39m ],
    transformResponse: [ [36m[Function: 
transformResponse][39m ],
    timeout: [33m0[39m,
    xsrfCookieName: [32m'XSRF-TOKEN'[39m,
    xsrfHeaderName: [32m'X-XSRF-TOKEN'[39m,
    maxContentLength: [33m-1[39m,
    maxBodyLength: [33m-1[39m,
    env: { FormData: [36m[Function][39m, Blob: [36m[class 
Blob][39m },
    validateStatus: [36m[Function: validateStatus][39m,
    headers: Object [AxiosHeaders] {
      Accept: [32m'application/json, text/plain, */*'[39m,
      [32m'Content-Type'[39m: [32m'application/json'[39m
    },
    baseURL: [32m'http://localhost:8000'[39m,
    method: [32m'get'[39m,
    url: [32m'/organizations'[39m,
    allowAbsoluteUrls: [33mtrue[39m,
    data: [90mundefined[39m
  },
  request: XMLHttpRequest {},
  event: ProgressEvent { isTrusted: [36m[Getter][39m }
}

[90mstderr[2m | AnalyticsService.trackEvent (C:\Projects\Dia
gnosticCodeAssistant\frontend\src\services\analytics.ts:51:15)
[22m[39mFailed to track analytics event: AxiosError: 
Network Error
    at XMLHttpRequest.handleError [90m(file:///C:/Projects/Di
agnosticCodeAssistant/frontend/[39mnode_modules/[4maxios[24
m/lib/adapters/xhr.js:112:20[90m)[39m
    at XMLHttpRequest.invokeTheCallbackFunction [90m(C:\Proje
cts\DiagnosticCodeAssistant\frontend\[39mnode_modules\[4mjsd
om[24m\lib\jsdom\living\generated\EventHandlerNonNull.js:14:2
8[90m)[39m
    at XMLHttpRequest.<anonymous> [90m(C:\Projects\Diagnostic
CodeAssistant\frontend\[39mnode_modules\[4mjsdom[24m\lib\js
dom\living\helpers\create-event-accessor.js:36:32[90m)[39m
    at innerInvokeEventListeners [90m(C:\Projects\DiagnosticC
odeAssistant\frontend\[39mnode_modules\[4mjsdom[24m\lib\jsd
om\living\events\EventTarget-impl.js:360:16[90m)[39m
    at invokeEventListeners [90m(C:\Projects\DiagnosticCodeAs
sistant\frontend\[39mnode_modules\[4mjsdom[24m\lib\jsdom\li
ving\events\EventTarget-impl.js:296:3[90m)[39m
    at XMLHttpRequestImpl._dispatch [90m(C:\Projects\Diagnost
icCodeAssistant\frontend\[39mnode_modules\[4mjsdom[24m\lib\
jsdom\living\events\EventTarget-impl.js:243:9[90m)[39m
    at fireAnEvent [90m(C:\Projects\DiagnosticCodeAssistant\f
rontend\[39mnode_modules\[4mjsdom[24m\lib\jsdom\living\help
ers\events.js:18:36[90m)[39m
    at requestErrorSteps [90m(C:\Projects\DiagnosticCodeAssis
tant\frontend\[39mnode_modules\[4mjsdom[24m\lib\jsdom\livin
g\xhr\xhr-utils.js:123:3[90m)[39m
    at Object.dispatchError [90m(C:\Projects\DiagnosticCodeAs
sistant\frontend\[39mnode_modules\[4mjsdom[24m\lib\jsdom\li
ving\xhr\xhr-utils.js:59:3[90m)[39m
    at Request.<anonymous> [90m(C:\Projects\DiagnosticCodeAss
istant\frontend\[39mnode_modules\[4mjsdom[24m\lib\jsdom\liv
ing\xhr\XMLHttpRequest-impl.js:655:18[90m)[39m
    at Axios.request [90m(file:///C:/Projects/DiagnosticCodeA
ssistant/frontend/[39mnode_modules/[4maxios[24m/lib/core/Ax
ios.js:45:41[90m)[39m
[90m    at processTicksAndRejections 
(node:internal/process/task_queues:105:5)[39m
    at AnalyticsService.trackEvent (C:/Projects/DiagnosticCode
Assistant/frontend/src/services/analytics.ts:49:7) {
  code: [32m'ERR_NETWORK'[39m,
  config: {
    transitional: {
      silentJSONParsing: [33mtrue[39m,
      forcedJSONParsing: [33mtrue[39m,
      clarifyTimeoutError: [33mfalse[39m
    },
    adapter: [ [32m'xhr'[39m, [32m'http'[39m, 
[32m'fetch'[39m ],
    transformRequest: [ [36m[Function: 
transformRequest][39m ],
    transformResponse: [ [36m[Function: 
transformResponse][39m ],
    timeout: [33m0[39m,
    xsrfCookieName: [32m'XSRF-TOKEN'[39m,
    xsrfHeaderName: [32m'X-XSRF-TOKEN'[39m,
    maxContentLength: [33m-1[39m,
    maxBodyLength: [33m-1[39m,
    env: { FormData: [36m[Function][39m, Blob: [36m[class 
Blob][39m },
    validateStatus: [36m[Function: validateStatus][39m,
    headers: Object [AxiosHeaders] {
      Accept: [32m'application/json, text/plain, */*'[39m,
      [32m'Content-Type'[39m: [32m'application/json'[39m
    },
    baseURL: [32m'http://localhost:8000'[39m,
    method: [32m'post'[39m,
    url: [32m'/analytics/events'[39m,
    data: [32m'{"event_type":"view","event_category":"diagnos
tic_code","resource_id":1,"metadata":{"code":"E001"}}'[39m,
    allowAbsoluteUrls: [33mtrue[39m
  },
  request: XMLHttpRequest {},
  event: ProgressEvent { isTrusted: [36m[Getter][39m }
}

[90mstderr[2m | src/components/__tests__/Layout.test.tsx
[22m[39mFailed to fetch notifications: AxiosError: Network 
Error
    at XMLHttpRequest.handleError [90m(file:///C:/Projects/Di
agnosticCodeAssistant/frontend/[39mnode_modules/[4maxios[24
m/lib/adapters/xhr.js:112:20[90m)[39m
    at XMLHttpRequest.invokeTheCallbackFunction [90m(C:\Proje
cts\DiagnosticCodeAssistant\frontend\[39mnode_modules\[4mjsd
om[24m\lib\jsdom\living\generated\EventHandlerNonNull.js:14:2
8[90m)[39m
    at XMLHttpRequest.<anonymous> [90m(C:\Projects\Diagnostic
CodeAssistant\frontend\[39mnode_modules\[4mjsdom[24m\lib\js
dom\living\helpers\create-event-accessor.js:36:32[90m)[39m
    at innerInvokeEventListeners [90m(C:\Projects\DiagnosticC
odeAssistant\frontend\[39mnode_modules\[4mjsdom[24m\lib\jsd
om\living\events\EventTarget-impl.js:360:16[90m)[39m
    at invokeEventListeners [90m(C:\Projects\DiagnosticCodeAs
sistant\frontend\[39mnode_modules\[4mjsdom[24m\lib\jsdom\li
ving\events\EventTarget-impl.js:296:3[90m)[39m
    at XMLHttpRequestImpl._dispatch [90m(C:\Projects\Diagnost
icCodeAssistant\frontend\[39mnode_modules\[4mjsdom[24m\lib\
jsdom\living\events\EventTarget-impl.js:243:9[90m)[39m
    at fireAnEvent [90m(C:\Projects\DiagnosticCodeAssistant\f
rontend\[39mnode_modules\[4mjsdom[24m\lib\jsdom\living\help
ers\events.js:18:36[90m)[39m
    at requestErrorSteps [90m(C:\Projects\DiagnosticCodeAssis
tant\frontend\[39mnode_modules\[4mjsdom[24m\lib\jsdom\livin
g\xhr\xhr-utils.js:123:3[90m)[39m
    at Object.dispatchError [90m(C:\Projects\DiagnosticCodeAs
sistant\frontend\[39mnode_modules\[4mjsdom[24m\lib\jsdom\li
ving\xhr\xhr-utils.js:59:3[90m)[39m
    at Request.<anonymous> [90m(C:\Projects\DiagnosticCodeAss
istant\frontend\[39mnode_modules\[4mjsdom[24m\lib\jsdom\liv
ing\xhr\XMLHttpRequest-impl.js:655:18[90m)[39m
    at Axios.request [90m(file:///C:/Projects/DiagnosticCodeA
ssistant/frontend/[39mnode_modules/[4maxios[24m/lib/core/Ax
ios.js:45:41[90m)[39m
[90m    at processTicksAndRejections 
(node:internal/process/task_queues:105:5)[39m
    at Object.getNotifications (C:/Projects/DiagnosticCodeAssi
stant/frontend/src/services/notifications.ts:27:22)
    at fetchNotifications (C:/Projects/DiagnosticCodeAssistant
/frontend/src/hooks/useNotifications.ts:11:20) {
  code: [32m'ERR_NETWORK'[39m,
  config: {
    transitional: {
      silentJSONParsing: [33mtrue[39m,
      forcedJSONParsing: [33mtrue[39m,
      clarifyTimeoutError: [33mfalse[39m
    },
    adapter: [ [32m'xhr'[39m, [32m'http'[39m, 
[32m'fetch'[39m ],
    transformRequest: [ [36m[Function: 
transformRequest][39m ],
    transformResponse: [ [36m[Function: 
transformResponse][39m ],
    timeout: [33m0[39m,
    xsrfCookieName: [32m'XSRF-TOKEN'[39m,
    xsrfHeaderName: [32m'X-XSRF-TOKEN'[39m,
    maxContentLength: [33m-1[39m,
    maxBodyLength: [33m-1[39m,
    env: { FormData: [36m[Function][39m, Blob: [36m[class 
Blob][39m },
    validateStatus: [36m[Function: validateStatus][39m,
    headers: Object [AxiosHeaders] {
      Accept: [32m'application/json, text/plain, */*'[39m,
      [32m'Content-Type'[39m: [32m'application/json'[39m
    },
    baseURL: [32m'http://localhost:8000'[39m,
    params: { skip: [33m0[39m, limit: [33m50[39m, 
unread_only: [33mfalse[39m },
    method: [32m'get'[39m,
    url: [32m'/api/v1/notifications'[39m,
    allowAbsoluteUrls: [33mtrue[39m,
    data: [90mundefined[39m
  },
  request: XMLHttpRequest {},
  event: ProgressEvent { isTrusted: [36m[Getter][39m }
}

[90mstderr[2m | AnalyticsService.trackEvent (C:\Projects\Dia
gnosticCodeAssistant\frontend\src\services\analytics.ts:51:15)
[22m[39mFailed to track analytics event: AxiosError: 
Network Error
    at XMLHttpRequest.handleError [90m(file:///C:/Projects/Di
agnosticCodeAssistant/frontend/[39mnode_modules/[4maxios[24
m/lib/adapters/xhr.js:112:20[90m)[39m
    at XMLHttpRequest.invokeTheCallbackFunction [90m(C:\Proje
cts\DiagnosticCodeAssistant\frontend\[39mnode_modules\[4mjsd
om[24m\lib\jsdom\living\generated\EventHandlerNonNull.js:14:2
8[90m)[39m
    at XMLHttpRequest.<anonymous> [90m(C:\Projects\Diagnostic
CodeAssistant\frontend\[39mnode_modules\[4mjsdom[24m\lib\js
dom\living\helpers\create-event-accessor.js:36:32[90m)[39m
    at innerInvokeEventListeners [90m(C:\Projects\DiagnosticC
odeAssistant\frontend\[39mnode_modules\[4mjsdom[24m\lib\jsd
om\living\events\EventTarget-impl.js:360:16[90m)[39m
    at invokeEventListeners [90m(C:\Projects\DiagnosticCodeAs
sistant\frontend\[39mnode_modules\[4mjsdom[24m\lib\jsdom\li
ving\events\EventTarget-impl.js:296:3[90m)[39m
    at XMLHttpRequestImpl._dispatch [90m(C:\Projects\Diagnost
icCodeAssistant\frontend\[39mnode_modules\[4mjsdom[24m\lib\
jsdom\living\events\EventTarget-impl.js:243:9[90m)[39m
    at fireAnEvent [90m(C:\Projects\DiagnosticCodeAssistant\f
rontend\[39mnode_modules\[4mjsdom[24m\lib\jsdom\living\help
ers\events.js:18:36[90m)[39m
    at requestErrorSteps [90m(C:\Projects\DiagnosticCodeAssis
tant\frontend\[39mnode_modules\[4mjsdom[24m\lib\jsdom\livin
g\xhr\xhr-utils.js:123:3[90m)[39m
    at Object.dispatchError [90m(C:\Projects\DiagnosticCodeAs
sistant\frontend\[39mnode_modules\[4mjsdom[24m\lib\jsdom\li
ving\xhr\xhr-utils.js:59:3[90m)[39m
    at Request.<anonymous> [90m(C:\Projects\DiagnosticCodeAss
istant\frontend\[39mnode_modules\[4mjsdom[24m\lib\jsdom\liv
ing\xhr\XMLHttpRequest-impl.js:655:18[90m)[39m
    at Axios.request [90m(file:///C:/Projects/DiagnosticCodeA
ssistant/frontend/[39mnode_modules/[4maxios[24m/lib/core/Ax
ios.js:45:41[90m)[39m
[90m    at processTicksAndRejections 
(node:internal/process/task_queues:105:5)[39m
    at AnalyticsService.trackEvent (C:/Projects/DiagnosticCode
Assistant/frontend/src/services/analytics.ts:49:7) {
  code: [32m'ERR_NETWORK'[39m,
  config: {
    transitional: {
      silentJSONParsing: [33mtrue[39m,
      forcedJSONParsing: [33mtrue[39m,
      clarifyTimeoutError: [33mfalse[39m
    },
    adapter: [ [32m'xhr'[39m, [32m'http'[39m, 
[32m'fetch'[39m ],
    transformRequest: [ [36m[Function: 
transformRequest][39m ],
    transformResponse: [ [36m[Function: 
transformResponse][39m ],
    timeout: [33m0[39m,
    xsrfCookieName: [32m'XSRF-TOKEN'[39m,
    xsrfHeaderName: [32m'X-XSRF-TOKEN'[39m,
    maxContentLength: [33m-1[39m,
    maxBodyLength: [33m-1[39m,
    env: { FormData: [36m[Function][39m, Blob: [36m[class 
Blob][39m },
    validateStatus: [36m[Function: validateStatus][39m,
    headers: Object [AxiosHeaders] {
      Accept: [32m'application/json, text/plain, */*'[39m,
      [32m'Content-Type'[39m: [32m'application/json'[39m
    },
    baseURL: [32m'http://localhost:8000'[39m,
    method: [32m'post'[39m,
    url: [32m'/analytics/events'[39m,
    data: [32m'{"event_type":"view","event_category":"diagnos
tic_code","resource_id":1,"metadata":{"code":"E001"}}'[39m,
    allowAbsoluteUrls: [33mtrue[39m
  },
  request: XMLHttpRequest {},
  event: ProgressEvent { isTrusted: [36m[Getter][39m }
}

[90mstderr[2m | src/components/__tests__/Layout.test.tsx
[22m[39mFailed to fetch organizations: AxiosError: Network 
Error
    at XMLHttpRequest.handleError [90m(file:///C:/Projects/Di
agnosticCodeAssistant/frontend/[39mnode_modules/[4maxios[24
m/lib/adapters/xhr.js:112:20[90m)[39m
    at XMLHttpRequest.invokeTheCallbackFunction [90m(C:\Proje
cts\DiagnosticCodeAssistant\frontend\[39mnode_modules\[4mjsd
om[24m\lib\jsdom\living\generated\EventHandlerNonNull.js:14:2
8[90m)[39m
    at XMLHttpRequest.<anonymous> [90m(C:\Projects\Diagnostic
CodeAssistant\frontend\[39mnode_modules\[4mjsdom[24m\lib\js
dom\living\helpers\create-event-accessor.js:36:32[90m)[39m
    at innerInvokeEventListeners [90m(C:\Projects\DiagnosticC
odeAssistant\frontend\[39mnode_modules\[4mjsdom[24m\lib\jsd
om\living\events\EventTarget-impl.js:360:16[90m)[39m
    at invokeEventListeners [90m(C:\Projects\DiagnosticCodeAs
sistant\frontend\[39mnode_modules\[4mjsdom[24m\lib\jsdom\li
ving\events\EventTarget-impl.js:296:3[90m)[39m
    at XMLHttpRequestImpl._dispatch [90m(C:\Projects\Diagnost
icCodeAssistant\frontend\[39mnode_modules\[4mjsdom[24m\lib\
jsdom\living\events\EventTarget-impl.js:243:9[90m)[39m
    at fireAnEvent [90m(C:\Projects\DiagnosticCodeAssistant\f
rontend\[39mnode_modules\[4mjsdom[24m\lib\jsdom\living\help
ers\events.js:18:36[90m)[39m
    at requestErrorSteps [90m(C:\Projects\DiagnosticCodeAssis
tant\frontend\[39mnode_modules\[4mjsdom[24m\lib\jsdom\livin
g\xhr\xhr-utils.js:123:3[90m)[39m
    at Object.dispatchError [90m(C:\Projects\DiagnosticCodeAs
sistant\frontend\[39mnode_modules\[4mjsdom[24m\lib\jsdom\li
ving\xhr\xhr-utils.js:59:3[90m)[39m
    at Request.<anonymous> [90m(C:\Projects\DiagnosticCodeAss
istant\frontend\[39mnode_modules\[4mjsdom[24m\lib\jsdom\liv
ing\xhr\XMLHttpRequest-impl.js:655:18[90m)[39m
    at Axios.request [90m(file:///C:/Projects/DiagnosticCodeA
ssistant/frontend/[39mnode_modules/[4maxios[24m/lib/core/Ax
ios.js:45:41[90m)[39m
[90m    at processTicksAndRejections 
(node:internal/process/task_queues:105:5)[39m
    at fetchOrganizations (C:/Projects/DiagnosticCodeAssistant
/frontend/src/components/OrganizationSwitcher.tsx:60:24) {
  code: [32m'ERR_NETWORK'[39m,
  config: {
    transitional: {
      silentJSONParsing: [33mtrue[39m,
      forcedJSONParsing: [33mtrue[39m,
      clarifyTimeoutError: [33mfalse[39m
    },
    adapter: [ [32m'xhr'[39m, [32m'http'[39m, 
[32m'fetch'[39m ],
    transformRequest: [ [36m[Function: 
transformRequest][39m ],
    transformResponse: [ [36m[Function: 
transformResponse][39m ],
    timeout: [33m0[39m,
    xsrfCookieName: [32m'XSRF-TOKEN'[39m,
    xsrfHeaderName: [32m'X-XSRF-TOKEN'[39m,
    maxContentLength: [33m-1[39m,
    maxBodyLength: [33m-1[39m,
    env: { FormData: [36m[Function][39m, Blob: [36m[class 
Blob][39m },
    validateStatus: [36m[Function: validateStatus][39m,
    headers: Object [AxiosHeaders] {
      Accept: [32m'application/json, text/plain, */*'[39m,
      [32m'Content-Type'[39m: [32m'application/json'[39m
    },
    baseURL: [32m'http://localhost:8000'[39m,
    method: [32m'get'[39m,
    url: [32m'/organizations'[39m,
    allowAbsoluteUrls: [33mtrue[39m,
    data: [90mundefined[39m
  },
  request: XMLHttpRequest {},
  event: ProgressEvent { isTrusted: [36m[Getter][39m }
}

[90mstderr[2m | src/components/__tests__/Layout.test.tsx
[22m[39mFailed to fetch notifications: AxiosError: Network 
Error
    at XMLHttpRequest.handleError [90m(file:///C:/Projects/Di
agnosticCodeAssistant/frontend/[39mnode_modules/[4maxios[24
m/lib/adapters/xhr.js:112:20[90m)[39m
    at XMLHttpRequest.invokeTheCallbackFunction [90m(C:\Proje
cts\DiagnosticCodeAssistant\frontend\[39mnode_modules\[4mjsd
om[24m\lib\jsdom\living\generated\EventHandlerNonNull.js:14:2
8[90m)[39m
    at XMLHttpRequest.<anonymous> [90m(C:\Projects\Diagnostic
CodeAssistant\frontend\[39mnode_modules\[4mjsdom[24m\lib\js
dom\living\helpers\create-event-accessor.js:36:32[90m)[39m
    at innerInvokeEventListeners [90m(C:\Projects\DiagnosticC
odeAssistant\frontend\[39mnode_modules\[4mjsdom[24m\lib\jsd
om\living\events\EventTarget-impl.js:360:16[90m)[39m
    at invokeEventListeners [90m(C:\Projects\DiagnosticCodeAs
sistant\frontend\[39mnode_modules\[4mjsdom[24m\lib\jsdom\li
ving\events\EventTarget-impl.js:296:3[90m)[39m
    at XMLHttpRequestImpl._dispatch [90m(C:\Projects\Diagnost
icCodeAssistant\frontend\[39mnode_modules\[4mjsdom[24m\lib\
jsdom\living\events\EventTarget-impl.js:243:9[90m)[39m
    at fireAnEvent [90m(C:\Projects\DiagnosticCodeAssistant\f
rontend\[39mnode_modules\[4mjsdom[24m\lib\jsdom\living\help
ers\events.js:18:36[90m)[39m
    at requestErrorSteps [90m(C:\Projects\DiagnosticCodeAssis
tant\frontend\[39mnode_modules\[4mjsdom[24m\lib\jsdom\livin
g\xhr\xhr-utils.js:123:3[90m)[39m
    at Object.dispatchError [90m(C:\Projects\DiagnosticCodeAs
sistant\frontend\[39mnode_modules\[4mjsdom[24m\lib\jsdom\li
ving\xhr\xhr-utils.js:59:3[90m)[39m
    at Request.<anonymous> [90m(C:\Projects\DiagnosticCodeAss
istant\frontend\[39mnode_modules\[4mjsdom[24m\lib\jsdom\liv
ing\xhr\XMLHttpRequest-impl.js:655:18[90m)[39m
    at Axios.request [90m(file:///C:/Projects/DiagnosticCodeA
ssistant/frontend/[39mnode_modules/[4maxios[24m/lib/core/Ax
ios.js:45:41[90m)[39m
[90m    at processTicksAndRejections 
(node:internal/process/task_queues:105:5)[39m
    at Object.getNotifications (C:/Projects/DiagnosticCodeAssi
stant/frontend/src/services/notifications.ts:27:22)
    at fetchNotifications (C:/Projects/DiagnosticCodeAssistant
/frontend/src/hooks/useNotifications.ts:11:20) {
  code: [32m'ERR_NETWORK'[39m,
  config: {
    transitional: {
      silentJSONParsing: [33mtrue[39m,
      forcedJSONParsing: [33mtrue[39m,
      clarifyTimeoutError: [33mfalse[39m
    },
    adapter: [ [32m'xhr'[39m, [32m'http'[39m, 
[32m'fetch'[39m ],
    transformRequest: [ [36m[Function: 
transformRequest][39m ],
    transformResponse: [ [36m[Function: 
transformResponse][39m ],
    timeout: [33m0[39m,
    xsrfCookieName: [32m'XSRF-TOKEN'[39m,
    xsrfHeaderName: [32m'X-XSRF-TOKEN'[39m,
    maxContentLength: [33m-1[39m,
    maxBodyLength: [33m-1[39m,
    env: { FormData: [36m[Function][39m, Blob: [36m[class 
Blob][39m },
    validateStatus: [36m[Function: validateStatus][39m,
    headers: Object [AxiosHeaders] {
      Accept: [32m'application/json, text/plain, */*'[39m,
      [32m'Content-Type'[39m: [32m'application/json'[39m
    },
    baseURL: [32m'http://localhost:8000'[39m,
    params: { skip: [33m0[39m, limit: [33m50[39m, 
unread_only: [33mfalse[39m },
    method: [32m'get'[39m,
    url: [32m'/api/v1/notifications'[39m,
    allowAbsoluteUrls: [33mtrue[39m,
    data: [90mundefined[39m
  },
  request: XMLHttpRequest {},
  event: ProgressEvent { isTrusted: [36m[Getter][39m }
}

[90mstderr[2m | src/components/__tests__/Layout.test.tsx
[22m[39mFailed to fetch organizations: AxiosError: Network 
Error
    at XMLHttpRequest.handleError [90m(file:///C:/Projects/Di
agnosticCodeAssistant/frontend/[39mnode_modules/[4maxios[24
m/lib/adapters/xhr.js:112:20[90m)[39m
    at XMLHttpRequest.invokeTheCallbackFunction [90m(C:\Proje
cts\DiagnosticCodeAssistant\frontend\[39mnode_modules\[4mjsd
om[24m\lib\jsdom\living\generated\EventHandlerNonNull.js:14:2
8[90m)[39m
    at XMLHttpRequest.<anonymous> [90m(C:\Projects\Diagnostic
CodeAssistant\frontend\[39mnode_modules\[4mjsdom[24m\lib\js
dom\living\helpers\create-event-accessor.js:36:32[90m)[39m
    at innerInvokeEventListeners [90m(C:\Projects\DiagnosticC
odeAssistant\frontend\[39mnode_modules\[4mjsdom[24m\lib\jsd
om\living\events\EventTarget-impl.js:360:16[90m)[39m
    at invokeEventListeners [90m(C:\Projects\DiagnosticCodeAs
sistant\frontend\[39mnode_modules\[4mjsdom[24m\lib\jsdom\li
ving\events\EventTarget-impl.js:296:3[90m)[39m
    at XMLHttpRequestImpl._dispatch [90m(C:\Projects\Diagnost
icCodeAssistant\frontend\[39mnode_modules\[4mjsdom[24m\lib\
jsdom\living\events\EventTarget-impl.js:243:9[90m)[39m
    at fireAnEvent [90m(C:\Projects\DiagnosticCodeAssistant\f
rontend\[39mnode_modules\[4mjsdom[24m\lib\jsdom\living\help
ers\events.js:18:36[90m)[39m
    at requestErrorSteps [90m(C:\Projects\DiagnosticCodeAssis
tant\frontend\[39mnode_modules\[4mjsdom[24m\lib\jsdom\livin
g\xhr\xhr-utils.js:123:3[90m)[39m
    at Object.dispatchError [90m(C:\Projects\DiagnosticCodeAs
sistant\frontend\[39mnode_modules\[4mjsdom[24m\lib\jsdom\li
ving\xhr\xhr-utils.js:59:3[90m)[39m
    at Request.<anonymous> [90m(C:\Projects\DiagnosticCodeAss
istant\frontend\[39mnode_modules\[4mjsdom[24m\lib\jsdom\liv
ing\xhr\XMLHttpRequest-impl.js:655:18[90m)[39m
    at Axios.request [90m(file:///C:/Projects/DiagnosticCodeA
ssistant/frontend/[39mnode_modules/[4maxios[24m/lib/core/Ax
ios.js:45:41[90m)[39m
[90m    at processTicksAndRejections 
(node:internal/process/task_queues:105:5)[39m
    at fetchOrganizations (C:/Projects/DiagnosticCodeAssistant
/frontend/src/components/OrganizationSwitcher.tsx:60:24) {
  code: [32m'ERR_NETWORK'[39m,
  config: {
    transitional: {
      silentJSONParsing: [33mtrue[39m,
      forcedJSONParsing: [33mtrue[39m,
      clarifyTimeoutError: [33mfalse[39m
    },
    adapter: [ [32m'xhr'[39m, [32m'http'[39m, 
[32m'fetch'[39m ],
    transformRequest: [ [36m[Function: 
transformRequest][39m ],
    transformResponse: [ [36m[Function: 
transformResponse][39m ],
    timeout: [33m0[39m,
    xsrfCookieName: [32m'XSRF-TOKEN'[39m,
    xsrfHeaderName: [32m'X-XSRF-TOKEN'[39m,
    maxContentLength: [33m-1[39m,
    maxBodyLength: [33m-1[39m,
    env: { FormData: [36m[Function][39m, Blob: [36m[class 
Blob][39m },
    validateStatus: [36m[Function: validateStatus][39m,
    headers: Object [AxiosHeaders] {
      Accept: [32m'application/json, text/plain, */*'[39m,
      [32m'Content-Type'[39m: [32m'application/json'[39m
    },
    baseURL: [32m'http://localhost:8000'[39m,
    method: [32m'get'[39m,
    url: [32m'/organizations'[39m,
    allowAbsoluteUrls: [33mtrue[39m,
    data: [90mundefined[39m
  },
  request: XMLHttpRequest {},
  event: ProgressEvent { isTrusted: [36m[Getter][39m }
}

[90mstderr[2m | src/components/__tests__/Layout.test.tsx
[22m[39mFailed to fetch notifications: AxiosError: Network 
Error
    at XMLHttpRequest.handleError [90m(file:///C:/Projects/Di
agnosticCodeAssistant/frontend/[39mnode_modules/[4maxios[24
m/lib/adapters/xhr.js:112:20[90m)[39m
    at XMLHttpRequest.invokeTheCallbackFunction [90m(C:\Proje
cts\DiagnosticCodeAssistant\frontend\[39mnode_modules\[4mjsd
om[24m\lib\jsdom\living\generated\EventHandlerNonNull.js:14:2
8[90m)[39m
    at XMLHttpRequest.<anonymous> [90m(C:\Projects\Diagnostic
CodeAssistant\frontend\[39mnode_modules\[4mjsdom[24m\lib\js
dom\living\helpers\create-event-accessor.js:36:32[90m)[39m
    at innerInvokeEventListeners [90m(C:\Projects\DiagnosticC
odeAssistant\frontend\[39mnode_modules\[4mjsdom[24m\lib\jsd
om\living\events\EventTarget-impl.js:360:16[90m)[39m
    at invokeEventListeners [90m(C:\Projects\DiagnosticCodeAs
sistant\frontend\[39mnode_modules\[4mjsdom[24m\lib\jsdom\li
ving\events\EventTarget-impl.js:296:3[90m)[39m
    at XMLHttpRequestImpl._dispatch [90m(C:\Projects\Diagnost
icCodeAssistant\frontend\[39mnode_modules\[4mjsdom[24m\lib\
jsdom\living\events\EventTarget-impl.js:243:9[90m)[39m
    at fireAnEvent [90m(C:\Projects\DiagnosticCodeAssistant\f
rontend\[39mnode_modules\[4mjsdom[24m\lib\jsdom\living\help
ers\events.js:18:36[90m)[39m
    at requestErrorSteps [90m(C:\Projects\DiagnosticCodeAssis
tant\frontend\[39mnode_modules\[4mjsdom[24m\lib\jsdom\livin
g\xhr\xhr-utils.js:123:3[90m)[39m
    at Object.dispatchError [90m(C:\Projects\DiagnosticCodeAs
sistant\frontend\[39mnode_modules\[4mjsdom[24m\lib\jsdom\li
ving\xhr\xhr-utils.js:59:3[90m)[39m
    at Request.<anonymous> [90m(C:\Projects\DiagnosticCodeAss
istant\frontend\[39mnode_modules\[4mjsdom[24m\lib\jsdom\liv
ing\xhr\XMLHttpRequest-impl.js:655:18[90m)[39m
    at Axios.request [90m(file:///C:/Projects/DiagnosticCodeA
ssistant/frontend/[39mnode_modules/[4maxios[24m/lib/core/Ax
ios.js:45:41[90m)[39m
[90m    at processTicksAndRejections 
(node:internal/process/task_queues:105:5)[39m
    at Object.getNotifications (C:/Projects/DiagnosticCodeAssi
stant/frontend/src/services/notifications.ts:27:22)
    at fetchNotifications (C:/Projects/DiagnosticCodeAssistant
/frontend/src/hooks/useNotifications.ts:11:20) {
  code: [32m'ERR_NETWORK'[39m,
  config: {
    transitional: {
      silentJSONParsing: [33mtrue[39m,
      forcedJSONParsing: [33mtrue[39m,
      clarifyTimeoutError: [33mfalse[39m
    },
    adapter: [ [32m'xhr'[39m, [32m'http'[39m, 
[32m'fetch'[39m ],
    transformRequest: [ [36m[Function: 
transformRequest][39m ],
    transformResponse: [ [36m[Function: 
transformResponse][39m ],
    timeout: [33m0[39m,
    xsrfCookieName: [32m'XSRF-TOKEN'[39m,
    xsrfHeaderName: [32m'X-XSRF-TOKEN'[39m,
    maxContentLength: [33m-1[39m,
    maxBodyLength: [33m-1[39m,
    env: { FormData: [36m[Function][39m, Blob: [36m[class 
Blob][39m },
    validateStatus: [36m[Function: validateStatus][39m,
    headers: Object [AxiosHeaders] {
      Accept: [32m'application/json, text/plain, */*'[39m,
      [32m'Content-Type'[39m: [32m'application/json'[39m
    },
    baseURL: [32m'http://localhost:8000'[39m,
    params: { skip: [33m0[39m, limit: [33m50[39m, 
unread_only: [33mfalse[39m },
    method: [32m'get'[39m,
    url: [32m'/api/v1/notifications'[39m,
    allowAbsoluteUrls: [33mtrue[39m,
    data: [90mundefined[39m
  },
  request: XMLHttpRequest {},
  event: ProgressEvent { isTrusted: [36m[Getter][39m }
}

[90mstderr[2m | src/components/__tests__/Layout.test.tsx
[22m[39mFailed to fetch organizations: AxiosError: Network 
Error
    at XMLHttpRequest.handleError [90m(file:///C:/Projects/Di
agnosticCodeAssistant/frontend/[39mnode_modules/[4maxios[24
m/lib/adapters/xhr.js:112:20[90m)[39m
    at XMLHttpRequest.invokeTheCallbackFunction [90m(C:\Proje
cts\DiagnosticCodeAssistant\frontend\[39mnode_modules\[4mjsd
om[24m\lib\jsdom\living\generated\EventHandlerNonNull.js:14:2
8[90m)[39m
    at XMLHttpRequest.<anonymous> [90m(C:\Projects\Diagnostic
CodeAssistant\frontend\[39mnode_modules\[4mjsdom[24m\lib\js
dom\living\helpers\create-event-accessor.js:36:32[90m)[39m
    at innerInvokeEventListeners [90m(C:\Projects\DiagnosticC
odeAssistant\frontend\[39mnode_modules\[4mjsdom[24m\lib\jsd
om\living\events\EventTarget-impl.js:360:16[90m)[39m
    at invokeEventListeners [90m(C:\Projects\DiagnosticCodeAs
sistant\frontend\[39mnode_modules\[4mjsdom[24m\lib\jsdom\li
ving\events\EventTarget-impl.js:296:3[90m)[39m
    at XMLHttpRequestImpl._dispatch [90m(C:\Projects\Diagnost
icCodeAssistant\frontend\[39mnode_modules\[4mjsdom[24m\lib\
jsdom\living\events\EventTarget-impl.js:243:9[90m)[39m
    at fireAnEvent [90m(C:\Projects\DiagnosticCodeAssistant\f
rontend\[39mnode_modules\[4mjsdom[24m\lib\jsdom\living\help
ers\events.js:18:36[90m)[39m
    at requestErrorSteps [90m(C:\Projects\DiagnosticCodeAssis
tant\frontend\[39mnode_modules\[4mjsdom[24m\lib\jsdom\livin
g\xhr\xhr-utils.js:123:3[90m)[39m
    at Object.dispatchError [90m(C:\Projects\DiagnosticCodeAs
sistant\frontend\[39mnode_modules\[4mjsdom[24m\lib\jsdom\li
ving\xhr\xhr-utils.js:59:3[90m)[39m
    at Request.<anonymous> [90m(C:\Projects\DiagnosticCodeAss
istant\frontend\[39mnode_modules\[4mjsdom[24m\lib\jsdom\liv
ing\xhr\XMLHttpRequest-impl.js:655:18[90m)[39m
    at Axios.request [90m(file:///C:/Projects/DiagnosticCodeA
ssistant/frontend/[39mnode_modules/[4maxios[24m/lib/core/Ax
ios.js:45:41[90m)[39m
[90m    at processTicksAndRejections 
(node:internal/process/task_queues:105:5)[39m
    at fetchOrganizations (C:/Projects/DiagnosticCodeAssistant
/frontend/src/components/OrganizationSwitcher.tsx:60:24) {
  code: [32m'ERR_NETWORK'[39m,
  config: {
    transitional: {
      silentJSONParsing: [33mtrue[39m,
      forcedJSONParsing: [33mtrue[39m,
      clarifyTimeoutError: [33mfalse[39m
    },
    adapter: [ [32m'xhr'[39m, [32m'http'[39m, 
[32m'fetch'[39m ],
    transformRequest: [ [36m[Function: 
transformRequest][39m ],
    transformResponse: [ [36m[Function: 
transformResponse][39m ],
    timeout: [33m0[39m,
    xsrfCookieName: [32m'XSRF-TOKEN'[39m,
    xsrfHeaderName: [32m'X-XSRF-TOKEN'[39m,
    maxContentLength: [33m-1[39m,
    maxBodyLength: [33m-1[39m,
    env: { FormData: [36m[Function][39m, Blob: [36m[class 
Blob][39m },
    validateStatus: [36m[Function: validateStatus][39m,
    headers: Object [AxiosHeaders] {
      Accept: [32m'application/json, text/plain, */*'[39m,
      [32m'Content-Type'[39m: [32m'application/json'[39m
    },
    baseURL: [32m'http://localhost:8000'[39m,
    method: [32m'get'[39m,
    url: [32m'/organizations'[39m,
    allowAbsoluteUrls: [33mtrue[39m,
    data: [90mundefined[39m
  },
  request: XMLHttpRequest {},
  event: ProgressEvent { isTrusted: [36m[Getter][39m }
}

[90mstderr[2m | src/components/__tests__/Layout.test.tsx
[22m[39mFailed to fetch notifications: AxiosError: Network 
Error
    at XMLHttpRequest.handleError [90m(file:///C:/Projects/Di
agnosticCodeAssistant/frontend/[39mnode_modules/[4maxios[24
m/lib/adapters/xhr.js:112:20[90m)[39m
    at XMLHttpRequest.invokeTheCallbackFunction [90m(C:\Proje
cts\DiagnosticCodeAssistant\frontend\[39mnode_modules\[4mjsd
om[24m\lib\jsdom\living\generated\EventHandlerNonNull.js:14:2
8[90m)[39m
    at XMLHttpRequest.<anonymous> [90m(C:\Projects\Diagnostic
CodeAssistant\frontend\[39mnode_modules\[4mjsdom[24m\lib\js
dom\living\helpers\create-event-accessor.js:36:32[90m)[39m
    at innerInvokeEventListeners [90m(C:\Projects\DiagnosticC
odeAssistant\frontend\[39mnode_modules\[4mjsdom[24m\lib\jsd
om\living\events\EventTarget-impl.js:360:16[90m)[39m
    at invokeEventListeners [90m(C:\Projects\DiagnosticCodeAs
sistant\frontend\[39mnode_modules\[4mjsdom[24m\lib\jsdom\li
ving\events\EventTarget-impl.js:296:3[90m)[39m
    at XMLHttpRequestImpl._dispatch [90m(C:\Projects\Diagnost
icCodeAssistant\frontend\[39mnode_modules\[4mjsdom[24m\lib\
jsdom\living\events\EventTarget-impl.js:243:9[90m)[39m
    at fireAnEvent [90m(C:\Projects\DiagnosticCodeAssistant\f
rontend\[39mnode_modules\[4mjsdom[24m\lib\jsdom\living\help
ers\events.js:18:36[90m)[39m
    at requestErrorSteps [90m(C:\Projects\DiagnosticCodeAssis
tant\frontend\[39mnode_modules\[4mjsdom[24m\lib\jsdom\livin
g\xhr\xhr-utils.js:123:3[90m)[39m
    at Object.dispatchError [90m(C:\Projects\DiagnosticCodeAs
sistant\frontend\[39mnode_modules\[4mjsdom[24m\lib\jsdom\li
ving\xhr\xhr-utils.js:59:3[90m)[39m
    at Request.<anonymous> [90m(C:\Projects\DiagnosticCodeAss
istant\frontend\[39mnode_modules\[4mjsdom[24m\lib\jsdom\liv
ing\xhr\XMLHttpRequest-impl.js:655:18[90m)[39m
    at Axios.request [90m(file:///C:/Projects/DiagnosticCodeA
ssistant/frontend/[39mnode_modules/[4maxios[24m/lib/core/Ax
ios.js:45:41[90m)[39m
[90m    at processTicksAndRejections 
(node:internal/process/task_queues:105:5)[39m
    at Object.getNotifications (C:/Projects/DiagnosticCodeAssi
stant/frontend/src/services/notifications.ts:27:22)
    at fetchNotifications (C:/Projects/DiagnosticCodeAssistant
/frontend/src/hooks/useNotifications.ts:11:20) {
  code: [32m'ERR_NETWORK'[39m,
  config: {
    transitional: {
      silentJSONParsing: [33mtrue[39m,
      forcedJSONParsing: [33mtrue[39m,
      clarifyTimeoutError: [33mfalse[39m
    },
    adapter: [ [32m'xhr'[39m, [32m'http'[39m, 
[32m'fetch'[39m ],
    transformRequest: [ [36m[Function: 
transformRequest][39m ],
    transformResponse: [ [36m[Function: 
transformResponse][39m ],
    timeout: [33m0[39m,
    xsrfCookieName: [32m'XSRF-TOKEN'[39m,
    xsrfHeaderName: [32m'X-XSRF-TOKEN'[39m,
    maxContentLength: [33m-1[39m,
    maxBodyLength: [33m-1[39m,
    env: { FormData: [36m[Function][39m, Blob: [36m[class 
Blob][39m },
    validateStatus: [36m[Function: validateStatus][39m,
    headers: Object [AxiosHeaders] {
      Accept: [32m'application/json, text/plain, */*'[39m,
      [32m'Content-Type'[39m: [32m'application/json'[39m
    },
    baseURL: [32m'http://localhost:8000'[39m,
    params: { skip: [33m0[39m, limit: [33m50[39m, 
unread_only: [33mfalse[39m },
    method: [32m'get'[39m,
    url: [32m'/api/v1/notifications'[39m,
    allowAbsoluteUrls: [33mtrue[39m,
    data: [90mundefined[39m
  },
  request: XMLHttpRequest {},
  event: ProgressEvent { isTrusted: [36m[Getter][39m }
}

 [32mΓ£ô[39m src/components/__tests__/Layout.test.tsx [2m([22m[2m7 tests[22m[2m)[22m[33m 1124[2mms[22m[39m
     [33m[2mΓ£ô[22m[39m renders navigation links [33m 480[2mms[22m[39m
[90mstderr[2m | 
src/components/__tests__/EditCodeModal.test.tsx[2m > 
[22m[2mEditCodeModal[2m > [22m[2msubmits form with 
updated data
[22m[39mFailed to track analytics event: AxiosError: 
Network Error
    at XMLHttpRequest.handleError [90m(file:///C:/Projects/Di
agnosticCodeAssistant/frontend/[39mnode_modules/[4maxios[24
m/lib/adapters/xhr.js:112:20[90m)[39m
    at XMLHttpRequest.invokeTheCallbackFunction [90m(C:\Proje
cts\DiagnosticCodeAssistant\frontend\[39mnode_modules\[4mjsd
om[24m\lib\jsdom\living\generated\EventHandlerNonNull.js:14:2
8[90m)[39m
    at XMLHttpRequest.<anonymous> [90m(C:\Projects\Diagnostic
CodeAssistant\frontend\[39mnode_modules\[4mjsdom[24m\lib\js
dom\living\helpers\create-event-accessor.js:36:32[90m)[39m
    at innerInvokeEventListeners [90m(C:\Projects\DiagnosticC
odeAssistant\frontend\[39mnode_modules\[4mjsdom[24m\lib\jsd
om\living\events\EventTarget-impl.js:360:16[90m)[39m
    at invokeEventListeners [90m(C:\Projects\DiagnosticCodeAs
sistant\frontend\[39mnode_modules\[4mjsdom[24m\lib\jsdom\li
ving\events\EventTarget-impl.js:296:3[90m)[39m
    at XMLHttpRequestImpl._dispatch [90m(C:\Projects\Diagnost
icCodeAssistant\frontend\[39mnode_modules\[4mjsdom[24m\lib\
jsdom\living\events\EventTarget-impl.js:243:9[90m)[39m
    at fireAnEvent [90m(C:\Projects\DiagnosticCodeAssistant\f
rontend\[39mnode_modules\[4mjsdom[24m\lib\jsdom\living\help
ers\events.js:18:36[90m)[39m
    at requestErrorSteps [90m(C:\Projects\DiagnosticCodeAssis
tant\frontend\[39mnode_modules\[4mjsdom[24m\lib\jsdom\livin
g\xhr\xhr-utils.js:123:3[90m)[39m
    at Object.dispatchError [90m(C:\Projects\DiagnosticCodeAs
sistant\frontend\[39mnode_modules\[4mjsdom[24m\lib\jsdom\li
ving\xhr\xhr-utils.js:59:3[90m)[39m
    at Request.<anonymous> [90m(C:\Projects\DiagnosticCodeAss
istant\frontend\[39mnode_modules\[4mjsdom[24m\lib\jsdom\liv
ing\xhr\XMLHttpRequest-impl.js:655:18[90m)[39m
    at Axios.request [90m(file:///C:/Projects/DiagnosticCodeA
ssistant/frontend/[39mnode_modules/[4maxios[24m/lib/core/Ax
ios.js:45:41[90m)[39m
[90m    at processTicksAndRejections 
(node:internal/process/task_queues:105:5)[39m
    at AnalyticsService.trackEvent (C:/Projects/DiagnosticCode
Assistant/frontend/src/services/analytics.ts:49:7) {
  code: [32m'ERR_NETWORK'[39m,
  config: {
    transitional: {
      silentJSONParsing: [33mtrue[39m,
      forcedJSONParsing: [33mtrue[39m,
      clarifyTimeoutError: [33mfalse[39m
    },
    adapter: [ [32m'xhr'[39m, [32m'http'[39m, 
[32m'fetch'[39m ],
    transformRequest: [ [36m[Function: 
transformRequest][39m ],
    transformResponse: [ [36m[Function: 
transformResponse][39m ],
    timeout: [33m0[39m,
    xsrfCookieName: [32m'XSRF-TOKEN'[39m,
    xsrfHeaderName: [32m'X-XSRF-TOKEN'[39m,
    maxContentLength: [33m-1[39m,
    maxBodyLength: [33m-1[39m,
    env: { FormData: [36m[Function][39m, Blob: [36m[class 
Blob][39m },
    validateStatus: [36m[Function: validateStatus][39m,
    headers: Object [AxiosHeaders] {
      Accept: [32m'application/json, text/plain, */*'[39m,
      [32m'Content-Type'[39m: [32m'application/json'[39m
    },
    baseURL: [32m'http://localhost:8000'[39m,
    method: [32m'post'[39m,
    url: [32m'/analytics/events'[39m,
    data: [32m'{"event_type":"update","event_category":"diagn
ostic_code","resource_id":1}'[39m,
    allowAbsoluteUrls: [33mtrue[39m
  },
  request: XMLHttpRequest {},
  event: ProgressEvent { isTrusted: [36m[Getter][39m }
}

[90mstderr[2m | src/pages/__tests__/HomePage.test.tsx[2m > 
[22m[2mHomePage[2m > [22m[2mupdates search input and 
resets page to 1
[22m[39mFailed to track analytics event: AxiosError: 
Network Error
    at XMLHttpRequest.handleError [90m(file:///C:/Projects/Di
agnosticCodeAssistant/frontend/[39mnode_modules/[4maxios[24
m/lib/adapters/xhr.js:112:20[90m)[39m
    at XMLHttpRequest.invokeTheCallbackFunction [90m(C:\Proje
cts\DiagnosticCodeAssistant\frontend\[39mnode_modules\[4mjsd
om[24m\lib\jsdom\living\generated\EventHandlerNonNull.js:14:2
8[90m)[39m
    at XMLHttpRequest.<anonymous> [90m(C:\Projects\Diagnostic
CodeAssistant\frontend\[39mnode_modules\[4mjsdom[24m\lib\js
dom\living\helpers\create-event-accessor.js:36:32[90m)[39m
    at innerInvokeEventListeners [90m(C:\Projects\DiagnosticC
odeAssistant\frontend\[39mnode_modules\[4mjsdom[24m\lib\jsd
om\living\events\EventTarget-impl.js:360:16[90m)[39m
    at invokeEventListeners [90m(C:\Projects\DiagnosticCodeAs
sistant\frontend\[39mnode_modules\[4mjsdom[24m\lib\jsdom\li
ving\events\EventTarget-impl.js:296:3[90m)[39m
    at XMLHttpRequestImpl._dispatch [90m(C:\Projects\Diagnost
icCodeAssistant\frontend\[39mnode_modules\[4mjsdom[24m\lib\
jsdom\living\events\EventTarget-impl.js:243:9[90m)[39m
    at fireAnEvent [90m(C:\Projects\DiagnosticCodeAssistant\f
rontend\[39mnode_modules\[4mjsdom[24m\lib\jsdom\living\help
ers\events.js:18:36[90m)[39m
    at requestErrorSteps [90m(C:\Projects\DiagnosticCodeAssis
tant\frontend\[39mnode_modules\[4mjsdom[24m\lib\jsdom\livin
g\xhr\xhr-utils.js:123:3[90m)[39m
    at Object.dispatchError [90m(C:\Projects\DiagnosticCodeAs
sistant\frontend\[39mnode_modules\[4mjsdom[24m\lib\jsdom\li
ving\xhr\xhr-utils.js:59:3[90m)[39m
    at Request.<anonymous> [90m(C:\Projects\DiagnosticCodeAss
istant\frontend\[39mnode_modules\[4mjsdom[24m\lib\jsdom\liv
ing\xhr\XMLHttpRequest-impl.js:655:18[90m)[39m
    at Axios.request [90m(file:///C:/Projects/DiagnosticCodeA
ssistant/frontend/[39mnode_modules/[4maxios[24m/lib/core/Ax
ios.js:45:41[90m)[39m
[90m    at processTicksAndRejections 
(node:internal/process/task_queues:105:5)[39m
    at AnalyticsService.trackEvent (C:/Projects/DiagnosticCode
Assistant/frontend/src/services/analytics.ts:49:7) {
  code: [32m'ERR_NETWORK'[39m,
  config: {
    transitional: {
      silentJSONParsing: [33mtrue[39m,
      forcedJSONParsing: [33mtrue[39m,
      clarifyTimeoutError: [33mfalse[39m
    },
    adapter: [ [32m'xhr'[39m, [32m'http'[39m, 
[32m'fetch'[39m ],
    transformRequest: [ [36m[Function: 
transformRequest][39m ],
    transformResponse: [ [36m[Function: 
transformResponse][39m ],
    timeout: [33m0[39m,
    xsrfCookieName: [32m'XSRF-TOKEN'[39m,
    xsrfHeaderName: [32m'X-XSRF-TOKEN'[39m,
    maxContentLength: [33m-1[39m,
    maxBodyLength: [33m-1[39m,
    env: { FormData: [36m[Function][39m, Blob: [36m[class 
Blob][39m },
    validateStatus: [36m[Function: validateStatus][39m,
    headers: Object [AxiosHeaders] {
      Accept: [32m'application/json, text/plain, */*'[39m,
      [32m'Content-Type'[39m: [32m'application/json'[39m
    },
    baseURL: [32m'http://localhost:8000'[39m,
    method: [32m'post'[39m,
    url: [32m'/analytics/events'[39m,
    data: [32m'{"event_type":"view","event_category":"page","
metadata":{"page":"Home"}}'[39m,
    allowAbsoluteUrls: [33mtrue[39m
  },
  request: XMLHttpRequest {},
  event: ProgressEvent { isTrusted: [36m[Getter][39m }
}

[90mstderr[2m | src/pages/__tests__/HomePage.test.tsx[2m > 
[22m[2mHomePage[2m > [22m[2mupdates search input and 
resets page to 1
[22m[39mFailed to track analytics event: AxiosError: 
Network Error
    at XMLHttpRequest.handleError [90m(file:///C:/Projects/Di
agnosticCodeAssistant/frontend/[39mnode_modules/[4maxios[24
m/lib/adapters/xhr.js:112:20[90m)[39m
    at XMLHttpRequest.invokeTheCallbackFunction [90m(C:\Proje
cts\DiagnosticCodeAssistant\frontend\[39mnode_modules\[4mjsd
om[24m\lib\jsdom\living\generated\EventHandlerNonNull.js:14:2
8[90m)[39m
    at XMLHttpRequest.<anonymous> [90m(C:\Projects\Diagnostic
CodeAssistant\frontend\[39mnode_modules\[4mjsdom[24m\lib\js
dom\living\helpers\create-event-accessor.js:36:32[90m)[39m
    at innerInvokeEventListeners [90m(C:\Projects\DiagnosticC
odeAssistant\frontend\[39mnode_modules\[4mjsdom[24m\lib\jsd
om\living\events\EventTarget-impl.js:360:16[90m)[39m
    at invokeEventListeners [90m(C:\Projects\DiagnosticCodeAs
sistant\frontend\[39mnode_modules\[4mjsdom[24m\lib\jsdom\li
ving\events\EventTarget-impl.js:296:3[90m)[39m
    at XMLHttpRequestImpl._dispatch [90m(C:\Projects\Diagnost
icCodeAssistant\frontend\[39mnode_modules\[4mjsdom[24m\lib\
jsdom\living\events\EventTarget-impl.js:243:9[90m)[39m
    at fireAnEvent [90m(C:\Projects\DiagnosticCodeAssistant\f
rontend\[39mnode_modules\[4mjsdom[24m\lib\jsdom\living\help
ers\events.js:18:36[90m)[39m
    at requestErrorSteps [90m(C:\Projects\DiagnosticCodeAssis
tant\frontend\[39mnode_modules\[4mjsdom[24m\lib\jsdom\livin
g\xhr\xhr-utils.js:123:3[90m)[39m
    at Object.dispatchError [90m(C:\Projects\DiagnosticCodeAs
sistant\frontend\[39mnode_modules\[4mjsdom[24m\lib\jsdom\li
ving\xhr\xhr-utils.js:59:3[90m)[39m
    at Request.<anonymous> [90m(C:\Projects\DiagnosticCodeAss
istant\frontend\[39mnode_modules\[4mjsdom[24m\lib\jsdom\liv
ing\xhr\XMLHttpRequest-impl.js:655:18[90m)[39m
    at Axios.request [90m(file:///C:/Projects/DiagnosticCodeA
ssistant/frontend/[39mnode_modules/[4maxios[24m/lib/core/Ax
ios.js:45:41[90m)[39m
[90m    at processTicksAndRejections 
(node:internal/process/task_queues:105:5)[39m
    at AnalyticsService.trackEvent (C:/Projects/DiagnosticCode
Assistant/frontend/src/services/analytics.ts:49:7) {
  code: [32m'ERR_NETWORK'[39m,
  config: {
    transitional: {
      silentJSONParsing: [33mtrue[39m,
      forcedJSONParsing: [33mtrue[39m,
      clarifyTimeoutError: [33mfalse[39m
    },
    adapter: [ [32m'xhr'[39m, [32m'http'[39m, 
[32m'fetch'[39m ],
    transformRequest: [ [36m[Function: 
transformRequest][39m ],
    transformResponse: [ [36m[Function: 
transformResponse][39m ],
    timeout: [33m0[39m,
    xsrfCookieName: [32m'XSRF-TOKEN'[39m,
    xsrfHeaderName: [32m'X-XSRF-TOKEN'[39m,
    maxContentLength: [33m-1[39m,
    maxBodyLength: [33m-1[39m,
    env: { FormData: [36m[Function][39m, Blob: [36m[class 
Blob][39m },
    validateStatus: [36m[Function: validateStatus][39m,
    headers: Object [AxiosHeaders] {
      Accept: [32m'application/json, text/plain, */*'[39m,
      [32m'Content-Type'[39m: [32m'application/json'[39m
    },
    baseURL: [32m'http://localhost:8000'[39m,
    method: [32m'post'[39m,
    url: [32m'/analytics/events'[39m,
    data: [32m'{"event_type":"view","event_category":"page","
metadata":{"page":"Home"}}'[39m,
    allowAbsoluteUrls: [33mtrue[39m
  },
  request: XMLHttpRequest {},
  event: ProgressEvent { isTrusted: [36m[Getter][39m }
}

[90mstderr[2m | src/pages/__tests__/HomePage.test.tsx[2m > 
[22m[2mHomePage[2m > [22m[2mupdates search input and 
resets page to 1
[22m[39mFailed to track analytics event: AxiosError: 
Network Error
    at XMLHttpRequest.handleError [90m(file:///C:/Projects/Di
agnosticCodeAssistant/frontend/[39mnode_modules/[4maxios[24
m/lib/adapters/xhr.js:112:20[90m)[39m
    at XMLHttpRequest.invokeTheCallbackFunction [90m(C:\Proje
cts\DiagnosticCodeAssistant\frontend\[39mnode_modules\[4mjsd
om[24m\lib\jsdom\living\generated\EventHandlerNonNull.js:14:2
8[90m)[39m
    at XMLHttpRequest.<anonymous> [90m(C:\Projects\Diagnostic
CodeAssistant\frontend\[39mnode_modules\[4mjsdom[24m\lib\js
dom\living\helpers\create-event-accessor.js:36:32[90m)[39m
    at innerInvokeEventListeners [90m(C:\Projects\DiagnosticC
odeAssistant\frontend\[39mnode_modules\[4mjsdom[24m\lib\jsd
om\living\events\EventTarget-impl.js:360:16[90m)[39m
    at invokeEventListeners [90m(C:\Projects\DiagnosticCodeAs
sistant\frontend\[39mnode_modules\[4mjsdom[24m\lib\jsdom\li
ving\events\EventTarget-impl.js:296:3[90m)[39m
    at XMLHttpRequestImpl._dispatch [90m(C:\Projects\Diagnost
icCodeAssistant\frontend\[39mnode_modules\[4mjsdom[24m\lib\
jsdom\living\events\EventTarget-impl.js:243:9[90m)[39m
    at fireAnEvent [90m(C:\Projects\DiagnosticCodeAssistant\f
rontend\[39mnode_modules\[4mjsdom[24m\lib\jsdom\living\help
ers\events.js:18:36[90m)[39m
    at requestErrorSteps [90m(C:\Projects\DiagnosticCodeAssis
tant\frontend\[39mnode_modules\[4mjsdom[24m\lib\jsdom\livin
g\xhr\xhr-utils.js:123:3[90m)[39m
    at Object.dispatchError [90m(C:\Projects\DiagnosticCodeAs
sistant\frontend\[39mnode_modules\[4mjsdom[24m\lib\jsdom\li
ving\xhr\xhr-utils.js:59:3[90m)[39m
    at Request.<anonymous> [90m(C:\Projects\DiagnosticCodeAss
istant\frontend\[39mnode_modules\[4mjsdom[24m\lib\jsdom\liv
ing\xhr\XMLHttpRequest-impl.js:655:18[90m)[39m
    at Axios.request [90m(file:///C:/Projects/DiagnosticCodeA
ssistant/frontend/[39mnode_modules/[4maxios[24m/lib/core/Ax
ios.js:45:41[90m)[39m
[90m    at processTicksAndRejections 
(node:internal/process/task_queues:105:5)[39m
    at AnalyticsService.trackEvent (C:/Projects/DiagnosticCode
Assistant/frontend/src/services/analytics.ts:49:7) {
  code: [32m'ERR_NETWORK'[39m,
  config: {
    transitional: {
      silentJSONParsing: [33mtrue[39m,
      forcedJSONParsing: [33mtrue[39m,
      clarifyTimeoutError: [33mfalse[39m
    },
    adapter: [ [32m'xhr'[39m, [32m'http'[39m, 
[32m'fetch'[39m ],
    transformRequest: [ [36m[Function: 
transformRequest][39m ],
    transformResponse: [ [36m[Function: 
transformResponse][39m ],
    timeout: [33m0[39m,
    xsrfCookieName: [32m'XSRF-TOKEN'[39m,
    xsrfHeaderName: [32m'X-XSRF-TOKEN'[39m,
    maxContentLength: [33m-1[39m,
    maxBodyLength: [33m-1[39m,
    env: { FormData: [36m[Function][39m, Blob: [36m[class 
Blob][39m },
    validateStatus: [36m[Function: validateStatus][39m,
    headers: Object [AxiosHeaders] {
      Accept: [32m'application/json, text/plain, */*'[39m,
      [32m'Content-Type'[39m: [32m'application/json'[39m
    },
    baseURL: [32m'http://localhost:8000'[39m,
    method: [32m'post'[39m,
    url: [32m'/analytics/events'[39m,
    data: [32m'{"event_type":"view","event_category":"page","
metadata":{"page":"Home"}}'[39m,
    allowAbsoluteUrls: [33mtrue[39m
  },
  request: XMLHttpRequest {},
  event: ProgressEvent { isTrusted: [36m[Getter][39m }
}

[90mstderr[2m | src/pages/__tests__/HomePage.test.tsx[2m > 
[22m[2mHomePage[2m > [22m[2mupdates search input and 
resets page to 1
[22m[39mFailed to track analytics event: AxiosError: 
Network Error
    at XMLHttpRequest.handleError [90m(file:///C:/Projects/Di
agnosticCodeAssistant/frontend/[39mnode_modules/[4maxios[24
m/lib/adapters/xhr.js:112:20[90m)[39m
    at XMLHttpRequest.invokeTheCallbackFunction [90m(C:\Proje
cts\DiagnosticCodeAssistant\frontend\[39mnode_modules\[4mjsd
om[24m\lib\jsdom\living\generated\EventHandlerNonNull.js:14:2
8[90m)[39m
    at XMLHttpRequest.<anonymous> [90m(C:\Projects\Diagnostic
CodeAssistant\frontend\[39mnode_modules\[4mjsdom[24m\lib\js
dom\living\helpers\create-event-accessor.js:36:32[90m)[39m
    at innerInvokeEventListeners [90m(C:\Projects\DiagnosticC
odeAssistant\frontend\[39mnode_modules\[4mjsdom[24m\lib\jsd
om\living\events\EventTarget-impl.js:360:16[90m)[39m
    at invokeEventListeners [90m(C:\Projects\DiagnosticCodeAs
sistant\frontend\[39mnode_modules\[4mjsdom[24m\lib\jsdom\li
ving\events\EventTarget-impl.js:296:3[90m)[39m
    at XMLHttpRequestImpl._dispatch [90m(C:\Projects\Diagnost
icCodeAssistant\frontend\[39mnode_modules\[4mjsdom[24m\lib\
jsdom\living\events\EventTarget-impl.js:243:9[90m)[39m
    at fireAnEvent [90m(C:\Projects\DiagnosticCodeAssistant\f
rontend\[39mnode_modules\[4mjsdom[24m\lib\jsdom\living\help
ers\events.js:18:36[90m)[39m
    at requestErrorSteps [90m(C:\Projects\DiagnosticCodeAssis
tant\frontend\[39mnode_modules\[4mjsdom[24m\lib\jsdom\livin
g\xhr\xhr-utils.js:123:3[90m)[39m
    at Object.dispatchError [90m(C:\Projects\DiagnosticCodeAs
sistant\frontend\[39mnode_modules\[4mjsdom[24m\lib\jsdom\li
ving\xhr\xhr-utils.js:59:3[90m)[39m
    at Request.<anonymous> [90m(C:\Projects\DiagnosticCodeAss
istant\frontend\[39mnode_modules\[4mjsdom[24m\lib\jsdom\liv
ing\xhr\XMLHttpRequest-impl.js:655:18[90m)[39m
    at Axios.request [90m(file:///C:/Projects/DiagnosticCodeA
ssistant/frontend/[39mnode_modules/[4maxios[24m/lib/core/Ax
ios.js:45:41[90m)[39m
[90m    at processTicksAndRejections 
(node:internal/process/task_queues:105:5)[39m
    at AnalyticsService.trackEvent (C:/Projects/DiagnosticCode
Assistant/frontend/src/services/analytics.ts:49:7) {
  code: [32m'ERR_NETWORK'[39m,
  config: {
    transitional: {
      silentJSONParsing: [33mtrue[39m,
      forcedJSONParsing: [33mtrue[39m,
      clarifyTimeoutError: [33mfalse[39m
    },
    adapter: [ [32m'xhr'[39m, [32m'http'[39m, 
[32m'fetch'[39m ],
    transformRequest: [ [36m[Function: 
transformRequest][39m ],
    transformResponse: [ [36m[Function: 
transformResponse][39m ],
    timeout: [33m0[39m,
    xsrfCookieName: [32m'XSRF-TOKEN'[39m,
    xsrfHeaderName: [32m'X-XSRF-TOKEN'[39m,
    maxContentLength: [33m-1[39m,
    maxBodyLength: [33m-1[39m,
    env: { FormData: [36m[Function][39m, Blob: [36m[class 
Blob][39m },
    validateStatus: [36m[Function: validateStatus][39m,
    headers: Object [AxiosHeaders] {
      Accept: [32m'application/json, text/plain, */*'[39m,
      [32m'Content-Type'[39m: [32m'application/json'[39m
    },
    baseURL: [32m'http://localhost:8000'[39m,
    method: [32m'post'[39m,
    url: [32m'/analytics/events'[39m,
    data: [32m'{"event_type":"view","event_category":"page","
metadata":{"page":"Home"}}'[39m,
    allowAbsoluteUrls: [33mtrue[39m
  },
  request: XMLHttpRequest {},
  event: ProgressEvent { isTrusted: [36m[Getter][39m }
}

[90mstderr[2m | src/pages/__tests__/HomePage.test.tsx[2m > 
[22m[2mHomePage[2m > [22m[2mupdates search input and 
resets page to 1
[22m[39mFailed to track analytics event: AxiosError: 
Network Error
    at XMLHttpRequest.handleError [90m(file:///C:/Projects/Di
agnosticCodeAssistant/frontend/[39mnode_modules/[4maxios[24
m/lib/adapters/xhr.js:112:20[90m)[39m
    at XMLHttpRequest.invokeTheCallbackFunction [90m(C:\Proje
cts\DiagnosticCodeAssistant\frontend\[39mnode_modules\[4mjsd
om[24m\lib\jsdom\living\generated\EventHandlerNonNull.js:14:2
8[90m)[39m
    at XMLHttpRequest.<anonymous> [90m(C:\Projects\Diagnostic
CodeAssistant\frontend\[39mnode_modules\[4mjsdom[24m\lib\js
dom\living\helpers\create-event-accessor.js:36:32[90m)[39m
    at innerInvokeEventListeners [90m(C:\Projects\DiagnosticC
odeAssistant\frontend\[39mnode_modules\[4mjsdom[24m\lib\jsd
om\living\events\EventTarget-impl.js:360:16[90m)[39m
    at invokeEventListeners [90m(C:\Projects\DiagnosticCodeAs
sistant\frontend\[39mnode_modules\[4mjsdom[24m\lib\jsdom\li
ving\events\EventTarget-impl.js:296:3[90m)[39m
    at XMLHttpRequestImpl._dispatch [90m(C:\Projects\Diagnost
icCodeAssistant\frontend\[39mnode_modules\[4mjsdom[24m\lib\
jsdom\living\events\EventTarget-impl.js:243:9[90m)[39m
    at fireAnEvent [90m(C:\Projects\DiagnosticCodeAssistant\f
rontend\[39mnode_modules\[4mjsdom[24m\lib\jsdom\living\help
ers\events.js:18:36[90m)[39m
    at requestErrorSteps [90m(C:\Projects\DiagnosticCodeAssis
tant\frontend\[39mnode_modules\[4mjsdom[24m\lib\jsdom\livin
g\xhr\xhr-utils.js:123:3[90m)[39m
    at Object.dispatchError [90m(C:\Projects\DiagnosticCodeAs
sistant\frontend\[39mnode_modules\[4mjsdom[24m\lib\jsdom\li
ving\xhr\xhr-utils.js:59:3[90m)[39m
    at Request.<anonymous> [90m(C:\Projects\DiagnosticCodeAss
istant\frontend\[39mnode_modules\[4mjsdom[24m\lib\jsdom\liv
ing\xhr\XMLHttpRequest-impl.js:655:18[90m)[39m
    at Axios.request [90m(file:///C:/Projects/DiagnosticCodeA
ssistant/frontend/[39mnode_modules/[4maxios[24m/lib/core/Ax
ios.js:45:41[90m)[39m
[90m    at processTicksAndRejections 
(node:internal/process/task_queues:105:5)[39m
    at AnalyticsService.trackEvent (C:/Projects/DiagnosticCode
Assistant/frontend/src/services/analytics.ts:49:7) {
  code: [32m'ERR_NETWORK'[39m,
  config: {
    transitional: {
      silentJSONParsing: [33mtrue[39m,
      forcedJSONParsing: [33mtrue[39m,
      clarifyTimeoutError: [33mfalse[39m
    },
    adapter: [ [32m'xhr'[39m, [32m'http'[39m, 
[32m'fetch'[39m ],
    transformRequest: [ [36m[Function: 
transformRequest][39m ],
    transformResponse: [ [36m[Function: 
transformResponse][39m ],
    timeout: [33m0[39m,
    xsrfCookieName: [32m'XSRF-TOKEN'[39m,
    xsrfHeaderName: [32m'X-XSRF-TOKEN'[39m,
    maxContentLength: [33m-1[39m,
    maxBodyLength: [33m-1[39m,
    env: { FormData: [36m[Function][39m, Blob: [36m[class 
Blob][39m },
    validateStatus: [36m[Function: validateStatus][39m,
    headers: Object [AxiosHeaders] {
      Accept: [32m'application/json, text/plain, */*'[39m,
      [32m'Content-Type'[39m: [32m'application/json'[39m
    },
    baseURL: [32m'http://localhost:8000'[39m,
    method: [32m'post'[39m,
    url: [32m'/analytics/events'[39m,
    data: [32m'{"event_type":"view","event_category":"page","
metadata":{"page":"Home"}}'[39m,
    allowAbsoluteUrls: [33mtrue[39m
  },
  request: XMLHttpRequest {},
  event: ProgressEvent { isTrusted: [36m[Getter][39m }
}

[90mstderr[2m | src/pages/__tests__/HomePage.test.tsx[2m > 
[22m[2mHomePage[2m > [22m[2mupdates search input and 
resets page to 1
[22m[39mFailed to track analytics event: AxiosError: 
Network Error
    at XMLHttpRequest.handleError [90m(file:///C:/Projects/Di
agnosticCodeAssistant/frontend/[39mnode_modules/[4maxios[24
m/lib/adapters/xhr.js:112:20[90m)[39m
    at XMLHttpRequest.invokeTheCallbackFunction [90m(C:\Proje
cts\DiagnosticCodeAssistant\frontend\[39mnode_modules\[4mjsd
om[24m\lib\jsdom\living\generated\EventHandlerNonNull.js:14:2
8[90m)[39m
    at XMLHttpRequest.<anonymous> [90m(C:\Projects\Diagnostic
CodeAssistant\frontend\[39mnode_modules\[4mjsdom[24m\lib\js
dom\living\helpers\create-event-accessor.js:36:32[90m)[39m
    at innerInvokeEventListeners [90m(C:\Projects\DiagnosticC
odeAssistant\frontend\[39mnode_modules\[4mjsdom[24m\lib\jsd
om\living\events\EventTarget-impl.js:360:16[90m)[39m
    at invokeEventListeners [90m(C:\Projects\DiagnosticCodeAs
sistant\frontend\[39mnode_modules\[4mjsdom[24m\lib\jsdom\li
ving\events\EventTarget-impl.js:296:3[90m)[39m
    at XMLHttpRequestImpl._dispatch [90m(C:\Projects\Diagnost
icCodeAssistant\frontend\[39mnode_modules\[4mjsdom[24m\lib\
jsdom\living\events\EventTarget-impl.js:243:9[90m)[39m
    at fireAnEvent [90m(C:\Projects\DiagnosticCodeAssistant\f
rontend\[39mnode_modules\[4mjsdom[24m\lib\jsdom\living\help
ers\events.js:18:36[90m)[39m
    at requestErrorSteps [90m(C:\Projects\DiagnosticCodeAssis
tant\frontend\[39mnode_modules\[4mjsdom[24m\lib\jsdom\livin
g\xhr\xhr-utils.js:123:3[90m)[39m
    at Object.dispatchError [90m(C:\Projects\DiagnosticCodeAs
sistant\frontend\[39mnode_modules\[4mjsdom[24m\lib\jsdom\li
ving\xhr\xhr-utils.js:59:3[90m)[39m
    at Request.<anonymous> [90m(C:\Projects\DiagnosticCodeAss
istant\frontend\[39mnode_modules\[4mjsdom[24m\lib\jsdom\liv
ing\xhr\XMLHttpRequest-impl.js:655:18[90m)[39m
    at Axios.request [90m(file:///C:/Projects/DiagnosticCodeA
ssistant/frontend/[39mnode_modules/[4maxios[24m/lib/core/Ax
ios.js:45:41[90m)[39m
[90m    at processTicksAndRejections 
(node:internal/process/task_queues:105:5)[39m
    at AnalyticsService.trackEvent (C:/Projects/DiagnosticCode
Assistant/frontend/src/services/analytics.ts:49:7) {
  code: [32m'ERR_NETWORK'[39m,
  config: {
    transitional: {
      silentJSONParsing: [33mtrue[39m,
      forcedJSONParsing: [33mtrue[39m,
      clarifyTimeoutError: [33mfalse[39m
    },
    adapter: [ [32m'xhr'[39m, [32m'http'[39m, 
[32m'fetch'[39m ],
    transformRequest: [ [36m[Function: 
transformRequest][39m ],
    transformResponse: [ [36m[Function: 
transformResponse][39m ],
    timeout: [33m0[39m,
    xsrfCookieName: [32m'XSRF-TOKEN'[39m,
    xsrfHeaderName: [32m'X-XSRF-TOKEN'[39m,
    maxContentLength: [33m-1[39m,
    maxBodyLength: [33m-1[39m,
    env: { FormData: [36m[Function][39m, Blob: [36m[class 
Blob][39m },
    validateStatus: [36m[Function: validateStatus][39m,
    headers: Object [AxiosHeaders] {
      Accept: [32m'application/json, text/plain, */*'[39m,
      [32m'Content-Type'[39m: [32m'application/json'[39m
    },
    baseURL: [32m'http://localhost:8000'[39m,
    method: [32m'post'[39m,
    url: [32m'/analytics/events'[39m,
    data: [32m'{"event_type":"view","event_category":"page","
metadata":{"page":"Home"}}'[39m,
    allowAbsoluteUrls: [33mtrue[39m
  },
  request: XMLHttpRequest {},
  event: ProgressEvent { isTrusted: [36m[Getter][39m }
}

[90mstderr[2m | src/pages/__tests__/HomePage.test.tsx[2m > 
[22m[2mHomePage[2m > [22m[2mupdates search input and 
resets page to 1
[22m[39mFailed to track analytics event: AxiosError: 
Network Error
    at XMLHttpRequest.handleError [90m(file:///C:/Projects/Di
agnosticCodeAssistant/frontend/[39mnode_modules/[4maxios[24
m/lib/adapters/xhr.js:112:20[90m)[39m
    at XMLHttpRequest.invokeTheCallbackFunction [90m(C:\Proje
cts\DiagnosticCodeAssistant\frontend\[39mnode_modules\[4mjsd
om[24m\lib\jsdom\living\generated\EventHandlerNonNull.js:14:2
8[90m)[39m
    at XMLHttpRequest.<anonymous> [90m(C:\Projects\Diagnostic
CodeAssistant\frontend\[39mnode_modules\[4mjsdom[24m\lib\js
dom\living\helpers\create-event-accessor.js:36:32[90m)[39m
    at innerInvokeEventListeners [90m(C:\Projects\DiagnosticC
odeAssistant\frontend\[39mnode_modules\[4mjsdom[24m\lib\jsd
om\living\events\EventTarget-impl.js:360:16[90m)[39m
    at invokeEventListeners [90m(C:\Projects\DiagnosticCodeAs
sistant\frontend\[39mnode_modules\[4mjsdom[24m\lib\jsdom\li
ving\events\EventTarget-impl.js:296:3[90m)[39m
    at XMLHttpRequestImpl._dispatch [90m(C:\Projects\Diagnost
icCodeAssistant\frontend\[39mnode_modules\[4mjsdom[24m\lib\
jsdom\living\events\EventTarget-impl.js:243:9[90m)[39m
    at fireAnEvent [90m(C:\Projects\DiagnosticCodeAssistant\f
rontend\[39mnode_modules\[4mjsdom[24m\lib\jsdom\living\help
ers\events.js:18:36[90m)[39m
    at requestErrorSteps [90m(C:\Projects\DiagnosticCodeAssis
tant\frontend\[39mnode_modules\[4mjsdom[24m\lib\jsdom\livin
g\xhr\xhr-utils.js:123:3[90m)[39m
    at Object.dispatchError [90m(C:\Projects\DiagnosticCodeAs
sistant\frontend\[39mnode_modules\[4mjsdom[24m\lib\jsdom\li
ving\xhr\xhr-utils.js:59:3[90m)[39m
    at Request.<anonymous> [90m(C:\Projects\DiagnosticCodeAss
istant\frontend\[39mnode_modules\[4mjsdom[24m\lib\jsdom\liv
ing\xhr\XMLHttpRequest-impl.js:655:18[90m)[39m
    at Axios.request [90m(file:///C:/Projects/DiagnosticCodeA
ssistant/frontend/[39mnode_modules/[4maxios[24m/lib/core/Ax
ios.js:45:41[90m)[39m
[90m    at processTicksAndRejections 
(node:internal/process/task_queues:105:5)[39m
    at AnalyticsService.trackEvent (C:/Projects/DiagnosticCode
Assistant/frontend/src/services/analytics.ts:49:7) {
  code: [32m'ERR_NETWORK'[39m,
  config: {
    transitional: {
      silentJSONParsing: [33mtrue[39m,
      forcedJSONParsing: [33mtrue[39m,
      clarifyTimeoutError: [33mfalse[39m
    },
    adapter: [ [32m'xhr'[39m, [32m'http'[39m, 
[32m'fetch'[39m ],
    transformRequest: [ [36m[Function: 
transformRequest][39m ],
    transformResponse: [ [36m[Function: 
transformResponse][39m ],
    timeout: [33m0[39m,
    xsrfCookieName: [32m'XSRF-TOKEN'[39m,
    xsrfHeaderName: [32m'X-XSRF-TOKEN'[39m,
    maxContentLength: [33m-1[39m,
    maxBodyLength: [33m-1[39m,
    env: { FormData: [36m[Function][39m, Blob: [36m[class 
Blob][39m },
    validateStatus: [36m[Function: validateStatus][39m,
    headers: Object [AxiosHeaders] {
      Accept: [32m'application/json, text/plain, */*'[39m,
      [32m'Content-Type'[39m: [32m'application/json'[39m
    },
    baseURL: [32m'http://localhost:8000'[39m,
    method: [32m'post'[39m,
    url: [32m'/analytics/events'[39m,
    data: [32m'{"event_type":"view","event_category":"page","
metadata":{"page":"Home"}}'[39m,
    allowAbsoluteUrls: [33mtrue[39m
  },
  request: XMLHttpRequest {},
  event: ProgressEvent { isTrusted: [36m[Getter][39m }
}

[90mstderr[2m | src/pages/__tests__/HomePage.test.tsx[2m > 
[22m[2mHomePage[2m > [22m[2mupdates search input and 
resets page to 1
[22m[39mFailed to track analytics event: AxiosError: 
Network Error
    at XMLHttpRequest.handleError [90m(file:///C:/Projects/Di
agnosticCodeAssistant/frontend/[39mnode_modules/[4maxios[24
m/lib/adapters/xhr.js:112:20[90m)[39m
    at XMLHttpRequest.invokeTheCallbackFunction [90m(C:\Proje
cts\DiagnosticCodeAssistant\frontend\[39mnode_modules\[4mjsd
om[24m\lib\jsdom\living\generated\EventHandlerNonNull.js:14:2
8[90m)[39m
    at XMLHttpRequest.<anonymous> [90m(C:\Projects\Diagnostic
CodeAssistant\frontend\[39mnode_modules\[4mjsdom[24m\lib\js
dom\living\helpers\create-event-accessor.js:36:32[90m)[39m
    at innerInvokeEventListeners [90m(C:\Projects\DiagnosticC
odeAssistant\frontend\[39mnode_modules\[4mjsdom[24m\lib\jsd
om\living\events\EventTarget-impl.js:360:16[90m)[39m
    at invokeEventListeners [90m(C:\Projects\DiagnosticCodeAs
sistant\frontend\[39mnode_modules\[4mjsdom[24m\lib\jsdom\li
ving\events\EventTarget-impl.js:296:3[90m)[39m
    at XMLHttpRequestImpl._dispatch [90m(C:\Projects\Diagnost
icCodeAssistant\frontend\[39mnode_modules\[4mjsdom[24m\lib\
jsdom\living\events\EventTarget-impl.js:243:9[90m)[39m
    at fireAnEvent [90m(C:\Projects\DiagnosticCodeAssistant\f
rontend\[39mnode_modules\[4mjsdom[24m\lib\jsdom\living\help
ers\events.js:18:36[90m)[39m
    at requestErrorSteps [90m(C:\Projects\DiagnosticCodeAssis
tant\frontend\[39mnode_modules\[4mjsdom[24m\lib\jsdom\livin
g\xhr\xhr-utils.js:123:3[90m)[39m
    at Object.dispatchError [90m(C:\Projects\DiagnosticCodeAs
sistant\frontend\[39mnode_modules\[4mjsdom[24m\lib\jsdom\li
ving\xhr\xhr-utils.js:59:3[90m)[39m
    at Request.<anonymous> [90m(C:\Projects\DiagnosticCodeAss
istant\frontend\[39mnode_modules\[4mjsdom[24m\lib\jsdom\liv
ing\xhr\XMLHttpRequest-impl.js:655:18[90m)[39m
    at Axios.request [90m(file:///C:/Projects/DiagnosticCodeA
ssistant/frontend/[39mnode_modules/[4maxios[24m/lib/core/Ax
ios.js:45:41[90m)[39m
[90m    at processTicksAndRejections 
(node:internal/process/task_queues:105:5)[39m
    at AnalyticsService.trackEvent (C:/Projects/DiagnosticCode
Assistant/frontend/src/services/analytics.ts:49:7) {
  code: [32m'ERR_NETWORK'[39m,
  config: {
    transitional: {
      silentJSONParsing: [33mtrue[39m,
      forcedJSONParsing: [33mtrue[39m,
      clarifyTimeoutError: [33mfalse[39m
    },
    adapter: [ [32m'xhr'[39m, [32m'http'[39m, 
[32m'fetch'[39m ],
    transformRequest: [ [36m[Function: 
transformRequest][39m ],
    transformResponse: [ [36m[Function: 
transformResponse][39m ],
    timeout: [33m0[39m,
    xsrfCookieName: [32m'XSRF-TOKEN'[39m,
    xsrfHeaderName: [32m'X-XSRF-TOKEN'[39m,
    maxContentLength: [33m-1[39m,
    maxBodyLength: [33m-1[39m,
    env: { FormData: [36m[Function][39m, Blob: [36m[class 
Blob][39m },
    validateStatus: [36m[Function: validateStatus][39m,
    headers: Object [AxiosHeaders] {
      Accept: [32m'application/json, text/plain, */*'[39m,
      [32m'Content-Type'[39m: [32m'application/json'[39m
    },
    baseURL: [32m'http://localhost:8000'[39m,
    method: [32m'post'[39m,
    url: [32m'/analytics/events'[39m,
    data: [32m'{"event_type":"view","event_category":"page","
metadata":{"page":"Home"}}'[39m,
    allowAbsoluteUrls: [33mtrue[39m
  },
  request: XMLHttpRequest {},
  event: ProgressEvent { isTrusted: [36m[Getter][39m }
}

[90mstderr[2m | src/pages/__tests__/HomePage.test.tsx[2m > 
[22m[2mHomePage[2m > [22m[2mupdates search input and 
resets page to 1
[22m[39mFailed to track analytics event: AxiosError: 
Network Error
    at XMLHttpRequest.handleError [90m(file:///C:/Projects/Di
agnosticCodeAssistant/frontend/[39mnode_modules/[4maxios[24
m/lib/adapters/xhr.js:112:20[90m)[39m
    at XMLHttpRequest.invokeTheCallbackFunction [90m(C:\Proje
cts\DiagnosticCodeAssistant\frontend\[39mnode_modules\[4mjsd
om[24m\lib\jsdom\living\generated\EventHandlerNonNull.js:14:2
8[90m)[39m
    at XMLHttpRequest.<anonymous> [90m(C:\Projects\Diagnostic
CodeAssistant\frontend\[39mnode_modules\[4mjsdom[24m\lib\js
dom\living\helpers\create-event-accessor.js:36:32[90m)[39m
    at innerInvokeEventListeners [90m(C:\Projects\DiagnosticC
odeAssistant\frontend\[39mnode_modules\[4mjsdom[24m\lib\jsd
om\living\events\EventTarget-impl.js:360:16[90m)[39m
    at invokeEventListeners [90m(C:\Projects\DiagnosticCodeAs
sistant\frontend\[39mnode_modules\[4mjsdom[24m\lib\jsdom\li
ving\events\EventTarget-impl.js:296:3[90m)[39m
    at XMLHttpRequestImpl._dispatch [90m(C:\Projects\Diagnost
icCodeAssistant\frontend\[39mnode_modules\[4mjsdom[24m\lib\
jsdom\living\events\EventTarget-impl.js:243:9[90m)[39m
    at fireAnEvent [90m(C:\Projects\DiagnosticCodeAssistant\f
rontend\[39mnode_modules\[4mjsdom[24m\lib\jsdom\living\help
ers\events.js:18:36[90m)[39m
    at requestErrorSteps [90m(C:\Projects\DiagnosticCodeAssis
tant\frontend\[39mnode_modules\[4mjsdom[24m\lib\jsdom\livin
g\xhr\xhr-utils.js:123:3[90m)[39m
    at Object.dispatchError [90m(C:\Projects\DiagnosticCodeAs
sistant\frontend\[39mnode_modules\[4mjsdom[24m\lib\jsdom\li
ving\xhr\xhr-utils.js:59:3[90m)[39m
    at Request.<anonymous> [90m(C:\Projects\DiagnosticCodeAss
istant\frontend\[39mnode_modules\[4mjsdom[24m\lib\jsdom\liv
ing\xhr\XMLHttpRequest-impl.js:655:18[90m)[39m
    at Axios.request [90m(file:///C:/Projects/DiagnosticCodeA
ssistant/frontend/[39mnode_modules/[4maxios[24m/lib/core/Ax
ios.js:45:41[90m)[39m
[90m    at processTicksAndRejections 
(node:internal/process/task_queues:105:5)[39m
    at AnalyticsService.trackEvent (C:/Projects/DiagnosticCode
Assistant/frontend/src/services/analytics.ts:49:7) {
  code: [32m'ERR_NETWORK'[39m,
  config: {
    transitional: {
      silentJSONParsing: [33mtrue[39m,
      forcedJSONParsing: [33mtrue[39m,
      clarifyTimeoutError: [33mfalse[39m
    },
    adapter: [ [32m'xhr'[39m, [32m'http'[39m, 
[32m'fetch'[39m ],
    transformRequest: [ [36m[Function: 
transformRequest][39m ],
    transformResponse: [ [36m[Function: 
transformResponse][39m ],
    timeout: [33m0[39m,
    xsrfCookieName: [32m'XSRF-TOKEN'[39m,
    xsrfHeaderName: [32m'X-XSRF-TOKEN'[39m,
    maxContentLength: [33m-1[39m,
    maxBodyLength: [33m-1[39m,
    env: { FormData: [36m[Function][39m, Blob: [36m[class 
Blob][39m },
    validateStatus: [36m[Function: validateStatus][39m,
    headers: Object [AxiosHeaders] {
      Accept: [32m'application/json, text/plain, */*'[39m,
      [32m'Content-Type'[39m: [32m'application/json'[39m
    },
    baseURL: [32m'http://localhost:8000'[39m,
    method: [32m'post'[39m,
    url: [32m'/analytics/events'[39m,
    data: [32m'{"event_type":"view","event_category":"page","
metadata":{"page":"Home"}}'[39m,
    allowAbsoluteUrls: [33mtrue[39m
  },
  request: XMLHttpRequest {},
  event: ProgressEvent { isTrusted: [36m[Getter][39m }
}

[90mstderr[2m | src/pages/__tests__/HomePage.test.tsx[2m > 
[22m[2mHomePage[2m > [22m[2mupdates search input and 
resets page to 1
[22m[39mFailed to track analytics event: AxiosError: 
Network Error
    at XMLHttpRequest.handleError [90m(file:///C:/Projects/Di
agnosticCodeAssistant/frontend/[39mnode_modules/[4maxios[24
m/lib/adapters/xhr.js:112:20[90m)[39m
    at XMLHttpRequest.invokeTheCallbackFunction [90m(C:\Proje
cts\DiagnosticCodeAssistant\frontend\[39mnode_modules\[4mjsd
om[24m\lib\jsdom\living\generated\EventHandlerNonNull.js:14:2
8[90m)[39m
    at XMLHttpRequest.<anonymous> [90m(C:\Projects\Diagnostic
CodeAssistant\frontend\[39mnode_modules\[4mjsdom[24m\lib\js
dom\living\helpers\create-event-accessor.js:36:32[90m)[39m
    at innerInvokeEventListeners [90m(C:\Projects\DiagnosticC
odeAssistant\frontend\[39mnode_modules\[4mjsdom[24m\lib\jsd
om\living\events\EventTarget-impl.js:360:16[90m)[39m
    at invokeEventListeners [90m(C:\Projects\DiagnosticCodeAs
sistant\frontend\[39mnode_modules\[4mjsdom[24m\lib\jsdom\li
ving\events\EventTarget-impl.js:296:3[90m)[39m
    at XMLHttpRequestImpl._dispatch [90m(C:\Projects\Diagnost
icCodeAssistant\frontend\[39mnode_modules\[4mjsdom[24m\lib\
jsdom\living\events\EventTarget-impl.js:243:9[90m)[39m
    at fireAnEvent [90m(C:\Projects\DiagnosticCodeAssistant\f
rontend\[39mnode_modules\[4mjsdom[24m\lib\jsdom\living\help
ers\events.js:18:36[90m)[39m
    at requestErrorSteps [90m(C:\Projects\DiagnosticCodeAssis
tant\frontend\[39mnode_modules\[4mjsdom[24m\lib\jsdom\livin
g\xhr\xhr-utils.js:123:3[90m)[39m
    at Object.dispatchError [90m(C:\Projects\DiagnosticCodeAs
sistant\frontend\[39mnode_modules\[4mjsdom[24m\lib\jsdom\li
ving\xhr\xhr-utils.js:59:3[90m)[39m
    at Request.<anonymous> [90m(C:\Projects\DiagnosticCodeAss
istant\frontend\[39mnode_modules\[4mjsdom[24m\lib\jsdom\liv
ing\xhr\XMLHttpRequest-impl.js:655:18[90m)[39m
    at Axios.request [90m(file:///C:/Projects/DiagnosticCodeA
ssistant/frontend/[39mnode_modules/[4maxios[24m/lib/core/Ax
ios.js:45:41[90m)[39m
[90m    at processTicksAndRejections 
(node:internal/process/task_queues:105:5)[39m
    at AnalyticsService.trackEvent (C:/Projects/DiagnosticCode
Assistant/frontend/src/services/analytics.ts:49:7) {
  code: [32m'ERR_NETWORK'[39m,
  config: {
    transitional: {
      silentJSONParsing: [33mtrue[39m,
      forcedJSONParsing: [33mtrue[39m,
      clarifyTimeoutError: [33mfalse[39m
    },
    adapter: [ [32m'xhr'[39m, [32m'http'[39m, 
[32m'fetch'[39m ],
    transformRequest: [ [36m[Function: 
transformRequest][39m ],
    transformResponse: [ [36m[Function: 
transformResponse][39m ],
    timeout: [33m0[39m,
    xsrfCookieName: [32m'XSRF-TOKEN'[39m,
    xsrfHeaderName: [32m'X-XSRF-TOKEN'[39m,
    maxContentLength: [33m-1[39m,
    maxBodyLength: [33m-1[39m,
    env: { FormData: [36m[Function][39m, Blob: [36m[class 
Blob][39m },
    validateStatus: [36m[Function: validateStatus][39m,
    headers: Object [AxiosHeaders] {
      Accept: [32m'application/json, text/plain, */*'[39m,
      [32m'Content-Type'[39m: [32m'application/json'[39m
    },
    baseURL: [32m'http://localhost:8000'[39m,
    method: [32m'post'[39m,
    url: [32m'/analytics/events'[39m,
    data: [32m'{"event_type":"search","event_category":"diagn
ostic_code","metadata":{"query":"d","results_count":3}}'[39m,
    allowAbsoluteUrls: [33mtrue[39m
  },
  request: XMLHttpRequest {},
  event: ProgressEvent { isTrusted: [36m[Getter][39m }
}

[90mstderr[2m | src/pages/__tests__/HomePage.test.tsx[2m > 
[22m[2mHomePage[2m > [22m[2mupdates search input and 
resets page to 1
[22m[39mFailed to track analytics event: AxiosError: 
Network Error
    at XMLHttpRequest.handleError [90m(file:///C:/Projects/Di
agnosticCodeAssistant/frontend/[39mnode_modules/[4maxios[24
m/lib/adapters/xhr.js:112:20[90m)[39m
    at XMLHttpRequest.invokeTheCallbackFunction [90m(C:\Proje
cts\DiagnosticCodeAssistant\frontend\[39mnode_modules\[4mjsd
om[24m\lib\jsdom\living\generated\EventHandlerNonNull.js:14:2
8[90m)[39m
    at XMLHttpRequest.<anonymous> [90m(C:\Projects\Diagnostic
CodeAssistant\frontend\[39mnode_modules\[4mjsdom[24m\lib\js
dom\living\helpers\create-event-accessor.js:36:32[90m)[39m
    at innerInvokeEventListeners [90m(C:\Projects\DiagnosticC
odeAssistant\frontend\[39mnode_modules\[4mjsdom[24m\lib\jsd
om\living\events\EventTarget-impl.js:360:16[90m)[39m
    at invokeEventListeners [90m(C:\Projects\DiagnosticCodeAs
sistant\frontend\[39mnode_modules\[4mjsdom[24m\lib\jsdom\li
ving\events\EventTarget-impl.js:296:3[90m)[39m
    at XMLHttpRequestImpl._dispatch [90m(C:\Projects\Diagnost
icCodeAssistant\frontend\[39mnode_modules\[4mjsdom[24m\lib\
jsdom\living\events\EventTarget-impl.js:243:9[90m)[39m
    at fireAnEvent [90m(C:\Projects\DiagnosticCodeAssistant\f
rontend\[39mnode_modules\[4mjsdom[24m\lib\jsdom\living\help
ers\events.js:18:36[90m)[39m
    at requestErrorSteps [90m(C:\Projects\DiagnosticCodeAssis
tant\frontend\[39mnode_modules\[4mjsdom[24m\lib\jsdom\livin
g\xhr\xhr-utils.js:123:3[90m)[39m
    at Object.dispatchError [90m(C:\Projects\DiagnosticCodeAs
sistant\frontend\[39mnode_modules\[4mjsdom[24m\lib\jsdom\li
ving\xhr\xhr-utils.js:59:3[90m)[39m
    at Request.<anonymous> [90m(C:\Projects\DiagnosticCodeAss
istant\frontend\[39mnode_modules\[4mjsdom[24m\lib\jsdom\liv
ing\xhr\XMLHttpRequest-impl.js:655:18[90m)[39m
    at Axios.request [90m(file:///C:/Projects/DiagnosticCodeA
ssistant/frontend/[39mnode_modules/[4maxios[24m/lib/core/Ax
ios.js:45:41[90m)[39m
[90m    at processTicksAndRejections 
(node:internal/process/task_queues:105:5)[39m
    at AnalyticsService.trackEvent (C:/Projects/DiagnosticCode
Assistant/frontend/src/services/analytics.ts:49:7) {
  code: [32m'ERR_NETWORK'[39m,
  config: {
    transitional: {
      silentJSONParsing: [33mtrue[39m,
      forcedJSONParsing: [33mtrue[39m,
      clarifyTimeoutError: [33mfalse[39m
    },
    adapter: [ [32m'xhr'[39m, [32m'http'[39m, 
[32m'fetch'[39m ],
    transformRequest: [ [36m[Function: 
transformRequest][39m ],
    transformResponse: [ [36m[Function: 
transformResponse][39m ],
    timeout: [33m0[39m,
    xsrfCookieName: [32m'XSRF-TOKEN'[39m,
    xsrfHeaderName: [32m'X-XSRF-TOKEN'[39m,
    maxContentLength: [33m-1[39m,
    maxBodyLength: [33m-1[39m,
    env: { FormData: [36m[Function][39m, Blob: [36m[class 
Blob][39m },
    validateStatus: [36m[Function: validateStatus][39m,
    headers: Object [AxiosHeaders] {
      Accept: [32m'application/json, text/plain, */*'[39m,
      [32m'Content-Type'[39m: [32m'application/json'[39m
    },
    baseURL: [32m'http://localhost:8000'[39m,
    method: [32m'post'[39m,
    url: [32m'/analytics/events'[39m,
    data: [32m'{"event_type":"view","event_category":"page","
metadata":{"page":"Home"}}'[39m,
    allowAbsoluteUrls: [33mtrue[39m
  },
  request: XMLHttpRequest {},
  event: ProgressEvent { isTrusted: [36m[Getter][39m }
}

[90mstderr[2m | src/pages/__tests__/HomePage.test.tsx[2m > 
[22m[2mHomePage[2m > [22m[2mupdates search input and 
resets page to 1
[22m[39mFailed to track analytics event: AxiosError: 
Network Error
    at XMLHttpRequest.handleError [90m(file:///C:/Projects/Di
agnosticCodeAssistant/frontend/[39mnode_modules/[4maxios[24
m/lib/adapters/xhr.js:112:20[90m)[39m
    at XMLHttpRequest.invokeTheCallbackFunction [90m(C:\Proje
cts\DiagnosticCodeAssistant\frontend\[39mnode_modules\[4mjsd
om[24m\lib\jsdom\living\generated\EventHandlerNonNull.js:14:2
8[90m)[39m
    at XMLHttpRequest.<anonymous> [90m(C:\Projects\Diagnostic
CodeAssistant\frontend\[39mnode_modules\[4mjsdom[24m\lib\js
dom\living\helpers\create-event-accessor.js:36:32[90m)[39m
    at innerInvokeEventListeners [90m(C:\Projects\DiagnosticC
odeAssistant\frontend\[39mnode_modules\[4mjsdom[24m\lib\jsd
om\living\events\EventTarget-impl.js:360:16[90m)[39m
    at invokeEventListeners [90m(C:\Projects\DiagnosticCodeAs
sistant\frontend\[39mnode_modules\[4mjsdom[24m\lib\jsdom\li
ving\events\EventTarget-impl.js:296:3[90m)[39m
    at XMLHttpRequestImpl._dispatch [90m(C:\Projects\Diagnost
icCodeAssistant\frontend\[39mnode_modules\[4mjsdom[24m\lib\
jsdom\living\events\EventTarget-impl.js:243:9[90m)[39m
    at fireAnEvent [90m(C:\Projects\DiagnosticCodeAssistant\f
rontend\[39mnode_modules\[4mjsdom[24m\lib\jsdom\living\help
ers\events.js:18:36[90m)[39m
    at requestErrorSteps [90m(C:\Projects\DiagnosticCodeAssis
tant\frontend\[39mnode_modules\[4mjsdom[24m\lib\jsdom\livin
g\xhr\xhr-utils.js:123:3[90m)[39m
    at Object.dispatchError [90m(C:\Projects\DiagnosticCodeAs
sistant\frontend\[39mnode_modules\[4mjsdom[24m\lib\jsdom\li
ving\xhr\xhr-utils.js:59:3[90m)[39m
    at Request.<anonymous> [90m(C:\Projects\DiagnosticCodeAss
istant\frontend\[39mnode_modules\[4mjsdom[24m\lib\jsdom\liv
ing\xhr\XMLHttpRequest-impl.js:655:18[90m)[39m
    at Axios.request [90m(file:///C:/Projects/DiagnosticCodeA
ssistant/frontend/[39mnode_modules/[4maxios[24m/lib/core/Ax
ios.js:45:41[90m)[39m
[90m    at processTicksAndRejections 
(node:internal/process/task_queues:105:5)[39m
    at AnalyticsService.trackEvent (C:/Projects/DiagnosticCode
Assistant/frontend/src/services/analytics.ts:49:7) {
  code: [32m'ERR_NETWORK'[39m,
  config: {
    transitional: {
      silentJSONParsing: [33mtrue[39m,
      forcedJSONParsing: [33mtrue[39m,
      clarifyTimeoutError: [33mfalse[39m
    },
    adapter: [ [32m'xhr'[39m, [32m'http'[39m, 
[32m'fetch'[39m ],
    transformRequest: [ [36m[Function: 
transformRequest][39m ],
    transformResponse: [ [36m[Function: 
transformResponse][39m ],
    timeout: [33m0[39m,
    xsrfCookieName: [32m'XSRF-TOKEN'[39m,
    xsrfHeaderName: [32m'X-XSRF-TOKEN'[39m,
    maxContentLength: [33m-1[39m,
    maxBodyLength: [33m-1[39m,
    env: { FormData: [36m[Function][39m, Blob: [36m[class 
Blob][39m },
    validateStatus: [36m[Function: validateStatus][39m,
    headers: Object [AxiosHeaders] {
      Accept: [32m'application/json, text/plain, */*'[39m,
      [32m'Content-Type'[39m: [32m'application/json'[39m
    },
    baseURL: [32m'http://localhost:8000'[39m,
    method: [32m'post'[39m,
    url: [32m'/analytics/events'[39m,
    data: [32m'{"event_type":"search","event_category":"diagn
ostic_code","metadata":{"query":"di","results_count":3}}'[39m
,
    allowAbsoluteUrls: [33mtrue[39m
  },
  request: XMLHttpRequest {},
  event: ProgressEvent { isTrusted: [36m[Getter][39m }
}

[90mstderr[2m | src/pages/__tests__/HomePage.test.tsx[2m > 
[22m[2mHomePage[2m > [22m[2mupdates search input and 
resets page to 1
[22m[39mFailed to track analytics event: AxiosError: 
Network Error
    at XMLHttpRequest.handleError [90m(file:///C:/Projects/Di
agnosticCodeAssistant/frontend/[39mnode_modules/[4maxios[24
m/lib/adapters/xhr.js:112:20[90m)[39m
    at XMLHttpRequest.invokeTheCallbackFunction [90m(C:\Proje
cts\DiagnosticCodeAssistant\frontend\[39mnode_modules\[4mjsd
om[24m\lib\jsdom\living\generated\EventHandlerNonNull.js:14:2
8[90m)[39m
    at XMLHttpRequest.<anonymous> [90m(C:\Projects\Diagnostic
CodeAssistant\frontend\[39mnode_modules\[4mjsdom[24m\lib\js
dom\living\helpers\create-event-accessor.js:36:32[90m)[39m
    at innerInvokeEventListeners [90m(C:\Projects\DiagnosticC
odeAssistant\frontend\[39mnode_modules\[4mjsdom[24m\lib\jsd
om\living\events\EventTarget-impl.js:360:16[90m)[39m
    at invokeEventListeners [90m(C:\Projects\DiagnosticCodeAs
sistant\frontend\[39mnode_modules\[4mjsdom[24m\lib\jsdom\li
ving\events\EventTarget-impl.js:296:3[90m)[39m
    at XMLHttpRequestImpl._dispatch [90m(C:\Projects\Diagnost
icCodeAssistant\frontend\[39mnode_modules\[4mjsdom[24m\lib\
jsdom\living\events\EventTarget-impl.js:243:9[90m)[39m
    at fireAnEvent [90m(C:\Projects\DiagnosticCodeAssistant\f
rontend\[39mnode_modules\[4mjsdom[24m\lib\jsdom\living\help
ers\events.js:18:36[90m)[39m
    at requestErrorSteps [90m(C:\Projects\DiagnosticCodeAssis
tant\frontend\[39mnode_modules\[4mjsdom[24m\lib\jsdom\livin
g\xhr\xhr-utils.js:123:3[90m)[39m
    at Object.dispatchError [90m(C:\Projects\DiagnosticCodeAs
sistant\frontend\[39mnode_modules\[4mjsdom[24m\lib\jsdom\li
ving\xhr\xhr-utils.js:59:3[90m)[39m
    at Request.<anonymous> [90m(C:\Projects\DiagnosticCodeAss
istant\frontend\[39mnode_modules\[4mjsdom[24m\lib\jsdom\liv
ing\xhr\XMLHttpRequest-impl.js:655:18[90m)[39m
    at Axios.request [90m(file:///C:/Projects/DiagnosticCodeA
ssistant/frontend/[39mnode_modules/[4maxios[24m/lib/core/Ax
ios.js:45:41[90m)[39m
[90m    at processTicksAndRejections 
(node:internal/process/task_queues:105:5)[39m
    at AnalyticsService.trackEvent (C:/Projects/DiagnosticCode
Assistant/frontend/src/services/analytics.ts:49:7) {
  code: [32m'ERR_NETWORK'[39m,
  config: {
    transitional: {
      silentJSONParsing: [33mtrue[39m,
      forcedJSONParsing: [33mtrue[39m,
      clarifyTimeoutError: [33mfalse[39m
    },
    adapter: [ [32m'xhr'[39m, [32m'http'[39m, 
[32m'fetch'[39m ],
    transformRequest: [ [36m[Function: 
transformRequest][39m ],
    transformResponse: [ [36m[Function: 
transformResponse][39m ],
    timeout: [33m0[39m,
    xsrfCookieName: [32m'XSRF-TOKEN'[39m,
    xsrfHeaderName: [32m'X-XSRF-TOKEN'[39m,
    maxContentLength: [33m-1[39m,
    maxBodyLength: [33m-1[39m,
    env: { FormData: [36m[Function][39m, Blob: [36m[class 
Blob][39m },
    validateStatus: [36m[Function: validateStatus][39m,
    headers: Object [AxiosHeaders] {
      Accept: [32m'application/json, text/plain, */*'[39m,
      [32m'Content-Type'[39m: [32m'application/json'[39m
    },
    baseURL: [32m'http://localhost:8000'[39m,
    method: [32m'post'[39m,
    url: [32m'/analytics/events'[39m,
    data: [32m'{"event_type":"view","event_category":"page","
metadata":{"page":"Home"}}'[39m,
    allowAbsoluteUrls: [33mtrue[39m
  },
  request: XMLHttpRequest {},
  event: ProgressEvent { isTrusted: [36m[Getter][39m }
}

[90mstderr[2m | src/pages/__tests__/HomePage.test.tsx[2m > 
[22m[2mHomePage[2m > [22m[2mupdates search input and 
resets page to 1
[22m[39mFailed to track analytics event: AxiosError: 
Network Error
    at XMLHttpRequest.handleError [90m(file:///C:/Projects/Di
agnosticCodeAssistant/frontend/[39mnode_modules/[4maxios[24
m/lib/adapters/xhr.js:112:20[90m)[39m
    at XMLHttpRequest.invokeTheCallbackFunction [90m(C:\Proje
cts\DiagnosticCodeAssistant\frontend\[39mnode_modules\[4mjsd
om[24m\lib\jsdom\living\generated\EventHandlerNonNull.js:14:2
8[90m)[39m
    at XMLHttpRequest.<anonymous> [90m(C:\Projects\Diagnostic
CodeAssistant\frontend\[39mnode_modules\[4mjsdom[24m\lib\js
dom\living\helpers\create-event-accessor.js:36:32[90m)[39m
    at innerInvokeEventListeners [90m(C:\Projects\DiagnosticC
odeAssistant\frontend\[39mnode_modules\[4mjsdom[24m\lib\jsd
om\living\events\EventTarget-impl.js:360:16[90m)[39m
    at invokeEventListeners [90m(C:\Projects\DiagnosticCodeAs
sistant\frontend\[39mnode_modules\[4mjsdom[24m\lib\jsdom\li
ving\events\EventTarget-impl.js:296:3[90m)[39m
    at XMLHttpRequestImpl._dispatch [90m(C:\Projects\Diagnost
icCodeAssistant\frontend\[39mnode_modules\[4mjsdom[24m\lib\
jsdom\living\events\EventTarget-impl.js:243:9[90m)[39m
    at fireAnEvent [90m(C:\Projects\DiagnosticCodeAssistant\f
rontend\[39mnode_modules\[4mjsdom[24m\lib\jsdom\living\help
ers\events.js:18:36[90m)[39m
    at requestErrorSteps [90m(C:\Projects\DiagnosticCodeAssis
tant\frontend\[39mnode_modules\[4mjsdom[24m\lib\jsdom\livin
g\xhr\xhr-utils.js:123:3[90m)[39m
    at Object.dispatchError [90m(C:\Projects\DiagnosticCodeAs
sistant\frontend\[39mnode_modules\[4mjsdom[24m\lib\jsdom\li
ving\xhr\xhr-utils.js:59:3[90m)[39m
    at Request.<anonymous> [90m(C:\Projects\DiagnosticCodeAss
istant\frontend\[39mnode_modules\[4mjsdom[24m\lib\jsdom\liv
ing\xhr\XMLHttpRequest-impl.js:655:18[90m)[39m
    at Axios.request [90m(file:///C:/Projects/DiagnosticCodeA
ssistant/frontend/[39mnode_modules/[4maxios[24m/lib/core/Ax
ios.js:45:41[90m)[39m
[90m    at processTicksAndRejections 
(node:internal/process/task_queues:105:5)[39m
    at AnalyticsService.trackEvent (C:/Projects/DiagnosticCode
Assistant/frontend/src/services/analytics.ts:49:7) {
  code: [32m'ERR_NETWORK'[39m,
  config: {
    transitional: {
      silentJSONParsing: [33mtrue[39m,
      forcedJSONParsing: [33mtrue[39m,
      clarifyTimeoutError: [33mfalse[39m
    },
    adapter: [ [32m'xhr'[39m, [32m'http'[39m, 
[32m'fetch'[39m ],
    transformRequest: [ [36m[Function: 
transformRequest][39m ],
    transformResponse: [ [36m[Function: 
transformResponse][39m ],
    timeout: [33m0[39m,
    xsrfCookieName: [32m'XSRF-TOKEN'[39m,
    xsrfHeaderName: [32m'X-XSRF-TOKEN'[39m,
    maxContentLength: [33m-1[39m,
    maxBodyLength: [33m-1[39m,
    env: { FormData: [36m[Function][39m, Blob: [36m[class 
Blob][39m },
    validateStatus: [36m[Function: validateStatus][39m,
    headers: Object [AxiosHeaders] {
      Accept: [32m'application/json, text/plain, */*'[39m,
      [32m'Content-Type'[39m: [32m'application/json'[39m
    },
    baseURL: [32m'http://localhost:8000'[39m,
    method: [32m'post'[39m,
    url: [32m'/analytics/events'[39m,
    data: [32m'{"event_type":"search","event_category":"diagn
ostic_code","metadata":{"query":"dia","results_count":3}}'[39
m,
    allowAbsoluteUrls: [33mtrue[39m
  },
  request: XMLHttpRequest {},
  event: ProgressEvent { isTrusted: [36m[Getter][39m }
}

[90mstderr[2m | src/pages/__tests__/HomePage.test.tsx[2m > 
[22m[2mHomePage[2m > [22m[2mupdates search input and 
resets page to 1
[22m[39mFailed to track analytics event: AxiosError: 
Network Error
    at XMLHttpRequest.handleError [90m(file:///C:/Projects/Di
agnosticCodeAssistant/frontend/[39mnode_modules/[4maxios[24
m/lib/adapters/xhr.js:112:20[90m)[39m
    at XMLHttpRequest.invokeTheCallbackFunction [90m(C:\Proje
cts\DiagnosticCodeAssistant\frontend\[39mnode_modules\[4mjsd
om[24m\lib\jsdom\living\generated\EventHandlerNonNull.js:14:2
8[90m)[39m
    at XMLHttpRequest.<anonymous> [90m(C:\Projects\Diagnostic
CodeAssistant\frontend\[39mnode_modules\[4mjsdom[24m\lib\js
dom\living\helpers\create-event-accessor.js:36:32[90m)[39m
    at innerInvokeEventListeners [90m(C:\Projects\DiagnosticC
odeAssistant\frontend\[39mnode_modules\[4mjsdom[24m\lib\jsd
om\living\events\EventTarget-impl.js:360:16[90m)[39m
    at invokeEventListeners [90m(C:\Projects\DiagnosticCodeAs
sistant\frontend\[39mnode_modules\[4mjsdom[24m\lib\jsdom\li
ving\events\EventTarget-impl.js:296:3[90m)[39m
    at XMLHttpRequestImpl._dispatch [90m(C:\Projects\Diagnost
icCodeAssistant\frontend\[39mnode_modules\[4mjsdom[24m\lib\
jsdom\living\events\EventTarget-impl.js:243:9[90m)[39m
    at fireAnEvent [90m(C:\Projects\DiagnosticCodeAssistant\f
rontend\[39mnode_modules\[4mjsdom[24m\lib\jsdom\living\help
ers\events.js:18:36[90m)[39m
    at requestErrorSteps [90m(C:\Projects\DiagnosticCodeAssis
tant\frontend\[39mnode_modules\[4mjsdom[24m\lib\jsdom\livin
g\xhr\xhr-utils.js:123:3[90m)[39m
    at Object.dispatchError [90m(C:\Projects\DiagnosticCodeAs
sistant\frontend\[39mnode_modules\[4mjsdom[24m\lib\jsdom\li
ving\xhr\xhr-utils.js:59:3[90m)[39m
    at Request.<anonymous> [90m(C:\Projects\DiagnosticCodeAss
istant\frontend\[39mnode_modules\[4mjsdom[24m\lib\jsdom\liv
ing\xhr\XMLHttpRequest-impl.js:655:18[90m)[39m
    at Axios.request [90m(file:///C:/Projects/DiagnosticCodeA
ssistant/frontend/[39mnode_modules/[4maxios[24m/lib/core/Ax
ios.js:45:41[90m)[39m
[90m    at processTicksAndRejections 
(node:internal/process/task_queues:105:5)[39m
    at AnalyticsService.trackEvent (C:/Projects/DiagnosticCode
Assistant/frontend/src/services/analytics.ts:49:7) {
  code: [32m'ERR_NETWORK'[39m,
  config: {
    transitional: {
      silentJSONParsing: [33mtrue[39m,
      forcedJSONParsing: [33mtrue[39m,
      clarifyTimeoutError: [33mfalse[39m
    },
    adapter: [ [32m'xhr'[39m, [32m'http'[39m, 
[32m'fetch'[39m ],
    transformRequest: [ [36m[Function: 
transformRequest][39m ],
    transformResponse: [ [36m[Function: 
transformResponse][39m ],
    timeout: [33m0[39m,
    xsrfCookieName: [32m'XSRF-TOKEN'[39m,
    xsrfHeaderName: [32m'X-XSRF-TOKEN'[39m,
    maxContentLength: [33m-1[39m,
    maxBodyLength: [33m-1[39m,
    env: { FormData: [36m[Function][39m, Blob: [36m[class 
Blob][39m },
    validateStatus: [36m[Function: validateStatus][39m,
    headers: Object [AxiosHeaders] {
      Accept: [32m'application/json, text/plain, */*'[39m,
      [32m'Content-Type'[39m: [32m'application/json'[39m
    },
    baseURL: [32m'http://localhost:8000'[39m,
    method: [32m'post'[39m,
    url: [32m'/analytics/events'[39m,
    data: [32m'{"event_type":"view","event_category":"page","
metadata":{"page":"Home"}}'[39m,
    allowAbsoluteUrls: [33mtrue[39m
  },
  request: XMLHttpRequest {},
  event: ProgressEvent { isTrusted: [36m[Getter][39m }
}

[90mstderr[2m | src/pages/__tests__/HomePage.test.tsx[2m > 
[22m[2mHomePage[2m > [22m[2mupdates search input and 
resets page to 1
[22m[39mFailed to track analytics event: AxiosError: 
Network Error
    at XMLHttpRequest.handleError [90m(file:///C:/Projects/Di
agnosticCodeAssistant/frontend/[39mnode_modules/[4maxios[24
m/lib/adapters/xhr.js:112:20[90m)[39m
    at XMLHttpRequest.invokeTheCallbackFunction [90m(C:\Proje
cts\DiagnosticCodeAssistant\frontend\[39mnode_modules\[4mjsd
om[24m\lib\jsdom\living\generated\EventHandlerNonNull.js:14:2
8[90m)[39m
    at XMLHttpRequest.<anonymous> [90m(C:\Projects\Diagnostic
CodeAssistant\frontend\[39mnode_modules\[4mjsdom[24m\lib\js
dom\living\helpers\create-event-accessor.js:36:32[90m)[39m
    at innerInvokeEventListeners [90m(C:\Projects\DiagnosticC
odeAssistant\frontend\[39mnode_modules\[4mjsdom[24m\lib\jsd
om\living\events\EventTarget-impl.js:360:16[90m)[39m
    at invokeEventListeners [90m(C:\Projects\DiagnosticCodeAs
sistant\frontend\[39mnode_modules\[4mjsdom[24m\lib\jsdom\li
ving\events\EventTarget-impl.js:296:3[90m)[39m
    at XMLHttpRequestImpl._dispatch [90m(C:\Projects\Diagnost
icCodeAssistant\frontend\[39mnode_modules\[4mjsdom[24m\lib\
jsdom\living\events\EventTarget-impl.js:243:9[90m)[39m
    at fireAnEvent [90m(C:\Projects\DiagnosticCodeAssistant\f
rontend\[39mnode_modules\[4mjsdom[24m\lib\jsdom\living\help
ers\events.js:18:36[90m)[39m
    at requestErrorSteps [90m(C:\Projects\DiagnosticCodeAssis
tant\frontend\[39mnode_modules\[4mjsdom[24m\lib\jsdom\livin
g\xhr\xhr-utils.js:123:3[90m)[39m
    at Object.dispatchError [90m(C:\Projects\DiagnosticCodeAs
sistant\frontend\[39mnode_modules\[4mjsdom[24m\lib\jsdom\li
ving\xhr\xhr-utils.js:59:3[90m)[39m
    at Request.<anonymous> [90m(C:\Projects\DiagnosticCodeAss
istant\frontend\[39mnode_modules\[4mjsdom[24m\lib\jsdom\liv
ing\xhr\XMLHttpRequest-impl.js:655:18[90m)[39m
    at Axios.request [90m(file:///C:/Projects/DiagnosticCodeA
ssistant/frontend/[39mnode_modules/[4maxios[24m/lib/core/Ax
ios.js:45:41[90m)[39m
[90m    at processTicksAndRejections 
(node:internal/process/task_queues:105:5)[39m
    at AnalyticsService.trackEvent (C:/Projects/DiagnosticCode
Assistant/frontend/src/services/analytics.ts:49:7) {
  code: [32m'ERR_NETWORK'[39m,
  config: {
    transitional: {
      silentJSONParsing: [33mtrue[39m,
      forcedJSONParsing: [33mtrue[39m,
      clarifyTimeoutError: [33mfalse[39m
    },
    adapter: [ [32m'xhr'[39m, [32m'http'[39m, 
[32m'fetch'[39m ],
    transformRequest: [ [36m[Function: 
transformRequest][39m ],
    transformResponse: [ [36m[Function: 
transformResponse][39m ],
    timeout: [33m0[39m,
    xsrfCookieName: [32m'XSRF-TOKEN'[39m,
    xsrfHeaderName: [32m'X-XSRF-TOKEN'[39m,
    maxContentLength: [33m-1[39m,
    maxBodyLength: [33m-1[39m,
    env: { FormData: [36m[Function][39m, Blob: [36m[class 
Blob][39m },
    validateStatus: [36m[Function: validateStatus][39m,
    headers: Object [AxiosHeaders] {
      Accept: [32m'application/json, text/plain, */*'[39m,
      [32m'Content-Type'[39m: [32m'application/json'[39m
    },
    baseURL: [32m'http://localhost:8000'[39m,
    method: [32m'post'[39m,
    url: [32m'/analytics/events'[39m,
    data: [32m'{"event_type":"search","event_category":"diagn
ostic_code","metadata":{"query":"diab","results_count":3}}'[3
9m,
    allowAbsoluteUrls: [33mtrue[39m
  },
  request: XMLHttpRequest {},
  event: ProgressEvent { isTrusted: [36m[Getter][39m }
}

[90mstderr[2m | src/pages/__tests__/HomePage.test.tsx[2m > 
[22m[2mHomePage[2m > [22m[2mupdates search input and 
resets page to 1
[22m[39mFailed to track analytics event: AxiosError: 
Network Error
    at XMLHttpRequest.handleError [90m(file:///C:/Projects/Di
agnosticCodeAssistant/frontend/[39mnode_modules/[4maxios[24
m/lib/adapters/xhr.js:112:20[90m)[39m
    at XMLHttpRequest.invokeTheCallbackFunction [90m(C:\Proje
cts\DiagnosticCodeAssistant\frontend\[39mnode_modules\[4mjsd
om[24m\lib\jsdom\living\generated\EventHandlerNonNull.js:14:2
8[90m)[39m
    at XMLHttpRequest.<anonymous> [90m(C:\Projects\Diagnostic
CodeAssistant\frontend\[39mnode_modules\[4mjsdom[24m\lib\js
dom\living\helpers\create-event-accessor.js:36:32[90m)[39m
    at innerInvokeEventListeners [90m(C:\Projects\DiagnosticC
odeAssistant\frontend\[39mnode_modules\[4mjsdom[24m\lib\jsd
om\living\events\EventTarget-impl.js:360:16[90m)[39m
    at invokeEventListeners [90m(C:\Projects\DiagnosticCodeAs
sistant\frontend\[39mnode_modules\[4mjsdom[24m\lib\jsdom\li
ving\events\EventTarget-impl.js:296:3[90m)[39m
    at XMLHttpRequestImpl._dispatch [90m(C:\Projects\Diagnost
icCodeAssistant\frontend\[39mnode_modules\[4mjsdom[24m\lib\
jsdom\living\events\EventTarget-impl.js:243:9[90m)[39m
    at fireAnEvent [90m(C:\Projects\DiagnosticCodeAssistant\f
rontend\[39mnode_modules\[4mjsdom[24m\lib\jsdom\living\help
ers\events.js:18:36[90m)[39m
    at requestErrorSteps [90m(C:\Projects\DiagnosticCodeAssis
tant\frontend\[39mnode_modules\[4mjsdom[24m\lib\jsdom\livin
g\xhr\xhr-utils.js:123:3[90m)[39m
    at Object.dispatchError [90m(C:\Projects\DiagnosticCodeAs
sistant\frontend\[39mnode_modules\[4mjsdom[24m\lib\jsdom\li
ving\xhr\xhr-utils.js:59:3[90m)[39m
    at Request.<anonymous> [90m(C:\Projects\DiagnosticCodeAss
istant\frontend\[39mnode_modules\[4mjsdom[24m\lib\jsdom\liv
ing\xhr\XMLHttpRequest-impl.js:655:18[90m)[39m
    at Axios.request [90m(file:///C:/Projects/DiagnosticCodeA
ssistant/frontend/[39mnode_modules/[4maxios[24m/lib/core/Ax
ios.js:45:41[90m)[39m
[90m    at processTicksAndRejections 
(node:internal/process/task_queues:105:5)[39m
    at AnalyticsService.trackEvent (C:/Projects/DiagnosticCode
Assistant/frontend/src/services/analytics.ts:49:7) {
  code: [32m'ERR_NETWORK'[39m,
  config: {
    transitional: {
      silentJSONParsing: [33mtrue[39m,
      forcedJSONParsing: [33mtrue[39m,
      clarifyTimeoutError: [33mfalse[39m
    },
    adapter: [ [32m'xhr'[39m, [32m'http'[39m, 
[32m'fetch'[39m ],
    transformRequest: [ [36m[Function: 
transformRequest][39m ],
    transformResponse: [ [36m[Function: 
transformResponse][39m ],
    timeout: [33m0[39m,
    xsrfCookieName: [32m'XSRF-TOKEN'[39m,
    xsrfHeaderName: [32m'X-XSRF-TOKEN'[39m,
    maxContentLength: [33m-1[39m,
    maxBodyLength: [33m-1[39m,
    env: { FormData: [36m[Function][39m, Blob: [36m[class 
Blob][39m },
    validateStatus: [36m[Function: validateStatus][39m,
    headers: Object [AxiosHeaders] {
      Accept: [32m'application/json, text/plain, */*'[39m,
      [32m'Content-Type'[39m: [32m'application/json'[39m
    },
    baseURL: [32m'http://localhost:8000'[39m,
    method: [32m'post'[39m,
    url: [32m'/analytics/events'[39m,
    data: [32m'{"event_type":"view","event_category":"page","
metadata":{"page":"Home"}}'[39m,
    allowAbsoluteUrls: [33mtrue[39m
  },
  request: XMLHttpRequest {},
  event: ProgressEvent { isTrusted: [36m[Getter][39m }
}

[90mstderr[2m | src/pages/__tests__/HomePage.test.tsx[2m > 
[22m[2mHomePage[2m > [22m[2mupdates search input and 
resets page to 1
[22m[39mFailed to track analytics event: AxiosError: 
Network Error
    at XMLHttpRequest.handleError [90m(file:///C:/Projects/Di
agnosticCodeAssistant/frontend/[39mnode_modules/[4maxios[24
m/lib/adapters/xhr.js:112:20[90m)[39m
    at XMLHttpRequest.invokeTheCallbackFunction [90m(C:\Proje
cts\DiagnosticCodeAssistant\frontend\[39mnode_modules\[4mjsd
om[24m\lib\jsdom\living\generated\EventHandlerNonNull.js:14:2
8[90m)[39m
    at XMLHttpRequest.<anonymous> [90m(C:\Projects\Diagnostic
CodeAssistant\frontend\[39mnode_modules\[4mjsdom[24m\lib\js
dom\living\helpers\create-event-accessor.js:36:32[90m)[39m
    at innerInvokeEventListeners [90m(C:\Projects\DiagnosticC
odeAssistant\frontend\[39mnode_modules\[4mjsdom[24m\lib\jsd
om\living\events\EventTarget-impl.js:360:16[90m)[39m
    at invokeEventListeners [90m(C:\Projects\DiagnosticCodeAs
sistant\frontend\[39mnode_modules\[4mjsdom[24m\lib\jsdom\li
ving\events\EventTarget-impl.js:296:3[90m)[39m
    at XMLHttpRequestImpl._dispatch [90m(C:\Projects\Diagnost
icCodeAssistant\frontend\[39mnode_modules\[4mjsdom[24m\lib\
jsdom\living\events\EventTarget-impl.js:243:9[90m)[39m
    at fireAnEvent [90m(C:\Projects\DiagnosticCodeAssistant\f
rontend\[39mnode_modules\[4mjsdom[24m\lib\jsdom\living\help
ers\events.js:18:36[90m)[39m
    at requestErrorSteps [90m(C:\Projects\DiagnosticCodeAssis
tant\frontend\[39mnode_modules\[4mjsdom[24m\lib\jsdom\livin
g\xhr\xhr-utils.js:123:3[90m)[39m
    at Object.dispatchError [90m(C:\Projects\DiagnosticCodeAs
sistant\frontend\[39mnode_modules\[4mjsdom[24m\lib\jsdom\li
ving\xhr\xhr-utils.js:59:3[90m)[39m
    at Request.<anonymous> [90m(C:\Projects\DiagnosticCodeAss
istant\frontend\[39mnode_modules\[4mjsdom[24m\lib\jsdom\liv
ing\xhr\XMLHttpRequest-impl.js:655:18[90m)[39m
    at Axios.request [90m(file:///C:/Projects/DiagnosticCodeA
ssistant/frontend/[39mnode_modules/[4maxios[24m/lib/core/Ax
ios.js:45:41[90m)[39m
[90m    at processTicksAndRejections 
(node:internal/process/task_queues:105:5)[39m
    at AnalyticsService.trackEvent (C:/Projects/DiagnosticCode
Assistant/frontend/src/services/analytics.ts:49:7) {
  code: [32m'ERR_NETWORK'[39m,
  config: {
    transitional: {
      silentJSONParsing: [33mtrue[39m,
      forcedJSONParsing: [33mtrue[39m,
      clarifyTimeoutError: [33mfalse[39m
    },
    adapter: [ [32m'xhr'[39m, [32m'http'[39m, 
[32m'fetch'[39m ],
    transformRequest: [ [36m[Function: 
transformRequest][39m ],
    transformResponse: [ [36m[Function: 
transformResponse][39m ],
    timeout: [33m0[39m,
    xsrfCookieName: [32m'XSRF-TOKEN'[39m,
    xsrfHeaderName: [32m'X-XSRF-TOKEN'[39m,
    maxContentLength: [33m-1[39m,
    maxBodyLength: [33m-1[39m,
    env: { FormData: [36m[Function][39m, Blob: [36m[class 
Blob][39m },
    validateStatus: [36m[Function: validateStatus][39m,
    headers: Object [AxiosHeaders] {
      Accept: [32m'application/json, text/plain, */*'[39m,
      [32m'Content-Type'[39m: [32m'application/json'[39m
    },
    baseURL: [32m'http://localhost:8000'[39m,
    method: [32m'post'[39m,
    url: [32m'/analytics/events'[39m,
    data: [32m'{"event_type":"search","event_category":"diagn
ostic_code","metadata":{"query":"diabe","results_count":3}}'[
39m,
    allowAbsoluteUrls: [33mtrue[39m
  },
  request: XMLHttpRequest {},
  event: ProgressEvent { isTrusted: [36m[Getter][39m }
}

[90mstderr[2m | src/pages/__tests__/HomePage.test.tsx[2m > 
[22m[2mHomePage[2m > [22m[2mupdates search input and 
resets page to 1
[22m[39mFailed to track analytics event: AxiosError: 
Network Error
    at XMLHttpRequest.handleError [90m(file:///C:/Projects/Di
agnosticCodeAssistant/frontend/[39mnode_modules/[4maxios[24
m/lib/adapters/xhr.js:112:20[90m)[39m
    at XMLHttpRequest.invokeTheCallbackFunction [90m(C:\Proje
cts\DiagnosticCodeAssistant\frontend\[39mnode_modules\[4mjsd
om[24m\lib\jsdom\living\generated\EventHandlerNonNull.js:14:2
8[90m)[39m
    at XMLHttpRequest.<anonymous> [90m(C:\Projects\Diagnostic
CodeAssistant\frontend\[39mnode_modules\[4mjsdom[24m\lib\js
dom\living\helpers\create-event-accessor.js:36:32[90m)[39m
    at innerInvokeEventListeners [90m(C:\Projects\DiagnosticC
odeAssistant\frontend\[39mnode_modules\[4mjsdom[24m\lib\jsd
om\living\events\EventTarget-impl.js:360:16[90m)[39m
    at invokeEventListeners [90m(C:\Projects\DiagnosticCodeAs
sistant\frontend\[39mnode_modules\[4mjsdom[24m\lib\jsdom\li
ving\events\EventTarget-impl.js:296:3[90m)[39m
    at XMLHttpRequestImpl._dispatch [90m(C:\Projects\Diagnost
icCodeAssistant\frontend\[39mnode_modules\[4mjsdom[24m\lib\
jsdom\living\events\EventTarget-impl.js:243:9[90m)[39m
    at fireAnEvent [90m(C:\Projects\DiagnosticCodeAssistant\f
rontend\[39mnode_modules\[4mjsdom[24m\lib\jsdom\living\help
ers\events.js:18:36[90m)[39m
    at requestErrorSteps [90m(C:\Projects\DiagnosticCodeAssis
tant\frontend\[39mnode_modules\[4mjsdom[24m\lib\jsdom\livin
g\xhr\xhr-utils.js:123:3[90m)[39m
    at Object.dispatchError [90m(C:\Projects\DiagnosticCodeAs
sistant\frontend\[39mnode_modules\[4mjsdom[24m\lib\jsdom\li
ving\xhr\xhr-utils.js:59:3[90m)[39m
    at Request.<anonymous> [90m(C:\Projects\DiagnosticCodeAss
istant\frontend\[39mnode_modules\[4mjsdom[24m\lib\jsdom\liv
ing\xhr\XMLHttpRequest-impl.js:655:18[90m)[39m
    at Axios.request [90m(file:///C:/Projects/DiagnosticCodeA
ssistant/frontend/[39mnode_modules/[4maxios[24m/lib/core/Ax
ios.js:45:41[90m)[39m
[90m    at processTicksAndRejections 
(node:internal/process/task_queues:105:5)[39m
    at AnalyticsService.trackEvent (C:/Projects/DiagnosticCode
Assistant/frontend/src/services/analytics.ts:49:7) {
  code: [32m'ERR_NETWORK'[39m,
  config: {
    transitional: {
      silentJSONParsing: [33mtrue[39m,
      forcedJSONParsing: [33mtrue[39m,
      clarifyTimeoutError: [33mfalse[39m
    },
    adapter: [ [32m'xhr'[39m, [32m'http'[39m, 
[32m'fetch'[39m ],
    transformRequest: [ [36m[Function: 
transformRequest][39m ],
    transformResponse: [ [36m[Function: 
transformResponse][39m ],
    timeout: [33m0[39m,
    xsrfCookieName: [32m'XSRF-TOKEN'[39m,
    xsrfHeaderName: [32m'X-XSRF-TOKEN'[39m,
    maxContentLength: [33m-1[39m,
    maxBodyLength: [33m-1[39m,
    env: { FormData: [36m[Function][39m, Blob: [36m[class 
Blob][39m },
    validateStatus: [36m[Function: validateStatus][39m,
    headers: Object [AxiosHeaders] {
      Accept: [32m'application/json, text/plain, */*'[39m,
      [32m'Content-Type'[39m: [32m'application/json'[39m
    },
    baseURL: [32m'http://localhost:8000'[39m,
    method: [32m'post'[39m,
    url: [32m'/analytics/events'[39m,
    data: [32m'{"event_type":"view","event_category":"page","
metadata":{"page":"Home"}}'[39m,
    allowAbsoluteUrls: [33mtrue[39m
  },
  request: XMLHttpRequest {},
  event: ProgressEvent { isTrusted: [36m[Getter][39m }
}

[90mstderr[2m | src/pages/__tests__/HomePage.test.tsx[2m > 
[22m[2mHomePage[2m > [22m[2mupdates search input and 
resets page to 1
[22m[39mFailed to track analytics event: AxiosError: 
Network Error
    at XMLHttpRequest.handleError [90m(file:///C:/Projects/Di
agnosticCodeAssistant/frontend/[39mnode_modules/[4maxios[24
m/lib/adapters/xhr.js:112:20[90m)[39m
    at XMLHttpRequest.invokeTheCallbackFunction [90m(C:\Proje
cts\DiagnosticCodeAssistant\frontend\[39mnode_modules\[4mjsd
om[24m\lib\jsdom\living\generated\EventHandlerNonNull.js:14:2
8[90m)[39m
    at XMLHttpRequest.<anonymous> [90m(C:\Projects\Diagnostic
CodeAssistant\frontend\[39mnode_modules\[4mjsdom[24m\lib\js
dom\living\helpers\create-event-accessor.js:36:32[90m)[39m
    at innerInvokeEventListeners [90m(C:\Projects\DiagnosticC
odeAssistant\frontend\[39mnode_modules\[4mjsdom[24m\lib\jsd
om\living\events\EventTarget-impl.js:360:16[90m)[39m
    at invokeEventListeners [90m(C:\Projects\DiagnosticCodeAs
sistant\frontend\[39mnode_modules\[4mjsdom[24m\lib\jsdom\li
ving\events\EventTarget-impl.js:296:3[90m)[39m
    at XMLHttpRequestImpl._dispatch [90m(C:\Projects\Diagnost
icCodeAssistant\frontend\[39mnode_modules\[4mjsdom[24m\lib\
jsdom\living\events\EventTarget-impl.js:243:9[90m)[39m
    at fireAnEvent [90m(C:\Projects\DiagnosticCodeAssistant\f
rontend\[39mnode_modules\[4mjsdom[24m\lib\jsdom\living\help
ers\events.js:18:36[90m)[39m
    at requestErrorSteps [90m(C:\Projects\DiagnosticCodeAssis
tant\frontend\[39mnode_modules\[4mjsdom[24m\lib\jsdom\livin
g\xhr\xhr-utils.js:123:3[90m)[39m
    at Object.dispatchError [90m(C:\Projects\DiagnosticCodeAs
sistant\frontend\[39mnode_modules\[4mjsdom[24m\lib\jsdom\li
ving\xhr\xhr-utils.js:59:3[90m)[39m
    at Request.<anonymous> [90m(C:\Projects\DiagnosticCodeAss
istant\frontend\[39mnode_modules\[4mjsdom[24m\lib\jsdom\liv
ing\xhr\XMLHttpRequest-impl.js:655:18[90m)[39m
    at Axios.request [90m(file:///C:/Projects/DiagnosticCodeA
ssistant/frontend/[39mnode_modules/[4maxios[24m/lib/core/Ax
ios.js:45:41[90m)[39m
[90m    at processTicksAndRejections 
(node:internal/process/task_queues:105:5)[39m
    at AnalyticsService.trackEvent (C:/Projects/DiagnosticCode
Assistant/frontend/src/services/analytics.ts:49:7) {
  code: [32m'ERR_NETWORK'[39m,
  config: {
    transitional: {
      silentJSONParsing: [33mtrue[39m,
      forcedJSONParsing: [33mtrue[39m,
      clarifyTimeoutError: [33mfalse[39m
    },
    adapter: [ [32m'xhr'[39m, [32m'http'[39m, 
[32m'fetch'[39m ],
    transformRequest: [ [36m[Function: 
transformRequest][39m ],
    transformResponse: [ [36m[Function: 
transformResponse][39m ],
    timeout: [33m0[39m,
    xsrfCookieName: [32m'XSRF-TOKEN'[39m,
    xsrfHeaderName: [32m'X-XSRF-TOKEN'[39m,
    maxContentLength: [33m-1[39m,
    maxBodyLength: [33m-1[39m,
    env: { FormData: [36m[Function][39m, Blob: [36m[class 
Blob][39m },
    validateStatus: [36m[Function: validateStatus][39m,
    headers: Object [AxiosHeaders] {
      Accept: [32m'application/json, text/plain, */*'[39m,
      [32m'Content-Type'[39m: [32m'application/json'[39m
    },
    baseURL: [32m'http://localhost:8000'[39m,
    method: [32m'post'[39m,
    url: [32m'/analytics/events'[39m,
    data: [32m'{"event_type":"search","event_category":"diagn
ostic_code","metadata":{"query":"diabet","results_count":3}}'
[39m,
    allowAbsoluteUrls: [33mtrue[39m
  },
  request: XMLHttpRequest {},
  event: ProgressEvent { isTrusted: [36m[Getter][39m }
}

[90mstderr[2m | src/pages/__tests__/HomePage.test.tsx[2m > 
[22m[2mHomePage[2m > [22m[2mupdates search input and 
resets page to 1
[22m[39mFailed to track analytics event: AxiosError: 
Network Error
    at XMLHttpRequest.handleError [90m(file:///C:/Projects/Di
agnosticCodeAssistant/frontend/[39mnode_modules/[4maxios[24
m/lib/adapters/xhr.js:112:20[90m)[39m
    at XMLHttpRequest.invokeTheCallbackFunction [90m(C:\Proje
cts\DiagnosticCodeAssistant\frontend\[39mnode_modules\[4mjsd
om[24m\lib\jsdom\living\generated\EventHandlerNonNull.js:14:2
8[90m)[39m
    at XMLHttpRequest.<anonymous> [90m(C:\Projects\Diagnostic
CodeAssistant\frontend\[39mnode_modules\[4mjsdom[24m\lib\js
dom\living\helpers\create-event-accessor.js:36:32[90m)[39m
    at innerInvokeEventListeners [90m(C:\Projects\DiagnosticC
odeAssistant\frontend\[39mnode_modules\[4mjsdom[24m\lib\jsd
om\living\events\EventTarget-impl.js:360:16[90m)[39m
    at invokeEventListeners [90m(C:\Projects\DiagnosticCodeAs
sistant\frontend\[39mnode_modules\[4mjsdom[24m\lib\jsdom\li
ving\events\EventTarget-impl.js:296:3[90m)[39m
    at XMLHttpRequestImpl._dispatch [90m(C:\Projects\Diagnost
icCodeAssistant\frontend\[39mnode_modules\[4mjsdom[24m\lib\
jsdom\living\events\EventTarget-impl.js:243:9[90m)[39m
    at fireAnEvent [90m(C:\Projects\DiagnosticCodeAssistant\f
rontend\[39mnode_modules\[4mjsdom[24m\lib\jsdom\living\help
ers\events.js:18:36[90m)[39m
    at requestErrorSteps [90m(C:\Projects\DiagnosticCodeAssis
tant\frontend\[39mnode_modules\[4mjsdom[24m\lib\jsdom\livin
g\xhr\xhr-utils.js:123:3[90m)[39m
    at Object.dispatchError [90m(C:\Projects\DiagnosticCodeAs
sistant\frontend\[39mnode_modules\[4mjsdom[24m\lib\jsdom\li
ving\xhr\xhr-utils.js:59:3[90m)[39m
    at Request.<anonymous> [90m(C:\Projects\DiagnosticCodeAss
istant\frontend\[39mnode_modules\[4mjsdom[24m\lib\jsdom\liv
ing\xhr\XMLHttpRequest-impl.js:655:18[90m)[39m
    at Axios.request [90m(file:///C:/Projects/DiagnosticCodeA
ssistant/frontend/[39mnode_modules/[4maxios[24m/lib/core/Ax
ios.js:45:41[90m)[39m
[90m    at processTicksAndRejections 
(node:internal/process/task_queues:105:5)[39m
    at AnalyticsService.trackEvent (C:/Projects/DiagnosticCode
Assistant/frontend/src/services/analytics.ts:49:7) {
  code: [32m'ERR_NETWORK'[39m,
  config: {
    transitional: {
      silentJSONParsing: [33mtrue[39m,
      forcedJSONParsing: [33mtrue[39m,
      clarifyTimeoutError: [33mfalse[39m
    },
    adapter: [ [32m'xhr'[39m, [32m'http'[39m, 
[32m'fetch'[39m ],
    transformRequest: [ [36m[Function: 
transformRequest][39m ],
    transformResponse: [ [36m[Function: 
transformResponse][39m ],
    timeout: [33m0[39m,
    xsrfCookieName: [32m'XSRF-TOKEN'[39m,
    xsrfHeaderName: [32m'X-XSRF-TOKEN'[39m,
    maxContentLength: [33m-1[39m,
    maxBodyLength: [33m-1[39m,
    env: { FormData: [36m[Function][39m, Blob: [36m[class 
Blob][39m },
    validateStatus: [36m[Function: validateStatus][39m,
    headers: Object [AxiosHeaders] {
      Accept: [32m'application/json, text/plain, */*'[39m,
      [32m'Content-Type'[39m: [32m'application/json'[39m
    },
    baseURL: [32m'http://localhost:8000'[39m,
    method: [32m'post'[39m,
    url: [32m'/analytics/events'[39m,
    data: [32m'{"event_type":"view","event_category":"page","
metadata":{"page":"Home"}}'[39m,
    allowAbsoluteUrls: [33mtrue[39m
  },
  request: XMLHttpRequest {},
  event: ProgressEvent { isTrusted: [36m[Getter][39m }
}

[90mstderr[2m | src/pages/__tests__/HomePage.test.tsx[2m > 
[22m[2mHomePage[2m > [22m[2mupdates search input and 
resets page to 1
[22m[39mFailed to track analytics event: AxiosError: 
Network Error
    at XMLHttpRequest.handleError [90m(file:///C:/Projects/Di
agnosticCodeAssistant/frontend/[39mnode_modules/[4maxios[24
m/lib/adapters/xhr.js:112:20[90m)[39m
    at XMLHttpRequest.invokeTheCallbackFunction [90m(C:\Proje
cts\DiagnosticCodeAssistant\frontend\[39mnode_modules\[4mjsd
om[24m\lib\jsdom\living\generated\EventHandlerNonNull.js:14:2
8[90m)[39m
    at XMLHttpRequest.<anonymous> [90m(C:\Projects\Diagnostic
CodeAssistant\frontend\[39mnode_modules\[4mjsdom[24m\lib\js
dom\living\helpers\create-event-accessor.js:36:32[90m)[39m
    at innerInvokeEventListeners [90m(C:\Projects\DiagnosticC
odeAssistant\frontend\[39mnode_modules\[4mjsdom[24m\lib\jsd
om\living\events\EventTarget-impl.js:360:16[90m)[39m
    at invokeEventListeners [90m(C:\Projects\DiagnosticCodeAs
sistant\frontend\[39mnode_modules\[4mjsdom[24m\lib\jsdom\li
ving\events\EventTarget-impl.js:296:3[90m)[39m
    at XMLHttpRequestImpl._dispatch [90m(C:\Projects\Diagnost
icCodeAssistant\frontend\[39mnode_modules\[4mjsdom[24m\lib\
jsdom\living\events\EventTarget-impl.js:243:9[90m)[39m
    at fireAnEvent [90m(C:\Projects\DiagnosticCodeAssistant\f
rontend\[39mnode_modules\[4mjsdom[24m\lib\jsdom\living\help
ers\events.js:18:36[90m)[39m
    at requestErrorSteps [90m(C:\Projects\DiagnosticCodeAssis
tant\frontend\[39mnode_modules\[4mjsdom[24m\lib\jsdom\livin
g\xhr\xhr-utils.js:123:3[90m)[39m
    at Object.dispatchError [90m(C:\Projects\DiagnosticCodeAs
sistant\frontend\[39mnode_modules\[4mjsdom[24m\lib\jsdom\li
ving\xhr\xhr-utils.js:59:3[90m)[39m
    at Request.<anonymous> [90m(C:\Projects\DiagnosticCodeAss
istant\frontend\[39mnode_modules\[4mjsdom[24m\lib\jsdom\liv
ing\xhr\XMLHttpRequest-impl.js:655:18[90m)[39m
    at Axios.request [90m(file:///C:/Projects/DiagnosticCodeA
ssistant/frontend/[39mnode_modules/[4maxios[24m/lib/core/Ax
ios.js:45:41[90m)[39m
[90m    at processTicksAndRejections 
(node:internal/process/task_queues:105:5)[39m
    at AnalyticsService.trackEvent (C:/Projects/DiagnosticCode
Assistant/frontend/src/services/analytics.ts:49:7) {
  code: [32m'ERR_NETWORK'[39m,
  config: {
    transitional: {
      silentJSONParsing: [33mtrue[39m,
      forcedJSONParsing: [33mtrue[39m,
      clarifyTimeoutError: [33mfalse[39m
    },
    adapter: [ [32m'xhr'[39m, [32m'http'[39m, 
[32m'fetch'[39m ],
    transformRequest: [ [36m[Function: 
transformRequest][39m ],
    transformResponse: [ [36m[Function: 
transformResponse][39m ],
    timeout: [33m0[39m,
    xsrfCookieName: [32m'XSRF-TOKEN'[39m,
    xsrfHeaderName: [32m'X-XSRF-TOKEN'[39m,
    maxContentLength: [33m-1[39m,
    maxBodyLength: [33m-1[39m,
    env: { FormData: [36m[Function][39m, Blob: [36m[class 
Blob][39m },
    validateStatus: [36m[Function: validateStatus][39m,
    headers: Object [AxiosHeaders] {
      Accept: [32m'application/json, text/plain, */*'[39m,
      [32m'Content-Type'[39m: [32m'application/json'[39m
    },
    baseURL: [32m'http://localhost:8000'[39m,
    method: [32m'post'[39m,
    url: [32m'/analytics/events'[39m,
    data: [32m'{"event_type":"search","event_category":"diagn
ostic_code","metadata":{"query":"diabete","results_count":3}}'
[39m,
    allowAbsoluteUrls: [33mtrue[39m
  },
  request: XMLHttpRequest {},
  event: ProgressEvent { isTrusted: [36m[Getter][39m }
}

[90mstderr[2m | src/pages/__tests__/HomePage.test.tsx[2m > 
[22m[2mHomePage[2m > [22m[2mupdates search input and 
resets page to 1
[22m[39mFailed to track analytics event: AxiosError: 
Network Error
    at XMLHttpRequest.handleError [90m(file:///C:/Projects/Di
agnosticCodeAssistant/frontend/[39mnode_modules/[4maxios[24
m/lib/adapters/xhr.js:112:20[90m)[39m
    at XMLHttpRequest.invokeTheCallbackFunction [90m(C:\Proje
cts\DiagnosticCodeAssistant\frontend\[39mnode_modules\[4mjsd
om[24m\lib\jsdom\living\generated\EventHandlerNonNull.js:14:2
8[90m)[39m
    at XMLHttpRequest.<anonymous> [90m(C:\Projects\Diagnostic
CodeAssistant\frontend\[39mnode_modules\[4mjsdom[24m\lib\js
dom\living\helpers\create-event-accessor.js:36:32[90m)[39m
    at innerInvokeEventListeners [90m(C:\Projects\DiagnosticC
odeAssistant\frontend\[39mnode_modules\[4mjsdom[24m\lib\jsd
om\living\events\EventTarget-impl.js:360:16[90m)[39m
    at invokeEventListeners [90m(C:\Projects\DiagnosticCodeAs
sistant\frontend\[39mnode_modules\[4mjsdom[24m\lib\jsdom\li
ving\events\EventTarget-impl.js:296:3[90m)[39m
    at XMLHttpRequestImpl._dispatch [90m(C:\Projects\Diagnost
icCodeAssistant\frontend\[39mnode_modules\[4mjsdom[24m\lib\
jsdom\living\events\EventTarget-impl.js:243:9[90m)[39m
    at fireAnEvent [90m(C:\Projects\DiagnosticCodeAssistant\f
rontend\[39mnode_modules\[4mjsdom[24m\lib\jsdom\living\help
ers\events.js:18:36[90m)[39m
    at requestErrorSteps [90m(C:\Projects\DiagnosticCodeAssis
tant\frontend\[39mnode_modules\[4mjsdom[24m\lib\jsdom\livin
g\xhr\xhr-utils.js:123:3[90m)[39m
    at Object.dispatchError [90m(C:\Projects\DiagnosticCodeAs
sistant\frontend\[39mnode_modules\[4mjsdom[24m\lib\jsdom\li
ving\xhr\xhr-utils.js:59:3[90m)[39m
    at Request.<anonymous> [90m(C:\Projects\DiagnosticCodeAss
istant\frontend\[39mnode_modules\[4mjsdom[24m\lib\jsdom\liv
ing\xhr\XMLHttpRequest-impl.js:655:18[90m)[39m
    at Axios.request [90m(file:///C:/Projects/DiagnosticCodeA
ssistant/frontend/[39mnode_modules/[4maxios[24m/lib/core/Ax
ios.js:45:41[90m)[39m
[90m    at processTicksAndRejections 
(node:internal/process/task_queues:105:5)[39m
    at AnalyticsService.trackEvent (C:/Projects/DiagnosticCode
Assistant/frontend/src/services/analytics.ts:49:7) {
  code: [32m'ERR_NETWORK'[39m,
  config: {
    transitional: {
      silentJSONParsing: [33mtrue[39m,
      forcedJSONParsing: [33mtrue[39m,
      clarifyTimeoutError: [33mfalse[39m
    },
    adapter: [ [32m'xhr'[39m, [32m'http'[39m, 
[32m'fetch'[39m ],
    transformRequest: [ [36m[Function: 
transformRequest][39m ],
    transformResponse: [ [36m[Function: 
transformResponse][39m ],
    timeout: [33m0[39m,
    xsrfCookieName: [32m'XSRF-TOKEN'[39m,
    xsrfHeaderName: [32m'X-XSRF-TOKEN'[39m,
    maxContentLength: [33m-1[39m,
    maxBodyLength: [33m-1[39m,
    env: { FormData: [36m[Function][39m, Blob: [36m[class 
Blob][39m },
    validateStatus: [36m[Function: validateStatus][39m,
    headers: Object [AxiosHeaders] {
      Accept: [32m'application/json, text/plain, */*'[39m,
      [32m'Content-Type'[39m: [32m'application/json'[39m
    },
    baseURL: [32m'http://localhost:8000'[39m,
    method: [32m'post'[39m,
    url: [32m'/analytics/events'[39m,
    data: [32m'{"event_type":"view","event_category":"page","
metadata":{"page":"Home"}}'[39m,
    allowAbsoluteUrls: [33mtrue[39m
  },
  request: XMLHttpRequest {},
  event: ProgressEvent { isTrusted: [36m[Getter][39m }
}

[90mstderr[2m | src/pages/__tests__/HomePage.test.tsx[2m > 
[22m[2mHomePage[2m > [22m[2mupdates search input and 
resets page to 1
[22m[39mFailed to track analytics event: AxiosError: 
Network Error
    at XMLHttpRequest.handleError [90m(file:///C:/Projects/Di
agnosticCodeAssistant/frontend/[39mnode_modules/[4maxios[24
m/lib/adapters/xhr.js:112:20[90m)[39m
    at XMLHttpRequest.invokeTheCallbackFunction [90m(C:\Proje
cts\DiagnosticCodeAssistant\frontend\[39mnode_modules\[4mjsd
om[24m\lib\jsdom\living\generated\EventHandlerNonNull.js:14:2
8[90m)[39m
    at XMLHttpRequest.<anonymous> [90m(C:\Projects\Diagnostic
CodeAssistant\frontend\[39mnode_modules\[4mjsdom[24m\lib\js
dom\living\helpers\create-event-accessor.js:36:32[90m)[39m
    at innerInvokeEventListeners [90m(C:\Projects\DiagnosticC
odeAssistant\frontend\[39mnode_modules\[4mjsdom[24m\lib\jsd
om\living\events\EventTarget-impl.js:360:16[90m)[39m
    at invokeEventListeners [90m(C:\Projects\DiagnosticCodeAs
sistant\frontend\[39mnode_modules\[4mjsdom[24m\lib\jsdom\li
ving\events\EventTarget-impl.js:296:3[90m)[39m
    at XMLHttpRequestImpl._dispatch [90m(C:\Projects\Diagnost
icCodeAssistant\frontend\[39mnode_modules\[4mjsdom[24m\lib\
jsdom\living\events\EventTarget-impl.js:243:9[90m)[39m
    at fireAnEvent [90m(C:\Projects\DiagnosticCodeAssistant\f
rontend\[39mnode_modules\[4mjsdom[24m\lib\jsdom\living\help
ers\events.js:18:36[90m)[39m
    at requestErrorSteps [90m(C:\Projects\DiagnosticCodeAssis
tant\frontend\[39mnode_modules\[4mjsdom[24m\lib\jsdom\livin
g\xhr\xhr-utils.js:123:3[90m)[39m
    at Object.dispatchError [90m(C:\Projects\DiagnosticCodeAs
sistant\frontend\[39mnode_modules\[4mjsdom[24m\lib\jsdom\li
ving\xhr\xhr-utils.js:59:3[90m)[39m
    at Request.<anonymous> [90m(C:\Projects\DiagnosticCodeAss
istant\frontend\[39mnode_modules\[4mjsdom[24m\lib\jsdom\liv
ing\xhr\XMLHttpRequest-impl.js:655:18[90m)[39m
    at Axios.request [90m(file:///C:/Projects/DiagnosticCodeA
ssistant/frontend/[39mnode_modules/[4maxios[24m/lib/core/Ax
ios.js:45:41[90m)[39m
[90m    at processTicksAndRejections 
(node:internal/process/task_queues:105:5)[39m
    at AnalyticsService.trackEvent (C:/Projects/DiagnosticCode
Assistant/frontend/src/services/analytics.ts:49:7) {
  code: [32m'ERR_NETWORK'[39m,
  config: {
    transitional: {
      silentJSONParsing: [33mtrue[39m,
      forcedJSONParsing: [33mtrue[39m,
      clarifyTimeoutError: [33mfalse[39m
    },
    adapter: [ [32m'xhr'[39m, [32m'http'[39m, 
[32m'fetch'[39m ],
    transformRequest: [ [36m[Function: 
transformRequest][39m ],
    transformResponse: [ [36m[Function: 
transformResponse][39m ],
    timeout: [33m0[39m,
    xsrfCookieName: [32m'XSRF-TOKEN'[39m,
    xsrfHeaderName: [32m'X-XSRF-TOKEN'[39m,
    maxContentLength: [33m-1[39m,
    maxBodyLength: [33m-1[39m,
    env: { FormData: [36m[Function][39m, Blob: [36m[class 
Blob][39m },
    validateStatus: [36m[Function: validateStatus][39m,
    headers: Object [AxiosHeaders] {
      Accept: [32m'application/json, text/plain, */*'[39m,
      [32m'Content-Type'[39m: [32m'application/json'[39m
    },
    baseURL: [32m'http://localhost:8000'[39m,
    method: [32m'post'[39m,
    url: [32m'/analytics/events'[39m,
    data: [32m'{"event_type":"search","event_category":"diagn
ostic_code","metadata":{"query":"diabetes","results_count":3}}
'[39m,
    allowAbsoluteUrls: [33mtrue[39m
  },
  request: XMLHttpRequest {},
  event: ProgressEvent { isTrusted: [36m[Getter][39m }
}

[90mstderr[2m | src/pages/__tests__/HomePage.test.tsx[2m > 
[22m[2mHomePage[2m > [22m[2mupdates search input and 
resets page to 1
[22m[39mFailed to track analytics event: AxiosError: 
Network Error
    at XMLHttpRequest.handleError [90m(file:///C:/Projects/Di
agnosticCodeAssistant/frontend/[39mnode_modules/[4maxios[24
m/lib/adapters/xhr.js:112:20[90m)[39m
    at XMLHttpRequest.invokeTheCallbackFunction [90m(C:\Proje
cts\DiagnosticCodeAssistant\frontend\[39mnode_modules\[4mjsd
om[24m\lib\jsdom\living\generated\EventHandlerNonNull.js:14:2
8[90m)[39m
    at XMLHttpRequest.<anonymous> [90m(C:\Projects\Diagnostic
CodeAssistant\frontend\[39mnode_modules\[4mjsdom[24m\lib\js
dom\living\helpers\create-event-accessor.js:36:32[90m)[39m
    at innerInvokeEventListeners [90m(C:\Projects\DiagnosticC
odeAssistant\frontend\[39mnode_modules\[4mjsdom[24m\lib\jsd
om\living\events\EventTarget-impl.js:360:16[90m)[39m
    at invokeEventListeners [90m(C:\Projects\DiagnosticCodeAs
sistant\frontend\[39mnode_modules\[4mjsdom[24m\lib\jsdom\li
ving\events\EventTarget-impl.js:296:3[90m)[39m
    at XMLHttpRequestImpl._dispatch [90m(C:\Projects\Diagnost
icCodeAssistant\frontend\[39mnode_modules\[4mjsdom[24m\lib\
jsdom\living\events\EventTarget-impl.js:243:9[90m)[39m
    at fireAnEvent [90m(C:\Projects\DiagnosticCodeAssistant\f
rontend\[39mnode_modules\[4mjsdom[24m\lib\jsdom\living\help
ers\events.js:18:36[90m)[39m
    at requestErrorSteps [90m(C:\Projects\DiagnosticCodeAssis
tant\frontend\[39mnode_modules\[4mjsdom[24m\lib\jsdom\livin
g\xhr\xhr-utils.js:123:3[90m)[39m
    at Object.dispatchError [90m(C:\Projects\DiagnosticCodeAs
sistant\frontend\[39mnode_modules\[4mjsdom[24m\lib\jsdom\li
ving\xhr\xhr-utils.js:59:3[90m)[39m
    at Request.<anonymous> [90m(C:\Projects\DiagnosticCodeAss
istant\frontend\[39mnode_modules\[4mjsdom[24m\lib\jsdom\liv
ing\xhr\XMLHttpRequest-impl.js:655:18[90m)[39m
    at Axios.request [90m(file:///C:/Projects/DiagnosticCodeA
ssistant/frontend/[39mnode_modules/[4maxios[24m/lib/core/Ax
ios.js:45:41[90m)[39m
[90m    at processTicksAndRejections 
(node:internal/process/task_queues:105:5)[39m
    at AnalyticsService.trackEvent (C:/Projects/DiagnosticCode
Assistant/frontend/src/services/analytics.ts:49:7) {
  code: [32m'ERR_NETWORK'[39m,
  config: {
    transitional: {
      silentJSONParsing: [33mtrue[39m,
      forcedJSONParsing: [33mtrue[39m,
      clarifyTimeoutError: [33mfalse[39m
    },
    adapter: [ [32m'xhr'[39m, [32m'http'[39m, 
[32m'fetch'[39m ],
    transformRequest: [ [36m[Function: 
transformRequest][39m ],
    transformResponse: [ [36m[Function: 
transformResponse][39m ],
    timeout: [33m0[39m,
    xsrfCookieName: [32m'XSRF-TOKEN'[39m,
    xsrfHeaderName: [32m'X-XSRF-TOKEN'[39m,
    maxContentLength: [33m-1[39m,
    maxBodyLength: [33m-1[39m,
    env: { FormData: [36m[Function][39m, Blob: [36m[class 
Blob][39m },
    validateStatus: [36m[Function: validateStatus][39m,
    headers: Object [AxiosHeaders] {
      Accept: [32m'application/json, text/plain, */*'[39m,
      [32m'Content-Type'[39m: [32m'application/json'[39m
    },
    baseURL: [32m'http://localhost:8000'[39m,
    method: [32m'post'[39m,
    url: [32m'/analytics/events'[39m,
    data: [32m'{"event_type":"view","event_category":"page","
metadata":{"page":"Home"}}'[39m,
    allowAbsoluteUrls: [33mtrue[39m
  },
  request: XMLHttpRequest {},
  event: ProgressEvent { isTrusted: [36m[Getter][39m }
}

 [32mΓ£ô[39m src/components/__tests__/EditCodeModal.test.tsx [2m([22m[2m10 tests[22m[2m)[22m[33m 2549[2mms[22m[39m
     [33m[2mΓ£ô[22m[39m calls onClose when close button is clicked [33m 518[2mms[22m[39m
     [33m[2mΓ£ô[22m[39m updates form fields when typing [33m 517[2mms[22m[39m
     [33m[2mΓ£ô[22m[39m submits form with updated data [33m 652[2mms[22m[39m
 [31mΓ¥»[39m src/__tests__/WebhooksPage.test.tsx [2m([22m[2m10 tests[22m[2m | [22m[31m1 failed[39m[2m)[22m[33m 2686[2mms[22m[39m
     [32mΓ£ô[39m renders webhook list[32m 254[2mms[22m[39m
     [32mΓ£ô[39m shows active and inactive badges[32m 74[2mms[22m[39m
     [32mΓ£ô[39m displays webhook deliveries when selected[32m 130[2mms[22m[39m
     [33m[2mΓ£ô[22m[39m opens create webhook modal [33m 521[2mms[22m[39m
[31m     [31m├ù[31m creates webhook with selected events[39m[33m 1153[2mms[22m[39m
     [32mΓ£ô[39m toggles webhook active status[32m 143[2mms[22m[39m
     [32mΓ£ô[39m tests webhook delivery[32m 32[2mms[22m[39m
     [32mΓ£ô[39m displays delivery success and failure indicators[32m 66[2mms[22m[39m
     [32mΓ£ô[39m deletes webhook with confirmation[32m 127[2mms[22m[39m
     [32mΓ£ô[39m shows retry count and timeout configuration[32m 183[2mms[22m[39m
[90mstderr[2m | 
src/pages/__tests__/DashboardPage.test.tsx[2m > 
[22m[2mDashboardPage[2m > [22m[2mrenders page title and 
description
[22m[39mΓÜá∩╕Å React Router Future Flag Warning: React 
Router will begin wrapping state updates in 
`React.startTransition` in v7. You can use the 
`v7_startTransition` future flag to opt-in early. For more 
information, see https://reactrouter.com/v6/upgrading/future#v
7_starttransition.
ΓÜá∩╕Å React Router Future Flag Warning: Relative route 
resolution within Splat routes is changing in v7. You can use 
the `v7_relativeSplatPath` future flag to opt-in early. For 
more information, see https://reactrouter.com/v6/upgrading/fut
ure#v7_relativesplatpath.

[90mstderr[2m | src/pages/__tests__/HomePage.test.tsx[2m > 
[22m[2mHomePage[2m > [22m[2mopens CodeFormModal when Add 
Code button is clicked
[22m[39mFailed to track analytics event: AxiosError: 
Network Error
    at XMLHttpRequest.handleError [90m(file:///C:/Projects/Di
agnosticCodeAssistant/frontend/[39mnode_modules/[4maxios[24
m/lib/adapters/xhr.js:112:20[90m)[39m
    at XMLHttpRequest.invokeTheCallbackFunction [90m(C:\Proje
cts\DiagnosticCodeAssistant\frontend\[39mnode_modules\[4mjsd
om[24m\lib\jsdom\living\generated\EventHandlerNonNull.js:14:2
8[90m)[39m
    at XMLHttpRequest.<anonymous> [90m(C:\Projects\Diagnostic
CodeAssistant\frontend\[39mnode_modules\[4mjsdom[24m\lib\js
dom\living\helpers\create-event-accessor.js:36:32[90m)[39m
    at innerInvokeEventListeners [90m(C:\Projects\DiagnosticC
odeAssistant\frontend\[39mnode_modules\[4mjsdom[24m\lib\jsd
om\living\events\EventTarget-impl.js:360:16[90m)[39m
    at invokeEventListeners [90m(C:\Projects\DiagnosticCodeAs
sistant\frontend\[39mnode_modules\[4mjsdom[24m\lib\jsdom\li
ving\events\EventTarget-impl.js:296:3[90m)[39m
    at XMLHttpRequestImpl._dispatch [90m(C:\Projects\Diagnost
icCodeAssistant\frontend\[39mnode_modules\[4mjsdom[24m\lib\
jsdom\living\events\EventTarget-impl.js:243:9[90m)[39m
    at fireAnEvent [90m(C:\Projects\DiagnosticCodeAssistant\f
rontend\[39mnode_modules\[4mjsdom[24m\lib\jsdom\living\help
ers\events.js:18:36[90m)[39m
    at requestErrorSteps [90m(C:\Projects\DiagnosticCodeAssis
tant\frontend\[39mnode_modules\[4mjsdom[24m\lib\jsdom\livin
g\xhr\xhr-utils.js:123:3[90m)[39m
    at Object.dispatchError [90m(C:\Projects\DiagnosticCodeAs
sistant\frontend\[39mnode_modules\[4mjsdom[24m\lib\jsdom\li
ving\xhr\xhr-utils.js:59:3[90m)[39m
    at Request.<anonymous> [90m(C:\Projects\DiagnosticCodeAss
istant\frontend\[39mnode_modules\[4mjsdom[24m\lib\jsdom\liv
ing\xhr\XMLHttpRequest-impl.js:655:18[90m)[39m
    at Axios.request [90m(file:///C:/Projects/DiagnosticCodeA
ssistant/frontend/[39mnode_modules/[4maxios[24m/lib/core/Ax
ios.js:45:41[90m)[39m
[90m    at processTicksAndRejections 
(node:internal/process/task_queues:105:5)[39m
    at AnalyticsService.trackEvent (C:/Projects/DiagnosticCode
Assistant/frontend/src/services/analytics.ts:49:7) {
  code: [32m'ERR_NETWORK'[39m,
  config: {
    transitional: {
      silentJSONParsing: [33mtrue[39m,
      forcedJSONParsing: [33mtrue[39m,
      clarifyTimeoutError: [33mfalse[39m
    },
    adapter: [ [32m'xhr'[39m, [32m'http'[39m, 
[32m'fetch'[39m ],
    transformRequest: [ [36m[Function: 
transformRequest][39m ],
    transformResponse: [ [36m[Function: 
transformResponse][39m ],
    timeout: [33m0[39m,
    xsrfCookieName: [32m'XSRF-TOKEN'[39m,
    xsrfHeaderName: [32m'X-XSRF-TOKEN'[39m,
    maxContentLength: [33m-1[39m,
    maxBodyLength: [33m-1[39m,
    env: { FormData: [36m[Function][39m, Blob: [36m[class 
Blob][39m },
    validateStatus: [36m[Function: validateStatus][39m,
    headers: Object [AxiosHeaders] {
      Accept: [32m'application/json, text/plain, */*'[39m,
      [32m'Content-Type'[39m: [32m'application/json'[39m
    },
    baseURL: [32m'http://localhost:8000'[39m,
    method: [32m'post'[39m,
    url: [32m'/analytics/events'[39m,
    data: [32m'{"event_type":"view","event_category":"page","
metadata":{"page":"Home"}}'[39m,
    allowAbsoluteUrls: [33mtrue[39m
  },
  request: XMLHttpRequest {},
  event: ProgressEvent { isTrusted: [36m[Getter][39m }
}

[90mstderr[2m | src/pages/__tests__/HomePage.test.tsx[2m > 
[22m[2mHomePage[2m > [22m[2mopens CodeFormModal when Add 
Code button is clicked
[22m[39mFailed to track analytics event: AxiosError: 
Network Error
    at XMLHttpRequest.handleError [90m(file:///C:/Projects/Di
agnosticCodeAssistant/frontend/[39mnode_modules/[4maxios[24
m/lib/adapters/xhr.js:112:20[90m)[39m
    at XMLHttpRequest.invokeTheCallbackFunction [90m(C:\Proje
cts\DiagnosticCodeAssistant\frontend\[39mnode_modules\[4mjsd
om[24m\lib\jsdom\living\generated\EventHandlerNonNull.js:14:2
8[90m)[39m
    at XMLHttpRequest.<anonymous> [90m(C:\Projects\Diagnostic
CodeAssistant\frontend\[39mnode_modules\[4mjsdom[24m\lib\js
dom\living\helpers\create-event-accessor.js:36:32[90m)[39m
    at innerInvokeEventListeners [90m(C:\Projects\DiagnosticC
odeAssistant\frontend\[39mnode_modules\[4mjsdom[24m\lib\jsd
om\living\events\EventTarget-impl.js:360:16[90m)[39m
    at invokeEventListeners [90m(C:\Projects\DiagnosticCodeAs
sistant\frontend\[39mnode_modules\[4mjsdom[24m\lib\jsdom\li
ving\events\EventTarget-impl.js:296:3[90m)[39m
    at XMLHttpRequestImpl._dispatch [90m(C:\Projects\Diagnost
icCodeAssistant\frontend\[39mnode_modules\[4mjsdom[24m\lib\
jsdom\living\events\EventTarget-impl.js:243:9[90m)[39m
    at fireAnEvent [90m(C:\Projects\DiagnosticCodeAssistant\f
rontend\[39mnode_modules\[4mjsdom[24m\lib\jsdom\living\help
ers\events.js:18:36[90m)[39m
    at requestErrorSteps [90m(C:\Projects\DiagnosticCodeAssis
tant\frontend\[39mnode_modules\[4mjsdom[24m\lib\jsdom\livin
g\xhr\xhr-utils.js:123:3[90m)[39m
    at Object.dispatchError [90m(C:\Projects\DiagnosticCodeAs
sistant\frontend\[39mnode_modules\[4mjsdom[24m\lib\jsdom\li
ving\xhr\xhr-utils.js:59:3[90m)[39m
    at Request.<anonymous> [90m(C:\Projects\DiagnosticCodeAss
istant\frontend\[39mnode_modules\[4mjsdom[24m\lib\jsdom\liv
ing\xhr\XMLHttpRequest-impl.js:655:18[90m)[39m
    at Axios.request [90m(file:///C:/Projects/DiagnosticCodeA
ssistant/frontend/[39mnode_modules/[4maxios[24m/lib/core/Ax
ios.js:45:41[90m)[39m
[90m    at processTicksAndRejections 
(node:internal/process/task_queues:105:5)[39m
    at AnalyticsService.trackEvent (C:/Projects/DiagnosticCode
Assistant/frontend/src/services/analytics.ts:49:7) {
  code: [32m'ERR_NETWORK'[39m,
  config: {
    transitional: {
      silentJSONParsing: [33mtrue[39m,
      forcedJSONParsing: [33mtrue[39m,
      clarifyTimeoutError: [33mfalse[39m
    },
    adapter: [ [32m'xhr'[39m, [32m'http'[39m, 
[32m'fetch'[39m ],
    transformRequest: [ [36m[Function: 
transformRequest][39m ],
    transformResponse: [ [36m[Function: 
transformResponse][39m ],
    timeout: [33m0[39m,
    xsrfCookieName: [32m'XSRF-TOKEN'[39m,
    xsrfHeaderName: [32m'X-XSRF-TOKEN'[39m,
    maxContentLength: [33m-1[39m,
    maxBodyLength: [33m-1[39m,
    env: { FormData: [36m[Function][39m, Blob: [36m[class 
Blob][39m },
    validateStatus: [36m[Function: validateStatus][39m,
    headers: Object [AxiosHeaders] {
      Accept: [32m'application/json, text/plain, */*'[39m,
      [32m'Content-Type'[39m: [32m'application/json'[39m
    },
    baseURL: [32m'http://localhost:8000'[39m,
    method: [32m'post'[39m,
    url: [32m'/analytics/events'[39m,
    data: [32m'{"event_type":"view","event_category":"page","
metadata":{"page":"Home"}}'[39m,
    allowAbsoluteUrls: [33mtrue[39m
  },
  request: XMLHttpRequest {},
  event: ProgressEvent { isTrusted: [36m[Getter][39m }
}

[90mstderr[2m | 
src/components/__tests__/BulkDeleteConfirmModal.test.tsx[2m 
> [22m[2mBulkDeleteConfirmModal[2m > [22m[2mdoes not 
render when isOpen is false
[22m[39mΓÜá∩╕Å React Router Future Flag Warning: React 
Router will begin wrapping state updates in 
`React.startTransition` in v7. You can use the 
`v7_startTransition` future flag to opt-in early. For more 
information, see https://reactrouter.com/v6/upgrading/future#v
7_starttransition.
ΓÜá∩╕Å React Router Future Flag Warning: Relative route 
resolution within Splat routes is changing in v7. You can use 
the `v7_relativeSplatPath` future flag to opt-in early. For 
more information, see https://reactrouter.com/v6/upgrading/fut
ure#v7_relativesplatpath.

[90mstderr[2m | 
src/pages/__tests__/DashboardPage.test.tsx[2m > 
[22m[2mDashboardPage[2m > [22m[2mdisplays severity 
distribution with percentages
[22m[39mWarning: Each child in a list should have a unique 
"key" prop.

Check the render method of `DashboardPage`. See 
https://reactjs.org/link/warning-keys for more information.
    at div
    at DashboardPage (C:/Projects/DiagnosticCodeAssistant/fron
tend/src/pages/DashboardPage.tsx:17:40)
    at ThemeProvider (C:/Projects/DiagnosticCodeAssistant/fron
tend/src/contexts/ThemeContext.tsx:8:26)
    at AuthProvider (C:/Projects/DiagnosticCodeAssistant/front
end/src/contexts/AuthContext.tsx:10:25)
    at Router (C:\Projects\DiagnosticCodeAssistant\frontend\no
de_modules\react-router\dist\umd\react-router.development.js:1
207:17)
    at BrowserRouter (C:\Projects\DiagnosticCodeAssistant\fron
tend\node_modules\react-router-dom\dist\umd\react-router-dom.d
evelopment.js:695:7)
    at QueryClientProvider (file:///C:/Projects/DiagnosticCode
Assistant/frontend/node_modules/@tanstack/react-query/build/mo
dern/QueryClientProvider.js:20:3)
    at AllTheProviders (C:/Projects/DiagnosticCodeAssistant/fr
ontend/src/test/test-utils.tsx:28:28)

[90mstderr[2m | src/pages/__tests__/HomePage.test.tsx[2m > 
[22m[2mHomePage[2m > [22m[2mopens ImportModal when 
Import button is clicked
[22m[39mFailed to track analytics event: AxiosError: 
Network Error
    at XMLHttpRequest.handleError [90m(file:///C:/Projects/Di
agnosticCodeAssistant/frontend/[39mnode_modules/[4maxios[24
m/lib/adapters/xhr.js:112:20[90m)[39m
    at XMLHttpRequest.invokeTheCallbackFunction [90m(C:\Proje
cts\DiagnosticCodeAssistant\frontend\[39mnode_modules\[4mjsd
om[24m\lib\jsdom\living\generated\EventHandlerNonNull.js:14:2
8[90m)[39m
    at XMLHttpRequest.<anonymous> [90m(C:\Projects\Diagnostic
CodeAssistant\frontend\[39mnode_modules\[4mjsdom[24m\lib\js
dom\living\helpers\create-event-accessor.js:36:32[90m)[39m
    at innerInvokeEventListeners [90m(C:\Projects\DiagnosticC
odeAssistant\frontend\[39mnode_modules\[4mjsdom[24m\lib\jsd
om\living\events\EventTarget-impl.js:360:16[90m)[39m
    at invokeEventListeners [90m(C:\Projects\DiagnosticCodeAs
sistant\frontend\[39mnode_modules\[4mjsdom[24m\lib\jsdom\li
ving\events\EventTarget-impl.js:296:3[90m)[39m
    at XMLHttpRequestImpl._dispatch [90m(C:\Projects\Diagnost
icCodeAssistant\frontend\[39mnode_modules\[4mjsdom[24m\lib\
jsdom\living\events\EventTarget-impl.js:243:9[90m)[39m
    at fireAnEvent [90m(C:\Projects\DiagnosticCodeAssistant\f
rontend\[39mnode_modules\[4mjsdom[24m\lib\jsdom\living\help
ers\events.js:18:36[90m)[39m
    at requestErrorSteps [90m(C:\Projects\DiagnosticCodeAssis
tant\frontend\[39mnode_modules\[4mjsdom[24m\lib\jsdom\livin
g\xhr\xhr-utils.js:123:3[90m)[39m
    at Object.dispatchError [90m(C:\Projects\DiagnosticCodeAs
sistant\frontend\[39mnode_modules\[4mjsdom[24m\lib\jsdom\li
ving\xhr\xhr-utils.js:59:3[90m)[39m
    at Request.<anonymous> [90m(C:\Projects\DiagnosticCodeAss
istant\frontend\[39mnode_modules\[4mjsdom[24m\lib\jsdom\liv
ing\xhr\XMLHttpRequest-impl.js:655:18[90m)[39m
    at Axios.request [90m(file:///C:/Projects/DiagnosticCodeA
ssistant/frontend/[39mnode_modules/[4maxios[24m/lib/core/Ax
ios.js:45:41[90m)[39m
[90m    at processTicksAndRejections 
(node:internal/process/task_queues:105:5)[39m
    at AnalyticsService.trackEvent (C:/Projects/DiagnosticCode
Assistant/frontend/src/services/analytics.ts:49:7) {
  code: [32m'ERR_NETWORK'[39m,
  config: {
    transitional: {
      silentJSONParsing: [33mtrue[39m,
      forcedJSONParsing: [33mtrue[39m,
      clarifyTimeoutError: [33mfalse[39m
    },
    adapter: [ [32m'xhr'[39m, [32m'http'[39m, 
[32m'fetch'[39m ],
    transformRequest: [ [36m[Function: 
transformRequest][39m ],
    transformResponse: [ [36m[Function: 
transformResponse][39m ],
    timeout: [33m0[39m,
    xsrfCookieName: [32m'XSRF-TOKEN'[39m,
    xsrfHeaderName: [32m'X-XSRF-TOKEN'[39m,
    maxContentLength: [33m-1[39m,
    maxBodyLength: [33m-1[39m,
    env: { FormData: [36m[Function][39m, Blob: [36m[class 
Blob][39m },
    validateStatus: [36m[Function: validateStatus][39m,
    headers: Object [AxiosHeaders] {
      Accept: [32m'application/json, text/plain, */*'[39m,
      [32m'Content-Type'[39m: [32m'application/json'[39m
    },
    baseURL: [32m'http://localhost:8000'[39m,
    method: [32m'post'[39m,
    url: [32m'/analytics/events'[39m,
    data: [32m'{"event_type":"view","event_category":"page","
metadata":{"page":"Home"}}'[39m,
    allowAbsoluteUrls: [33mtrue[39m
  },
  request: XMLHttpRequest {},
  event: ProgressEvent { isTrusted: [36m[Getter][39m }
}

[90mstderr[2m | src/pages/__tests__/DashboardPage.test.tsx
[22m[39mFailed to track analytics event: AxiosError: 
Network Error
    at XMLHttpRequest.handleError [90m(file:///C:/Projects/Di
agnosticCodeAssistant/frontend/[39mnode_modules/[4maxios[24
m/lib/adapters/xhr.js:112:20[90m)[39m
    at XMLHttpRequest.invokeTheCallbackFunction [90m(C:\Proje
cts\DiagnosticCodeAssistant\frontend\[39mnode_modules\[4mjsd
om[24m\lib\jsdom\living\generated\EventHandlerNonNull.js:14:2
8[90m)[39m
    at XMLHttpRequest.<anonymous> [90m(C:\Projects\Diagnostic
CodeAssistant\frontend\[39mnode_modules\[4mjsdom[24m\lib\js
dom\living\helpers\create-event-accessor.js:36:32[90m)[39m
    at innerInvokeEventListeners [90m(C:\Projects\DiagnosticC
odeAssistant\frontend\[39mnode_modules\[4mjsdom[24m\lib\jsd
om\living\events\EventTarget-impl.js:360:16[90m)[39m
    at invokeEventListeners [90m(C:\Projects\DiagnosticCodeAs
sistant\frontend\[39mnode_modules\[4mjsdom[24m\lib\jsdom\li
ving\events\EventTarget-impl.js:296:3[90m)[39m
    at XMLHttpRequestImpl._dispatch [90m(C:\Projects\Diagnost
icCodeAssistant\frontend\[39mnode_modules\[4mjsdom[24m\lib\
jsdom\living\events\EventTarget-impl.js:243:9[90m)[39m
    at fireAnEvent [90m(C:\Projects\DiagnosticCodeAssistant\f
rontend\[39mnode_modules\[4mjsdom[24m\lib\jsdom\living\help
ers\events.js:18:36[90m)[39m
    at requestErrorSteps [90m(C:\Projects\DiagnosticCodeAssis
tant\frontend\[39mnode_modules\[4mjsdom[24m\lib\jsdom\livin
g\xhr\xhr-utils.js:123:3[90m)[39m
    at Object.dispatchError [90m(C:\Projects\DiagnosticCodeAs
sistant\frontend\[39mnode_modules\[4mjsdom[24m\lib\jsdom\li
ving\xhr\xhr-utils.js:59:3[90m)[39m
    at Request.<anonymous> [90m(C:\Projects\DiagnosticCodeAss
istant\frontend\[39mnode_modules\[4mjsdom[24m\lib\jsdom\liv
ing\xhr\XMLHttpRequest-impl.js:655:18[90m)[39m
    at Axios.request [90m(file:///C:/Projects/DiagnosticCodeA
ssistant/frontend/[39mnode_modules/[4maxios[24m/lib/core/Ax
ios.js:45:41[90m)[39m
[90m    at processTicksAndRejections 
(node:internal/process/task_queues:105:5)[39m
    at AnalyticsService.trackEvent (C:/Projects/DiagnosticCode
Assistant/frontend/src/services/analytics.ts:49:7) {
  code: [32m'ERR_NETWORK'[39m,
  config: {
    transitional: {
      silentJSONParsing: [33mtrue[39m,
      forcedJSONParsing: [33mtrue[39m,
      clarifyTimeoutError: [33mfalse[39m
    },
    adapter: [ [32m'xhr'[39m, [32m'http'[39m, 
[32m'fetch'[39m ],
    transformRequest: [ [36m[Function: 
transformRequest][39m ],
    transformResponse: [ [36m[Function: 
transformResponse][39m ],
    timeout: [33m0[39m,
    xsrfCookieName: [32m'XSRF-TOKEN'[39m,
    xsrfHeaderName: [32m'X-XSRF-TOKEN'[39m,
    maxContentLength: [33m-1[39m,
    maxBodyLength: [33m-1[39m,
    env: { FormData: [36m[Function][39m, Blob: [36m[class 
Blob][39m },
    validateStatus: [36m[Function: validateStatus][39m,
    headers: Object [AxiosHeaders] {
      Accept: [32m'application/json, text/plain, */*'[39m,
      [32m'Content-Type'[39m: [32m'application/json'[39m
    },
    baseURL: [32m'http://localhost:8000'[39m,
    method: [32m'post'[39m,
    url: [32m'/analytics/events'[39m,
    data: [32m'{"event_type":"view","event_category":"page","
metadata":{"page":"Dashboard"}}'[39m,
    allowAbsoluteUrls: [33mtrue[39m
  },
  request: XMLHttpRequest {},
  event: ProgressEvent { isTrusted: [36m[Getter][39m }
}

[90mstderr[2m | src/pages/__tests__/DashboardPage.test.tsx
[22m[39mFailed to track analytics event: AxiosError: 
Network Error
    at XMLHttpRequest.handleError [90m(file:///C:/Projects/Di
agnosticCodeAssistant/frontend/[39mnode_modules/[4maxios[24
m/lib/adapters/xhr.js:112:20[90m)[39m
    at XMLHttpRequest.invokeTheCallbackFunction [90m(C:\Proje
cts\DiagnosticCodeAssistant\frontend\[39mnode_modules\[4mjsd
om[24m\lib\jsdom\living\generated\EventHandlerNonNull.js:14:2
8[90m)[39m
    at XMLHttpRequest.<anonymous> [90m(C:\Projects\Diagnostic
CodeAssistant\frontend\[39mnode_modules\[4mjsdom[24m\lib\js
dom\living\helpers\create-event-accessor.js:36:32[90m)[39m
    at innerInvokeEventListeners [90m(C:\Projects\DiagnosticC
odeAssistant\frontend\[39mnode_modules\[4mjsdom[24m\lib\jsd
om\living\events\EventTarget-impl.js:360:16[90m)[39m
    at invokeEventListeners [90m(C:\Projects\DiagnosticCodeAs
sistant\frontend\[39mnode_modules\[4mjsdom[24m\lib\jsdom\li
ving\events\EventTarget-impl.js:296:3[90m)[39m
    at XMLHttpRequestImpl._dispatch [90m(C:\Projects\Diagnost
icCodeAssistant\frontend\[39mnode_modules\[4mjsdom[24m\lib\
jsdom\living\events\EventTarget-impl.js:243:9[90m)[39m
    at fireAnEvent [90m(C:\Projects\DiagnosticCodeAssistant\f
rontend\[39mnode_modules\[4mjsdom[24m\lib\jsdom\living\help
ers\events.js:18:36[90m)[39m
    at requestErrorSteps [90m(C:\Projects\DiagnosticCodeAssis
tant\frontend\[39mnode_modules\[4mjsdom[24m\lib\jsdom\livin
g\xhr\xhr-utils.js:123:3[90m)[39m
    at Object.dispatchError [90m(C:\Projects\DiagnosticCodeAs
sistant\frontend\[39mnode_modules\[4mjsdom[24m\lib\jsdom\li
ving\xhr\xhr-utils.js:59:3[90m)[39m
    at Request.<anonymous> [90m(C:\Projects\DiagnosticCodeAss
istant\frontend\[39mnode_modules\[4mjsdom[24m\lib\jsdom\liv
ing\xhr\XMLHttpRequest-impl.js:655:18[90m)[39m
    at Axios.request [90m(file:///C:/Projects/DiagnosticCodeA
ssistant/frontend/[39mnode_modules/[4maxios[24m/lib/core/Ax
ios.js:45:41[90m)[39m
[90m    at processTicksAndRejections 
(node:internal/process/task_queues:105:5)[39m
    at AnalyticsService.trackEvent (C:/Projects/DiagnosticCode
Assistant/frontend/src/services/analytics.ts:49:7) {
  code: [32m'ERR_NETWORK'[39m,
  config: {
    transitional: {
      silentJSONParsing: [33mtrue[39m,
      forcedJSONParsing: [33mtrue[39m,
      clarifyTimeoutError: [33mfalse[39m
    },
    adapter: [ [32m'xhr'[39m, [32m'http'[39m, 
[32m'fetch'[39m ],
    transformRequest: [ [36m[Function: 
transformRequest][39m ],
    transformResponse: [ [36m[Function: 
transformResponse][39m ],
    timeout: [33m0[39m,
    xsrfCookieName: [32m'XSRF-TOKEN'[39m,
    xsrfHeaderName: [32m'X-XSRF-TOKEN'[39m,
    maxContentLength: [33m-1[39m,
    maxBodyLength: [33m-1[39m,
    env: { FormData: [36m[Function][39m, Blob: [36m[class 
Blob][39m },
    validateStatus: [36m[Function: validateStatus][39m,
    headers: Object [AxiosHeaders] {
      Accept: [32m'application/json, text/plain, */*'[39m,
      [32m'Content-Type'[39m: [32m'application/json'[39m
    },
    baseURL: [32m'http://localhost:8000'[39m,
    method: [32m'post'[39m,
    url: [32m'/analytics/events'[39m,
    data: [32m'{"event_type":"view","event_category":"page","
metadata":{"page":"Dashboard"}}'[39m,
    allowAbsoluteUrls: [33mtrue[39m
  },
  request: XMLHttpRequest {},
  event: ProgressEvent { isTrusted: [36m[Getter][39m }
}

[90mstderr[2m | src/pages/__tests__/DashboardPage.test.tsx
[22m[39mFailed to track analytics event: AxiosError: 
Network Error
    at XMLHttpRequest.handleError [90m(file:///C:/Projects/Di
agnosticCodeAssistant/frontend/[39mnode_modules/[4maxios[24
m/lib/adapters/xhr.js:112:20[90m)[39m
    at XMLHttpRequest.invokeTheCallbackFunction [90m(C:\Proje
cts\DiagnosticCodeAssistant\frontend\[39mnode_modules\[4mjsd
om[24m\lib\jsdom\living\generated\EventHandlerNonNull.js:14:2
8[90m)[39m
    at XMLHttpRequest.<anonymous> [90m(C:\Projects\Diagnostic
CodeAssistant\frontend\[39mnode_modules\[4mjsdom[24m\lib\js
dom\living\helpers\create-event-accessor.js:36:32[90m)[39m
    at innerInvokeEventListeners [90m(C:\Projects\DiagnosticC
odeAssistant\frontend\[39mnode_modules\[4mjsdom[24m\lib\jsd
om\living\events\EventTarget-impl.js:360:16[90m)[39m
    at invokeEventListeners [90m(C:\Projects\DiagnosticCodeAs
sistant\frontend\[39mnode_modules\[4mjsdom[24m\lib\jsdom\li
ving\events\EventTarget-impl.js:296:3[90m)[39m
    at XMLHttpRequestImpl._dispatch [90m(C:\Projects\Diagnost
icCodeAssistant\frontend\[39mnode_modules\[4mjsdom[24m\lib\
jsdom\living\events\EventTarget-impl.js:243:9[90m)[39m
    at fireAnEvent [90m(C:\Projects\DiagnosticCodeAssistant\f
rontend\[39mnode_modules\[4mjsdom[24m\lib\jsdom\living\help
ers\events.js:18:36[90m)[39m
    at requestErrorSteps [90m(C:\Projects\DiagnosticCodeAssis
tant\frontend\[39mnode_modules\[4mjsdom[24m\lib\jsdom\livin
g\xhr\xhr-utils.js:123:3[90m)[39m
    at Object.dispatchError [90m(C:\Projects\DiagnosticCodeAs
sistant\frontend\[39mnode_modules\[4mjsdom[24m\lib\jsdom\li
ving\xhr\xhr-utils.js:59:3[90m)[39m
    at Request.<anonymous> [90m(C:\Projects\DiagnosticCodeAss
istant\frontend\[39mnode_modules\[4mjsdom[24m\lib\jsdom\liv
ing\xhr\XMLHttpRequest-impl.js:655:18[90m)[39m
    at Axios.request [90m(file:///C:/Projects/DiagnosticCodeA
ssistant/frontend/[39mnode_modules/[4maxios[24m/lib/core/Ax
ios.js:45:41[90m)[39m
[90m    at processTicksAndRejections 
(node:internal/process/task_queues:105:5)[39m
    at AnalyticsService.trackEvent (C:/Projects/DiagnosticCode
Assistant/frontend/src/services/analytics.ts:49:7) {
  code: [32m'ERR_NETWORK'[39m,
  config: {
    transitional: {
      silentJSONParsing: [33mtrue[39m,
      forcedJSONParsing: [33mtrue[39m,
      clarifyTimeoutError: [33mfalse[39m
    },
    adapter: [ [32m'xhr'[39m, [32m'http'[39m, 
[32m'fetch'[39m ],
    transformRequest: [ [36m[Function: 
transformRequest][39m ],
    transformResponse: [ [36m[Function: 
transformResponse][39m ],
    timeout: [33m0[39m,
    xsrfCookieName: [32m'XSRF-TOKEN'[39m,
    xsrfHeaderName: [32m'X-XSRF-TOKEN'[39m,
    maxContentLength: [33m-1[39m,
    maxBodyLength: [33m-1[39m,
    env: { FormData: [36m[Function][39m, Blob: [36m[class 
Blob][39m },
    validateStatus: [36m[Function: validateStatus][39m,
    headers: Object [AxiosHeaders] {
      Accept: [32m'application/json, text/plain, */*'[39m,
      [32m'Content-Type'[39m: [32m'application/json'[39m
    },
    baseURL: [32m'http://localhost:8000'[39m,
    method: [32m'post'[39m,
    url: [32m'/analytics/events'[39m,
    data: [32m'{"event_type":"view","event_category":"page","
metadata":{"page":"Dashboard"}}'[39m,
    allowAbsoluteUrls: [33mtrue[39m
  },
  request: XMLHttpRequest {},
  event: ProgressEvent { isTrusted: [36m[Getter][39m }
}

[90mstderr[2m | src/pages/__tests__/DashboardPage.test.tsx
[22m[39mFailed to track analytics event: AxiosError: 
Network Error
    at XMLHttpRequest.handleError [90m(file:///C:/Projects/Di
agnosticCodeAssistant/frontend/[39mnode_modules/[4maxios[24
m/lib/adapters/xhr.js:112:20[90m)[39m
    at XMLHttpRequest.invokeTheCallbackFunction [90m(C:\Proje
cts\DiagnosticCodeAssistant\frontend\[39mnode_modules\[4mjsd
om[24m\lib\jsdom\living\generated\EventHandlerNonNull.js:14:2
8[90m)[39m
    at XMLHttpRequest.<anonymous> [90m(C:\Projects\Diagnostic
CodeAssistant\frontend\[39mnode_modules\[4mjsdom[24m\lib\js
dom\living\helpers\create-event-accessor.js:36:32[90m)[39m
    at innerInvokeEventListeners [90m(C:\Projects\DiagnosticC
odeAssistant\frontend\[39mnode_modules\[4mjsdom[24m\lib\jsd
om\living\events\EventTarget-impl.js:360:16[90m)[39m
    at invokeEventListeners [90m(C:\Projects\DiagnosticCodeAs
sistant\frontend\[39mnode_modules\[4mjsdom[24m\lib\jsdom\li
ving\events\EventTarget-impl.js:296:3[90m)[39m
    at XMLHttpRequestImpl._dispatch [90m(C:\Projects\Diagnost
icCodeAssistant\frontend\[39mnode_modules\[4mjsdom[24m\lib\
jsdom\living\events\EventTarget-impl.js:243:9[90m)[39m
    at fireAnEvent [90m(C:\Projects\DiagnosticCodeAssistant\f
rontend\[39mnode_modules\[4mjsdom[24m\lib\jsdom\living\help
ers\events.js:18:36[90m)[39m
    at requestErrorSteps [90m(C:\Projects\DiagnosticCodeAssis
tant\frontend\[39mnode_modules\[4mjsdom[24m\lib\jsdom\livin
g\xhr\xhr-utils.js:123:3[90m)[39m
    at Object.dispatchError [90m(C:\Projects\DiagnosticCodeAs
sistant\frontend\[39mnode_modules\[4mjsdom[24m\lib\jsdom\li
ving\xhr\xhr-utils.js:59:3[90m)[39m
    at Request.<anonymous> [90m(C:\Projects\DiagnosticCodeAss
istant\frontend\[39mnode_modules\[4mjsdom[24m\lib\jsdom\liv
ing\xhr\XMLHttpRequest-impl.js:655:18[90m)[39m
    at Axios.request [90m(file:///C:/Projects/DiagnosticCodeA
ssistant/frontend/[39mnode_modules/[4maxios[24m/lib/core/Ax
ios.js:45:41[90m)[39m
[90m    at processTicksAndRejections 
(node:internal/process/task_queues:105:5)[39m
    at AnalyticsService.trackEvent (C:/Projects/DiagnosticCode
Assistant/frontend/src/services/analytics.ts:49:7) {
  code: [32m'ERR_NETWORK'[39m,
  config: {
    transitional: {
      silentJSONParsing: [33mtrue[39m,
      forcedJSONParsing: [33mtrue[39m,
      clarifyTimeoutError: [33mfalse[39m
    },
    adapter: [ [32m'xhr'[39m, [32m'http'[39m, 
[32m'fetch'[39m ],
    transformRequest: [ [36m[Function: 
transformRequest][39m ],
    transformResponse: [ [36m[Function: 
transformResponse][39m ],
    timeout: [33m0[39m,
    xsrfCookieName: [32m'XSRF-TOKEN'[39m,
    xsrfHeaderName: [32m'X-XSRF-TOKEN'[39m,
    maxContentLength: [33m-1[39m,
    maxBodyLength: [33m-1[39m,
    env: { FormData: [36m[Function][39m, Blob: [36m[class 
Blob][39m },
    validateStatus: [36m[Function: validateStatus][39m,
    headers: Object [AxiosHeaders] {
      Accept: [32m'application/json, text/plain, */*'[39m,
      [32m'Content-Type'[39m: [32m'application/json'[39m
    },
    baseURL: [32m'http://localhost:8000'[39m,
    method: [32m'post'[39m,
    url: [32m'/analytics/events'[39m,
    data: [32m'{"event_type":"view","event_category":"page","
metadata":{"page":"Dashboard"}}'[39m,
    allowAbsoluteUrls: [33mtrue[39m
  },
  request: XMLHttpRequest {},
  event: ProgressEvent { isTrusted: [36m[Getter][39m }
}

[90mstderr[2m | src/pages/__tests__/DashboardPage.test.tsx
[22m[39mFailed to track analytics event: AxiosError: 
Network Error
    at XMLHttpRequest.handleError [90m(file:///C:/Projects/Di
agnosticCodeAssistant/frontend/[39mnode_modules/[4maxios[24
m/lib/adapters/xhr.js:112:20[90m)[39m
    at XMLHttpRequest.invokeTheCallbackFunction [90m(C:\Proje
cts\DiagnosticCodeAssistant\frontend\[39mnode_modules\[4mjsd
om[24m\lib\jsdom\living\generated\EventHandlerNonNull.js:14:2
8[90m)[39m
    at XMLHttpRequest.<anonymous> [90m(C:\Projects\Diagnostic
CodeAssistant\frontend\[39mnode_modules\[4mjsdom[24m\lib\js
dom\living\helpers\create-event-accessor.js:36:32[90m)[39m
    at innerInvokeEventListeners [90m(C:\Projects\DiagnosticC
odeAssistant\frontend\[39mnode_modules\[4mjsdom[24m\lib\jsd
om\living\events\EventTarget-impl.js:360:16[90m)[39m
    at invokeEventListeners [90m(C:\Projects\DiagnosticCodeAs
sistant\frontend\[39mnode_modules\[4mjsdom[24m\lib\jsdom\li
ving\events\EventTarget-impl.js:296:3[90m)[39m
    at XMLHttpRequestImpl._dispatch [90m(C:\Projects\Diagnost
icCodeAssistant\frontend\[39mnode_modules\[4mjsdom[24m\lib\
jsdom\living\events\EventTarget-impl.js:243:9[90m)[39m
    at fireAnEvent [90m(C:\Projects\DiagnosticCodeAssistant\f
rontend\[39mnode_modules\[4mjsdom[24m\lib\jsdom\living\help
ers\events.js:18:36[90m)[39m
    at requestErrorSteps [90m(C:\Projects\DiagnosticCodeAssis
tant\frontend\[39mnode_modules\[4mjsdom[24m\lib\jsdom\livin
g\xhr\xhr-utils.js:123:3[90m)[39m
    at Object.dispatchError [90m(C:\Projects\DiagnosticCodeAs
sistant\frontend\[39mnode_modules\[4mjsdom[24m\lib\jsdom\li
ving\xhr\xhr-utils.js:59:3[90m)[39m
    at Request.<anonymous> [90m(C:\Projects\DiagnosticCodeAss
istant\frontend\[39mnode_modules\[4mjsdom[24m\lib\jsdom\liv
ing\xhr\XMLHttpRequest-impl.js:655:18[90m)[39m
    at Axios.request [90m(file:///C:/Projects/DiagnosticCodeA
ssistant/frontend/[39mnode_modules/[4maxios[24m/lib/core/Ax
ios.js:45:41[90m)[39m
[90m    at processTicksAndRejections 
(node:internal/process/task_queues:105:5)[39m
    at AnalyticsService.trackEvent (C:/Projects/DiagnosticCode
Assistant/frontend/src/services/analytics.ts:49:7) {
  code: [32m'ERR_NETWORK'[39m,
  config: {
    transitional: {
      silentJSONParsing: [33mtrue[39m,
      forcedJSONParsing: [33mtrue[39m,
      clarifyTimeoutError: [33mfalse[39m
    },
    adapter: [ [32m'xhr'[39m, [32m'http'[39m, 
[32m'fetch'[39m ],
    transformRequest: [ [36m[Function: 
transformRequest][39m ],
    transformResponse: [ [36m[Function: 
transformResponse][39m ],
    timeout: [33m0[39m,
    xsrfCookieName: [32m'XSRF-TOKEN'[39m,
    xsrfHeaderName: [32m'X-XSRF-TOKEN'[39m,
    maxContentLength: [33m-1[39m,
    maxBodyLength: [33m-1[39m,
    env: { FormData: [36m[Function][39m, Blob: [36m[class 
Blob][39m },
    validateStatus: [36m[Function: validateStatus][39m,
    headers: Object [AxiosHeaders] {
      Accept: [32m'application/json, text/plain, */*'[39m,
      [32m'Content-Type'[39m: [32m'application/json'[39m
    },
    baseURL: [32m'http://localhost:8000'[39m,
    method: [32m'post'[39m,
    url: [32m'/analytics/events'[39m,
    data: [32m'{"event_type":"view","event_category":"page","
metadata":{"page":"Dashboard"}}'[39m,
    allowAbsoluteUrls: [33mtrue[39m
  },
  request: XMLHttpRequest {},
  event: ProgressEvent { isTrusted: [36m[Getter][39m }
}

[90mstderr[2m | src/pages/__tests__/DashboardPage.test.tsx
[22m[39mFailed to track analytics event: AxiosError: 
Network Error
    at XMLHttpRequest.handleError [90m(file:///C:/Projects/Di
agnosticCodeAssistant/frontend/[39mnode_modules/[4maxios[24
m/lib/adapters/xhr.js:112:20[90m)[39m
    at XMLHttpRequest.invokeTheCallbackFunction [90m(C:\Proje
cts\DiagnosticCodeAssistant\frontend\[39mnode_modules\[4mjsd
om[24m\lib\jsdom\living\generated\EventHandlerNonNull.js:14:2
8[90m)[39m
    at XMLHttpRequest.<anonymous> [90m(C:\Projects\Diagnostic
CodeAssistant\frontend\[39mnode_modules\[4mjsdom[24m\lib\js
dom\living\helpers\create-event-accessor.js:36:32[90m)[39m
    at innerInvokeEventListeners [90m(C:\Projects\DiagnosticC
odeAssistant\frontend\[39mnode_modules\[4mjsdom[24m\lib\jsd
om\living\events\EventTarget-impl.js:360:16[90m)[39m
    at invokeEventListeners [90m(C:\Projects\DiagnosticCodeAs
sistant\frontend\[39mnode_modules\[4mjsdom[24m\lib\jsdom\li
ving\events\EventTarget-impl.js:296:3[90m)[39m
    at XMLHttpRequestImpl._dispatch [90m(C:\Projects\Diagnost
icCodeAssistant\frontend\[39mnode_modules\[4mjsdom[24m\lib\
jsdom\living\events\EventTarget-impl.js:243:9[90m)[39m
    at fireAnEvent [90m(C:\Projects\DiagnosticCodeAssistant\f
rontend\[39mnode_modules\[4mjsdom[24m\lib\jsdom\living\help
ers\events.js:18:36[90m)[39m
    at requestErrorSteps [90m(C:\Projects\DiagnosticCodeAssis
tant\frontend\[39mnode_modules\[4mjsdom[24m\lib\jsdom\livin
g\xhr\xhr-utils.js:123:3[90m)[39m
    at Object.dispatchError [90m(C:\Projects\DiagnosticCodeAs
sistant\frontend\[39mnode_modules\[4mjsdom[24m\lib\jsdom\li
ving\xhr\xhr-utils.js:59:3[90m)[39m
    at Request.<anonymous> [90m(C:\Projects\DiagnosticCodeAss
istant\frontend\[39mnode_modules\[4mjsdom[24m\lib\jsdom\liv
ing\xhr\XMLHttpRequest-impl.js:655:18[90m)[39m
    at Axios.request [90m(file:///C:/Projects/DiagnosticCodeA
ssistant/frontend/[39mnode_modules/[4maxios[24m/lib/core/Ax
ios.js:45:41[90m)[39m
[90m    at processTicksAndRejections 
(node:internal/process/task_queues:105:5)[39m
    at AnalyticsService.trackEvent (C:/Projects/DiagnosticCode
Assistant/frontend/src/services/analytics.ts:49:7) {
  code: [32m'ERR_NETWORK'[39m,
  config: {
    transitional: {
      silentJSONParsing: [33mtrue[39m,
      forcedJSONParsing: [33mtrue[39m,
      clarifyTimeoutError: [33mfalse[39m
    },
    adapter: [ [32m'xhr'[39m, [32m'http'[39m, 
[32m'fetch'[39m ],
    transformRequest: [ [36m[Function: 
transformRequest][39m ],
    transformResponse: [ [36m[Function: 
transformResponse][39m ],
    timeout: [33m0[39m,
    xsrfCookieName: [32m'XSRF-TOKEN'[39m,
    xsrfHeaderName: [32m'X-XSRF-TOKEN'[39m,
    maxContentLength: [33m-1[39m,
    maxBodyLength: [33m-1[39m,
    env: { FormData: [36m[Function][39m, Blob: [36m[class 
Blob][39m },
    validateStatus: [36m[Function: validateStatus][39m,
    headers: Object [AxiosHeaders] {
      Accept: [32m'application/json, text/plain, */*'[39m,
      [32m'Content-Type'[39m: [32m'application/json'[39m
    },
    baseURL: [32m'http://localhost:8000'[39m,
    method: [32m'post'[39m,
    url: [32m'/analytics/events'[39m,
    data: [32m'{"event_type":"view","event_category":"page","
metadata":{"page":"Dashboard"}}'[39m,
    allowAbsoluteUrls: [33mtrue[39m
  },
  request: XMLHttpRequest {},
  event: ProgressEvent { isTrusted: [36m[Getter][39m }
}

[90mstderr[2m | src/pages/__tests__/DashboardPage.test.tsx
[22m[39mFailed to track analytics event: AxiosError: 
Network Error
    at XMLHttpRequest.handleError [90m(file:///C:/Projects/Di
agnosticCodeAssistant/frontend/[39mnode_modules/[4maxios[24
m/lib/adapters/xhr.js:112:20[90m)[39m
    at XMLHttpRequest.invokeTheCallbackFunction [90m(C:\Proje
cts\DiagnosticCodeAssistant\frontend\[39mnode_modules\[4mjsd
om[24m\lib\jsdom\living\generated\EventHandlerNonNull.js:14:2
8[90m)[39m
    at XMLHttpRequest.<anonymous> [90m(C:\Projects\Diagnostic
CodeAssistant\frontend\[39mnode_modules\[4mjsdom[24m\lib\js
dom\living\helpers\create-event-accessor.js:36:32[90m)[39m
    at innerInvokeEventListeners [90m(C:\Projects\DiagnosticC
odeAssistant\frontend\[39mnode_modules\[4mjsdom[24m\lib\jsd
om\living\events\EventTarget-impl.js:360:16[90m)[39m
    at invokeEventListeners [90m(C:\Projects\DiagnosticCodeAs
sistant\frontend\[39mnode_modules\[4mjsdom[24m\lib\jsdom\li
ving\events\EventTarget-impl.js:296:3[90m)[39m
    at XMLHttpRequestImpl._dispatch [90m(C:\Projects\Diagnost
icCodeAssistant\frontend\[39mnode_modules\[4mjsdom[24m\lib\
jsdom\living\events\EventTarget-impl.js:243:9[90m)[39m
    at fireAnEvent [90m(C:\Projects\DiagnosticCodeAssistant\f
rontend\[39mnode_modules\[4mjsdom[24m\lib\jsdom\living\help
ers\events.js:18:36[90m)[39m
    at requestErrorSteps [90m(C:\Projects\DiagnosticCodeAssis
tant\frontend\[39mnode_modules\[4mjsdom[24m\lib\jsdom\livin
g\xhr\xhr-utils.js:123:3[90m)[39m
    at Object.dispatchError [90m(C:\Projects\DiagnosticCodeAs
sistant\frontend\[39mnode_modules\[4mjsdom[24m\lib\jsdom\li
ving\xhr\xhr-utils.js:59:3[90m)[39m
    at Request.<anonymous> [90m(C:\Projects\DiagnosticCodeAss
istant\frontend\[39mnode_modules\[4mjsdom[24m\lib\jsdom\liv
ing\xhr\XMLHttpRequest-impl.js:655:18[90m)[39m
    at Axios.request [90m(file:///C:/Projects/DiagnosticCodeA
ssistant/frontend/[39mnode_modules/[4maxios[24m/lib/core/Ax
ios.js:45:41[90m)[39m
[90m    at processTicksAndRejections 
(node:internal/process/task_queues:105:5)[39m
    at AnalyticsService.trackEvent (C:/Projects/DiagnosticCode
Assistant/frontend/src/services/analytics.ts:49:7) {
  code: [32m'ERR_NETWORK'[39m,
  config: {
    transitional: {
      silentJSONParsing: [33mtrue[39m,
      forcedJSONParsing: [33mtrue[39m,
      clarifyTimeoutError: [33mfalse[39m
    },
    adapter: [ [32m'xhr'[39m, [32m'http'[39m, 
[32m'fetch'[39m ],
    transformRequest: [ [36m[Function: 
transformRequest][39m ],
    transformResponse: [ [36m[Function: 
transformResponse][39m ],
    timeout: [33m0[39m,
    xsrfCookieName: [32m'XSRF-TOKEN'[39m,
    xsrfHeaderName: [32m'X-XSRF-TOKEN'[39m,
    maxContentLength: [33m-1[39m,
    maxBodyLength: [33m-1[39m,
    env: { FormData: [36m[Function][39m, Blob: [36m[class 
Blob][39m },
    validateStatus: [36m[Function: validateStatus][39m,
    headers: Object [AxiosHeaders] {
      Accept: [32m'application/json, text/plain, */*'[39m,
      [32m'Content-Type'[39m: [32m'application/json'[39m
    },
    baseURL: [32m'http://localhost:8000'[39m,
    method: [32m'post'[39m,
    url: [32m'/analytics/events'[39m,
    data: [32m'{"event_type":"view","event_category":"page","
metadata":{"page":"Dashboard"}}'[39m,
    allowAbsoluteUrls: [33mtrue[39m
  },
  request: XMLHttpRequest {},
  event: ProgressEvent { isTrusted: [36m[Getter][39m }
}

[90mstderr[2m | src/pages/__tests__/DashboardPage.test.tsx
[22m[39mFailed to track analytics event: AxiosError: 
Network Error
    at XMLHttpRequest.handleError [90m(file:///C:/Projects/Di
agnosticCodeAssistant/frontend/[39mnode_modules/[4maxios[24
m/lib/adapters/xhr.js:112:20[90m)[39m
    at XMLHttpRequest.invokeTheCallbackFunction [90m(C:\Proje
cts\DiagnosticCodeAssistant\frontend\[39mnode_modules\[4mjsd
om[24m\lib\jsdom\living\generated\EventHandlerNonNull.js:14:2
8[90m)[39m
    at XMLHttpRequest.<anonymous> [90m(C:\Projects\Diagnostic
CodeAssistant\frontend\[39mnode_modules\[4mjsdom[24m\lib\js
dom\living\helpers\create-event-accessor.js:36:32[90m)[39m
    at innerInvokeEventListeners [90m(C:\Projects\DiagnosticC
odeAssistant\frontend\[39mnode_modules\[4mjsdom[24m\lib\jsd
om\living\events\EventTarget-impl.js:360:16[90m)[39m
    at invokeEventListeners [90m(C:\Projects\DiagnosticCodeAs
sistant\frontend\[39mnode_modules\[4mjsdom[24m\lib\jsdom\li
ving\events\EventTarget-impl.js:296:3[90m)[39m
    at XMLHttpRequestImpl._dispatch [90m(C:\Projects\Diagnost
icCodeAssistant\frontend\[39mnode_modules\[4mjsdom[24m\lib\
jsdom\living\events\EventTarget-impl.js:243:9[90m)[39m
    at fireAnEvent [90m(C:\Projects\DiagnosticCodeAssistant\f
rontend\[39mnode_modules\[4mjsdom[24m\lib\jsdom\living\help
ers\events.js:18:36[90m)[39m
    at requestErrorSteps [90m(C:\Projects\DiagnosticCodeAssis
tant\frontend\[39mnode_modules\[4mjsdom[24m\lib\jsdom\livin
g\xhr\xhr-utils.js:123:3[90m)[39m
    at Object.dispatchError [90m(C:\Projects\DiagnosticCodeAs
sistant\frontend\[39mnode_modules\[4mjsdom[24m\lib\jsdom\li
ving\xhr\xhr-utils.js:59:3[90m)[39m
    at Request.<anonymous> [90m(C:\Projects\DiagnosticCodeAss
istant\frontend\[39mnode_modules\[4mjsdom[24m\lib\jsdom\liv
ing\xhr\XMLHttpRequest-impl.js:655:18[90m)[39m
    at Axios.request [90m(file:///C:/Projects/DiagnosticCodeA
ssistant/frontend/[39mnode_modules/[4maxios[24m/lib/core/Ax
ios.js:45:41[90m)[39m
[90m    at processTicksAndRejections 
(node:internal/process/task_queues:105:5)[39m
    at AnalyticsService.trackEvent (C:/Projects/DiagnosticCode
Assistant/frontend/src/services/analytics.ts:49:7) {
  code: [32m'ERR_NETWORK'[39m,
  config: {
    transitional: {
      silentJSONParsing: [33mtrue[39m,
      forcedJSONParsing: [33mtrue[39m,
      clarifyTimeoutError: [33mfalse[39m
    },
    adapter: [ [32m'xhr'[39m, [32m'http'[39m, 
[32m'fetch'[39m ],
    transformRequest: [ [36m[Function: 
transformRequest][39m ],
    transformResponse: [ [36m[Function: 
transformResponse][39m ],
    timeout: [33m0[39m,
    xsrfCookieName: [32m'XSRF-TOKEN'[39m,
    xsrfHeaderName: [32m'X-XSRF-TOKEN'[39m,
    maxContentLength: [33m-1[39m,
    maxBodyLength: [33m-1[39m,
    env: { FormData: [36m[Function][39m, Blob: [36m[class 
Blob][39m },
    validateStatus: [36m[Function: validateStatus][39m,
    headers: Object [AxiosHeaders] {
      Accept: [32m'application/json, text/plain, */*'[39m,
      [32m'Content-Type'[39m: [32m'application/json'[39m
    },
    baseURL: [32m'http://localhost:8000'[39m,
    method: [32m'post'[39m,
    url: [32m'/analytics/events'[39m,
    data: [32m'{"event_type":"view","event_category":"page","
metadata":{"page":"Dashboard"}}'[39m,
    allowAbsoluteUrls: [33mtrue[39m
  },
  request: XMLHttpRequest {},
  event: ProgressEvent { isTrusted: [36m[Getter][39m }
}

[90mstderr[2m | src/pages/__tests__/DashboardPage.test.tsx
[22m[39mFailed to track analytics event: AxiosError: 
Network Error
    at XMLHttpRequest.handleError [90m(file:///C:/Projects/Di
agnosticCodeAssistant/frontend/[39mnode_modules/[4maxios[24
m/lib/adapters/xhr.js:112:20[90m)[39m
    at XMLHttpRequest.invokeTheCallbackFunction [90m(C:\Proje
cts\DiagnosticCodeAssistant\frontend\[39mnode_modules\[4mjsd
om[24m\lib\jsdom\living\generated\EventHandlerNonNull.js:14:2
8[90m)[39m
    at XMLHttpRequest.<anonymous> [90m(C:\Projects\Diagnostic
CodeAssistant\frontend\[39mnode_modules\[4mjsdom[24m\lib\js
dom\living\helpers\create-event-accessor.js:36:32[90m)[39m
    at innerInvokeEventListeners [90m(C:\Projects\DiagnosticC
odeAssistant\frontend\[39mnode_modules\[4mjsdom[24m\lib\jsd
om\living\events\EventTarget-impl.js:360:16[90m)[39m
    at invokeEventListeners [90m(C:\Projects\DiagnosticCodeAs
sistant\frontend\[39mnode_modules\[4mjsdom[24m\lib\jsdom\li
ving\events\EventTarget-impl.js:296:3[90m)[39m
    at XMLHttpRequestImpl._dispatch [90m(C:\Projects\Diagnost
icCodeAssistant\frontend\[39mnode_modules\[4mjsdom[24m\lib\
jsdom\living\events\EventTarget-impl.js:243:9[90m)[39m
    at fireAnEvent [90m(C:\Projects\DiagnosticCodeAssistant\f
rontend\[39mnode_modules\[4mjsdom[24m\lib\jsdom\living\help
ers\events.js:18:36[90m)[39m
    at requestErrorSteps [90m(C:\Projects\DiagnosticCodeAssis
tant\frontend\[39mnode_modules\[4mjsdom[24m\lib\jsdom\livin
g\xhr\xhr-utils.js:123:3[90m)[39m
    at Object.dispatchError [90m(C:\Projects\DiagnosticCodeAs
sistant\frontend\[39mnode_modules\[4mjsdom[24m\lib\jsdom\li
ving\xhr\xhr-utils.js:59:3[90m)[39m
    at Request.<anonymous> [90m(C:\Projects\DiagnosticCodeAss
istant\frontend\[39mnode_modules\[4mjsdom[24m\lib\jsdom\liv
ing\xhr\XMLHttpRequest-impl.js:655:18[90m)[39m
    at Axios.request [90m(file:///C:/Projects/DiagnosticCodeA
ssistant/frontend/[39mnode_modules/[4maxios[24m/lib/core/Ax
ios.js:45:41[90m)[39m
[90m    at processTicksAndRejections 
(node:internal/process/task_queues:105:5)[39m
    at AnalyticsService.trackEvent (C:/Projects/DiagnosticCode
Assistant/frontend/src/services/analytics.ts:49:7) {
  code: [32m'ERR_NETWORK'[39m,
  config: {
    transitional: {
      silentJSONParsing: [33mtrue[39m,
      forcedJSONParsing: [33mtrue[39m,
      clarifyTimeoutError: [33mfalse[39m
    },
    adapter: [ [32m'xhr'[39m, [32m'http'[39m, 
[32m'fetch'[39m ],
    transformRequest: [ [36m[Function: 
transformRequest][39m ],
    transformResponse: [ [36m[Function: 
transformResponse][39m ],
    timeout: [33m0[39m,
    xsrfCookieName: [32m'XSRF-TOKEN'[39m,
    xsrfHeaderName: [32m'X-XSRF-TOKEN'[39m,
    maxContentLength: [33m-1[39m,
    maxBodyLength: [33m-1[39m,
    env: { FormData: [36m[Function][39m, Blob: [36m[class 
Blob][39m },
    validateStatus: [36m[Function: validateStatus][39m,
    headers: Object [AxiosHeaders] {
      Accept: [32m'application/json, text/plain, */*'[39m,
      [32m'Content-Type'[39m: [32m'application/json'[39m
    },
    baseURL: [32m'http://localhost:8000'[39m,
    method: [32m'post'[39m,
    url: [32m'/analytics/events'[39m,
    data: [32m'{"event_type":"view","event_category":"page","
metadata":{"page":"Dashboard"}}'[39m,
    allowAbsoluteUrls: [33mtrue[39m
  },
  request: XMLHttpRequest {},
  event: ProgressEvent { isTrusted: [36m[Getter][39m }
}

[90mstderr[2m | src/pages/__tests__/DashboardPage.test.tsx
[22m[39mFailed to track analytics event: AxiosError: 
Network Error
    at XMLHttpRequest.handleError [90m(file:///C:/Projects/Di
agnosticCodeAssistant/frontend/[39mnode_modules/[4maxios[24
m/lib/adapters/xhr.js:112:20[90m)[39m
    at XMLHttpRequest.invokeTheCallbackFunction [90m(C:\Proje
cts\DiagnosticCodeAssistant\frontend\[39mnode_modules\[4mjsd
om[24m\lib\jsdom\living\generated\EventHandlerNonNull.js:14:2
8[90m)[39m
    at XMLHttpRequest.<anonymous> [90m(C:\Projects\Diagnostic
CodeAssistant\frontend\[39mnode_modules\[4mjsdom[24m\lib\js
dom\living\helpers\create-event-accessor.js:36:32[90m)[39m
    at innerInvokeEventListeners [90m(C:\Projects\DiagnosticC
odeAssistant\frontend\[39mnode_modules\[4mjsdom[24m\lib\jsd
om\living\events\EventTarget-impl.js:360:16[90m)[39m
    at invokeEventListeners [90m(C:\Projects\DiagnosticCodeAs
sistant\frontend\[39mnode_modules\[4mjsdom[24m\lib\jsdom\li
ving\events\EventTarget-impl.js:296:3[90m)[39m
    at XMLHttpRequestImpl._dispatch [90m(C:\Projects\Diagnost
icCodeAssistant\frontend\[39mnode_modules\[4mjsdom[24m\lib\
jsdom\living\events\EventTarget-impl.js:243:9[90m)[39m
    at fireAnEvent [90m(C:\Projects\DiagnosticCodeAssistant\f
rontend\[39mnode_modules\[4mjsdom[24m\lib\jsdom\living\help
ers\events.js:18:36[90m)[39m
    at requestErrorSteps [90m(C:\Projects\DiagnosticCodeAssis
tant\frontend\[39mnode_modules\[4mjsdom[24m\lib\jsdom\livin
g\xhr\xhr-utils.js:123:3[90m)[39m
    at Object.dispatchError [90m(C:\Projects\DiagnosticCodeAs
sistant\frontend\[39mnode_modules\[4mjsdom[24m\lib\jsdom\li
ving\xhr\xhr-utils.js:59:3[90m)[39m
    at Request.<anonymous> [90m(C:\Projects\DiagnosticCodeAss
istant\frontend\[39mnode_modules\[4mjsdom[24m\lib\jsdom\liv
ing\xhr\XMLHttpRequest-impl.js:655:18[90m)[39m
    at Axios.request [90m(file:///C:/Projects/DiagnosticCodeA
ssistant/frontend/[39mnode_modules/[4maxios[24m/lib/core/Ax
ios.js:45:41[90m)[39m
[90m    at processTicksAndRejections 
(node:internal/process/task_queues:105:5)[39m
    at AnalyticsService.trackEvent (C:/Projects/DiagnosticCode
Assistant/frontend/src/services/analytics.ts:49:7) {
  code: [32m'ERR_NETWORK'[39m,
  config: {
    transitional: {
      silentJSONParsing: [33mtrue[39m,
      forcedJSONParsing: [33mtrue[39m,
      clarifyTimeoutError: [33mfalse[39m
    },
    adapter: [ [32m'xhr'[39m, [32m'http'[39m, 
[32m'fetch'[39m ],
    transformRequest: [ [36m[Function: 
transformRequest][39m ],
    transformResponse: [ [36m[Function: 
transformResponse][39m ],
    timeout: [33m0[39m,
    xsrfCookieName: [32m'XSRF-TOKEN'[39m,
    xsrfHeaderName: [32m'X-XSRF-TOKEN'[39m,
    maxContentLength: [33m-1[39m,
    maxBodyLength: [33m-1[39m,
    env: { FormData: [36m[Function][39m, Blob: [36m[class 
Blob][39m },
    validateStatus: [36m[Function: validateStatus][39m,
    headers: Object [AxiosHeaders] {
      Accept: [32m'application/json, text/plain, */*'[39m,
      [32m'Content-Type'[39m: [32m'application/json'[39m
    },
    baseURL: [32m'http://localhost:8000'[39m,
    method: [32m'post'[39m,
    url: [32m'/analytics/events'[39m,
    data: [32m'{"event_type":"view","event_category":"page","
metadata":{"page":"Dashboard"}}'[39m,
    allowAbsoluteUrls: [33mtrue[39m
  },
  request: XMLHttpRequest {},
  event: ProgressEvent { isTrusted: [36m[Getter][39m }
}

[90mstderr[2m | src/pages/__tests__/DashboardPage.test.tsx
[22m[39mFailed to track analytics event: AxiosError: 
Network Error
    at XMLHttpRequest.handleError [90m(file:///C:/Projects/Di
agnosticCodeAssistant/frontend/[39mnode_modules/[4maxios[24
m/lib/adapters/xhr.js:112:20[90m)[39m
    at XMLHttpRequest.invokeTheCallbackFunction [90m(C:\Proje
cts\DiagnosticCodeAssistant\frontend\[39mnode_modules\[4mjsd
om[24m\lib\jsdom\living\generated\EventHandlerNonNull.js:14:2
8[90m)[39m
    at XMLHttpRequest.<anonymous> [90m(C:\Projects\Diagnostic
CodeAssistant\frontend\[39mnode_modules\[4mjsdom[24m\lib\js
dom\living\helpers\create-event-accessor.js:36:32[90m)[39m
    at innerInvokeEventListeners [90m(C:\Projects\DiagnosticC
odeAssistant\frontend\[39mnode_modules\[4mjsdom[24m\lib\jsd
om\living\events\EventTarget-impl.js:360:16[90m)[39m
    at invokeEventListeners [90m(C:\Projects\DiagnosticCodeAs
sistant\frontend\[39mnode_modules\[4mjsdom[24m\lib\jsdom\li
ving\events\EventTarget-impl.js:296:3[90m)[39m
    at XMLHttpRequestImpl._dispatch [90m(C:\Projects\Diagnost
icCodeAssistant\frontend\[39mnode_modules\[4mjsdom[24m\lib\
jsdom\living\events\EventTarget-impl.js:243:9[90m)[39m
    at fireAnEvent [90m(C:\Projects\DiagnosticCodeAssistant\f
rontend\[39mnode_modules\[4mjsdom[24m\lib\jsdom\living\help
ers\events.js:18:36[90m)[39m
    at requestErrorSteps [90m(C:\Projects\DiagnosticCodeAssis
tant\frontend\[39mnode_modules\[4mjsdom[24m\lib\jsdom\livin
g\xhr\xhr-utils.js:123:3[90m)[39m
    at Object.dispatchError [90m(C:\Projects\DiagnosticCodeAs
sistant\frontend\[39mnode_modules\[4mjsdom[24m\lib\jsdom\li
ving\xhr\xhr-utils.js:59:3[90m)[39m
    at Request.<anonymous> [90m(C:\Projects\DiagnosticCodeAss
istant\frontend\[39mnode_modules\[4mjsdom[24m\lib\jsdom\liv
ing\xhr\XMLHttpRequest-impl.js:655:18[90m)[39m
    at Axios.request [90m(file:///C:/Projects/DiagnosticCodeA
ssistant/frontend/[39mnode_modules/[4maxios[24m/lib/core/Ax
ios.js:45:41[90m)[39m
[90m    at processTicksAndRejections 
(node:internal/process/task_queues:105:5)[39m
    at AnalyticsService.trackEvent (C:/Projects/DiagnosticCode
Assistant/frontend/src/services/analytics.ts:49:7) {
  code: [32m'ERR_NETWORK'[39m,
  config: {
    transitional: {
      silentJSONParsing: [33mtrue[39m,
      forcedJSONParsing: [33mtrue[39m,
      clarifyTimeoutError: [33mfalse[39m
    },
    adapter: [ [32m'xhr'[39m, [32m'http'[39m, 
[32m'fetch'[39m ],
    transformRequest: [ [36m[Function: 
transformRequest][39m ],
    transformResponse: [ [36m[Function: 
transformResponse][39m ],
    timeout: [33m0[39m,
    xsrfCookieName: [32m'XSRF-TOKEN'[39m,
    xsrfHeaderName: [32m'X-XSRF-TOKEN'[39m,
    maxContentLength: [33m-1[39m,
    maxBodyLength: [33m-1[39m,
    env: { FormData: [36m[Function][39m, Blob: [36m[class 
Blob][39m },
    validateStatus: [36m[Function: validateStatus][39m,
    headers: Object [AxiosHeaders] {
      Accept: [32m'application/json, text/plain, */*'[39m,
      [32m'Content-Type'[39m: [32m'application/json'[39m
    },
    baseURL: [32m'http://localhost:8000'[39m,
    method: [32m'post'[39m,
    url: [32m'/analytics/events'[39m,
    data: [32m'{"event_type":"view","event_category":"page","
metadata":{"page":"Dashboard"}}'[39m,
    allowAbsoluteUrls: [33mtrue[39m
  },
  request: XMLHttpRequest {},
  event: ProgressEvent { isTrusted: [36m[Getter][39m }
}

[90mstderr[2m | src/pages/__tests__/DashboardPage.test.tsx
[22m[39mFailed to track analytics event: AxiosError: 
Network Error
    at XMLHttpRequest.handleError [90m(file:///C:/Projects/Di
agnosticCodeAssistant/frontend/[39mnode_modules/[4maxios[24
m/lib/adapters/xhr.js:112:20[90m)[39m
    at XMLHttpRequest.invokeTheCallbackFunction [90m(C:\Proje
cts\DiagnosticCodeAssistant\frontend\[39mnode_modules\[4mjsd
om[24m\lib\jsdom\living\generated\EventHandlerNonNull.js:14:2
8[90m)[39m
    at XMLHttpRequest.<anonymous> [90m(C:\Projects\Diagnostic
CodeAssistant\frontend\[39mnode_modules\[4mjsdom[24m\lib\js
dom\living\helpers\create-event-accessor.js:36:32[90m)[39m
    at innerInvokeEventListeners [90m(C:\Projects\DiagnosticC
odeAssistant\frontend\[39mnode_modules\[4mjsdom[24m\lib\jsd
om\living\events\EventTarget-impl.js:360:16[90m)[39m
    at invokeEventListeners [90m(C:\Projects\DiagnosticCodeAs
sistant\frontend\[39mnode_modules\[4mjsdom[24m\lib\jsdom\li
ving\events\EventTarget-impl.js:296:3[90m)[39m
    at XMLHttpRequestImpl._dispatch [90m(C:\Projects\Diagnost
icCodeAssistant\frontend\[39mnode_modules\[4mjsdom[24m\lib\
jsdom\living\events\EventTarget-impl.js:243:9[90m)[39m
    at fireAnEvent [90m(C:\Projects\DiagnosticCodeAssistant\f
rontend\[39mnode_modules\[4mjsdom[24m\lib\jsdom\living\help
ers\events.js:18:36[90m)[39m
    at requestErrorSteps [90m(C:\Projects\DiagnosticCodeAssis
tant\frontend\[39mnode_modules\[4mjsdom[24m\lib\jsdom\livin
g\xhr\xhr-utils.js:123:3[90m)[39m
    at Object.dispatchError [90m(C:\Projects\DiagnosticCodeAs
sistant\frontend\[39mnode_modules\[4mjsdom[24m\lib\jsdom\li
ving\xhr\xhr-utils.js:59:3[90m)[39m
    at Request.<anonymous> [90m(C:\Projects\DiagnosticCodeAss
istant\frontend\[39mnode_modules\[4mjsdom[24m\lib\jsdom\liv
ing\xhr\XMLHttpRequest-impl.js:655:18[90m)[39m
    at Axios.request [90m(file:///C:/Projects/DiagnosticCodeA
ssistant/frontend/[39mnode_modules/[4maxios[24m/lib/core/Ax
ios.js:45:41[90m)[39m
[90m    at processTicksAndRejections 
(node:internal/process/task_queues:105:5)[39m
    at AnalyticsService.trackEvent (C:/Projects/DiagnosticCode
Assistant/frontend/src/services/analytics.ts:49:7) {
  code: [32m'ERR_NETWORK'[39m,
  config: {
    transitional: {
      silentJSONParsing: [33mtrue[39m,
      forcedJSONParsing: [33mtrue[39m,
      clarifyTimeoutError: [33mfalse[39m
    },
    adapter: [ [32m'xhr'[39m, [32m'http'[39m, 
[32m'fetch'[39m ],
    transformRequest: [ [36m[Function: 
transformRequest][39m ],
    transformResponse: [ [36m[Function: 
transformResponse][39m ],
    timeout: [33m0[39m,
    xsrfCookieName: [32m'XSRF-TOKEN'[39m,
    xsrfHeaderName: [32m'X-XSRF-TOKEN'[39m,
    maxContentLength: [33m-1[39m,
    maxBodyLength: [33m-1[39m,
    env: { FormData: [36m[Function][39m, Blob: [36m[class 
Blob][39m },
    validateStatus: [36m[Function: validateStatus][39m,
    headers: Object [AxiosHeaders] {
      Accept: [32m'application/json, text/plain, */*'[39m,
      [32m'Content-Type'[39m: [32m'application/json'[39m
    },
    baseURL: [32m'http://localhost:8000'[39m,
    method: [32m'post'[39m,
    url: [32m'/analytics/events'[39m,
    data: [32m'{"event_type":"view","event_category":"page","
metadata":{"page":"Dashboard"}}'[39m,
    allowAbsoluteUrls: [33mtrue[39m
  },
  request: XMLHttpRequest {},
  event: ProgressEvent { isTrusted: [36m[Getter][39m }
}

[90mstderr[2m | src/pages/__tests__/DashboardPage.test.tsx
[22m[39mFailed to track analytics event: AxiosError: 
Network Error
    at XMLHttpRequest.handleError [90m(file:///C:/Projects/Di
agnosticCodeAssistant/frontend/[39mnode_modules/[4maxios[24
m/lib/adapters/xhr.js:112:20[90m)[39m
    at XMLHttpRequest.invokeTheCallbackFunction [90m(C:\Proje
cts\DiagnosticCodeAssistant\frontend\[39mnode_modules\[4mjsd
om[24m\lib\jsdom\living\generated\EventHandlerNonNull.js:14:2
8[90m)[39m
    at XMLHttpRequest.<anonymous> [90m(C:\Projects\Diagnostic
CodeAssistant\frontend\[39mnode_modules\[4mjsdom[24m\lib\js
dom\living\helpers\create-event-accessor.js:36:32[90m)[39m
    at innerInvokeEventListeners [90m(C:\Projects\DiagnosticC
odeAssistant\frontend\[39mnode_modules\[4mjsdom[24m\lib\jsd
om\living\events\EventTarget-impl.js:360:16[90m)[39m
    at invokeEventListeners [90m(C:\Projects\DiagnosticCodeAs
sistant\frontend\[39mnode_modules\[4mjsdom[24m\lib\jsdom\li
ving\events\EventTarget-impl.js:296:3[90m)[39m
    at XMLHttpRequestImpl._dispatch [90m(C:\Projects\Diagnost
icCodeAssistant\frontend\[39mnode_modules\[4mjsdom[24m\lib\
jsdom\living\events\EventTarget-impl.js:243:9[90m)[39m
    at fireAnEvent [90m(C:\Projects\DiagnosticCodeAssistant\f
rontend\[39mnode_modules\[4mjsdom[24m\lib\jsdom\living\help
ers\events.js:18:36[90m)[39m
    at requestErrorSteps [90m(C:\Projects\DiagnosticCodeAssis
tant\frontend\[39mnode_modules\[4mjsdom[24m\lib\jsdom\livin
g\xhr\xhr-utils.js:123:3[90m)[39m
    at Object.dispatchError [90m(C:\Projects\DiagnosticCodeAs
sistant\frontend\[39mnode_modules\[4mjsdom[24m\lib\jsdom\li
ving\xhr\xhr-utils.js:59:3[90m)[39m
    at Request.<anonymous> [90m(C:\Projects\DiagnosticCodeAss
istant\frontend\[39mnode_modules\[4mjsdom[24m\lib\jsdom\liv
ing\xhr\XMLHttpRequest-impl.js:655:18[90m)[39m
    at Axios.request [90m(file:///C:/Projects/DiagnosticCodeA
ssistant/frontend/[39mnode_modules/[4maxios[24m/lib/core/Ax
ios.js:45:41[90m)[39m
[90m    at processTicksAndRejections 
(node:internal/process/task_queues:105:5)[39m
    at AnalyticsService.trackEvent (C:/Projects/DiagnosticCode
Assistant/frontend/src/services/analytics.ts:49:7) {
  code: [32m'ERR_NETWORK'[39m,
  config: {
    transitional: {
      silentJSONParsing: [33mtrue[39m,
      forcedJSONParsing: [33mtrue[39m,
      clarifyTimeoutError: [33mfalse[39m
    },
    adapter: [ [32m'xhr'[39m, [32m'http'[39m, 
[32m'fetch'[39m ],
    transformRequest: [ [36m[Function: 
transformRequest][39m ],
    transformResponse: [ [36m[Function: 
transformResponse][39m ],
    timeout: [33m0[39m,
    xsrfCookieName: [32m'XSRF-TOKEN'[39m,
    xsrfHeaderName: [32m'X-XSRF-TOKEN'[39m,
    maxContentLength: [33m-1[39m,
    maxBodyLength: [33m-1[39m,
    env: { FormData: [36m[Function][39m, Blob: [36m[class 
Blob][39m },
    validateStatus: [36m[Function: validateStatus][39m,
    headers: Object [AxiosHeaders] {
      Accept: [32m'application/json, text/plain, */*'[39m,
      [32m'Content-Type'[39m: [32m'application/json'[39m
    },
    baseURL: [32m'http://localhost:8000'[39m,
    method: [32m'post'[39m,
    url: [32m'/analytics/events'[39m,
    data: [32m'{"event_type":"view","event_category":"page","
metadata":{"page":"Dashboard"}}'[39m,
    allowAbsoluteUrls: [33mtrue[39m
  },
  request: XMLHttpRequest {},
  event: ProgressEvent { isTrusted: [36m[Getter][39m }
}

[90mstderr[2m | src/pages/__tests__/DashboardPage.test.tsx
[22m[39mFailed to track analytics event: AxiosError: 
Network Error
    at XMLHttpRequest.handleError [90m(file:///C:/Projects/Di
agnosticCodeAssistant/frontend/[39mnode_modules/[4maxios[24
m/lib/adapters/xhr.js:112:20[90m)[39m
    at XMLHttpRequest.invokeTheCallbackFunction [90m(C:\Proje
cts\DiagnosticCodeAssistant\frontend\[39mnode_modules\[4mjsd
om[24m\lib\jsdom\living\generated\EventHandlerNonNull.js:14:2
8[90m)[39m
    at XMLHttpRequest.<anonymous> [90m(C:\Projects\Diagnostic
CodeAssistant\frontend\[39mnode_modules\[4mjsdom[24m\lib\js
dom\living\helpers\create-event-accessor.js:36:32[90m)[39m
    at innerInvokeEventListeners [90m(C:\Projects\DiagnosticC
odeAssistant\frontend\[39mnode_modules\[4mjsdom[24m\lib\jsd
om\living\events\EventTarget-impl.js:360:16[90m)[39m
    at invokeEventListeners [90m(C:\Projects\DiagnosticCodeAs
sistant\frontend\[39mnode_modules\[4mjsdom[24m\lib\jsdom\li
ving\events\EventTarget-impl.js:296:3[90m)[39m
    at XMLHttpRequestImpl._dispatch [90m(C:\Projects\Diagnost
icCodeAssistant\frontend\[39mnode_modules\[4mjsdom[24m\lib\
jsdom\living\events\EventTarget-impl.js:243:9[90m)[39m
    at fireAnEvent [90m(C:\Projects\DiagnosticCodeAssistant\f
rontend\[39mnode_modules\[4mjsdom[24m\lib\jsdom\living\help
ers\events.js:18:36[90m)[39m
    at requestErrorSteps [90m(C:\Projects\DiagnosticCodeAssis
tant\frontend\[39mnode_modules\[4mjsdom[24m\lib\jsdom\livin
g\xhr\xhr-utils.js:123:3[90m)[39m
    at Object.dispatchError [90m(C:\Projects\DiagnosticCodeAs
sistant\frontend\[39mnode_modules\[4mjsdom[24m\lib\jsdom\li
ving\xhr\xhr-utils.js:59:3[90m)[39m
    at Request.<anonymous> [90m(C:\Projects\DiagnosticCodeAss
istant\frontend\[39mnode_modules\[4mjsdom[24m\lib\jsdom\liv
ing\xhr\XMLHttpRequest-impl.js:655:18[90m)[39m
    at Axios.request [90m(file:///C:/Projects/DiagnosticCodeA
ssistant/frontend/[39mnode_modules/[4maxios[24m/lib/core/Ax
ios.js:45:41[90m)[39m
[90m    at processTicksAndRejections 
(node:internal/process/task_queues:105:5)[39m
    at AnalyticsService.trackEvent (C:/Projects/DiagnosticCode
Assistant/frontend/src/services/analytics.ts:49:7) {
  code: [32m'ERR_NETWORK'[39m,
  config: {
    transitional: {
      silentJSONParsing: [33mtrue[39m,
      forcedJSONParsing: [33mtrue[39m,
      clarifyTimeoutError: [33mfalse[39m
    },
    adapter: [ [32m'xhr'[39m, [32m'http'[39m, 
[32m'fetch'[39m ],
    transformRequest: [ [36m[Function: 
transformRequest][39m ],
    transformResponse: [ [36m[Function: 
transformResponse][39m ],
    timeout: [33m0[39m,
    xsrfCookieName: [32m'XSRF-TOKEN'[39m,
    xsrfHeaderName: [32m'X-XSRF-TOKEN'[39m,
    maxContentLength: [33m-1[39m,
    maxBodyLength: [33m-1[39m,
    env: { FormData: [36m[Function][39m, Blob: [36m[class 
Blob][39m },
    validateStatus: [36m[Function: validateStatus][39m,
    headers: Object [AxiosHeaders] {
      Accept: [32m'application/json, text/plain, */*'[39m,
      [32m'Content-Type'[39m: [32m'application/json'[39m
    },
    baseURL: [32m'http://localhost:8000'[39m,
    method: [32m'post'[39m,
    url: [32m'/analytics/events'[39m,
    data: [32m'{"event_type":"view","event_category":"page","
metadata":{"page":"Dashboard"}}'[39m,
    allowAbsoluteUrls: [33mtrue[39m
  },
  request: XMLHttpRequest {},
  event: ProgressEvent { isTrusted: [36m[Getter][39m }
}

[90mstderr[2m | src/pages/__tests__/DashboardPage.test.tsx
[22m[39mFailed to track analytics event: AxiosError: 
Network Error
    at XMLHttpRequest.handleError [90m(file:///C:/Projects/Di
agnosticCodeAssistant/frontend/[39mnode_modules/[4maxios[24
m/lib/adapters/xhr.js:112:20[90m)[39m
    at XMLHttpRequest.invokeTheCallbackFunction [90m(C:\Proje
cts\DiagnosticCodeAssistant\frontend\[39mnode_modules\[4mjsd
om[24m\lib\jsdom\living\generated\EventHandlerNonNull.js:14:2
8[90m)[39m
    at XMLHttpRequest.<anonymous> [90m(C:\Projects\Diagnostic
CodeAssistant\frontend\[39mnode_modules\[4mjsdom[24m\lib\js
dom\living\helpers\create-event-accessor.js:36:32[90m)[39m
    at innerInvokeEventListeners [90m(C:\Projects\DiagnosticC
odeAssistant\frontend\[39mnode_modules\[4mjsdom[24m\lib\jsd
om\living\events\EventTarget-impl.js:360:16[90m)[39m
    at invokeEventListeners [90m(C:\Projects\DiagnosticCodeAs
sistant\frontend\[39mnode_modules\[4mjsdom[24m\lib\jsdom\li
ving\events\EventTarget-impl.js:296:3[90m)[39m
    at XMLHttpRequestImpl._dispatch [90m(C:\Projects\Diagnost
icCodeAssistant\frontend\[39mnode_modules\[4mjsdom[24m\lib\
jsdom\living\events\EventTarget-impl.js:243:9[90m)[39m
    at fireAnEvent [90m(C:\Projects\DiagnosticCodeAssistant\f
rontend\[39mnode_modules\[4mjsdom[24m\lib\jsdom\living\help
ers\events.js:18:36[90m)[39m
    at requestErrorSteps [90m(C:\Projects\DiagnosticCodeAssis
tant\frontend\[39mnode_modules\[4mjsdom[24m\lib\jsdom\livin
g\xhr\xhr-utils.js:123:3[90m)[39m
    at Object.dispatchError [90m(C:\Projects\DiagnosticCodeAs
sistant\frontend\[39mnode_modules\[4mjsdom[24m\lib\jsdom\li
ving\xhr\xhr-utils.js:59:3[90m)[39m
    at Request.<anonymous> [90m(C:\Projects\DiagnosticCodeAss
istant\frontend\[39mnode_modules\[4mjsdom[24m\lib\jsdom\liv
ing\xhr\XMLHttpRequest-impl.js:655:18[90m)[39m
    at Axios.request [90m(file:///C:/Projects/DiagnosticCodeA
ssistant/frontend/[39mnode_modules/[4maxios[24m/lib/core/Ax
ios.js:45:41[90m)[39m
[90m    at processTicksAndRejections 
(node:internal/process/task_queues:105:5)[39m
    at AnalyticsService.trackEvent (C:/Projects/DiagnosticCode
Assistant/frontend/src/services/analytics.ts:49:7) {
  code: [32m'ERR_NETWORK'[39m,
  config: {
    transitional: {
      silentJSONParsing: [33mtrue[39m,
      forcedJSONParsing: [33mtrue[39m,
      clarifyTimeoutError: [33mfalse[39m
    },
    adapter: [ [32m'xhr'[39m, [32m'http'[39m, 
[32m'fetch'[39m ],
    transformRequest: [ [36m[Function: 
transformRequest][39m ],
    transformResponse: [ [36m[Function: 
transformResponse][39m ],
    timeout: [33m0[39m,
    xsrfCookieName: [32m'XSRF-TOKEN'[39m,
    xsrfHeaderName: [32m'X-XSRF-TOKEN'[39m,
    maxContentLength: [33m-1[39m,
    maxBodyLength: [33m-1[39m,
    env: { FormData: [36m[Function][39m, Blob: [36m[class 
Blob][39m },
    validateStatus: [36m[Function: validateStatus][39m,
    headers: Object [AxiosHeaders] {
      Accept: [32m'application/json, text/plain, */*'[39m,
      [32m'Content-Type'[39m: [32m'application/json'[39m
    },
    baseURL: [32m'http://localhost:8000'[39m,
    method: [32m'post'[39m,
    url: [32m'/analytics/events'[39m,
    data: [32m'{"event_type":"view","event_category":"page","
metadata":{"page":"Dashboard"}}'[39m,
    allowAbsoluteUrls: [33mtrue[39m
  },
  request: XMLHttpRequest {},
  event: ProgressEvent { isTrusted: [36m[Getter][39m }
}

[90mstderr[2m | src/pages/__tests__/DashboardPage.test.tsx
[22m[39mFailed to track analytics event: AxiosError: 
Network Error
    at XMLHttpRequest.handleError [90m(file:///C:/Projects/Di
agnosticCodeAssistant/frontend/[39mnode_modules/[4maxios[24
m/lib/adapters/xhr.js:112:20[90m)[39m
    at XMLHttpRequest.invokeTheCallbackFunction [90m(C:\Proje
cts\DiagnosticCodeAssistant\frontend\[39mnode_modules\[4mjsd
om[24m\lib\jsdom\living\generated\EventHandlerNonNull.js:14:2
8[90m)[39m
    at XMLHttpRequest.<anonymous> [90m(C:\Projects\Diagnostic
CodeAssistant\frontend\[39mnode_modules\[4mjsdom[24m\lib\js
dom\living\helpers\create-event-accessor.js:36:32[90m)[39m
    at innerInvokeEventListeners [90m(C:\Projects\DiagnosticC
odeAssistant\frontend\[39mnode_modules\[4mjsdom[24m\lib\jsd
om\living\events\EventTarget-impl.js:360:16[90m)[39m
    at invokeEventListeners [90m(C:\Projects\DiagnosticCodeAs
sistant\frontend\[39mnode_modules\[4mjsdom[24m\lib\jsdom\li
ving\events\EventTarget-impl.js:296:3[90m)[39m
    at XMLHttpRequestImpl._dispatch [90m(C:\Projects\Diagnost
icCodeAssistant\frontend\[39mnode_modules\[4mjsdom[24m\lib\
jsdom\living\events\EventTarget-impl.js:243:9[90m)[39m
    at fireAnEvent [90m(C:\Projects\DiagnosticCodeAssistant\f
rontend\[39mnode_modules\[4mjsdom[24m\lib\jsdom\living\help
ers\events.js:18:36[90m)[39m
    at requestErrorSteps [90m(C:\Projects\DiagnosticCodeAssis
tant\frontend\[39mnode_modules\[4mjsdom[24m\lib\jsdom\livin
g\xhr\xhr-utils.js:123:3[90m)[39m
    at Object.dispatchError [90m(C:\Projects\DiagnosticCodeAs
sistant\frontend\[39mnode_modules\[4mjsdom[24m\lib\jsdom\li
ving\xhr\xhr-utils.js:59:3[90m)[39m
    at Request.<anonymous> [90m(C:\Projects\DiagnosticCodeAss
istant\frontend\[39mnode_modules\[4mjsdom[24m\lib\jsdom\liv
ing\xhr\XMLHttpRequest-impl.js:655:18[90m)[39m
    at Axios.request [90m(file:///C:/Projects/DiagnosticCodeA
ssistant/frontend/[39mnode_modules/[4maxios[24m/lib/core/Ax
ios.js:45:41[90m)[39m
[90m    at processTicksAndRejections 
(node:internal/process/task_queues:105:5)[39m
    at AnalyticsService.trackEvent (C:/Projects/DiagnosticCode
Assistant/frontend/src/services/analytics.ts:49:7) {
  code: [32m'ERR_NETWORK'[39m,
  config: {
    transitional: {
      silentJSONParsing: [33mtrue[39m,
      forcedJSONParsing: [33mtrue[39m,
      clarifyTimeoutError: [33mfalse[39m
    },
    adapter: [ [32m'xhr'[39m, [32m'http'[39m, 
[32m'fetch'[39m ],
    transformRequest: [ [36m[Function: 
transformRequest][39m ],
    transformResponse: [ [36m[Function: 
transformResponse][39m ],
    timeout: [33m0[39m,
    xsrfCookieName: [32m'XSRF-TOKEN'[39m,
    xsrfHeaderName: [32m'X-XSRF-TOKEN'[39m,
    maxContentLength: [33m-1[39m,
    maxBodyLength: [33m-1[39m,
    env: { FormData: [36m[Function][39m, Blob: [36m[class 
Blob][39m },
    validateStatus: [36m[Function: validateStatus][39m,
    headers: Object [AxiosHeaders] {
      Accept: [32m'application/json, text/plain, */*'[39m,
      [32m'Content-Type'[39m: [32m'application/json'[39m
    },
    baseURL: [32m'http://localhost:8000'[39m,
    method: [32m'post'[39m,
    url: [32m'/analytics/events'[39m,
    data: [32m'{"event_type":"view","event_category":"page","
metadata":{"page":"Dashboard"}}'[39m,
    allowAbsoluteUrls: [33mtrue[39m
  },
  request: XMLHttpRequest {},
  event: ProgressEvent { isTrusted: [36m[Getter][39m }
}

[90mstderr[2m | src/pages/__tests__/DashboardPage.test.tsx
[22m[39mFailed to track analytics event: AxiosError: 
Network Error
    at XMLHttpRequest.handleError [90m(file:///C:/Projects/Di
agnosticCodeAssistant/frontend/[39mnode_modules/[4maxios[24
m/lib/adapters/xhr.js:112:20[90m)[39m
    at XMLHttpRequest.invokeTheCallbackFunction [90m(C:\Proje
cts\DiagnosticCodeAssistant\frontend\[39mnode_modules\[4mjsd
om[24m\lib\jsdom\living\generated\EventHandlerNonNull.js:14:2
8[90m)[39m
    at XMLHttpRequest.<anonymous> [90m(C:\Projects\Diagnostic
CodeAssistant\frontend\[39mnode_modules\[4mjsdom[24m\lib\js
dom\living\helpers\create-event-accessor.js:36:32[90m)[39m
    at innerInvokeEventListeners [90m(C:\Projects\DiagnosticC
odeAssistant\frontend\[39mnode_modules\[4mjsdom[24m\lib\jsd
om\living\events\EventTarget-impl.js:360:16[90m)[39m
    at invokeEventListeners [90m(C:\Projects\DiagnosticCodeAs
sistant\frontend\[39mnode_modules\[4mjsdom[24m\lib\jsdom\li
ving\events\EventTarget-impl.js:296:3[90m)[39m
    at XMLHttpRequestImpl._dispatch [90m(C:\Projects\Diagnost
icCodeAssistant\frontend\[39mnode_modules\[4mjsdom[24m\lib\
jsdom\living\events\EventTarget-impl.js:243:9[90m)[39m
    at fireAnEvent [90m(C:\Projects\DiagnosticCodeAssistant\f
rontend\[39mnode_modules\[4mjsdom[24m\lib\jsdom\living\help
ers\events.js:18:36[90m)[39m
    at requestErrorSteps [90m(C:\Projects\DiagnosticCodeAssis
tant\frontend\[39mnode_modules\[4mjsdom[24m\lib\jsdom\livin
g\xhr\xhr-utils.js:123:3[90m)[39m
    at Object.dispatchError [90m(C:\Projects\DiagnosticCodeAs
sistant\frontend\[39mnode_modules\[4mjsdom[24m\lib\jsdom\li
ving\xhr\xhr-utils.js:59:3[90m)[39m
    at Request.<anonymous> [90m(C:\Projects\DiagnosticCodeAss
istant\frontend\[39mnode_modules\[4mjsdom[24m\lib\jsdom\liv
ing\xhr\XMLHttpRequest-impl.js:655:18[90m)[39m
    at Axios.request [90m(file:///C:/Projects/DiagnosticCodeA
ssistant/frontend/[39mnode_modules/[4maxios[24m/lib/core/Ax
ios.js:45:41[90m)[39m
[90m    at processTicksAndRejections 
(node:internal/process/task_queues:105:5)[39m
    at AnalyticsService.trackEvent (C:/Projects/DiagnosticCode
Assistant/frontend/src/services/analytics.ts:49:7) {
  code: [32m'ERR_NETWORK'[39m,
  config: {
    transitional: {
      silentJSONParsing: [33mtrue[39m,
      forcedJSONParsing: [33mtrue[39m,
      clarifyTimeoutError: [33mfalse[39m
    },
    adapter: [ [32m'xhr'[39m, [32m'http'[39m, 
[32m'fetch'[39m ],
    transformRequest: [ [36m[Function: 
transformRequest][39m ],
    transformResponse: [ [36m[Function: 
transformResponse][39m ],
    timeout: [33m0[39m,
    xsrfCookieName: [32m'XSRF-TOKEN'[39m,
    xsrfHeaderName: [32m'X-XSRF-TOKEN'[39m,
    maxContentLength: [33m-1[39m,
    maxBodyLength: [33m-1[39m,
    env: { FormData: [36m[Function][39m, Blob: [36m[class 
Blob][39m },
    validateStatus: [36m[Function: validateStatus][39m,
    headers: Object [AxiosHeaders] {
      Accept: [32m'application/json, text/plain, */*'[39m,
      [32m'Content-Type'[39m: [32m'application/json'[39m
    },
    baseURL: [32m'http://localhost:8000'[39m,
    method: [32m'post'[39m,
    url: [32m'/analytics/events'[39m,
    data: [32m'{"event_type":"view","event_category":"page","
metadata":{"page":"Dashboard"}}'[39m,
    allowAbsoluteUrls: [33mtrue[39m
  },
  request: XMLHttpRequest {},
  event: ProgressEvent { isTrusted: [36m[Getter][39m }
}

 [32mΓ£ô[39m src/pages/__tests__/DashboardPage.test.tsx [2m([22m[2m17 tests[22m[2m)[22m[33m 708[2mms[22m[39m
[90mstderr[2m | 
src/components/__tests__/KeyboardShortcutsHelper.test.tsx[2m 
> [22m[2mKeyboardShortcutsHelper[2m > [22m[2mrenders the 
keyboard shortcuts title
[22m[39mΓÜá∩╕Å React Router Future Flag Warning: React 
Router will begin wrapping state updates in 
`React.startTransition` in v7. You can use the 
`v7_startTransition` future flag to opt-in early. For more 
information, see https://reactrouter.com/v6/upgrading/future#v
7_starttransition.
ΓÜá∩╕Å React Router Future Flag Warning: Relative route 
resolution within Splat routes is changing in v7. You can use 
the `v7_relativeSplatPath` future flag to opt-in early. For 
more information, see https://reactrouter.com/v6/upgrading/fut
ure#v7_relativesplatpath.

[90mstderr[2m | 
src/components/__tests__/CodeFormModal.test.tsx[2m > 
[22m[2mCodeFormModal[2m > [22m[2msubmits form with valid 
data
[22m[39mFailed to track analytics event: AxiosError: 
Network Error
    at XMLHttpRequest.handleError [90m(file:///C:/Projects/Di
agnosticCodeAssistant/frontend/[39mnode_modules/[4maxios[24
m/lib/adapters/xhr.js:112:20[90m)[39m
    at XMLHttpRequest.invokeTheCallbackFunction [90m(C:\Proje
cts\DiagnosticCodeAssistant\frontend\[39mnode_modules\[4mjsd
om[24m\lib\jsdom\living\generated\EventHandlerNonNull.js:14:2
8[90m)[39m
    at XMLHttpRequest.<anonymous> [90m(C:\Projects\Diagnostic
CodeAssistant\frontend\[39mnode_modules\[4mjsdom[24m\lib\js
dom\living\helpers\create-event-accessor.js:36:32[90m)[39m
    at innerInvokeEventListeners [90m(C:\Projects\DiagnosticC
odeAssistant\frontend\[39mnode_modules\[4mjsdom[24m\lib\jsd
om\living\events\EventTarget-impl.js:360:16[90m)[39m
    at invokeEventListeners [90m(C:\Projects\DiagnosticCodeAs
sistant\frontend\[39mnode_modules\[4mjsdom[24m\lib\jsdom\li
ving\events\EventTarget-impl.js:296:3[90m)[39m
    at XMLHttpRequestImpl._dispatch [90m(C:\Projects\Diagnost
icCodeAssistant\frontend\[39mnode_modules\[4mjsdom[24m\lib\
jsdom\living\events\EventTarget-impl.js:243:9[90m)[39m
    at fireAnEvent [90m(C:\Projects\DiagnosticCodeAssistant\f
rontend\[39mnode_modules\[4mjsdom[24m\lib\jsdom\living\help
ers\events.js:18:36[90m)[39m
    at requestErrorSteps [90m(C:\Projects\DiagnosticCodeAssis
tant\frontend\[39mnode_modules\[4mjsdom[24m\lib\jsdom\livin
g\xhr\xhr-utils.js:123:3[90m)[39m
    at Object.dispatchError [90m(C:\Projects\DiagnosticCodeAs
sistant\frontend\[39mnode_modules\[4mjsdom[24m\lib\jsdom\li
ving\xhr\xhr-utils.js:59:3[90m)[39m
    at Request.<anonymous> [90m(C:\Projects\DiagnosticCodeAss
istant\frontend\[39mnode_modules\[4mjsdom[24m\lib\jsdom\liv
ing\xhr\XMLHttpRequest-impl.js:655:18[90m)[39m
    at Axios.request [90m(file:///C:/Projects/DiagnosticCodeA
ssistant/frontend/[39mnode_modules/[4maxios[24m/lib/core/Ax
ios.js:45:41[90m)[39m
[90m    at processTicksAndRejections 
(node:internal/process/task_queues:105:5)[39m
    at AnalyticsService.trackEvent (C:/Projects/DiagnosticCode
Assistant/frontend/src/services/analytics.ts:49:7) {
  code: [32m'ERR_NETWORK'[39m,
  config: {
    transitional: {
      silentJSONParsing: [33mtrue[39m,
      forcedJSONParsing: [33mtrue[39m,
      clarifyTimeoutError: [33mfalse[39m
    },
    adapter: [ [32m'xhr'[39m, [32m'http'[39m, 
[32m'fetch'[39m ],
    transformRequest: [ [36m[Function: 
transformRequest][39m ],
    transformResponse: [ [36m[Function: 
transformResponse][39m ],
    timeout: [33m0[39m,
    xsrfCookieName: [32m'XSRF-TOKEN'[39m,
    xsrfHeaderName: [32m'X-XSRF-TOKEN'[39m,
    maxContentLength: [33m-1[39m,
    maxBodyLength: [33m-1[39m,
    env: { FormData: [36m[Function][39m, Blob: [36m[class 
Blob][39m },
    validateStatus: [36m[Function: validateStatus][39m,
    headers: Object [AxiosHeaders] {
      Accept: [32m'application/json, text/plain, */*'[39m,
      [32m'Content-Type'[39m: [32m'application/json'[39m
    },
    baseURL: [32m'http://localhost:8000'[39m,
    method: [32m'post'[39m,
    url: [32m'/analytics/events'[39m,
    data: [32m'{"event_type":"create","event_category":"diagn
ostic_code"}'[39m,
    allowAbsoluteUrls: [33mtrue[39m
  },
  request: XMLHttpRequest {},
  event: ProgressEvent { isTrusted: [36m[Getter][39m }
}

[90mstderr[2m | 
src/components/__tests__/ImportModal.test.tsx[2m > 
[22m[2mImportModal[2m > [22m[2mdoes not render when 
isOpen is false
[22m[39mΓÜá∩╕Å React Router Future Flag Warning: React 
Router will begin wrapping state updates in 
`React.startTransition` in v7. You can use the 
`v7_startTransition` future flag to opt-in early. For more 
information, see https://reactrouter.com/v6/upgrading/future#v
7_starttransition.
ΓÜá∩╕Å React Router Future Flag Warning: Relative route 
resolution within Splat routes is changing in v7. You can use 
the `v7_relativeSplatPath` future flag to opt-in early. For 
more information, see https://reactrouter.com/v6/upgrading/fut
ure#v7_relativesplatpath.

[90mstderr[2m | 
src/components/__tests__/ThemeToggle.test.tsx[2m > 
[22m[2mThemeToggle[2m > [22m[2mrenders theme toggle 
button
[22m[39mΓÜá∩╕Å React Router Future Flag Warning: React 
Router will begin wrapping state updates in 
`React.startTransition` in v7. You can use the 
`v7_startTransition` future flag to opt-in early. For more 
information, see https://reactrouter.com/v6/upgrading/future#v
7_starttransition.
ΓÜá∩╕Å React Router Future Flag Warning: Relative route 
resolution within Splat routes is changing in v7. You can use 
the `v7_relativeSplatPath` future flag to opt-in early. For 
more information, see https://reactrouter.com/v6/upgrading/fut
ure#v7_relativesplatpath.

 [32mΓ£ô[39m src/components/__tests__/KeyboardShortcutsHelper.test.tsx [2m([22m[2m12 tests[22m[2m)[22m[33m 400[2mms[22m[39m
 [32mΓ£ô[39m src/components/__tests__/ThemeToggle.test.tsx [2m([22m[2m3 tests[22m[2m)[22m[33m 354[2mms[22m[39m
     [33m[2mΓ£ô[22m[39m renders theme toggle button [33m 304[2mms[22m[39m
 [32mΓ£ô[39m src/components/__tests__/BulkDeleteConfirmModal.test.tsx [2m([22m[2m8 tests[22m[2m)[22m[33m 773[2mms[22m[39m
     [33m[2mΓ£ô[22m[39m calls onClose when Cancel is clicked [33m 368[2mms[22m[39m
 [32mΓ£ô[39m src/components/__tests__/CodeFormModal.test.tsx [2m([22m[2m12 tests[22m[2m)[22m[33m 3900[2mms[22m[39m
     [33m[2mΓ£ô[22m[39m renders all form fields [33m 387[2mms[22m[39m
     [33m[2mΓ£ô[22m[39m updates form fields when typing [33m 669[2mms[22m[39m
     [33m[2mΓ£ô[22m[39m submits form with valid data [33m 1445[2mms[22m[39m
 [32mΓ£ô[39m src/components/__tests__/ImportModal.test.tsx [2m([22m[2m5 tests[22m[2m)[22m[33m 516[2mms[22m[39m
     [33m[2mΓ£ô[22m[39m calls onClose when close button is clicked [33m 390[2mms[22m[39m
[90mstderr[2m | 
src/components/__tests__/LoadingSkeleton.test.tsx[2m > 
[22m[2mLoadingSkeleton[2m > [22m[2mCodeListSkeleton[2m 
> [22m[2mrenders skeleton cards in grid layout
[22m[39mΓÜá∩╕Å React Router Future Flag Warning: React 
Router will begin wrapping state updates in 
`React.startTransition` in v7. You can use the 
`v7_startTransition` future flag to opt-in early. For more 
information, see https://reactrouter.com/v6/upgrading/future#v
7_starttransition.
ΓÜá∩╕Å React Router Future Flag Warning: Relative route 
resolution within Splat routes is changing in v7. You can use 
the `v7_relativeSplatPath` future flag to opt-in early. For 
more information, see https://reactrouter.com/v6/upgrading/fut
ure#v7_relativesplatpath.

 [32mΓ£ô[39m src/components/__tests__/LoadingSkeleton.test.tsx [2m([22m[2m4 tests[22m[2m)[22m[32m 95[2mms[22m[39m
 [32mΓ£ô[39m src/hooks/__tests__/useKeyboardShortcuts.test.ts [2m([22m[2m11 tests[22m[2m)[22m[32m 48[2mms[22m[39m
[90mstderr[2m | src/hooks/__tests__/useAutoSave.test.ts[2m 
> [22m[2museLoadDraft[2m > [22m[2mreturns default value 
on parse error
[22m[39mFailed to load draft: SyntaxError: Unexpected token 
'i', "invalid json {{{" is not valid JSON
    at JSON.parse (<anonymous>)
    at useLoadDraft (C:/Projects/DiagnosticCodeAssistant/front
end/src/hooks/useAutoSave.ts:35:19)
    at C:/Projects/DiagnosticCodeAssistant/frontend/src/hooks/
__tests__/useAutoSave.test.ts:92:7
    at TestComponent [90m(C:\Projects\DiagnosticCodeAssistant
\frontend\[39mnode_modules\[4m@testing-library\react[24m\di
st\pure.js:330:27[90m)[39m
    at renderWithHooks [90m(C:\Projects\DiagnosticCodeAssista
nt\frontend\[39mnode_modules\[4mreact-dom[24m\cjs\react-dom
.development.js:15486:18[90m)[39m
    at mountIndeterminateComponent [90m(C:\Projects\Diagnosti
cCodeAssistant\frontend\[39mnode_modules\[4mreact-dom[24m\c
js\react-dom.development.js:20103:13[90m)[39m
    at beginWork [90m(C:\Projects\DiagnosticCodeAssistant\fro
ntend\[39mnode_modules\[4mreact-dom[24m\cjs\react-dom.devel
opment.js:21626:16[90m)[39m
    at beginWork$1 [90m(C:\Projects\DiagnosticCodeAssistant\f
rontend\[39mnode_modules\[4mreact-dom[24m\cjs\react-dom.dev
elopment.js:27465:14[90m)[39m
    at performUnitOfWork [90m(C:\Projects\DiagnosticCodeAssis
tant\frontend\[39mnode_modules\[4mreact-dom[24m\cjs\react-d
om.development.js:26599:12[90m)[39m
    at workLoopSync [90m(C:\Projects\DiagnosticCodeAssistant\
frontend\[39mnode_modules\[4mreact-dom[24m\cjs\react-dom.de
velopment.js:26505:5[90m)[39m

 [32mΓ£ô[39m src/hooks/__tests__/useAutoSave.test.ts [2m([22m[2m6 tests[22m[2m)[22m[32m 39[2mms[22m[39m
[90mstderr[2m | src/pages/__tests__/HomePage.test.tsx[2m > 
[22m[2mHomePage[2m > [22m[2mrenders BulkActionsBar when 
items are available
[22m[39mFailed to track analytics event: AxiosError: 
Network Error
    at XMLHttpRequest.handleError [90m(file:///C:/Projects/Di
agnosticCodeAssistant/frontend/[39mnode_modules/[4maxios[24
m/lib/adapters/xhr.js:112:20[90m)[39m
    at XMLHttpRequest.invokeTheCallbackFunction [90m(C:\Proje
cts\DiagnosticCodeAssistant\frontend\[39mnode_modules\[4mjsd
om[24m\lib\jsdom\living\generated\EventHandlerNonNull.js:14:2
8[90m)[39m
    at XMLHttpRequest.<anonymous> [90m(C:\Projects\Diagnostic
CodeAssistant\frontend\[39mnode_modules\[4mjsdom[24m\lib\js
dom\living\helpers\create-event-accessor.js:36:32[90m)[39m
    at innerInvokeEventListeners [90m(C:\Projects\DiagnosticC
odeAssistant\frontend\[39mnode_modules\[4mjsdom[24m\lib\jsd
om\living\events\EventTarget-impl.js:360:16[90m)[39m
    at invokeEventListeners [90m(C:\Projects\DiagnosticCodeAs
sistant\frontend\[39mnode_modules\[4mjsdom[24m\lib\jsdom\li
ving\events\EventTarget-impl.js:296:3[90m)[39m
    at XMLHttpRequestImpl._dispatch [90m(C:\Projects\Diagnost
icCodeAssistant\frontend\[39mnode_modules\[4mjsdom[24m\lib\
jsdom\living\events\EventTarget-impl.js:243:9[90m)[39m
    at fireAnEvent [90m(C:\Projects\DiagnosticCodeAssistant\f
rontend\[39mnode_modules\[4mjsdom[24m\lib\jsdom\living\help
ers\events.js:18:36[90m)[39m
    at requestErrorSteps [90m(C:\Projects\DiagnosticCodeAssis
tant\frontend\[39mnode_modules\[4mjsdom[24m\lib\jsdom\livin
g\xhr\xhr-utils.js:123:3[90m)[39m
    at Object.dispatchError [90m(C:\Projects\DiagnosticCodeAs
sistant\frontend\[39mnode_modules\[4mjsdom[24m\lib\jsdom\li
ving\xhr\xhr-utils.js:59:3[90m)[39m
    at Request.<anonymous> [90m(C:\Projects\DiagnosticCodeAss
istant\frontend\[39mnode_modules\[4mjsdom[24m\lib\jsdom\liv
ing\xhr\XMLHttpRequest-impl.js:655:18[90m)[39m
    at Axios.request [90m(file:///C:/Projects/DiagnosticCodeA
ssistant/frontend/[39mnode_modules/[4maxios[24m/lib/core/Ax
ios.js:45:41[90m)[39m
[90m    at processTicksAndRejections 
(node:internal/process/task_queues:105:5)[39m
    at AnalyticsService.trackEvent (C:/Projects/DiagnosticCode
Assistant/frontend/src/services/analytics.ts:49:7) {
  code: [32m'ERR_NETWORK'[39m,
  config: {
    transitional: {
      silentJSONParsing: [33mtrue[39m,
      forcedJSONParsing: [33mtrue[39m,
      clarifyTimeoutError: [33mfalse[39m
    },
    adapter: [ [32m'xhr'[39m, [32m'http'[39m, 
[32m'fetch'[39m ],
    transformRequest: [ [36m[Function: 
transformRequest][39m ],
    transformResponse: [ [36m[Function: 
transformResponse][39m ],
    timeout: [33m0[39m,
    xsrfCookieName: [32m'XSRF-TOKEN'[39m,
    xsrfHeaderName: [32m'X-XSRF-TOKEN'[39m,
    maxContentLength: [33m-1[39m,
    maxBodyLength: [33m-1[39m,
    env: { FormData: [36m[Function][39m, Blob: [36m[class 
Blob][39m },
    validateStatus: [36m[Function: validateStatus][39m,
    headers: Object [AxiosHeaders] {
      Accept: [32m'application/json, text/plain, */*'[39m,
      [32m'Content-Type'[39m: [32m'application/json'[39m
    },
    baseURL: [32m'http://localhost:8000'[39m,
    method: [32m'post'[39m,
    url: [32m'/analytics/events'[39m,
    data: [32m'{"event_type":"view","event_category":"page","
metadata":{"page":"Home"}}'[39m,
    allowAbsoluteUrls: [33mtrue[39m
  },
  request: XMLHttpRequest {},
  event: ProgressEvent { isTrusted: [36m[Getter][39m }
}

[90mstderr[2m | 
src/components/__tests__/Pagination.test.tsx[2m > 
[22m[2mPagination[2m > [22m[2mrenders current page and 
total pages
[22m[39mΓÜá∩╕Å React Router Future Flag Warning: React 
Router will begin wrapping state updates in 
`React.startTransition` in v7. You can use the 
`v7_startTransition` future flag to opt-in early. For more 
information, see https://reactrouter.com/v6/upgrading/future#v
7_starttransition.
ΓÜá∩╕Å React Router Future Flag Warning: Relative route 
resolution within Splat routes is changing in v7. You can use 
the `v7_relativeSplatPath` future flag to opt-in early. For 
more information, see https://reactrouter.com/v6/upgrading/fut
ure#v7_relativesplatpath.

[90mstderr[2m | src/pages/__tests__/HomePage.test.tsx[2m > 
[22m[2mHomePage[2m > [22m[2mrenders BulkActionsBar when 
items are available
[22m[39mFailed to track analytics event: AxiosError: 
Network Error
    at XMLHttpRequest.handleError [90m(file:///C:/Projects/Di
agnosticCodeAssistant/frontend/[39mnode_modules/[4maxios[24
m/lib/adapters/xhr.js:112:20[90m)[39m
    at XMLHttpRequest.invokeTheCallbackFunction [90m(C:\Proje
cts\DiagnosticCodeAssistant\frontend\[39mnode_modules\[4mjsd
om[24m\lib\jsdom\living\generated\EventHandlerNonNull.js:14:2
8[90m)[39m
    at XMLHttpRequest.<anonymous> [90m(C:\Projects\Diagnostic
CodeAssistant\frontend\[39mnode_modules\[4mjsdom[24m\lib\js
dom\living\helpers\create-event-accessor.js:36:32[90m)[39m
    at innerInvokeEventListeners [90m(C:\Projects\DiagnosticC
odeAssistant\frontend\[39mnode_modules\[4mjsdom[24m\lib\jsd
om\living\events\EventTarget-impl.js:360:16[90m)[39m
    at invokeEventListeners [90m(C:\Projects\DiagnosticCodeAs
sistant\frontend\[39mnode_modules\[4mjsdom[24m\lib\jsdom\li
ving\events\EventTarget-impl.js:296:3[90m)[39m
    at XMLHttpRequestImpl._dispatch [90m(C:\Projects\Diagnost
icCodeAssistant\frontend\[39mnode_modules\[4mjsdom[24m\lib\
jsdom\living\events\EventTarget-impl.js:243:9[90m)[39m
    at fireAnEvent [90m(C:\Projects\DiagnosticCodeAssistant\f
rontend\[39mnode_modules\[4mjsdom[24m\lib\jsdom\living\help
ers\events.js:18:36[90m)[39m
    at requestErrorSteps [90m(C:\Projects\DiagnosticCodeAssis
tant\frontend\[39mnode_modules\[4mjsdom[24m\lib\jsdom\livin
g\xhr\xhr-utils.js:123:3[90m)[39m
    at Object.dispatchError [90m(C:\Projects\DiagnosticCodeAs
sistant\frontend\[39mnode_modules\[4mjsdom[24m\lib\jsdom\li
ving\xhr\xhr-utils.js:59:3[90m)[39m
    at Request.<anonymous> [90m(C:\Projects\DiagnosticCodeAss
istant\frontend\[39mnode_modules\[4mjsdom[24m\lib\jsdom\liv
ing\xhr\XMLHttpRequest-impl.js:655:18[90m)[39m
    at Axios.request [90m(file:///C:/Projects/DiagnosticCodeA
ssistant/frontend/[39mnode_modules/[4maxios[24m/lib/core/Ax
ios.js:45:41[90m)[39m
[90m    at processTicksAndRejections 
(node:internal/process/task_queues:105:5)[39m
    at AnalyticsService.trackEvent (C:/Projects/DiagnosticCode
Assistant/frontend/src/services/analytics.ts:49:7) {
  code: [32m'ERR_NETWORK'[39m,
  config: {
    transitional: {
      silentJSONParsing: [33mtrue[39m,
      forcedJSONParsing: [33mtrue[39m,
      clarifyTimeoutError: [33mfalse[39m
    },
    adapter: [ [32m'xhr'[39m, [32m'http'[39m, 
[32m'fetch'[39m ],
    transformRequest: [ [36m[Function: 
transformRequest][39m ],
    transformResponse: [ [36m[Function: 
transformResponse][39m ],
    timeout: [33m0[39m,
    xsrfCookieName: [32m'XSRF-TOKEN'[39m,
    xsrfHeaderName: [32m'X-XSRF-TOKEN'[39m,
    maxContentLength: [33m-1[39m,
    maxBodyLength: [33m-1[39m,
    env: { FormData: [36m[Function][39m, Blob: [36m[class 
Blob][39m },
    validateStatus: [36m[Function: validateStatus][39m,
    headers: Object [AxiosHeaders] {
      Accept: [32m'application/json, text/plain, */*'[39m,
      [32m'Content-Type'[39m: [32m'application/json'[39m
    },
    baseURL: [32m'http://localhost:8000'[39m,
    method: [32m'post'[39m,
    url: [32m'/analytics/events'[39m,
    data: [32m'{"event_type":"view","event_category":"page","
metadata":{"page":"Home"}}'[39m,
    allowAbsoluteUrls: [33mtrue[39m
  },
  request: XMLHttpRequest {},
  event: ProgressEvent { isTrusted: [36m[Getter][39m }
}

[90mstderr[2m | src/pages/__tests__/HomePage.test.tsx[2m > 
[22m[2mHomePage[2m > [22m[2mrenders BulkActionsBar when 
items are available
[22m[39mFailed to track analytics event: AxiosError: 
Network Error
    at XMLHttpRequest.handleError [90m(file:///C:/Projects/Di
agnosticCodeAssistant/frontend/[39mnode_modules/[4maxios[24
m/lib/adapters/xhr.js:112:20[90m)[39m
    at XMLHttpRequest.invokeTheCallbackFunction [90m(C:\Proje
cts\DiagnosticCodeAssistant\frontend\[39mnode_modules\[4mjsd
om[24m\lib\jsdom\living\generated\EventHandlerNonNull.js:14:2
8[90m)[39m
    at XMLHttpRequest.<anonymous> [90m(C:\Projects\Diagnostic
CodeAssistant\frontend\[39mnode_modules\[4mjsdom[24m\lib\js
dom\living\helpers\create-event-accessor.js:36:32[90m)[39m
    at innerInvokeEventListeners [90m(C:\Projects\DiagnosticC
odeAssistant\frontend\[39mnode_modules\[4mjsdom[24m\lib\jsd
om\living\events\EventTarget-impl.js:360:16[90m)[39m
    at invokeEventListeners [90m(C:\Projects\DiagnosticCodeAs
sistant\frontend\[39mnode_modules\[4mjsdom[24m\lib\jsdom\li
ving\events\EventTarget-impl.js:296:3[90m)[39m
    at XMLHttpRequestImpl._dispatch [90m(C:\Projects\Diagnost
icCodeAssistant\frontend\[39mnode_modules\[4mjsdom[24m\lib\
jsdom\living\events\EventTarget-impl.js:243:9[90m)[39m
    at fireAnEvent [90m(C:\Projects\DiagnosticCodeAssistant\f
rontend\[39mnode_modules\[4mjsdom[24m\lib\jsdom\living\help
ers\events.js:18:36[90m)[39m
    at requestErrorSteps [90m(C:\Projects\DiagnosticCodeAssis
tant\frontend\[39mnode_modules\[4mjsdom[24m\lib\jsdom\livin
g\xhr\xhr-utils.js:123:3[90m)[39m
    at Object.dispatchError [90m(C:\Projects\DiagnosticCodeAs
sistant\frontend\[39mnode_modules\[4mjsdom[24m\lib\jsdom\li
ving\xhr\xhr-utils.js:59:3[90m)[39m
    at Request.<anonymous> [90m(C:\Projects\DiagnosticCodeAss
istant\frontend\[39mnode_modules\[4mjsdom[24m\lib\jsdom\liv
ing\xhr\XMLHttpRequest-impl.js:655:18[90m)[39m
    at Axios.request [90m(file:///C:/Projects/DiagnosticCodeA
ssistant/frontend/[39mnode_modules/[4maxios[24m/lib/core/Ax
ios.js:45:41[90m)[39m
[90m    at processTicksAndRejections 
(node:internal/process/task_queues:105:5)[39m
    at AnalyticsService.trackEvent (C:/Projects/DiagnosticCode
Assistant/frontend/src/services/analytics.ts:49:7) {
  code: [32m'ERR_NETWORK'[39m,
  config: {
    transitional: {
      silentJSONParsing: [33mtrue[39m,
      forcedJSONParsing: [33mtrue[39m,
      clarifyTimeoutError: [33mfalse[39m
    },
    adapter: [ [32m'xhr'[39m, [32m'http'[39m, 
[32m'fetch'[39m ],
    transformRequest: [ [36m[Function: 
transformRequest][39m ],
    transformResponse: [ [36m[Function: 
transformResponse][39m ],
    timeout: [33m0[39m,
    xsrfCookieName: [32m'XSRF-TOKEN'[39m,
    xsrfHeaderName: [32m'X-XSRF-TOKEN'[39m,
    maxContentLength: [33m-1[39m,
    maxBodyLength: [33m-1[39m,
    env: { FormData: [36m[Function][39m, Blob: [36m[class 
Blob][39m },
    validateStatus: [36m[Function: validateStatus][39m,
    headers: Object [AxiosHeaders] {
      Accept: [32m'application/json, text/plain, */*'[39m,
      [32m'Content-Type'[39m: [32m'application/json'[39m
    },
    baseURL: [32m'http://localhost:8000'[39m,
    method: [32m'post'[39m,
    url: [32m'/analytics/events'[39m,
    data: [32m'{"event_type":"view","event_category":"page","
metadata":{"page":"Home"}}'[39m,
    allowAbsoluteUrls: [33mtrue[39m
  },
  request: XMLHttpRequest {},
  event: ProgressEvent { isTrusted: [36m[Getter][39m }
}

[90mstderr[2m | src/pages/__tests__/HomePage.test.tsx[2m > 
[22m[2mHomePage[2m > [22m[2mrenders BulkActionsBar when 
items are available
[22m[39mFailed to track analytics event: AxiosError: 
Network Error
    at XMLHttpRequest.handleError [90m(file:///C:/Projects/Di
agnosticCodeAssistant/frontend/[39mnode_modules/[4maxios[24
m/lib/adapters/xhr.js:112:20[90m)[39m
    at XMLHttpRequest.invokeTheCallbackFunction [90m(C:\Proje
cts\DiagnosticCodeAssistant\frontend\[39mnode_modules\[4mjsd
om[24m\lib\jsdom\living\generated\EventHandlerNonNull.js:14:2
8[90m)[39m
    at XMLHttpRequest.<anonymous> [90m(C:\Projects\Diagnostic
CodeAssistant\frontend\[39mnode_modules\[4mjsdom[24m\lib\js
dom\living\helpers\create-event-accessor.js:36:32[90m)[39m
    at innerInvokeEventListeners [90m(C:\Projects\DiagnosticC
odeAssistant\frontend\[39mnode_modules\[4mjsdom[24m\lib\jsd
om\living\events\EventTarget-impl.js:360:16[90m)[39m
    at invokeEventListeners [90m(C:\Projects\DiagnosticCodeAs
sistant\frontend\[39mnode_modules\[4mjsdom[24m\lib\jsdom\li
ving\events\EventTarget-impl.js:296:3[90m)[39m
    at XMLHttpRequestImpl._dispatch [90m(C:\Projects\Diagnost
icCodeAssistant\frontend\[39mnode_modules\[4mjsdom[24m\lib\
jsdom\living\events\EventTarget-impl.js:243:9[90m)[39m
    at fireAnEvent [90m(C:\Projects\DiagnosticCodeAssistant\f
rontend\[39mnode_modules\[4mjsdom[24m\lib\jsdom\living\help
ers\events.js:18:36[90m)[39m
    at requestErrorSteps [90m(C:\Projects\DiagnosticCodeAssis
tant\frontend\[39mnode_modules\[4mjsdom[24m\lib\jsdom\livin
g\xhr\xhr-utils.js:123:3[90m)[39m
    at Object.dispatchError [90m(C:\Projects\DiagnosticCodeAs
sistant\frontend\[39mnode_modules\[4mjsdom[24m\lib\jsdom\li
ving\xhr\xhr-utils.js:59:3[90m)[39m
    at Request.<anonymous> [90m(C:\Projects\DiagnosticCodeAss
istant\frontend\[39mnode_modules\[4mjsdom[24m\lib\jsdom\liv
ing\xhr\XMLHttpRequest-impl.js:655:18[90m)[39m
    at Axios.request [90m(file:///C:/Projects/DiagnosticCodeA
ssistant/frontend/[39mnode_modules/[4maxios[24m/lib/core/Ax
ios.js:45:41[90m)[39m
[90m    at processTicksAndRejections 
(node:internal/process/task_queues:105:5)[39m
    at AnalyticsService.trackEvent (C:/Projects/DiagnosticCode
Assistant/frontend/src/services/analytics.ts:49:7) {
  code: [32m'ERR_NETWORK'[39m,
  config: {
    transitional: {
      silentJSONParsing: [33mtrue[39m,
      forcedJSONParsing: [33mtrue[39m,
      clarifyTimeoutError: [33mfalse[39m
    },
    adapter: [ [32m'xhr'[39m, [32m'http'[39m, 
[32m'fetch'[39m ],
    transformRequest: [ [36m[Function: 
transformRequest][39m ],
    transformResponse: [ [36m[Function: 
transformResponse][39m ],
    timeout: [33m0[39m,
    xsrfCookieName: [32m'XSRF-TOKEN'[39m,
    xsrfHeaderName: [32m'X-XSRF-TOKEN'[39m,
    maxContentLength: [33m-1[39m,
    maxBodyLength: [33m-1[39m,
    env: { FormData: [36m[Function][39m, Blob: [36m[class 
Blob][39m },
    validateStatus: [36m[Function: validateStatus][39m,
    headers: Object [AxiosHeaders] {
      Accept: [32m'application/json, text/plain, */*'[39m,
      [32m'Content-Type'[39m: [32m'application/json'[39m
    },
    baseURL: [32m'http://localhost:8000'[39m,
    method: [32m'post'[39m,
    url: [32m'/analytics/events'[39m,
    data: [32m'{"event_type":"view","event_category":"page","
metadata":{"page":"Home"}}'[39m,
    allowAbsoluteUrls: [33mtrue[39m
  },
  request: XMLHttpRequest {},
  event: ProgressEvent { isTrusted: [36m[Getter][39m }
}

[90mstderr[2m | src/pages/__tests__/HomePage.test.tsx[2m > 
[22m[2mHomePage[2m > [22m[2mrenders BulkActionsBar when 
items are available
[22m[39mFailed to track analytics event: AxiosError: 
Network Error
    at XMLHttpRequest.handleError [90m(file:///C:/Projects/Di
agnosticCodeAssistant/frontend/[39mnode_modules/[4maxios[24
m/lib/adapters/xhr.js:112:20[90m)[39m
    at XMLHttpRequest.invokeTheCallbackFunction [90m(C:\Proje
cts\DiagnosticCodeAssistant\frontend\[39mnode_modules\[4mjsd
om[24m\lib\jsdom\living\generated\EventHandlerNonNull.js:14:2
8[90m)[39m
    at XMLHttpRequest.<anonymous> [90m(C:\Projects\Diagnostic
CodeAssistant\frontend\[39mnode_modules\[4mjsdom[24m\lib\js
dom\living\helpers\create-event-accessor.js:36:32[90m)[39m
    at innerInvokeEventListeners [90m(C:\Projects\DiagnosticC
odeAssistant\frontend\[39mnode_modules\[4mjsdom[24m\lib\jsd
om\living\events\EventTarget-impl.js:360:16[90m)[39m
    at invokeEventListeners [90m(C:\Projects\DiagnosticCodeAs
sistant\frontend\[39mnode_modules\[4mjsdom[24m\lib\jsdom\li
ving\events\EventTarget-impl.js:296:3[90m)[39m
    at XMLHttpRequestImpl._dispatch [90m(C:\Projects\Diagnost
icCodeAssistant\frontend\[39mnode_modules\[4mjsdom[24m\lib\
jsdom\living\events\EventTarget-impl.js:243:9[90m)[39m
    at fireAnEvent [90m(C:\Projects\DiagnosticCodeAssistant\f
rontend\[39mnode_modules\[4mjsdom[24m\lib\jsdom\living\help
ers\events.js:18:36[90m)[39m
    at requestErrorSteps [90m(C:\Projects\DiagnosticCodeAssis
tant\frontend\[39mnode_modules\[4mjsdom[24m\lib\jsdom\livin
g\xhr\xhr-utils.js:123:3[90m)[39m
    at Object.dispatchError [90m(C:\Projects\DiagnosticCodeAs
sistant\frontend\[39mnode_modules\[4mjsdom[24m\lib\jsdom\li
ving\xhr\xhr-utils.js:59:3[90m)[39m
    at Request.<anonymous> [90m(C:\Projects\DiagnosticCodeAss
istant\frontend\[39mnode_modules\[4mjsdom[24m\lib\jsdom\liv
ing\xhr\XMLHttpRequest-impl.js:655:18[90m)[39m
    at Axios.request [90m(file:///C:/Projects/DiagnosticCodeA
ssistant/frontend/[39mnode_modules/[4maxios[24m/lib/core/Ax
ios.js:45:41[90m)[39m
[90m    at processTicksAndRejections 
(node:internal/process/task_queues:105:5)[39m
    at AnalyticsService.trackEvent (C:/Projects/DiagnosticCode
Assistant/frontend/src/services/analytics.ts:49:7) {
  code: [32m'ERR_NETWORK'[39m,
  config: {
    transitional: {
      silentJSONParsing: [33mtrue[39m,
      forcedJSONParsing: [33mtrue[39m,
      clarifyTimeoutError: [33mfalse[39m
    },
    adapter: [ [32m'xhr'[39m, [32m'http'[39m, 
[32m'fetch'[39m ],
    transformRequest: [ [36m[Function: 
transformRequest][39m ],
    transformResponse: [ [36m[Function: 
transformResponse][39m ],
    timeout: [33m0[39m,
    xsrfCookieName: [32m'XSRF-TOKEN'[39m,
    xsrfHeaderName: [32m'X-XSRF-TOKEN'[39m,
    maxContentLength: [33m-1[39m,
    maxBodyLength: [33m-1[39m,
    env: { FormData: [36m[Function][39m, Blob: [36m[class 
Blob][39m },
    validateStatus: [36m[Function: validateStatus][39m,
    headers: Object [AxiosHeaders] {
      Accept: [32m'application/json, text/plain, */*'[39m,
      [32m'Content-Type'[39m: [32m'application/json'[39m
    },
    baseURL: [32m'http://localhost:8000'[39m,
    method: [32m'post'[39m,
    url: [32m'/analytics/events'[39m,
    data: [32m'{"event_type":"view","event_category":"page","
metadata":{"page":"Home"}}'[39m,
    allowAbsoluteUrls: [33mtrue[39m
  },
  request: XMLHttpRequest {},
  event: ProgressEvent { isTrusted: [36m[Getter][39m }
}

 [32mΓ£ô[39m src/components/__tests__/Pagination.test.tsx [2m([22m[2m5 tests[22m[2m)[22m[32m 69[2mms[22m[39m
 [32mΓ£ô[39m src/services/__tests__/diagnosticCodeService.test.ts [2m([22m[2m7 tests[22m[2m)[22m[32m 9[2mms[22m[39m
[90mstderr[2m | src/pages/__tests__/HomePage.test.tsx[2m > 
[22m[2mHomePage[2m > [22m[2mallows selecting individual 
code cards
[22m[39mFailed to track analytics event: AxiosError: 
Network Error
    at XMLHttpRequest.handleError [90m(file:///C:/Projects/Di
agnosticCodeAssistant/frontend/[39mnode_modules/[4maxios[24
m/lib/adapters/xhr.js:112:20[90m)[39m
    at XMLHttpRequest.invokeTheCallbackFunction [90m(C:\Proje
cts\DiagnosticCodeAssistant\frontend\[39mnode_modules\[4mjsd
om[24m\lib\jsdom\living\generated\EventHandlerNonNull.js:14:2
8[90m)[39m
    at XMLHttpRequest.<anonymous> [90m(C:\Projects\Diagnostic
CodeAssistant\frontend\[39mnode_modules\[4mjsdom[24m\lib\js
dom\living\helpers\create-event-accessor.js:36:32[90m)[39m
    at innerInvokeEventListeners [90m(C:\Projects\DiagnosticC
odeAssistant\frontend\[39mnode_modules\[4mjsdom[24m\lib\jsd
om\living\events\EventTarget-impl.js:360:16[90m)[39m
    at invokeEventListeners [90m(C:\Projects\DiagnosticCodeAs
sistant\frontend\[39mnode_modules\[4mjsdom[24m\lib\jsdom\li
ving\events\EventTarget-impl.js:296:3[90m)[39m
    at XMLHttpRequestImpl._dispatch [90m(C:\Projects\Diagnost
icCodeAssistant\frontend\[39mnode_modules\[4mjsdom[24m\lib\
jsdom\living\events\EventTarget-impl.js:243:9[90m)[39m
    at fireAnEvent [90m(C:\Projects\DiagnosticCodeAssistant\f
rontend\[39mnode_modules\[4mjsdom[24m\lib\jsdom\living\help
ers\events.js:18:36[90m)[39m
    at requestErrorSteps [90m(C:\Projects\DiagnosticCodeAssis
tant\frontend\[39mnode_modules\[4mjsdom[24m\lib\jsdom\livin
g\xhr\xhr-utils.js:123:3[90m)[39m
    at Object.dispatchError [90m(C:\Projects\DiagnosticCodeAs
sistant\frontend\[39mnode_modules\[4mjsdom[24m\lib\jsdom\li
ving\xhr\xhr-utils.js:59:3[90m)[39m
    at Request.<anonymous> [90m(C:\Projects\DiagnosticCodeAss
istant\frontend\[39mnode_modules\[4mjsdom[24m\lib\jsdom\liv
ing\xhr\XMLHttpRequest-impl.js:655:18[90m)[39m
    at Axios.request [90m(file:///C:/Projects/DiagnosticCodeA
ssistant/frontend/[39mnode_modules/[4maxios[24m/lib/core/Ax
ios.js:45:41[90m)[39m
[90m    at processTicksAndRejections 
(node:internal/process/task_queues:105:5)[39m
    at AnalyticsService.trackEvent (C:/Projects/DiagnosticCode
Assistant/frontend/src/services/analytics.ts:49:7) {
  code: [32m'ERR_NETWORK'[39m,
  config: {
    transitional: {
      silentJSONParsing: [33mtrue[39m,
      forcedJSONParsing: [33mtrue[39m,
      clarifyTimeoutError: [33mfalse[39m
    },
    adapter: [ [32m'xhr'[39m, [32m'http'[39m, 
[32m'fetch'[39m ],
    transformRequest: [ [36m[Function: 
transformRequest][39m ],
    transformResponse: [ [36m[Function: 
transformResponse][39m ],
    timeout: [33m0[39m,
    xsrfCookieName: [32m'XSRF-TOKEN'[39m,
    xsrfHeaderName: [32m'X-XSRF-TOKEN'[39m,
    maxContentLength: [33m-1[39m,
    maxBodyLength: [33m-1[39m,
    env: { FormData: [36m[Function][39m, Blob: [36m[class 
Blob][39m },
    validateStatus: [36m[Function: validateStatus][39m,
    headers: Object [AxiosHeaders] {
      Accept: [32m'application/json, text/plain, */*'[39m,
      [32m'Content-Type'[39m: [32m'application/json'[39m
    },
    baseURL: [32m'http://localhost:8000'[39m,
    method: [32m'post'[39m,
    url: [32m'/analytics/events'[39m,
    data: [32m'{"event_type":"view","event_category":"page","
metadata":{"page":"Home"}}'[39m,
    allowAbsoluteUrls: [33mtrue[39m
  },
  request: XMLHttpRequest {},
  event: ProgressEvent { isTrusted: [36m[Getter][39m }
}

[90mstderr[2m | src/pages/__tests__/HomePage.test.tsx[2m > 
[22m[2mHomePage[2m > [22m[2mallows selecting individual 
code cards
[22m[39mFailed to track analytics event: AxiosError: 
Network Error
    at XMLHttpRequest.handleError [90m(file:///C:/Projects/Di
agnosticCodeAssistant/frontend/[39mnode_modules/[4maxios[24
m/lib/adapters/xhr.js:112:20[90m)[39m
    at XMLHttpRequest.invokeTheCallbackFunction [90m(C:\Proje
cts\DiagnosticCodeAssistant\frontend\[39mnode_modules\[4mjsd
om[24m\lib\jsdom\living\generated\EventHandlerNonNull.js:14:2
8[90m)[39m
    at XMLHttpRequest.<anonymous> [90m(C:\Projects\Diagnostic
CodeAssistant\frontend\[39mnode_modules\[4mjsdom[24m\lib\js
dom\living\helpers\create-event-accessor.js:36:32[90m)[39m
    at innerInvokeEventListeners [90m(C:\Projects\DiagnosticC
odeAssistant\frontend\[39mnode_modules\[4mjsdom[24m\lib\jsd
om\living\events\EventTarget-impl.js:360:16[90m)[39m
    at invokeEventListeners [90m(C:\Projects\DiagnosticCodeAs
sistant\frontend\[39mnode_modules\[4mjsdom[24m\lib\jsdom\li
ving\events\EventTarget-impl.js:296:3[90m)[39m
    at XMLHttpRequestImpl._dispatch [90m(C:\Projects\Diagnost
icCodeAssistant\frontend\[39mnode_modules\[4mjsdom[24m\lib\
jsdom\living\events\EventTarget-impl.js:243:9[90m)[39m
    at fireAnEvent [90m(C:\Projects\DiagnosticCodeAssistant\f
rontend\[39mnode_modules\[4mjsdom[24m\lib\jsdom\living\help
ers\events.js:18:36[90m)[39m
    at requestErrorSteps [90m(C:\Projects\DiagnosticCodeAssis
tant\frontend\[39mnode_modules\[4mjsdom[24m\lib\jsdom\livin
g\xhr\xhr-utils.js:123:3[90m)[39m
    at Object.dispatchError [90m(C:\Projects\DiagnosticCodeAs
sistant\frontend\[39mnode_modules\[4mjsdom[24m\lib\jsdom\li
ving\xhr\xhr-utils.js:59:3[90m)[39m
    at Request.<anonymous> [90m(C:\Projects\DiagnosticCodeAss
istant\frontend\[39mnode_modules\[4mjsdom[24m\lib\jsdom\liv
ing\xhr\XMLHttpRequest-impl.js:655:18[90m)[39m
    at Axios.request [90m(file:///C:/Projects/DiagnosticCodeA
ssistant/frontend/[39mnode_modules/[4maxios[24m/lib/core/Ax
ios.js:45:41[90m)[39m
[90m    at processTicksAndRejections 
(node:internal/process/task_queues:105:5)[39m
    at AnalyticsService.trackEvent (C:/Projects/DiagnosticCode
Assistant/frontend/src/services/analytics.ts:49:7) {
  code: [32m'ERR_NETWORK'[39m,
  config: {
    transitional: {
      silentJSONParsing: [33mtrue[39m,
      forcedJSONParsing: [33mtrue[39m,
      clarifyTimeoutError: [33mfalse[39m
    },
    adapter: [ [32m'xhr'[39m, [32m'http'[39m, 
[32m'fetch'[39m ],
    transformRequest: [ [36m[Function: 
transformRequest][39m ],
    transformResponse: [ [36m[Function: 
transformResponse][39m ],
    timeout: [33m0[39m,
    xsrfCookieName: [32m'XSRF-TOKEN'[39m,
    xsrfHeaderName: [32m'X-XSRF-TOKEN'[39m,
    maxContentLength: [33m-1[39m,
    maxBodyLength: [33m-1[39m,
    env: { FormData: [36m[Function][39m, Blob: [36m[class 
Blob][39m },
    validateStatus: [36m[Function: validateStatus][39m,
    headers: Object [AxiosHeaders] {
      Accept: [32m'application/json, text/plain, */*'[39m,
      [32m'Content-Type'[39m: [32m'application/json'[39m
    },
    baseURL: [32m'http://localhost:8000'[39m,
    method: [32m'post'[39m,
    url: [32m'/analytics/events'[39m,
    data: [32m'{"event_type":"view","event_category":"page","
metadata":{"page":"Home"}}'[39m,
    allowAbsoluteUrls: [33mtrue[39m
  },
  request: XMLHttpRequest {},
  event: ProgressEvent { isTrusted: [36m[Getter][39m }
}

[90mstderr[2m | src/pages/__tests__/HomePage.test.tsx[2m > 
[22m[2mHomePage[2m > [22m[2mallows selecting individual 
code cards
[22m[39mFailed to track analytics event: AxiosError: 
Network Error
    at XMLHttpRequest.handleError [90m(file:///C:/Projects/Di
agnosticCodeAssistant/frontend/[39mnode_modules/[4maxios[24
m/lib/adapters/xhr.js:112:20[90m)[39m
    at XMLHttpRequest.invokeTheCallbackFunction [90m(C:\Proje
cts\DiagnosticCodeAssistant\frontend\[39mnode_modules\[4mjsd
om[24m\lib\jsdom\living\generated\EventHandlerNonNull.js:14:2
8[90m)[39m
    at XMLHttpRequest.<anonymous> [90m(C:\Projects\Diagnostic
CodeAssistant\frontend\[39mnode_modules\[4mjsdom[24m\lib\js
dom\living\helpers\create-event-accessor.js:36:32[90m)[39m
    at innerInvokeEventListeners [90m(C:\Projects\DiagnosticC
odeAssistant\frontend\[39mnode_modules\[4mjsdom[24m\lib\jsd
om\living\events\EventTarget-impl.js:360:16[90m)[39m
    at invokeEventListeners [90m(C:\Projects\DiagnosticCodeAs
sistant\frontend\[39mnode_modules\[4mjsdom[24m\lib\jsdom\li
ving\events\EventTarget-impl.js:296:3[90m)[39m
    at XMLHttpRequestImpl._dispatch [90m(C:\Projects\Diagnost
icCodeAssistant\frontend\[39mnode_modules\[4mjsdom[24m\lib\
jsdom\living\events\EventTarget-impl.js:243:9[90m)[39m
    at fireAnEvent [90m(C:\Projects\DiagnosticCodeAssistant\f
rontend\[39mnode_modules\[4mjsdom[24m\lib\jsdom\living\help
ers\events.js:18:36[90m)[39m
    at requestErrorSteps [90m(C:\Projects\DiagnosticCodeAssis
tant\frontend\[39mnode_modules\[4mjsdom[24m\lib\jsdom\livin
g\xhr\xhr-utils.js:123:3[90m)[39m
    at Object.dispatchError [90m(C:\Projects\DiagnosticCodeAs
sistant\frontend\[39mnode_modules\[4mjsdom[24m\lib\jsdom\li
ving\xhr\xhr-utils.js:59:3[90m)[39m
    at Request.<anonymous> [90m(C:\Projects\DiagnosticCodeAss
istant\frontend\[39mnode_modules\[4mjsdom[24m\lib\jsdom\liv
ing\xhr\XMLHttpRequest-impl.js:655:18[90m)[39m
    at Axios.request [90m(file:///C:/Projects/DiagnosticCodeA
ssistant/frontend/[39mnode_modules/[4maxios[24m/lib/core/Ax
ios.js:45:41[90m)[39m
[90m    at processTicksAndRejections 
(node:internal/process/task_queues:105:5)[39m
    at AnalyticsService.trackEvent (C:/Projects/DiagnosticCode
Assistant/frontend/src/services/analytics.ts:49:7) {
  code: [32m'ERR_NETWORK'[39m,
  config: {
    transitional: {
      silentJSONParsing: [33mtrue[39m,
      forcedJSONParsing: [33mtrue[39m,
      clarifyTimeoutError: [33mfalse[39m
    },
    adapter: [ [32m'xhr'[39m, [32m'http'[39m, 
[32m'fetch'[39m ],
    transformRequest: [ [36m[Function: 
transformRequest][39m ],
    transformResponse: [ [36m[Function: 
transformResponse][39m ],
    timeout: [33m0[39m,
    xsrfCookieName: [32m'XSRF-TOKEN'[39m,
    xsrfHeaderName: [32m'X-XSRF-TOKEN'[39m,
    maxContentLength: [33m-1[39m,
    maxBodyLength: [33m-1[39m,
    env: { FormData: [36m[Function][39m, Blob: [36m[class 
Blob][39m },
    validateStatus: [36m[Function: validateStatus][39m,
    headers: Object [AxiosHeaders] {
      Accept: [32m'application/json, text/plain, */*'[39m,
      [32m'Content-Type'[39m: [32m'application/json'[39m
    },
    baseURL: [32m'http://localhost:8000'[39m,
    method: [32m'post'[39m,
    url: [32m'/analytics/events'[39m,
    data: [32m'{"event_type":"view","event_category":"page","
metadata":{"page":"Home"}}'[39m,
    allowAbsoluteUrls: [33mtrue[39m
  },
  request: XMLHttpRequest {},
  event: ProgressEvent { isTrusted: [36m[Getter][39m }
}

[90mstderr[2m | src/pages/__tests__/HomePage.test.tsx[2m > 
[22m[2mHomePage[2m > [22m[2mallows selecting individual 
code cards
[22m[39mFailed to track analytics event: AxiosError: 
Network Error
    at XMLHttpRequest.handleError [90m(file:///C:/Projects/Di
agnosticCodeAssistant/frontend/[39mnode_modules/[4maxios[24
m/lib/adapters/xhr.js:112:20[90m)[39m
    at XMLHttpRequest.invokeTheCallbackFunction [90m(C:\Proje
cts\DiagnosticCodeAssistant\frontend\[39mnode_modules\[4mjsd
om[24m\lib\jsdom\living\generated\EventHandlerNonNull.js:14:2
8[90m)[39m
    at XMLHttpRequest.<anonymous> [90m(C:\Projects\Diagnostic
CodeAssistant\frontend\[39mnode_modules\[4mjsdom[24m\lib\js
dom\living\helpers\create-event-accessor.js:36:32[90m)[39m
    at innerInvokeEventListeners [90m(C:\Projects\DiagnosticC
odeAssistant\frontend\[39mnode_modules\[4mjsdom[24m\lib\jsd
om\living\events\EventTarget-impl.js:360:16[90m)[39m
    at invokeEventListeners [90m(C:\Projects\DiagnosticCodeAs
sistant\frontend\[39mnode_modules\[4mjsdom[24m\lib\jsdom\li
ving\events\EventTarget-impl.js:296:3[90m)[39m
    at XMLHttpRequestImpl._dispatch [90m(C:\Projects\Diagnost
icCodeAssistant\frontend\[39mnode_modules\[4mjsdom[24m\lib\
jsdom\living\events\EventTarget-impl.js:243:9[90m)[39m
    at fireAnEvent [90m(C:\Projects\DiagnosticCodeAssistant\f
rontend\[39mnode_modules\[4mjsdom[24m\lib\jsdom\living\help
ers\events.js:18:36[90m)[39m
    at requestErrorSteps [90m(C:\Projects\DiagnosticCodeAssis
tant\frontend\[39mnode_modules\[4mjsdom[24m\lib\jsdom\livin
g\xhr\xhr-utils.js:123:3[90m)[39m
    at Object.dispatchError [90m(C:\Projects\DiagnosticCodeAs
sistant\frontend\[39mnode_modules\[4mjsdom[24m\lib\jsdom\li
ving\xhr\xhr-utils.js:59:3[90m)[39m
    at Request.<anonymous> [90m(C:\Projects\DiagnosticCodeAss
istant\frontend\[39mnode_modules\[4mjsdom[24m\lib\jsdom\liv
ing\xhr\XMLHttpRequest-impl.js:655:18[90m)[39m
    at Axios.request [90m(file:///C:/Projects/DiagnosticCodeA
ssistant/frontend/[39mnode_modules/[4maxios[24m/lib/core/Ax
ios.js:45:41[90m)[39m
[90m    at processTicksAndRejections 
(node:internal/process/task_queues:105:5)[39m
    at AnalyticsService.trackEvent (C:/Projects/DiagnosticCode
Assistant/frontend/src/services/analytics.ts:49:7) {
  code: [32m'ERR_NETWORK'[39m,
  config: {
    transitional: {
      silentJSONParsing: [33mtrue[39m,
      forcedJSONParsing: [33mtrue[39m,
      clarifyTimeoutError: [33mfalse[39m
    },
    adapter: [ [32m'xhr'[39m, [32m'http'[39m, 
[32m'fetch'[39m ],
    transformRequest: [ [36m[Function: 
transformRequest][39m ],
    transformResponse: [ [36m[Function: 
transformResponse][39m ],
    timeout: [33m0[39m,
    xsrfCookieName: [32m'XSRF-TOKEN'[39m,
    xsrfHeaderName: [32m'X-XSRF-TOKEN'[39m,
    maxContentLength: [33m-1[39m,
    maxBodyLength: [33m-1[39m,
    env: { FormData: [36m[Function][39m, Blob: [36m[class 
Blob][39m },
    validateStatus: [36m[Function: validateStatus][39m,
    headers: Object [AxiosHeaders] {
      Accept: [32m'application/json, text/plain, */*'[39m,
      [32m'Content-Type'[39m: [32m'application/json'[39m
    },
    baseURL: [32m'http://localhost:8000'[39m,
    method: [32m'post'[39m,
    url: [32m'/analytics/events'[39m,
    data: [32m'{"event_type":"view","event_category":"page","
metadata":{"page":"Home"}}'[39m,
    allowAbsoluteUrls: [33mtrue[39m
  },
  request: XMLHttpRequest {},
  event: ProgressEvent { isTrusted: [36m[Getter][39m }
}

[90mstderr[2m | src/pages/__tests__/HomePage.test.tsx[2m > 
[22m[2mHomePage[2m > [22m[2mallows selecting individual 
code cards
[22m[39mFailed to track analytics event: AxiosError: 
Network Error
    at XMLHttpRequest.handleError [90m(file:///C:/Projects/Di
agnosticCodeAssistant/frontend/[39mnode_modules/[4maxios[24
m/lib/adapters/xhr.js:112:20[90m)[39m
    at XMLHttpRequest.invokeTheCallbackFunction [90m(C:\Proje
cts\DiagnosticCodeAssistant\frontend\[39mnode_modules\[4mjsd
om[24m\lib\jsdom\living\generated\EventHandlerNonNull.js:14:2
8[90m)[39m
    at XMLHttpRequest.<anonymous> [90m(C:\Projects\Diagnostic
CodeAssistant\frontend\[39mnode_modules\[4mjsdom[24m\lib\js
dom\living\helpers\create-event-accessor.js:36:32[90m)[39m
    at innerInvokeEventListeners [90m(C:\Projects\DiagnosticC
odeAssistant\frontend\[39mnode_modules\[4mjsdom[24m\lib\jsd
om\living\events\EventTarget-impl.js:360:16[90m)[39m
    at invokeEventListeners [90m(C:\Projects\DiagnosticCodeAs
sistant\frontend\[39mnode_modules\[4mjsdom[24m\lib\jsdom\li
ving\events\EventTarget-impl.js:296:3[90m)[39m
    at XMLHttpRequestImpl._dispatch [90m(C:\Projects\Diagnost
icCodeAssistant\frontend\[39mnode_modules\[4mjsdom[24m\lib\
jsdom\living\events\EventTarget-impl.js:243:9[90m)[39m
    at fireAnEvent [90m(C:\Projects\DiagnosticCodeAssistant\f
rontend\[39mnode_modules\[4mjsdom[24m\lib\jsdom\living\help
ers\events.js:18:36[90m)[39m
    at requestErrorSteps [90m(C:\Projects\DiagnosticCodeAssis
tant\frontend\[39mnode_modules\[4mjsdom[24m\lib\jsdom\livin
g\xhr\xhr-utils.js:123:3[90m)[39m
    at Object.dispatchError [90m(C:\Projects\DiagnosticCodeAs
sistant\frontend\[39mnode_modules\[4mjsdom[24m\lib\jsdom\li
ving\xhr\xhr-utils.js:59:3[90m)[39m
    at Request.<anonymous> [90m(C:\Projects\DiagnosticCodeAss
istant\frontend\[39mnode_modules\[4mjsdom[24m\lib\jsdom\liv
ing\xhr\XMLHttpRequest-impl.js:655:18[90m)[39m
    at Axios.request [90m(file:///C:/Projects/DiagnosticCodeA
ssistant/frontend/[39mnode_modules/[4maxios[24m/lib/core/Ax
ios.js:45:41[90m)[39m
[90m    at processTicksAndRejections 
(node:internal/process/task_queues:105:5)[39m
    at AnalyticsService.trackEvent (C:/Projects/DiagnosticCode
Assistant/frontend/src/services/analytics.ts:49:7) {
  code: [32m'ERR_NETWORK'[39m,
  config: {
    transitional: {
      silentJSONParsing: [33mtrue[39m,
      forcedJSONParsing: [33mtrue[39m,
      clarifyTimeoutError: [33mfalse[39m
    },
    adapter: [ [32m'xhr'[39m, [32m'http'[39m, 
[32m'fetch'[39m ],
    transformRequest: [ [36m[Function: 
transformRequest][39m ],
    transformResponse: [ [36m[Function: 
transformResponse][39m ],
    timeout: [33m0[39m,
    xsrfCookieName: [32m'XSRF-TOKEN'[39m,
    xsrfHeaderName: [32m'X-XSRF-TOKEN'[39m,
    maxContentLength: [33m-1[39m,
    maxBodyLength: [33m-1[39m,
    env: { FormData: [36m[Function][39m, Blob: [36m[class 
Blob][39m },
    validateStatus: [36m[Function: validateStatus][39m,
    headers: Object [AxiosHeaders] {
      Accept: [32m'application/json, text/plain, */*'[39m,
      [32m'Content-Type'[39m: [32m'application/json'[39m
    },
    baseURL: [32m'http://localhost:8000'[39m,
    method: [32m'post'[39m,
    url: [32m'/analytics/events'[39m,
    data: [32m'{"event_type":"view","event_category":"page","
metadata":{"page":"Home"}}'[39m,
    allowAbsoluteUrls: [33mtrue[39m
  },
  request: XMLHttpRequest {},
  event: ProgressEvent { isTrusted: [36m[Getter][39m }
}

 [32mΓ£ô[39m src/hooks/__tests__/useSavedFilters.test.ts [2m([22m[2m6 tests[22m[2m)[22m[32m 25[2mms[22m[39m
[90mstderr[2m | src/pages/__tests__/HomePage.test.tsx[2m > 
[22m[2mHomePage[2m > [22m[2mselects all codes when 
Select All is clicked
[22m[39mFailed to track analytics event: AxiosError: 
Network Error
    at XMLHttpRequest.handleError [90m(file:///C:/Projects/Di
agnosticCodeAssistant/frontend/[39mnode_modules/[4maxios[24
m/lib/adapters/xhr.js:112:20[90m)[39m
    at XMLHttpRequest.invokeTheCallbackFunction [90m(C:\Proje
cts\DiagnosticCodeAssistant\frontend\[39mnode_modules\[4mjsd
om[24m\lib\jsdom\living\generated\EventHandlerNonNull.js:14:2
8[90m)[39m
    at XMLHttpRequest.<anonymous> [90m(C:\Projects\Diagnostic
CodeAssistant\frontend\[39mnode_modules\[4mjsdom[24m\lib\js
dom\living\helpers\create-event-accessor.js:36:32[90m)[39m
    at innerInvokeEventListeners [90m(C:\Projects\DiagnosticC
odeAssistant\frontend\[39mnode_modules\[4mjsdom[24m\lib\jsd
om\living\events\EventTarget-impl.js:360:16[90m)[39m
    at invokeEventListeners [90m(C:\Projects\DiagnosticCodeAs
sistant\frontend\[39mnode_modules\[4mjsdom[24m\lib\jsdom\li
ving\events\EventTarget-impl.js:296:3[90m)[39m
    at XMLHttpRequestImpl._dispatch [90m(C:\Projects\Diagnost
icCodeAssistant\frontend\[39mnode_modules\[4mjsdom[24m\lib\
jsdom\living\events\EventTarget-impl.js:243:9[90m)[39m
    at fireAnEvent [90m(C:\Projects\DiagnosticCodeAssistant\f
rontend\[39mnode_modules\[4mjsdom[24m\lib\jsdom\living\help
ers\events.js:18:36[90m)[39m
    at requestErrorSteps [90m(C:\Projects\DiagnosticCodeAssis
tant\frontend\[39mnode_modules\[4mjsdom[24m\lib\jsdom\livin
g\xhr\xhr-utils.js:123:3[90m)[39m
    at Object.dispatchError [90m(C:\Projects\DiagnosticCodeAs
sistant\frontend\[39mnode_modules\[4mjsdom[24m\lib\jsdom\li
ving\xhr\xhr-utils.js:59:3[90m)[39m
    at Request.<anonymous> [90m(C:\Projects\DiagnosticCodeAss
istant\frontend\[39mnode_modules\[4mjsdom[24m\lib\jsdom\liv
ing\xhr\XMLHttpRequest-impl.js:655:18[90m)[39m
    at Axios.request [90m(file:///C:/Projects/DiagnosticCodeA
ssistant/frontend/[39mnode_modules/[4maxios[24m/lib/core/Ax
ios.js:45:41[90m)[39m
[90m    at processTicksAndRejections 
(node:internal/process/task_queues:105:5)[39m
    at AnalyticsService.trackEvent (C:/Projects/DiagnosticCode
Assistant/frontend/src/services/analytics.ts:49:7) {
  code: [32m'ERR_NETWORK'[39m,
  config: {
    transitional: {
      silentJSONParsing: [33mtrue[39m,
      forcedJSONParsing: [33mtrue[39m,
      clarifyTimeoutError: [33mfalse[39m
    },
    adapter: [ [32m'xhr'[39m, [32m'http'[39m, 
[32m'fetch'[39m ],
    transformRequest: [ [36m[Function: 
transformRequest][39m ],
    transformResponse: [ [36m[Function: 
transformResponse][39m ],
    timeout: [33m0[39m,
    xsrfCookieName: [32m'XSRF-TOKEN'[39m,
    xsrfHeaderName: [32m'X-XSRF-TOKEN'[39m,
    maxContentLength: [33m-1[39m,
    maxBodyLength: [33m-1[39m,
    env: { FormData: [36m[Function][39m, Blob: [36m[class 
Blob][39m },
    validateStatus: [36m[Function: validateStatus][39m,
    headers: Object [AxiosHeaders] {
      Accept: [32m'application/json, text/plain, */*'[39m,
      [32m'Content-Type'[39m: [32m'application/json'[39m
    },
    baseURL: [32m'http://localhost:8000'[39m,
    method: [32m'post'[39m,
    url: [32m'/analytics/events'[39m,
    data: [32m'{"event_type":"view","event_category":"page","
metadata":{"page":"Home"}}'[39m,
    allowAbsoluteUrls: [33mtrue[39m
  },
  request: XMLHttpRequest {},
  event: ProgressEvent { isTrusted: [36m[Getter][39m }
}

[90mstderr[2m | src/pages/__tests__/HomePage.test.tsx[2m > 
[22m[2mHomePage[2m > [22m[2mselects all codes when 
Select All is clicked
[22m[39mFailed to track analytics event: AxiosError: 
Network Error
    at XMLHttpRequest.handleError [90m(file:///C:/Projects/Di
agnosticCodeAssistant/frontend/[39mnode_modules/[4maxios[24
m/lib/adapters/xhr.js:112:20[90m)[39m
    at XMLHttpRequest.invokeTheCallbackFunction [90m(C:\Proje
cts\DiagnosticCodeAssistant\frontend\[39mnode_modules\[4mjsd
om[24m\lib\jsdom\living\generated\EventHandlerNonNull.js:14:2
8[90m)[39m
    at XMLHttpRequest.<anonymous> [90m(C:\Projects\Diagnostic
CodeAssistant\frontend\[39mnode_modules\[4mjsdom[24m\lib\js
dom\living\helpers\create-event-accessor.js:36:32[90m)[39m
    at innerInvokeEventListeners [90m(C:\Projects\DiagnosticC
odeAssistant\frontend\[39mnode_modules\[4mjsdom[24m\lib\jsd
om\living\events\EventTarget-impl.js:360:16[90m)[39m
    at invokeEventListeners [90m(C:\Projects\DiagnosticCodeAs
sistant\frontend\[39mnode_modules\[4mjsdom[24m\lib\jsdom\li
ving\events\EventTarget-impl.js:296:3[90m)[39m
    at XMLHttpRequestImpl._dispatch [90m(C:\Projects\Diagnost
icCodeAssistant\frontend\[39mnode_modules\[4mjsdom[24m\lib\
jsdom\living\events\EventTarget-impl.js:243:9[90m)[39m
    at fireAnEvent [90m(C:\Projects\DiagnosticCodeAssistant\f
rontend\[39mnode_modules\[4mjsdom[24m\lib\jsdom\living\help
ers\events.js:18:36[90m)[39m
    at requestErrorSteps [90m(C:\Projects\DiagnosticCodeAssis
tant\frontend\[39mnode_modules\[4mjsdom[24m\lib\jsdom\livin
g\xhr\xhr-utils.js:123:3[90m)[39m
    at Object.dispatchError [90m(C:\Projects\DiagnosticCodeAs
sistant\frontend\[39mnode_modules\[4mjsdom[24m\lib\jsdom\li
ving\xhr\xhr-utils.js:59:3[90m)[39m
    at Request.<anonymous> [90m(C:\Projects\DiagnosticCodeAss
istant\frontend\[39mnode_modules\[4mjsdom[24m\lib\jsdom\liv
ing\xhr\XMLHttpRequest-impl.js:655:18[90m)[39m
    at Axios.request [90m(file:///C:/Projects/DiagnosticCodeA
ssistant/frontend/[39mnode_modules/[4maxios[24m/lib/core/Ax
ios.js:45:41[90m)[39m
[90m    at processTicksAndRejections 
(node:internal/process/task_queues:105:5)[39m
    at AnalyticsService.trackEvent (C:/Projects/DiagnosticCode
Assistant/frontend/src/services/analytics.ts:49:7) {
  code: [32m'ERR_NETWORK'[39m,
  config: {
    transitional: {
      silentJSONParsing: [33mtrue[39m,
      forcedJSONParsing: [33mtrue[39m,
      clarifyTimeoutError: [33mfalse[39m
    },
    adapter: [ [32m'xhr'[39m, [32m'http'[39m, 
[32m'fetch'[39m ],
    transformRequest: [ [36m[Function: 
transformRequest][39m ],
    transformResponse: [ [36m[Function: 
transformResponse][39m ],
    timeout: [33m0[39m,
    xsrfCookieName: [32m'XSRF-TOKEN'[39m,
    xsrfHeaderName: [32m'X-XSRF-TOKEN'[39m,
    maxContentLength: [33m-1[39m,
    maxBodyLength: [33m-1[39m,
    env: { FormData: [36m[Function][39m, Blob: [36m[class 
Blob][39m },
    validateStatus: [36m[Function: validateStatus][39m,
    headers: Object [AxiosHeaders] {
      Accept: [32m'application/json, text/plain, */*'[39m,
      [32m'Content-Type'[39m: [32m'application/json'[39m
    },
    baseURL: [32m'http://localhost:8000'[39m,
    method: [32m'post'[39m,
    url: [32m'/analytics/events'[39m,
    data: [32m'{"event_type":"view","event_category":"page","
metadata":{"page":"Home"}}'[39m,
    allowAbsoluteUrls: [33mtrue[39m
  },
  request: XMLHttpRequest {},
  event: ProgressEvent { isTrusted: [36m[Getter][39m }
}

[90mstderr[2m | src/pages/__tests__/HomePage.test.tsx[2m > 
[22m[2mHomePage[2m > [22m[2mselects all codes when 
Select All is clicked
[22m[39mFailed to track analytics event: AxiosError: 
Network Error
    at XMLHttpRequest.handleError [90m(file:///C:/Projects/Di
agnosticCodeAssistant/frontend/[39mnode_modules/[4maxios[24
m/lib/adapters/xhr.js:112:20[90m)[39m
    at XMLHttpRequest.invokeTheCallbackFunction [90m(C:\Proje
cts\DiagnosticCodeAssistant\frontend\[39mnode_modules\[4mjsd
om[24m\lib\jsdom\living\generated\EventHandlerNonNull.js:14:2
8[90m)[39m
    at XMLHttpRequest.<anonymous> [90m(C:\Projects\Diagnostic
CodeAssistant\frontend\[39mnode_modules\[4mjsdom[24m\lib\js
dom\living\helpers\create-event-accessor.js:36:32[90m)[39m
    at innerInvokeEventListeners [90m(C:\Projects\DiagnosticC
odeAssistant\frontend\[39mnode_modules\[4mjsdom[24m\lib\jsd
om\living\events\EventTarget-impl.js:360:16[90m)[39m
    at invokeEventListeners [90m(C:\Projects\DiagnosticCodeAs
sistant\frontend\[39mnode_modules\[4mjsdom[24m\lib\jsdom\li
ving\events\EventTarget-impl.js:296:3[90m)[39m
    at XMLHttpRequestImpl._dispatch [90m(C:\Projects\Diagnost
icCodeAssistant\frontend\[39mnode_modules\[4mjsdom[24m\lib\
jsdom\living\events\EventTarget-impl.js:243:9[90m)[39m
    at fireAnEvent [90m(C:\Projects\DiagnosticCodeAssistant\f
rontend\[39mnode_modules\[4mjsdom[24m\lib\jsdom\living\help
ers\events.js:18:36[90m)[39m
    at requestErrorSteps [90m(C:\Projects\DiagnosticCodeAssis
tant\frontend\[39mnode_modules\[4mjsdom[24m\lib\jsdom\livin
g\xhr\xhr-utils.js:123:3[90m)[39m
    at Object.dispatchError [90m(C:\Projects\DiagnosticCodeAs
sistant\frontend\[39mnode_modules\[4mjsdom[24m\lib\jsdom\li
ving\xhr\xhr-utils.js:59:3[90m)[39m
    at Request.<anonymous> [90m(C:\Projects\DiagnosticCodeAss
istant\frontend\[39mnode_modules\[4mjsdom[24m\lib\jsdom\liv
ing\xhr\XMLHttpRequest-impl.js:655:18[90m)[39m
    at Axios.request [90m(file:///C:/Projects/DiagnosticCodeA
ssistant/frontend/[39mnode_modules/[4maxios[24m/lib/core/Ax
ios.js:45:41[90m)[39m
[90m    at processTicksAndRejections 
(node:internal/process/task_queues:105:5)[39m
    at AnalyticsService.trackEvent (C:/Projects/DiagnosticCode
Assistant/frontend/src/services/analytics.ts:49:7) {
  code: [32m'ERR_NETWORK'[39m,
  config: {
    transitional: {
      silentJSONParsing: [33mtrue[39m,
      forcedJSONParsing: [33mtrue[39m,
      clarifyTimeoutError: [33mfalse[39m
    },
    adapter: [ [32m'xhr'[39m, [32m'http'[39m, 
[32m'fetch'[39m ],
    transformRequest: [ [36m[Function: 
transformRequest][39m ],
    transformResponse: [ [36m[Function: 
transformResponse][39m ],
    timeout: [33m0[39m,
    xsrfCookieName: [32m'XSRF-TOKEN'[39m,
    xsrfHeaderName: [32m'X-XSRF-TOKEN'[39m,
    maxContentLength: [33m-1[39m,
    maxBodyLength: [33m-1[39m,
    env: { FormData: [36m[Function][39m, Blob: [36m[class 
Blob][39m },
    validateStatus: [36m[Function: validateStatus][39m,
    headers: Object [AxiosHeaders] {
      Accept: [32m'application/json, text/plain, */*'[39m,
      [32m'Content-Type'[39m: [32m'application/json'[39m
    },
    baseURL: [32m'http://localhost:8000'[39m,
    method: [32m'post'[39m,
    url: [32m'/analytics/events'[39m,
    data: [32m'{"event_type":"view","event_category":"page","
metadata":{"page":"Home"}}'[39m,
    allowAbsoluteUrls: [33mtrue[39m
  },
  request: XMLHttpRequest {},
  event: ProgressEvent { isTrusted: [36m[Getter][39m }
}

[90mstderr[2m | src/pages/__tests__/HomePage.test.tsx[2m > 
[22m[2mHomePage[2m > [22m[2mdeselects all codes when 
Clear is clicked
[22m[39mFailed to track analytics event: AxiosError: 
Network Error
    at XMLHttpRequest.handleError [90m(file:///C:/Projects/Di
agnosticCodeAssistant/frontend/[39mnode_modules/[4maxios[24
m/lib/adapters/xhr.js:112:20[90m)[39m
    at XMLHttpRequest.invokeTheCallbackFunction [90m(C:\Proje
cts\DiagnosticCodeAssistant\frontend\[39mnode_modules\[4mjsd
om[24m\lib\jsdom\living\generated\EventHandlerNonNull.js:14:2
8[90m)[39m
    at XMLHttpRequest.<anonymous> [90m(C:\Projects\Diagnostic
CodeAssistant\frontend\[39mnode_modules\[4mjsdom[24m\lib\js
dom\living\helpers\create-event-accessor.js:36:32[90m)[39m
    at innerInvokeEventListeners [90m(C:\Projects\DiagnosticC
odeAssistant\frontend\[39mnode_modules\[4mjsdom[24m\lib\jsd
om\living\events\EventTarget-impl.js:360:16[90m)[39m
    at invokeEventListeners [90m(C:\Projects\DiagnosticCodeAs
sistant\frontend\[39mnode_modules\[4mjsdom[24m\lib\jsdom\li
ving\events\EventTarget-impl.js:296:3[90m)[39m
    at XMLHttpRequestImpl._dispatch [90m(C:\Projects\Diagnost
icCodeAssistant\frontend\[39mnode_modules\[4mjsdom[24m\lib\
jsdom\living\events\EventTarget-impl.js:243:9[90m)[39m
    at fireAnEvent [90m(C:\Projects\DiagnosticCodeAssistant\f
rontend\[39mnode_modules\[4mjsdom[24m\lib\jsdom\living\help
ers\events.js:18:36[90m)[39m
    at requestErrorSteps [90m(C:\Projects\DiagnosticCodeAssis
tant\frontend\[39mnode_modules\[4mjsdom[24m\lib\jsdom\livin
g\xhr\xhr-utils.js:123:3[90m)[39m
    at Object.dispatchError [90m(C:\Projects\DiagnosticCodeAs
sistant\frontend\[39mnode_modules\[4mjsdom[24m\lib\jsdom\li
ving\xhr\xhr-utils.js:59:3[90m)[39m
    at Request.<anonymous> [90m(C:\Projects\DiagnosticCodeAss
istant\frontend\[39mnode_modules\[4mjsdom[24m\lib\jsdom\liv
ing\xhr\XMLHttpRequest-impl.js:655:18[90m)[39m
    at Axios.request [90m(file:///C:/Projects/DiagnosticCodeA
ssistant/frontend/[39mnode_modules/[4maxios[24m/lib/core/Ax
ios.js:45:41[90m)[39m
[90m    at processTicksAndRejections 
(node:internal/process/task_queues:105:5)[39m
    at AnalyticsService.trackEvent (C:/Projects/DiagnosticCode
Assistant/frontend/src/services/analytics.ts:49:7) {
  code: [32m'ERR_NETWORK'[39m,
  config: {
    transitional: {
      silentJSONParsing: [33mtrue[39m,
      forcedJSONParsing: [33mtrue[39m,
      clarifyTimeoutError: [33mfalse[39m
    },
    adapter: [ [32m'xhr'[39m, [32m'http'[39m, 
[32m'fetch'[39m ],
    transformRequest: [ [36m[Function: 
transformRequest][39m ],
    transformResponse: [ [36m[Function: 
transformResponse][39m ],
    timeout: [33m0[39m,
    xsrfCookieName: [32m'XSRF-TOKEN'[39m,
    xsrfHeaderName: [32m'X-XSRF-TOKEN'[39m,
    maxContentLength: [33m-1[39m,
    maxBodyLength: [33m-1[39m,
    env: { FormData: [36m[Function][39m, Blob: [36m[class 
Blob][39m },
    validateStatus: [36m[Function: validateStatus][39m,
    headers: Object [AxiosHeaders] {
      Accept: [32m'application/json, text/plain, */*'[39m,
      [32m'Content-Type'[39m: [32m'application/json'[39m
    },
    baseURL: [32m'http://localhost:8000'[39m,
    method: [32m'post'[39m,
    url: [32m'/analytics/events'[39m,
    data: [32m'{"event_type":"view","event_category":"page","
metadata":{"page":"Home"}}'[39m,
    allowAbsoluteUrls: [33mtrue[39m
  },
  request: XMLHttpRequest {},
  event: ProgressEvent { isTrusted: [36m[Getter][39m }
}

[90mstderr[2m | src/pages/__tests__/HomePage.test.tsx[2m > 
[22m[2mHomePage[2m > [22m[2mdeselects all codes when 
Clear is clicked
[22m[39mFailed to track analytics event: AxiosError: 
Network Error
    at XMLHttpRequest.handleError [90m(file:///C:/Projects/Di
agnosticCodeAssistant/frontend/[39mnode_modules/[4maxios[24
m/lib/adapters/xhr.js:112:20[90m)[39m
    at XMLHttpRequest.invokeTheCallbackFunction [90m(C:\Proje
cts\DiagnosticCodeAssistant\frontend\[39mnode_modules\[4mjsd
om[24m\lib\jsdom\living\generated\EventHandlerNonNull.js:14:2
8[90m)[39m
    at XMLHttpRequest.<anonymous> [90m(C:\Projects\Diagnostic
CodeAssistant\frontend\[39mnode_modules\[4mjsdom[24m\lib\js
dom\living\helpers\create-event-accessor.js:36:32[90m)[39m
    at innerInvokeEventListeners [90m(C:\Projects\DiagnosticC
odeAssistant\frontend\[39mnode_modules\[4mjsdom[24m\lib\jsd
om\living\events\EventTarget-impl.js:360:16[90m)[39m
    at invokeEventListeners [90m(C:\Projects\DiagnosticCodeAs
sistant\frontend\[39mnode_modules\[4mjsdom[24m\lib\jsdom\li
ving\events\EventTarget-impl.js:296:3[90m)[39m
    at XMLHttpRequestImpl._dispatch [90m(C:\Projects\Diagnost
icCodeAssistant\frontend\[39mnode_modules\[4mjsdom[24m\lib\
jsdom\living\events\EventTarget-impl.js:243:9[90m)[39m
    at fireAnEvent [90m(C:\Projects\DiagnosticCodeAssistant\f
rontend\[39mnode_modules\[4mjsdom[24m\lib\jsdom\living\help
ers\events.js:18:36[90m)[39m
    at requestErrorSteps [90m(C:\Projects\DiagnosticCodeAssis
tant\frontend\[39mnode_modules\[4mjsdom[24m\lib\jsdom\livin
g\xhr\xhr-utils.js:123:3[90m)[39m
    at Object.dispatchError [90m(C:\Projects\DiagnosticCodeAs
sistant\frontend\[39mnode_modules\[4mjsdom[24m\lib\jsdom\li
ving\xhr\xhr-utils.js:59:3[90m)[39m
    at Request.<anonymous> [90m(C:\Projects\DiagnosticCodeAss
istant\frontend\[39mnode_modules\[4mjsdom[24m\lib\jsdom\liv
ing\xhr\XMLHttpRequest-impl.js:655:18[90m)[39m
    at Axios.request [90m(file:///C:/Projects/DiagnosticCodeA
ssistant/frontend/[39mnode_modules/[4maxios[24m/lib/core/Ax
ios.js:45:41[90m)[39m
[90m    at processTicksAndRejections 
(node:internal/process/task_queues:105:5)[39m
    at AnalyticsService.trackEvent (C:/Projects/DiagnosticCode
Assistant/frontend/src/services/analytics.ts:49:7) {
  code: [32m'ERR_NETWORK'[39m,
  config: {
    transitional: {
      silentJSONParsing: [33mtrue[39m,
      forcedJSONParsing: [33mtrue[39m,
      clarifyTimeoutError: [33mfalse[39m
    },
    adapter: [ [32m'xhr'[39m, [32m'http'[39m, 
[32m'fetch'[39m ],
    transformRequest: [ [36m[Function: 
transformRequest][39m ],
    transformResponse: [ [36m[Function: 
transformResponse][39m ],
    timeout: [33m0[39m,
    xsrfCookieName: [32m'XSRF-TOKEN'[39m,
    xsrfHeaderName: [32m'X-XSRF-TOKEN'[39m,
    maxContentLength: [33m-1[39m,
    maxBodyLength: [33m-1[39m,
    env: { FormData: [36m[Function][39m, Blob: [36m[class 
Blob][39m },
    validateStatus: [36m[Function: validateStatus][39m,
    headers: Object [AxiosHeaders] {
      Accept: [32m'application/json, text/plain, */*'[39m,
      [32m'Content-Type'[39m: [32m'application/json'[39m
    },
    baseURL: [32m'http://localhost:8000'[39m,
    method: [32m'post'[39m,
    url: [32m'/analytics/events'[39m,
    data: [32m'{"event_type":"view","event_category":"page","
metadata":{"page":"Home"}}'[39m,
    allowAbsoluteUrls: [33mtrue[39m
  },
  request: XMLHttpRequest {},
  event: ProgressEvent { isTrusted: [36m[Getter][39m }
}

[90mstderr[2m | src/pages/__tests__/HomePage.test.tsx[2m > 
[22m[2mHomePage[2m > [22m[2mdeselects all codes when 
Clear is clicked
[22m[39mFailed to track analytics event: AxiosError: 
Network Error
    at XMLHttpRequest.handleError [90m(file:///C:/Projects/Di
agnosticCodeAssistant/frontend/[39mnode_modules/[4maxios[24
m/lib/adapters/xhr.js:112:20[90m)[39m
    at XMLHttpRequest.invokeTheCallbackFunction [90m(C:\Proje
cts\DiagnosticCodeAssistant\frontend\[39mnode_modules\[4mjsd
om[24m\lib\jsdom\living\generated\EventHandlerNonNull.js:14:2
8[90m)[39m
    at XMLHttpRequest.<anonymous> [90m(C:\Projects\Diagnostic
CodeAssistant\frontend\[39mnode_modules\[4mjsdom[24m\lib\js
dom\living\helpers\create-event-accessor.js:36:32[90m)[39m
    at innerInvokeEventListeners [90m(C:\Projects\DiagnosticC
odeAssistant\frontend\[39mnode_modules\[4mjsdom[24m\lib\jsd
om\living\events\EventTarget-impl.js:360:16[90m)[39m
    at invokeEventListeners [90m(C:\Projects\DiagnosticCodeAs
sistant\frontend\[39mnode_modules\[4mjsdom[24m\lib\jsdom\li
ving\events\EventTarget-impl.js:296:3[90m)[39m
    at XMLHttpRequestImpl._dispatch [90m(C:\Projects\Diagnost
icCodeAssistant\frontend\[39mnode_modules\[4mjsdom[24m\lib\
jsdom\living\events\EventTarget-impl.js:243:9[90m)[39m
    at fireAnEvent [90m(C:\Projects\DiagnosticCodeAssistant\f
rontend\[39mnode_modules\[4mjsdom[24m\lib\jsdom\living\help
ers\events.js:18:36[90m)[39m
    at requestErrorSteps [90m(C:\Projects\DiagnosticCodeAssis
tant\frontend\[39mnode_modules\[4mjsdom[24m\lib\jsdom\livin
g\xhr\xhr-utils.js:123:3[90m)[39m
    at Object.dispatchError [90m(C:\Projects\DiagnosticCodeAs
sistant\frontend\[39mnode_modules\[4mjsdom[24m\lib\jsdom\li
ving\xhr\xhr-utils.js:59:3[90m)[39m
    at Request.<anonymous> [90m(C:\Projects\DiagnosticCodeAss
istant\frontend\[39mnode_modules\[4mjsdom[24m\lib\jsdom\liv
ing\xhr\XMLHttpRequest-impl.js:655:18[90m)[39m
    at Axios.request [90m(file:///C:/Projects/DiagnosticCodeA
ssistant/frontend/[39mnode_modules/[4maxios[24m/lib/core/Ax
ios.js:45:41[90m)[39m
[90m    at processTicksAndRejections 
(node:internal/process/task_queues:105:5)[39m
    at AnalyticsService.trackEvent (C:/Projects/DiagnosticCode
Assistant/frontend/src/services/analytics.ts:49:7) {
  code: [32m'ERR_NETWORK'[39m,
  config: {
    transitional: {
      silentJSONParsing: [33mtrue[39m,
      forcedJSONParsing: [33mtrue[39m,
      clarifyTimeoutError: [33mfalse[39m
    },
    adapter: [ [32m'xhr'[39m, [32m'http'[39m, 
[32m'fetch'[39m ],
    transformRequest: [ [36m[Function: 
transformRequest][39m ],
    transformResponse: [ [36m[Function: 
transformResponse][39m ],
    timeout: [33m0[39m,
    xsrfCookieName: [32m'XSRF-TOKEN'[39m,
    xsrfHeaderName: [32m'X-XSRF-TOKEN'[39m,
    maxContentLength: [33m-1[39m,
    maxBodyLength: [33m-1[39m,
    env: { FormData: [36m[Function][39m, Blob: [36m[class 
Blob][39m },
    validateStatus: [36m[Function: validateStatus][39m,
    headers: Object [AxiosHeaders] {
      Accept: [32m'application/json, text/plain, */*'[39m,
      [32m'Content-Type'[39m: [32m'application/json'[39m
    },
    baseURL: [32m'http://localhost:8000'[39m,
    method: [32m'post'[39m,
    url: [32m'/analytics/events'[39m,
    data: [32m'{"event_type":"view","event_category":"page","
metadata":{"page":"Home"}}'[39m,
    allowAbsoluteUrls: [33mtrue[39m
  },
  request: XMLHttpRequest {},
  event: ProgressEvent { isTrusted: [36m[Getter][39m }
}

[90mstderr[2m | src/pages/__tests__/HomePage.test.tsx[2m > 
[22m[2mHomePage[2m > [22m[2mdeselects all codes when 
Clear is clicked
[22m[39mFailed to track analytics event: AxiosError: 
Network Error
    at XMLHttpRequest.handleError [90m(file:///C:/Projects/Di
agnosticCodeAssistant/frontend/[39mnode_modules/[4maxios[24
m/lib/adapters/xhr.js:112:20[90m)[39m
    at XMLHttpRequest.invokeTheCallbackFunction [90m(C:\Proje
cts\DiagnosticCodeAssistant\frontend\[39mnode_modules\[4mjsd
om[24m\lib\jsdom\living\generated\EventHandlerNonNull.js:14:2
8[90m)[39m
    at XMLHttpRequest.<anonymous> [90m(C:\Projects\Diagnostic
CodeAssistant\frontend\[39mnode_modules\[4mjsdom[24m\lib\js
dom\living\helpers\create-event-accessor.js:36:32[90m)[39m
    at innerInvokeEventListeners [90m(C:\Projects\DiagnosticC
odeAssistant\frontend\[39mnode_modules\[4mjsdom[24m\lib\jsd
om\living\events\EventTarget-impl.js:360:16[90m)[39m
    at invokeEventListeners [90m(C:\Projects\DiagnosticCodeAs
sistant\frontend\[39mnode_modules\[4mjsdom[24m\lib\jsdom\li
ving\events\EventTarget-impl.js:296:3[90m)[39m
    at XMLHttpRequestImpl._dispatch [90m(C:\Projects\Diagnost
icCodeAssistant\frontend\[39mnode_modules\[4mjsdom[24m\lib\
jsdom\living\events\EventTarget-impl.js:243:9[90m)[39m
    at fireAnEvent [90m(C:\Projects\DiagnosticCodeAssistant\f
rontend\[39mnode_modules\[4mjsdom[24m\lib\jsdom\living\help
ers\events.js:18:36[90m)[39m
    at requestErrorSteps [90m(C:\Projects\DiagnosticCodeAssis
tant\frontend\[39mnode_modules\[4mjsdom[24m\lib\jsdom\livin
g\xhr\xhr-utils.js:123:3[90m)[39m
    at Object.dispatchError [90m(C:\Projects\DiagnosticCodeAs
sistant\frontend\[39mnode_modules\[4mjsdom[24m\lib\jsdom\li
ving\xhr\xhr-utils.js:59:3[90m)[39m
    at Request.<anonymous> [90m(C:\Projects\DiagnosticCodeAss
istant\frontend\[39mnode_modules\[4mjsdom[24m\lib\jsdom\liv
ing\xhr\XMLHttpRequest-impl.js:655:18[90m)[39m
    at Axios.request [90m(file:///C:/Projects/DiagnosticCodeA
ssistant/frontend/[39mnode_modules/[4maxios[24m/lib/core/Ax
ios.js:45:41[90m)[39m
[90m    at processTicksAndRejections 
(node:internal/process/task_queues:105:5)[39m
    at AnalyticsService.trackEvent (C:/Projects/DiagnosticCode
Assistant/frontend/src/services/analytics.ts:49:7) {
  code: [32m'ERR_NETWORK'[39m,
  config: {
    transitional: {
      silentJSONParsing: [33mtrue[39m,
      forcedJSONParsing: [33mtrue[39m,
      clarifyTimeoutError: [33mfalse[39m
    },
    adapter: [ [32m'xhr'[39m, [32m'http'[39m, 
[32m'fetch'[39m ],
    transformRequest: [ [36m[Function: 
transformRequest][39m ],
    transformResponse: [ [36m[Function: 
transformResponse][39m ],
    timeout: [33m0[39m,
    xsrfCookieName: [32m'XSRF-TOKEN'[39m,
    xsrfHeaderName: [32m'X-XSRF-TOKEN'[39m,
    maxContentLength: [33m-1[39m,
    maxBodyLength: [33m-1[39m,
    env: { FormData: [36m[Function][39m, Blob: [36m[class 
Blob][39m },
    validateStatus: [36m[Function: validateStatus][39m,
    headers: Object [AxiosHeaders] {
      Accept: [32m'application/json, text/plain, */*'[39m,
      [32m'Content-Type'[39m: [32m'application/json'[39m
    },
    baseURL: [32m'http://localhost:8000'[39m,
    method: [32m'post'[39m,
    url: [32m'/analytics/events'[39m,
    data: [32m'{"event_type":"view","event_category":"page","
metadata":{"page":"Home"}}'[39m,
    allowAbsoluteUrls: [33mtrue[39m
  },
  request: XMLHttpRequest {},
  event: ProgressEvent { isTrusted: [36m[Getter][39m }
}

[90mstderr[2m | src/pages/__tests__/HomePage.test.tsx[2m > 
[22m[2mHomePage[2m > [22m[2mdeselects all codes when 
Clear is clicked
[22m[39mFailed to track analytics event: AxiosError: 
Network Error
    at XMLHttpRequest.handleError [90m(file:///C:/Projects/Di
agnosticCodeAssistant/frontend/[39mnode_modules/[4maxios[24
m/lib/adapters/xhr.js:112:20[90m)[39m
    at XMLHttpRequest.invokeTheCallbackFunction [90m(C:\Proje
cts\DiagnosticCodeAssistant\frontend\[39mnode_modules\[4mjsd
om[24m\lib\jsdom\living\generated\EventHandlerNonNull.js:14:2
8[90m)[39m
    at XMLHttpRequest.<anonymous> [90m(C:\Projects\Diagnostic
CodeAssistant\frontend\[39mnode_modules\[4mjsdom[24m\lib\js
dom\living\helpers\create-event-accessor.js:36:32[90m)[39m
    at innerInvokeEventListeners [90m(C:\Projects\DiagnosticC
odeAssistant\frontend\[39mnode_modules\[4mjsdom[24m\lib\jsd
om\living\events\EventTarget-impl.js:360:16[90m)[39m
    at invokeEventListeners [90m(C:\Projects\DiagnosticCodeAs
sistant\frontend\[39mnode_modules\[4mjsdom[24m\lib\jsdom\li
ving\events\EventTarget-impl.js:296:3[90m)[39m
    at XMLHttpRequestImpl._dispatch [90m(C:\Projects\Diagnost
icCodeAssistant\frontend\[39mnode_modules\[4mjsdom[24m\lib\
jsdom\living\events\EventTarget-impl.js:243:9[90m)[39m
    at fireAnEvent [90m(C:\Projects\DiagnosticCodeAssistant\f
rontend\[39mnode_modules\[4mjsdom[24m\lib\jsdom\living\help
ers\events.js:18:36[90m)[39m
    at requestErrorSteps [90m(C:\Projects\DiagnosticCodeAssis
tant\frontend\[39mnode_modules\[4mjsdom[24m\lib\jsdom\livin
g\xhr\xhr-utils.js:123:3[90m)[39m
    at Object.dispatchError [90m(C:\Projects\DiagnosticCodeAs
sistant\frontend\[39mnode_modules\[4mjsdom[24m\lib\jsdom\li
ving\xhr\xhr-utils.js:59:3[90m)[39m
    at Request.<anonymous> [90m(C:\Projects\DiagnosticCodeAss
istant\frontend\[39mnode_modules\[4mjsdom[24m\lib\jsdom\liv
ing\xhr\XMLHttpRequest-impl.js:655:18[90m)[39m
    at Axios.request [90m(file:///C:/Projects/DiagnosticCodeA
ssistant/frontend/[39mnode_modules/[4maxios[24m/lib/core/Ax
ios.js:45:41[90m)[39m
[90m    at processTicksAndRejections 
(node:internal/process/task_queues:105:5)[39m
    at AnalyticsService.trackEvent (C:/Projects/DiagnosticCode
Assistant/frontend/src/services/analytics.ts:49:7) {
  code: [32m'ERR_NETWORK'[39m,
  config: {
    transitional: {
      silentJSONParsing: [33mtrue[39m,
      forcedJSONParsing: [33mtrue[39m,
      clarifyTimeoutError: [33mfalse[39m
    },
    adapter: [ [32m'xhr'[39m, [32m'http'[39m, 
[32m'fetch'[39m ],
    transformRequest: [ [36m[Function: 
transformRequest][39m ],
    transformResponse: [ [36m[Function: 
transformResponse][39m ],
    timeout: [33m0[39m,
    xsrfCookieName: [32m'XSRF-TOKEN'[39m,
    xsrfHeaderName: [32m'X-XSRF-TOKEN'[39m,
    maxContentLength: [33m-1[39m,
    maxBodyLength: [33m-1[39m,
    env: { FormData: [36m[Function][39m, Blob: [36m[class 
Blob][39m },
    validateStatus: [36m[Function: validateStatus][39m,
    headers: Object [AxiosHeaders] {
      Accept: [32m'application/json, text/plain, */*'[39m,
      [32m'Content-Type'[39m: [32m'application/json'[39m
    },
    baseURL: [32m'http://localhost:8000'[39m,
    method: [32m'post'[39m,
    url: [32m'/analytics/events'[39m,
    data: [32m'{"event_type":"view","event_category":"page","
metadata":{"page":"Home"}}'[39m,
    allowAbsoluteUrls: [33mtrue[39m
  },
  request: XMLHttpRequest {},
  event: ProgressEvent { isTrusted: [36m[Getter][39m }
}

[90mstderr[2m | src/pages/__tests__/HomePage.test.tsx[2m > 
[22m[2mHomePage[2m > [22m[2mopens bulk delete modal when 
bulk delete is clicked
[22m[39mFailed to track analytics event: AxiosError: 
Network Error
    at XMLHttpRequest.handleError [90m(file:///C:/Projects/Di
agnosticCodeAssistant/frontend/[39mnode_modules/[4maxios[24
m/lib/adapters/xhr.js:112:20[90m)[39m
    at XMLHttpRequest.invokeTheCallbackFunction [90m(C:\Proje
cts\DiagnosticCodeAssistant\frontend\[39mnode_modules\[4mjsd
om[24m\lib\jsdom\living\generated\EventHandlerNonNull.js:14:2
8[90m)[39m
    at XMLHttpRequest.<anonymous> [90m(C:\Projects\Diagnostic
CodeAssistant\frontend\[39mnode_modules\[4mjsdom[24m\lib\js
dom\living\helpers\create-event-accessor.js:36:32[90m)[39m
    at innerInvokeEventListeners [90m(C:\Projects\DiagnosticC
odeAssistant\frontend\[39mnode_modules\[4mjsdom[24m\lib\jsd
om\living\events\EventTarget-impl.js:360:16[90m)[39m
    at invokeEventListeners [90m(C:\Projects\DiagnosticCodeAs
sistant\frontend\[39mnode_modules\[4mjsdom[24m\lib\jsdom\li
ving\events\EventTarget-impl.js:296:3[90m)[39m
    at XMLHttpRequestImpl._dispatch [90m(C:\Projects\Diagnost
icCodeAssistant\frontend\[39mnode_modules\[4mjsdom[24m\lib\
jsdom\living\events\EventTarget-impl.js:243:9[90m)[39m
    at fireAnEvent [90m(C:\Projects\DiagnosticCodeAssistant\f
rontend\[39mnode_modules\[4mjsdom[24m\lib\jsdom\living\help
ers\events.js:18:36[90m)[39m
    at requestErrorSteps [90m(C:\Projects\DiagnosticCodeAssis
tant\frontend\[39mnode_modules\[4mjsdom[24m\lib\jsdom\livin
g\xhr\xhr-utils.js:123:3[90m)[39m
    at Object.dispatchError [90m(C:\Projects\DiagnosticCodeAs
sistant\frontend\[39mnode_modules\[4mjsdom[24m\lib\jsdom\li
ving\xhr\xhr-utils.js:59:3[90m)[39m
    at Request.<anonymous> [90m(C:\Projects\DiagnosticCodeAss
istant\frontend\[39mnode_modules\[4mjsdom[24m\lib\jsdom\liv
ing\xhr\XMLHttpRequest-impl.js:655:18[90m)[39m
    at Axios.request [90m(file:///C:/Projects/DiagnosticCodeA
ssistant/frontend/[39mnode_modules/[4maxios[24m/lib/core/Ax
ios.js:45:41[90m)[39m
[90m    at processTicksAndRejections 
(node:internal/process/task_queues:105:5)[39m
    at AnalyticsService.trackEvent (C:/Projects/DiagnosticCode
Assistant/frontend/src/services/analytics.ts:49:7) {
  code: [32m'ERR_NETWORK'[39m,
  config: {
    transitional: {
      silentJSONParsing: [33mtrue[39m,
      forcedJSONParsing: [33mtrue[39m,
      clarifyTimeoutError: [33mfalse[39m
    },
    adapter: [ [32m'xhr'[39m, [32m'http'[39m, 
[32m'fetch'[39m ],
    transformRequest: [ [36m[Function: 
transformRequest][39m ],
    transformResponse: [ [36m[Function: 
transformResponse][39m ],
    timeout: [33m0[39m,
    xsrfCookieName: [32m'XSRF-TOKEN'[39m,
    xsrfHeaderName: [32m'X-XSRF-TOKEN'[39m,
    maxContentLength: [33m-1[39m,
    maxBodyLength: [33m-1[39m,
    env: { FormData: [36m[Function][39m, Blob: [36m[class 
Blob][39m },
    validateStatus: [36m[Function: validateStatus][39m,
    headers: Object [AxiosHeaders] {
      Accept: [32m'application/json, text/plain, */*'[39m,
      [32m'Content-Type'[39m: [32m'application/json'[39m
    },
    baseURL: [32m'http://localhost:8000'[39m,
    method: [32m'post'[39m,
    url: [32m'/analytics/events'[39m,
    data: [32m'{"event_type":"view","event_category":"page","
metadata":{"page":"Home"}}'[39m,
    allowAbsoluteUrls: [33mtrue[39m
  },
  request: XMLHttpRequest {},
  event: ProgressEvent { isTrusted: [36m[Getter][39m }
}

[90mstderr[2m | src/pages/__tests__/HomePage.test.tsx[2m > 
[22m[2mHomePage[2m > [22m[2mopens bulk delete modal when 
bulk delete is clicked
[22m[39mFailed to track analytics event: AxiosError: 
Network Error
    at XMLHttpRequest.handleError [90m(file:///C:/Projects/Di
agnosticCodeAssistant/frontend/[39mnode_modules/[4maxios[24
m/lib/adapters/xhr.js:112:20[90m)[39m
    at XMLHttpRequest.invokeTheCallbackFunction [90m(C:\Proje
cts\DiagnosticCodeAssistant\frontend\[39mnode_modules\[4mjsd
om[24m\lib\jsdom\living\generated\EventHandlerNonNull.js:14:2
8[90m)[39m
    at XMLHttpRequest.<anonymous> [90m(C:\Projects\Diagnostic
CodeAssistant\frontend\[39mnode_modules\[4mjsdom[24m\lib\js
dom\living\helpers\create-event-accessor.js:36:32[90m)[39m
    at innerInvokeEventListeners [90m(C:\Projects\DiagnosticC
odeAssistant\frontend\[39mnode_modules\[4mjsdom[24m\lib\jsd
om\living\events\EventTarget-impl.js:360:16[90m)[39m
    at invokeEventListeners [90m(C:\Projects\DiagnosticCodeAs
sistant\frontend\[39mnode_modules\[4mjsdom[24m\lib\jsdom\li
ving\events\EventTarget-impl.js:296:3[90m)[39m
    at XMLHttpRequestImpl._dispatch [90m(C:\Projects\Diagnost
icCodeAssistant\frontend\[39mnode_modules\[4mjsdom[24m\lib\
jsdom\living\events\EventTarget-impl.js:243:9[90m)[39m
    at fireAnEvent [90m(C:\Projects\DiagnosticCodeAssistant\f
rontend\[39mnode_modules\[4mjsdom[24m\lib\jsdom\living\help
ers\events.js:18:36[90m)[39m
    at requestErrorSteps [90m(C:\Projects\DiagnosticCodeAssis
tant\frontend\[39mnode_modules\[4mjsdom[24m\lib\jsdom\livin
g\xhr\xhr-utils.js:123:3[90m)[39m
    at Object.dispatchError [90m(C:\Projects\DiagnosticCodeAs
sistant\frontend\[39mnode_modules\[4mjsdom[24m\lib\jsdom\li
ving\xhr\xhr-utils.js:59:3[90m)[39m
    at Request.<anonymous> [90m(C:\Projects\DiagnosticCodeAss
istant\frontend\[39mnode_modules\[4mjsdom[24m\lib\jsdom\liv
ing\xhr\XMLHttpRequest-impl.js:655:18[90m)[39m
    at Axios.request [90m(file:///C:/Projects/DiagnosticCodeA
ssistant/frontend/[39mnode_modules/[4maxios[24m/lib/core/Ax
ios.js:45:41[90m)[39m
[90m    at processTicksAndRejections 
(node:internal/process/task_queues:105:5)[39m
    at AnalyticsService.trackEvent (C:/Projects/DiagnosticCode
Assistant/frontend/src/services/analytics.ts:49:7) {
  code: [32m'ERR_NETWORK'[39m,
  config: {
    transitional: {
      silentJSONParsing: [33mtrue[39m,
      forcedJSONParsing: [33mtrue[39m,
      clarifyTimeoutError: [33mfalse[39m
    },
    adapter: [ [32m'xhr'[39m, [32m'http'[39m, 
[32m'fetch'[39m ],
    transformRequest: [ [36m[Function: 
transformRequest][39m ],
    transformResponse: [ [36m[Function: 
transformResponse][39m ],
    timeout: [33m0[39m,
    xsrfCookieName: [32m'XSRF-TOKEN'[39m,
    xsrfHeaderName: [32m'X-XSRF-TOKEN'[39m,
    maxContentLength: [33m-1[39m,
    maxBodyLength: [33m-1[39m,
    env: { FormData: [36m[Function][39m, Blob: [36m[class 
Blob][39m },
    validateStatus: [36m[Function: validateStatus][39m,
    headers: Object [AxiosHeaders] {
      Accept: [32m'application/json, text/plain, */*'[39m,
      [32m'Content-Type'[39m: [32m'application/json'[39m
    },
    baseURL: [32m'http://localhost:8000'[39m,
    method: [32m'post'[39m,
    url: [32m'/analytics/events'[39m,
    data: [32m'{"event_type":"view","event_category":"page","
metadata":{"page":"Home"}}'[39m,
    allowAbsoluteUrls: [33mtrue[39m
  },
  request: XMLHttpRequest {},
  event: ProgressEvent { isTrusted: [36m[Getter][39m }
}

[90mstderr[2m | src/pages/__tests__/HomePage.test.tsx[2m > 
[22m[2mHomePage[2m > [22m[2mopens bulk delete modal when 
bulk delete is clicked
[22m[39mFailed to track analytics event: AxiosError: 
Network Error
    at XMLHttpRequest.handleError [90m(file:///C:/Projects/Di
agnosticCodeAssistant/frontend/[39mnode_modules/[4maxios[24
m/lib/adapters/xhr.js:112:20[90m)[39m
    at XMLHttpRequest.invokeTheCallbackFunction [90m(C:\Proje
cts\DiagnosticCodeAssistant\frontend\[39mnode_modules\[4mjsd
om[24m\lib\jsdom\living\generated\EventHandlerNonNull.js:14:2
8[90m)[39m
    at XMLHttpRequest.<anonymous> [90m(C:\Projects\Diagnostic
CodeAssistant\frontend\[39mnode_modules\[4mjsdom[24m\lib\js
dom\living\helpers\create-event-accessor.js:36:32[90m)[39m
    at innerInvokeEventListeners [90m(C:\Projects\DiagnosticC
odeAssistant\frontend\[39mnode_modules\[4mjsdom[24m\lib\jsd
om\living\events\EventTarget-impl.js:360:16[90m)[39m
    at invokeEventListeners [90m(C:\Projects\DiagnosticCodeAs
sistant\frontend\[39mnode_modules\[4mjsdom[24m\lib\jsdom\li
ving\events\EventTarget-impl.js:296:3[90m)[39m
    at XMLHttpRequestImpl._dispatch [90m(C:\Projects\Diagnost
icCodeAssistant\frontend\[39mnode_modules\[4mjsdom[24m\lib\
jsdom\living\events\EventTarget-impl.js:243:9[90m)[39m
    at fireAnEvent [90m(C:\Projects\DiagnosticCodeAssistant\f
rontend\[39mnode_modules\[4mjsdom[24m\lib\jsdom\living\help
ers\events.js:18:36[90m)[39m
    at requestErrorSteps [90m(C:\Projects\DiagnosticCodeAssis
tant\frontend\[39mnode_modules\[4mjsdom[24m\lib\jsdom\livin
g\xhr\xhr-utils.js:123:3[90m)[39m
    at Object.dispatchError [90m(C:\Projects\DiagnosticCodeAs
sistant\frontend\[39mnode_modules\[4mjsdom[24m\lib\jsdom\li
ving\xhr\xhr-utils.js:59:3[90m)[39m
    at Request.<anonymous> [90m(C:\Projects\DiagnosticCodeAss
istant\frontend\[39mnode_modules\[4mjsdom[24m\lib\jsdom\liv
ing\xhr\XMLHttpRequest-impl.js:655:18[90m)[39m
    at Axios.request [90m(file:///C:/Projects/DiagnosticCodeA
ssistant/frontend/[39mnode_modules/[4maxios[24m/lib/core/Ax
ios.js:45:41[90m)[39m
[90m    at processTicksAndRejections 
(node:internal/process/task_queues:105:5)[39m
    at AnalyticsService.trackEvent (C:/Projects/DiagnosticCode
Assistant/frontend/src/services/analytics.ts:49:7) {
  code: [32m'ERR_NETWORK'[39m,
  config: {
    transitional: {
      silentJSONParsing: [33mtrue[39m,
      forcedJSONParsing: [33mtrue[39m,
      clarifyTimeoutError: [33mfalse[39m
    },
    adapter: [ [32m'xhr'[39m, [32m'http'[39m, 
[32m'fetch'[39m ],
    transformRequest: [ [36m[Function: 
transformRequest][39m ],
    transformResponse: [ [36m[Function: 
transformResponse][39m ],
    timeout: [33m0[39m,
    xsrfCookieName: [32m'XSRF-TOKEN'[39m,
    xsrfHeaderName: [32m'X-XSRF-TOKEN'[39m,
    maxContentLength: [33m-1[39m,
    maxBodyLength: [33m-1[39m,
    env: { FormData: [36m[Function][39m, Blob: [36m[class 
Blob][39m },
    validateStatus: [36m[Function: validateStatus][39m,
    headers: Object [AxiosHeaders] {
      Accept: [32m'application/json, text/plain, */*'[39m,
      [32m'Content-Type'[39m: [32m'application/json'[39m
    },
    baseURL: [32m'http://localhost:8000'[39m,
    method: [32m'post'[39m,
    url: [32m'/analytics/events'[39m,
    data: [32m'{"event_type":"view","event_category":"page","
metadata":{"page":"Home"}}'[39m,
    allowAbsoluteUrls: [33mtrue[39m
  },
  request: XMLHttpRequest {},
  event: ProgressEvent { isTrusted: [36m[Getter][39m }
}

 [32mΓ£ô[39m src/pages/__tests__/HomePage.test.tsx [2m([22m[2m22 tests[22m[2m)[22m[33m 4969[2mms[22m[39m
     [33m[2mΓ£ô[22m[39m renders Add Code button [33m 605[2mms[22m[39m
     [33m[2mΓ£ô[22m[39m updates search input and resets page to 1 [33m 400[2mms[22m[39m
     [33m[2mΓ£ô[22m[39m opens ImportModal when Import button is clicked [33m 343[2mms[22m[39m
     [33m[2mΓ£ô[22m[39m renders ExportButton when codes are available [33m 745[2mms[22m[39m
     [33m[2mΓ£ô[22m[39m selects all codes when Select All is clicked [33m 462[2mms[22m[39m
     [33m[2mΓ£ô[22m[39m deselects all codes when Clear is clicked [33m 524[2mms[22m[39m
     [33m[2mΓ£ô[22m[39m opens bulk delete modal when bulk delete is clicked [33m 386[2mms[22m[39m
 [31mΓ¥»[39m src/__tests__/OrganizationsPage.test.tsx [2m([22m[2m8 tests[22m[2m | [22m[31m4 failed[39m[2m)[22m[33m 6119[2mms[22m[39m
     [32mΓ£ô[39m renders organization list[32m 272[2mms[22m[39m
[31m     [31m├ù[31m shows organization stats when selected[39m[33m 1073[2mms[22m[39m
[31m     [31m├ù[31m opens create modal when clicking New Organization button[39m[33m 1551[2mms[22m[39m
     [33m[2mΓ£ô[22m[39m creates organization with valid data [33m 807[2mms[22m[39m
     [32mΓ£ô[39m displays active and inactive badges correctly[32m 58[2mms[22m[39m
[31m     [31m├ù[31m handles delete organization[39m[33m 1247[2mms[22m[39m
     [32mΓ£ô[39m auto-generates slug from organization name[32m 86[2mms[22m[39m
[31m     [31m├ù[31m shows usage progress bars[39m[33m 1021[2mms[22m[39m
 [31mΓ¥»[39m src/__tests__/VersionHistoryPage.test.tsx [2m([22m[2m10 tests[22m[2m | [22m[31m9 failed[39m[2m)[22m[33m 9349[2mms[22m[39m
[31m     [31m├ù[31m renders version history timeline[39m[33m 1075[2mms[22m[39m
[31m     [31m├ù[31m displays change type badges[39m[33m 1033[2mms[22m[39m
[31m     [31m├ù[31m shows version comments[39m[33m 1022[2mms[22m[39m
[31m     [31m├ù[31m allows selecting versions for comparison[39m[33m 1026[2mms[22m[39m
[31m     [31m├ù[31m compares two versions[39m[33m 1026[2mms[22m[39m
[31m     [31m├ù[31m restores a previous version[39m[33m 1106[2mms[22m[39m
[31m     [31m├ù[31m shows changed fields in version cards[39m[33m 1013[2mms[22m[39m
     [32mΓ£ô[39m displays timestamp for each version[32m 14[2mms[22m[39m
[31m     [31m├ù[31m handles empty version history[39m[33m 1008[2mms[22m[39m
[31m     [31m├ù[31m loads more versions on scroll[39m[33m 1024[2mms[22m[39m

[31mΓÄ»ΓÄ»ΓÄ»ΓÄ»ΓÄ»ΓÄ»[39m[1m[41m Failed Tests 14 
[49m[22m[31mΓÄ»ΓÄ»ΓÄ»ΓÄ»ΓÄ»ΓÄ»ΓÄ»[39m

[41m[1m FAIL [22m[49m 
src/__tests__/OrganizationsPage.test.tsx[2m > 
[22mOrganizationsPage[2m > [22mshows organization stats 
when selected
[31m[1mTestingLibraryElementError[22m[39m: Unable to find 
an element with the text: Test Organization. This could be 
because the text is broken up by multiple elements. In this 
case, you can provide a function for your text matcher to 
make your matcher more flexible.

Ignored nodes: comments, script, style
[36m<body>[39m
  [36m<div>[39m
    [36m<div[39m
      [33mclass[39m=[32m"space-y-6"[39m
    [36m>[39m
      [36m<div[39m
        [33mclass[39m=[32m"flex items-center 
justify-between"[39m
      [36m>[39m
        [36m<div>[39m
          [36m<h1[39m
            [33mclass[39m=[32m"text-3xl font-bold"[39m
          [36m>[39m
            [0mOrganizations[0m
          [36m</h1>[39m
          [36m<p[39m
            [33mclass[39m=[32m"text-muted-foreground"[39m
          [36m>[39m
            [0mManage multi-tenant organizations[0m
          [36m</p>[39m
        [36m</div>[39m
        [36m<button[39m
          [33mclass[39m=[32m"inline-flex items-center 
justify-center whitespace-nowrap rounded-md text-sm 
font-medium ring-offset-background transition-colors 
focus-visible:outline-none focus-visible:ring-2 
focus-visible:ring-ring focus-visible:ring-offset-2 
disabled:pointer-events-none disabled:opacity-50 bg-primary 
text-primary-foreground hover:bg-primary/90 h-10 px-4 py-2 
gap-2"[39m
        [36m>[39m
          [36m<svg[39m
            [33mclass[39m=[32m"lucide lucide-plus h-4 
w-4"[39m
            [33mfill[39m=[32m"none"[39m
            [33mheight[39m=[32m"24"[39m
            [33mstroke[39m=[32m"currentColor"[39m
            [33mstroke-linecap[39m=[32m"round"[39m
            [33mstroke-linejoin[39m=[32m"round"[39m
            [33mstroke-width[39m=[32m"2"[39m
            [33mviewBox[39m=[32m"0 0 24 24"[39m
            [33mwidth[39m=[32m"24"[39m
            
[33mxmlns[39m=[32m"http://www.w3.org/2000/svg"[39m
          [36m>[39m
            [36m<path[39m
              [33md[39m=[32m"M5 12h14"[39m
            [36m/>[39m
            [36m<path[39m
              [33md[39m=[32m"M12 5v14"[39m
            [36m/>[39m
          [36m</svg>[39m
          [0mNew Organization[0m
        [36m</button>[39m
      [36m</div>[39m
      [36m<div[39m
        [33mclass[39m=[32m"grid grid-cols-1 lg:grid-cols-3 
gap-6"[39m
      [36m>[39m
        [36m<div[39m
          [33mclass[39m=[32m"lg:col-span-1 space-y-4"[39m
        [36m>[39m
          [36m<h2[39m
            [33mclass[39m=[32m"text-lg font-semibold"[39m
          [36m>[39m
            [0mAll Organizations[0m
          [36m</h2>[39m
          [36m<div[39m
            [33mclass[39m=[32m"space-y-2"[39m
          [36m/>[39m
        [36m</div>[39m
        [36m<div[39m
          [33mclass[39m=[32m"lg:col-span-2 space-y-4"[39m
        [36m>[39m
          [36m<div[39m
            [33mclass[39m=[32m"rounded-lg border bg-card 
text-card-foreground shadow-sm"[39m
          [36m>[39m
            [36m<div[39m
              [33mclass[39m=[32m"p-6 flex flex-col 
items-center justify-center py-16"[39m
            [36m>[39m
              [36m<svg[39m
                [33mclass[39m=[32m"lucide lucide-building2 
h-16 w-16 text-gray-400 mb-4"[39m
                [33mfill[39m=[32m"none"[39m
                [33mheight[39m=[32m"24"[39m
                [33mstroke[39m=[32m"currentColor"[39m
                [33mstroke-linecap[39m=[32m"round"[39m
                [33mstroke-linejoin[39m=[32m"round"[39m
                [33mstroke-width[39m=[32m"2"[39m
                [33mviewBox[39m=[32m"0 0 24 24"[39m
                [33mwidth[39m=[32m"24"[39m
                
[33mxmlns[39m=[32m"http://www.w3.org/2000/svg"[39m
              [36m>[39m
                [36m<path[39m
                  [33md[39m=[32m"M6 22V4a2 2 0 0 1 2-2h8a2 
2 0 0 1 2 2v18Z"[39m
                [36m/>[39m
                [36m<path[39m
                  [33md[39m=[32m"M6 12H4a2 2 0 0 0-2 2v6a2 
2 0 0 0 2 2h2"[39m
                [36m/>[39m
                [36m<path[39m
                  [33md[39m=[32m"M18 9h2a2 2 0 0 1 2 2v9a2 
2 0 0 1-2 2h-2"[39m
                [36m/>[39m
                [36m<path[39m
                  [33md[39m=[32m"M10 6h4"[39m
                [36m/>[39m
                [36m<path[39m
                  [33md[39m=[32m"M10 10h4"[39m
                [36m/>[39m
                [36m<path[39m
                  [33md[39m=[32m"M10 14h4"[39m
                [36m/>[39m
                [36m<path[39m
                  [33md[39m=[32m"M10 18h4"[39m
                [36m/>[39m
              [36m</svg>[39m
              [36m<p[39m
                [33mclass[39m=[32m"text-gray-500"[39m
              [36m>[39m
                [0mSelect an organization to view details[0m
              [36m</p>[39m
            [36m</div>[39m
          [36m</div>[39m
        [36m</div>[39m
      [36m</div>[39m
    [36m</div>[39m
  [36m</div>[39m
[36m</body>[39m

Ignored nodes: comments, script, style
[36m<html[39m
  [33mclass[39m=[32m"light"[39m
[36m>[39m
  [36m<head />[39m
  [36m<body>[39m
    [36m<div>[39m
      [36m<div[39m
        [33mclass[39m=[32m"space-y-6"[39m
      [36m>[39m
        [36m<div[39m
          [33mclass[39m=[32m"flex items-center 
justify-between"[39m
        [36m>[39m
          [36m<div>[39m
            [36m<h1[39m
              [33mclass[39m=[32m"text-3xl font-bold"[39m
            [36m>[39m
              [0mOrganizations[0m
            [36m</h1>[39m
            [36m<p[39m
              
[33mclass[39m=[32m"text-muted-foreground"[39m
            [36m>[39m
              [0mManage multi-tenant organizations[0m
            [36m</p>[39m
          [36m</div>[39m
          [36m<button[39m
            [33mclass[39m=[32m"inline-flex items-center 
justify-center whitespace-nowrap rounded-md text-sm 
font-medium ring-offset-background transition-colors 
focus-visible:outline-none focus-visible:ring-2 
focus-visible:ring-ring focus-visible:ring-offset-2 
disabled:pointer-events-none disabled:opacity-50 bg-primary 
text-primary-foreground hover:bg-primary/90 h-10 px-4 py-2 
gap-2"[39m
          [36m>[39m
            [36m<svg[39m
              [33mclass[39m=[32m"lucide lucide-plus h-4 
w-4"[39m
              [33mfill[39m=[32m"none"[39m
              [33mheight[39m=[32m"24"[39m
              [33mstroke[39m=[32m"currentColor"[39m
              [33mstroke-linecap[39m=[32m"round"[39m
              [33mstroke-linejoin[39m=[32m"round"[39m
              [33mstroke-width[39m=[32m"2"[39m
              [33mviewBox[39m=[32m"0 0 24 24"[39m
              [33mwidth[39m=[32m"24"[39m
              
[33mxmlns[39m=[32m"http://www.w3.org/2000/svg"[39m
            [36m>[39m
              [36m<path[39m
                [33md[39m=[32m"M5 12h14"[39m
              [36m/>[39m
              [36m<path[39m
                [33md[39m=[32m"M12 5v14"[39m
              [36m/>[39m
            [36m</svg>[39m
            [0mNew Organization[0m
          [36m</button>[39m
        [36m</div>[39m
        [36m<div[39m
          [33mclass[39m=[32m"grid grid-cols-1 
lg:grid-cols-3 gap-6"[39m
        [36m>[39m
          [36m<div[39m
            [33mclass[39m=[32m"lg:col-span-1 
space-y-4"[39m
          [36m>[39m
            [36m<h2[39m
              [33mclass[39m=[32m"text-lg 
font-semibold"[39m
            [36m>[39m
              [0mAll Organizations[0m
            [36m</h2>[39m
            [36m<div[39m
              [33mclass[39m=[32m"space-y-2"[39m
            [36m/>[39m
          [36m</div>[39m
          [36m<div[39m
            [33mclass[39m=[32m"lg:col-span-2 
space-y-4"[39m
          [36m>[39m
            [36m<div[39m
              [33mclass[39m=[32m"rounded-lg border bg-card 
text-card-foreground shadow-sm"[39m
            [36m>[39m
              [36m<div[39m
                [33mclass[39m=[32m"p-6 flex flex-col 
items-center justify-center py-16"[39m
              [36m>[39m
                [36m<svg[39m
                  [33mclass[39m=[32m"lucide 
lucide-building2 h-16 w-16 text-gray-400 mb-4"[39m
                  [33mfill[39m=[32m"none"[39m
                  [33mheight[39m=[32m"24"[39m
                  [33mstroke[39m=[32m"currentColor"[39m
                  [33mstroke-linecap[39m=[32m"round"[39m
                  [33mstroke-linejoin[39m=[32m"round"[39m
                  [33mstroke-width[39m=[32m"2"[39m
                  [33mviewBox[39m=[32m"0 0 24 24"[39m
                  [33mwidth[39m=[32m"24"[39m
                  
[33mxmlns[39m=[32m"http://www.w3.org/2000/svg"[39m
                [36m>[39m
                  [36m<path[39m
                    [33md[39m=[32m"M6 22V4a2 2 0 0 1 
2-2h8a2 2 0 0 1 2 2v18Z"[39m
                  [36m/>[39m
                  [36m<path[39m
                    [33md[39m=[32m"M6 12H4a2 2 0 0 0-2 
2v6a2 2 0 0 0 2 2h2"[39m
                  [36m/>[39m
                  [36m<path[39m
                    [33md[39m=[32m"M18 9h2a2 2 0 0 1 2 
2v9a2 2 0 0 1-2 2h-2"[39m
                  [36m/>[39m
                  [36m<path[39m
                    [33md[39m=[32m"M10 6h4"[39m
                  [36m/>[39m
                  [36m<path[39m
                    [33md[39m=[32m"M10 10h4"[39m
                  [36m/>[39m
                  [36m<path[39m
                    [33md[39m=[32m"M10 14h4"[39m
                  [36m/>[39m
                  [36m<path[39m
                    [33md[39m=[32m"M10 18h4"[39m
                  [36m/>[39m
                [36m</svg>[39m
                [36m<p[39m
                  [33mclass[39m=[32m"text-gray-500"[39m
                [36m>[39m
                  [0mSelect an organization to view 
details[0m
                [36m</p>[39m
              [36m</div>[39m
            [36m</div>[39m
          [36m</div>[39m
        [36m</div>[39m
      [36m</div>[39m
    [36m</div>[39m
  [36m</body>[39m
[36m</html>[39m
[90m [2mΓ¥»[22m Proxy.waitForWrapper node_modules/@testing-
library/dom/dist/wait-for.js:[2m163:27[22m[39m
[36m [2mΓ¥»[22m 
src/__tests__/OrganizationsPage.test.tsx:[2m97:11[22m[39m
    [90m 95| [39m    
[34mrender[39m([33m<[39m[33mOrganizationsPage[39m 
[33m/[39m[33m>[39m)[33m;[39m
    [90m 96| [39m
    [90m 97| [39m    [35mawait[39m [34mwaitFor[39m(() 
[33m=>[39m {
    [90m   | [39m          [31m^[39m
    [90m 98| [39m      expect(screen.getByText('Test 
Organization')).toBeInTheDocument(ΓÇª
    [90m 99| [39m    })[33m;[39m

[31m[2mΓÄ»ΓÄ»ΓÄ»ΓÄ»ΓÄ»ΓÄ»ΓÄ»ΓÄ»ΓÄ»ΓÄ»ΓÄ»ΓÄ»ΓÄ»ΓÄ»ΓÄ»ΓÄ»ΓÄ»ΓÄ
»ΓÄ»ΓÄ»ΓÄ»ΓÄ»ΓÄ»[1/14]ΓÄ»[22m[39m

[41m[1m FAIL [22m[49m 
src/__tests__/OrganizationsPage.test.tsx[2m > 
[22mOrganizationsPage[2m > [22mopens create modal when 
clicking New Organization button
[31m[1mTestingLibraryElementError[22m[39m: Found multiple 
elements with the text: Create Organization

Here are the matching elements:

Ignored nodes: comments, script, style
[36m<h2[39m
  [33mclass[39m=[32m"text-lg font-semibold leading-none 
tracking-tight"[39m
  [33mid[39m=[32m"radix-:rd:"[39m
[36m>[39m
  [0mCreate Organization[0m
[36m</h2>[39m

Ignored nodes: comments, script, style
[36m<button[39m
  [33mclass[39m=[32m"inline-flex items-center 
justify-center whitespace-nowrap rounded-md text-sm 
font-medium ring-offset-background transition-colors 
focus-visible:outline-none focus-visible:ring-2 
focus-visible:ring-ring focus-visible:ring-offset-2 
disabled:pointer-events-none disabled:opacity-50 bg-primary 
text-primary-foreground hover:bg-primary/90 h-10 px-4 
py-2"[39m
[36m>[39m
  [0mCreate Organization[0m
[36m</button>[39m

(If this is intentional, then use the `*AllBy*` variant of 
the query (like `queryAllByText`, `getAllByText`, or 
`findAllByText`)).

Ignored nodes: comments, script, style
[36m<body[39m
  [33mdata-scroll-locked[39m=[32m"1"[39m
  [33mstyle[39m=[32m"pointer-events: none;"[39m
[36m>[39m
  [36m<span[39m
    [33maria-hidden[39m=[32m"true"[39m
    [33mdata-aria-hidden[39m=[32m"true"[39m
    [33mdata-radix-focus-guard[39m=[32m""[39m
    [33mstyle[39m=[32m"outline: none; opacity: 0; 
position: fixed; pointer-events: none;"[39m
    [33mtabindex[39m=[32m"0"[39m
  [36m/>[39m
  [36m<div[39m
    [33maria-hidden[39m=[32m"true"[39m
    [33mdata-aria-hidden[39m=[32m"true"[39m
  [36m>[39m
    [36m<div[39m
      [33mclass[39m=[32m"space-y-6"[39m
    [36m>[39m
      [36m<div[39m
        [33mclass[39m=[32m"flex items-center 
justify-between"[39m
      [36m>[39m
        [36m<div>[39m
          [36m<h1[39m
            [33mclass[39m=[32m"text-3xl font-bold"[39m
          [36m>[39m
            [0mOrganizations[0m
          [36m</h1>[39m
          [36m<p[39m
            [33mclass[39m=[32m"text-muted-foreground"[39m
          [36m>[39m
            [0mManage multi-tenant organizations[0m
          [36m</p>[39m
        [36m</div>[39m
        [36m<button[39m
          [33mclass[39m=[32m"inline-flex items-center 
justify-center whitespace-nowrap rounded-md text-sm 
font-medium ring-offset-background transition-colors 
focus-visible:outline-none focus-visible:ring-2 
focus-visible:ring-ring focus-visible:ring-offset-2 
disabled:pointer-events-none disabled:opacity-50 bg-primary 
text-primary-foreground hover:bg-primary/90 h-10 px-4 py-2 
gap-2"[39m
        [36m>[39m
          [36m<svg[39m
            [33mclass[39m=[32m"lucide lucide-plus h-4 
w-4"[39m
            [33mfill[39m=[32m"none"[39m
            [33mheight[39m=[32m"24"[39m
            [33mstroke[39m=[32m"currentColor"[39m
            [33mstroke-linecap[39m=[32m"round"[39m
            [33mstroke-linejoin[39m=[32m"round"[39m
            [33mstroke-width[39m=[32m"2"[39m
            [33mviewBox[39m=[32m"0 0 24 24"[39m
            [33mwidth[39m=[32m"24"[39m
            
[33mxmlns[39m=[32m"http://www.w3.org/2000/svg"[39m
          [36m>[39m
            [36m<path[39m
              [33md[39m=[32m"M5 12h14"[39m
            [36m/>[39m
            [36m<path[39m
              [33md[39m=[32m"M12 5v14"[39m
            [36m/>[39m
          [36m</svg>[39m
          [0mNew Organization[0m
        [36m</button>[39m
      [36m</div>[39m
      [36m<div[39m
        [33mclass[39m=[32m"grid grid-cols-1 lg:grid-cols-3 
gap-6"[39m
      [36m>[39m
        [36m<div[39m
          [33mclass[39m=[32m"lg:col-span-1 space-y-4"[39m
        [36m>[39m
          [36m<h2[39m
            [33mclass[39m=[32m"text-lg font-semibold"[39m
          [36m>[39m
            [0mAll Organizations[0m
          [36m</h2>[39m
          [36m<div[39m
            [33mclass[39m=[32m"space-y-2"[39m
          [36m>[39m
            [36m<div[39m
              [33mclass[39m=[32m"rounded-lg border bg-card 
text-card-foreground shadow-sm cursor-pointer 
transition-all"[39m
            [36m>[39m
              [36m<div[39m
                [33mclass[39m=[32m"p-4"[39m
              [36m>[39m
                [36m<div[39m
                  [33mclass[39m=[32m"flex items-start 
justify-between"[39m
                [36m>[39m
                  [36m<div[39m
                    [33mclass[39m=[32m"flex-1"[39m
                  [36m>[39m
                    [36m<div[39m
                      [33mclass[39m=[32m"flex items-center 
gap-2 mb-1"[39m
                    [36m>[39m
                      [36m<svg[39m
                        [33mclass[39m=[32m"lucide 
lucide-building2 h-4 w-4"[39m
                        [33mfill[39m=[32m"none"[39m
                        [33mheight[39m=[32m"24"[39m
                        
[33mstroke[39m=[32m"currentColor"[39m
                        
[33mstroke-linecap[39m=[32m"round"[39m
                        
[33mstroke-linejoin[39m=[32m"round"[39m
                        [33mstroke-width[39m=[32m"2"[39m
                        [33mviewBox[39m=[32m"0 0 24 
24"[39m
                        [33mwidth[39m=[32m"24"[39m
                        
[33mxmlns[39m=[32m"http://www.w3.org/2000/svg"[39m
                      [36m>[39m
                        [36m<path[39m
                          [33md[39m=[32m"M6 22V4a2 2 0 0 1 
2-2h8a2 2 0 0 1 2 2v18Z"[39m
                        [36m/>[39m
                        [36m<path[39m
                          [33md[39m=[32m"M6 12H4a2 2 0 0 
0-2 2v6a2 2 0 0 0 2 2h2"[39m
                        [36m/>[39m
                        [36m<path[39m
                          [33md[39m=[32m"M18 9h2a2 2 0 0 1 
2 2v9a2 2 0 0 1-2 2h-2"[39m
                        [36m/>[39m
                        [36m<path[39m
                          [33md[39m=[32m"M10 6h4"[39m
                        [36m/>[39m
                        [36m<path[39m
                          [33md[39m=[32m"M10 10h4"[39m
                        [36m/>[39m
                        [36m<path[39m
                          [33md[39m=[32m"M10 14h4"[39m
                        [36m/>[39m
                        [36m<path[39m
                          [33md[39m=[32m"M10 18h4"[39m
                        [36m/>[39m
                      [36m</svg>[39m
                      [36m<h3[39m
                        
[33mclass[39m=[32m"font-semibold"[39m
                      [36m>[39m
                        [0mTest Organization[0m
                      [36m</h3>[39m
                    [36m</div>[39m
                    [36m<p[39m
                      [33mclass[39m=[32m"text-xs 
text-gray-500 mb-2"[39m
                    [36m>[39m
                      [0m/[0m
                      [0mtest-org[0m
                    [36m</p>[39m
                    [36m<div[39m
                      [33mclass[39m=[32m"flex gap-2"[39m
                    [36m>[39m
                      [36m<div[39m
                        [33mclass[39m=[32m"inline-flex 
items-center rounded-full border px-2.5 py-0.5 text-xs 
font-semibold transition-colors focus:outline-none 
focus:ring-2 focus:ring-ring focus:ring-offset-2 bg-primary 
text-primary-foreground hover:bg-primary/80"[39m
                      [36m>[39m
                        [0mActive[0m
                      [36m</div>[39m
                    [36m</div>[39m
                  [36m</div>[39m
                  [36m<div[39m
                    [33mclass[39m=[32m"flex flex-col 
gap-1"[39m
                  [36m>[39m
                    [36m<button[39m
                      [33mclass[39m=[32m"inline-flex 
items-center justify-center whitespace-nowrap text-sm 
font-medium ring-offset-background transition-colors 
focus-visible:outline-none focus-visible:ring-2 
focus-visible:ring-ring focus...

Ignored nodes: comments, script, style
[36m<html[39m
  [33mclass[39m=[32m"light"[39m
[36m>[39m
  [36m<head />[39m
  [36m<body[39m
    [33mdata-scroll-locked[39m=[32m"1"[39m
    [33mstyle[39m=[32m"pointer-events: none;"[39m
  [36m>[39m
    [36m<span[39m
      [33maria-hidden[39m=[32m"true"[39m
      [33mdata-aria-hidden[39m=[32m"true"[39m
      [33mdata-radix-focus-guard[39m=[32m""[39m
      [33mstyle[39m=[32m"outline: none; opacity: 0; 
position: fixed; pointer-events: none;"[39m
      [33mtabindex[39m=[32m"0"[39m
    [36m/>[39m
    [36m<div[39m
      [33maria-hidden[39m=[32m"true"[39m
      [33mdata-aria-hidden[39m=[32m"true"[39m
    [36m>[39m
      [36m<div[39m
        [33mclass[39m=[32m"space-y-6"[39m
      [36m>[39m
        [36m<div[39m
          [33mclass[39m=[32m"flex items-center 
justify-between"[39m
        [36m>[39m
          [36m<div>[39m
            [36m<h1[39m
              [33mclass[39m=[32m"text-3xl font-bold"[39m
            [36m>[39m
              [0mOrganizations[0m
            [36m</h1>[39m
            [36m<p[39m
              
[33mclass[39m=[32m"text-muted-foreground"[39m
            [36m>[39m
              [0mManage multi-tenant organizations[0m
            [36m</p>[39m
          [36m</div>[39m
          [36m<button[39m
            [33mclass[39m=[32m"inline-flex items-center 
justify-center whitespace-nowrap rounded-md text-sm 
font-medium ring-offset-background transition-colors 
focus-visible:outline-none focus-visible:ring-2 
focus-visible:ring-ring focus-visible:ring-offset-2 
disabled:pointer-events-none disabled:opacity-50 bg-primary 
text-primary-foreground hover:bg-primary/90 h-10 px-4 py-2 
gap-2"[39m
          [36m>[39m
            [36m<svg[39m
              [33mclass[39m=[32m"lucide lucide-plus h-4 
w-4"[39m
              [33mfill[39m=[32m"none"[39m
              [33mheight[39m=[32m"24"[39m
              [33mstroke[39m=[32m"currentColor"[39m
              [33mstroke-linecap[39m=[32m"round"[39m
              [33mstroke-linejoin[39m=[32m"round"[39m
              [33mstroke-width[39m=[32m"2"[39m
              [33mviewBox[39m=[32m"0 0 24 24"[39m
              [33mwidth[39m=[32m"24"[39m
              
[33mxmlns[39m=[32m"http://www.w3.org/2000/svg"[39m
            [36m>[39m
              [36m<path[39m
                [33md[39m=[32m"M5 12h14"[39m
              [36m/>[39m
              [36m<path[39m
                [33md[39m=[32m"M12 5v14"[39m
              [36m/>[39m
            [36m</svg>[39m
            [0mNew Organization[0m
          [36m</button>[39m
        [36m</div>[39m
        [36m<div[39m
          [33mclass[39m=[32m"grid grid-cols-1 
lg:grid-cols-3 gap-6"[39m
        [36m>[39m
          [36m<div[39m
            [33mclass[39m=[32m"lg:col-span-1 
space-y-4"[39m
          [36m>[39m
            [36m<h2[39m
              [33mclass[39m=[32m"text-lg 
font-semibold"[39m
            [36m>[39m
              [0mAll Organizations[0m
            [36m</h2>[39m
            [36m<div[39m
              [33mclass[39m=[32m"space-y-2"[39m
            [36m>[39m
              [36m<div[39m
                [33mclass[39m=[32m"rounded-lg border 
bg-card text-card-foreground shadow-sm cursor-pointer 
transition-all"[39m
              [36m>[39m
                [36m<div[39m
                  [33mclass[39m=[32m"p-4"[39m
                [36m>[39m
                  [36m<div[39m
                    [33mclass[39m=[32m"flex items-start 
justify-between"[39m
                  [36m>[39m
                    [36m<div[39m
                      [33mclass[39m=[32m"flex-1"[39m
                    [36m>[39m
                      [36m<div[39m
                        [33mclass[39m=[32m"flex 
items-center gap-2 mb-1"[39m
                      [36m>[39m
                        [36m<svg[39m
                          [33mclass[39m=[32m"lucide 
lucide-building2 h-4 w-4"[39m
                          [33mfill[39m=[32m"none"[39m
                          [33mheight[39m=[32m"24"[39m
                          
[33mstroke[39m=[32m"currentColor"[39m
                          
[33mstroke-linecap[39m=[32m"round"[39m
                          
[33mstroke-linejoin[39m=[32m"round"[39m
                          [33mstroke-width[39m=[32m"2"[39m
                          [33mviewBox[39m=[32m"0 0 24 
24"[39m
                          [33mwidth[39m=[32m"24"[39m
                          
[33mxmlns[39m=[32m"http://www.w3.org/2000/svg"[39m
                        [36m>[39m
                          [36m<path[39m
                            [33md[39m=[32m"M6 22V4a2 2 0 0 
1 2-2h8a2 2 0 0 1 2 2v18Z"[39m
                          [36m/>[39m
                          [36m<path[39m
                            [33md[39m=[32m"M6 12H4a2 2 0 0 
0-2 2v6a2 2 0 0 0 2 2h2"[39m
                          [36m/>[39m
                          [36m<path[39m
                            [33md[39m=[32m"M18 9h2a2 2 0 0 
1 2 2v9a2 2 0 0 1-2 2h-2"[39m
                          [36m/>[39m
                          [36m<path[39m
                            [33md[39m=[32m"M10 6h4"[39m
                          [36m/>[39m
                          [36m<path[39m
                            [33md[39m=[32m"M10 10h4"[39m
                          [36m/>[39m
                          [36m<path[39m
                            [33md[39m=[32m"M10 14h4"[39m
                          [36m/>[39m
                          [36m<path[39m
                            [33md[39m=[32m"M10 18h4"[39m
                          [36m/>[39m
                        [36m</svg>[39m
                        [36m<h3[39m
                          
[33mclass[39m=[32m"font-semibold"[39m
                        [36m>[39m
                          [0mTest Organization[0m
                        [36m</h3>[39m
                      [36m</div>[39m
                      [36m<p[39m
                        [33mclass[39m=[32m"text-xs 
text-gray-500 mb-2"[39m
                      [36m>[39m
                        [0m/[0m
                        [0mtest-org[0m
                      [36m</p>[39m
                      [36m<div[39m
                        [33mclass[39m=[32m"flex gap-2"[39m
                      [36m>[39m
                        [36m<div[39m
                          [33mclass[39m=[32m"inline-flex 
items-center rounded-full border px-2.5 py-0.5 text-xs 
font-semibold transition-colors focus:outline-none 
focus:ring-2 focus:ring-ring focus:ring-offset-2 bg-primary 
text-primary-foreground hover:bg-primary/80"[39m
                        [36m>[39m
                          [0mActive[0m
                        [36m</div>[39m
                      [36m</div>[39m
                    [36m</div>[39m
                    [36m<div[39m
   ...
[90m [2mΓ¥»[22m Proxy.waitForWrapper node_modules/@testing-
library/dom/dist/wait-for.js:[2m163:27[22m[39m
[36m [2mΓ¥»[22m 
src/__tests__/OrganizationsPage.test.tsx:[2m120:11[22m[39m
    [90m118| [39m    fireEvent[33m.[39m[34mclick[39m(scr
een[33m.[39m[34mgetByText[39m([32m'New 
Organization'[39m))[33m;[39m
    [90m119| [39m
    [90m120| [39m    [35mawait[39m [34mwaitFor[39m(() 
[33m=>[39m {
    [90m   | [39m          [31m^[39m
    [90m121| [39m      expect(screen.getByText('Create 
Organization')).toBeInTheDocumenΓÇª
    [90m122| [39m      
expect(screen.getByLabelText(/Organization 
Name/i)).toBeInTheDocΓÇª

[31m[2mΓÄ»ΓÄ»ΓÄ»ΓÄ»ΓÄ»ΓÄ»ΓÄ»ΓÄ»ΓÄ»ΓÄ»ΓÄ»ΓÄ»ΓÄ»ΓÄ»ΓÄ»ΓÄ»ΓÄ»ΓÄ
»ΓÄ»ΓÄ»ΓÄ»ΓÄ»ΓÄ»[2/14]ΓÄ»[22m[39m

[41m[1m FAIL [22m[49m 
src/__tests__/OrganizationsPage.test.tsx[2m > 
[22mOrganizationsPage[2m > [22mhandles delete organization
[31m[1mAssertionError[22m[39m: expected "vi.fn()" to be 
called at least once

Ignored nodes: comments, script, style
[36m<html[39m
  [33mclass[39m=[32m"light"[39m
[36m>[39m
  [36m<head />[39m
  [36m<body[39m
    [33mdata-scroll-locked[39m=[32m"1"[39m
    [33mstyle[39m=[32m"pointer-events: none;"[39m
  [36m>[39m
    [36m<span[39m
      [33maria-hidden[39m=[32m"true"[39m
      [33mdata-aria-hidden[39m=[32m"true"[39m
      [33mdata-radix-focus-guard[39m=[32m""[39m
      [33mstyle[39m=[32m"outline: none; opacity: 0; 
position: fixed; pointer-events: none;"[39m
      [33mtabindex[39m=[32m"0"[39m
    [36m/>[39m
    [36m<div[39m
      [33maria-hidden[39m=[32m"true"[39m
      [33mdata-aria-hidden[39m=[32m"true"[39m
    [36m>[39m
      [36m<div[39m
        [33mclass[39m=[32m"space-y-6"[39m
      [36m>[39m
        [36m<div[39m
          [33mclass[39m=[32m"flex items-center 
justify-between"[39m
        [36m>[39m
          [36m<div>[39m
            [36m<h1[39m
              [33mclass[39m=[32m"text-3xl font-bold"[39m
            [36m>[39m
              [0mOrganizations[0m
            [36m</h1>[39m
            [36m<p[39m
              
[33mclass[39m=[32m"text-muted-foreground"[39m
            [36m>[39m
              [0mManage multi-tenant organizations[0m
            [36m</p>[39m
          [36m</div>[39m
          [36m<button[39m
            [33mclass[39m=[32m"inline-flex items-center 
justify-center whitespace-nowrap rounded-md text-sm 
font-medium ring-offset-background transition-colors 
focus-visible:outline-none focus-visible:ring-2 
focus-visible:ring-ring focus-visible:ring-offset-2 
disabled:pointer-events-none disabled:opacity-50 bg-primary 
text-primary-foreground hover:bg-primary/90 h-10 px-4 py-2 
gap-2"[39m
          [36m>[39m
            [36m<svg[39m
              [33mclass[39m=[32m"lucide lucide-plus h-4 
w-4"[39m
              [33mfill[39m=[32m"none"[39m
              [33mheight[39m=[32m"24"[39m
              [33mstroke[39m=[32m"currentColor"[39m
              [33mstroke-linecap[39m=[32m"round"[39m
              [33mstroke-linejoin[39m=[32m"round"[39m
              [33mstroke-width[39m=[32m"2"[39m
              [33mviewBox[39m=[32m"0 0 24 24"[39m
              [33mwidth[39m=[32m"24"[39m
              
[33mxmlns[39m=[32m"http://www.w3.org/2000/svg"[39m
            [36m>[39m
              [36m<path[39m
                [33md[39m=[32m"M5 12h14"[39m
              [36m/>[39m
              [36m<path[39m
                [33md[39m=[32m"M12 5v14"[39m
              [36m/>[39m
            [36m</svg>[39m
            [0mNew Organization[0m
          [36m</button>[39m
        [36m</div>[39m
        [36m<div[39m
          [33mclass[39m=[32m"grid grid-cols-1 
lg:grid-cols-3 gap-6"[39m
        [36m>[39m
          [36m<div[39m
            [33mclass[39m=[32m"lg:col-span-1 
space-y-4"[39m
          [36m>[39m
            [36m<h2[39m
              [33mclass[39m=[32m"text-lg 
font-semibold"[39m
            [36m>[39m
              [0mAll Organizations[0m
            [36m</h2>[39m
            [36m<div[39m
              [33mclass[39m=[32m"space-y-2"[39m
            [36m>[39m
              [36m<div[39m
                [33mclass[39m=[32m"rounded-lg border 
bg-card text-card-foreground shadow-sm cursor-pointer 
transition-all"[39m
              [36m>[39m
                [36m<div[39m
                  [33mclass[39m=[32m"p-4"[39m
                [36m>[39m
                  [36m<div[39m
                    [33mclass[39m=[32m"flex items-start 
justify-between"[39m
                  [36m>[39m
                    [36m<div[39m
                      [33mclass[39m=[32m"flex-1"[39m
                    [36m>[39m
                      [36m<div[39m
                        [33mclass[39m=[32m"flex 
items-center gap-2 mb-1"[39m
                      [36m>[39m
                        [36m<svg[39m
                          [33mclass[39m=[32m"lucide 
lucide-building2 h-4 w-4"[39m
                          [33mfill[39m=[32m"none"[39m
                          [33mheight[39m=[32m"24"[39m
                          
[33mstroke[39m=[32m"currentColor"[39m
                          
[33mstroke-linecap[39m=[32m"round"[39m
                          
[33mstroke-linejoin[39m=[32m"round"[39m
                          [33mstroke-width[39m=[32m"2"[39m
                          [33mviewBox[39m=[32m"0 0 24 
24"[39m
                          [33mwidth[39m=[32m"24"[39m
                          
[33mxmlns[39m=[32m"http://www.w3.org/2000/svg"[39m
                        [36m>[39m
                          [36m<path[39m
                            [33md[39m=[32m"M6 22V4a2 2 0 0 
1 2-2h8a2 2 0 0 1 2 2v18Z"[39m
                          [36m/>[39m
                          [36m<path[39m
                            [33md[39m=[32m"M6 12H4a2 2 0 0 
0-2 2v6a2 2 0 0 0 2 2h2"[39m
                          [36m/>[39m
                          [36m<path[39m
                            [33md[39m=[32m"M18 9h2a2 2 0 0 
1 2 2v9a2 2 0 0 1-2 2h-2"[39m
                          [36m/>[39m
                          [36m<path[39m
                            [33md[39m=[32m"M10 6h4"[39m
                          [36m/>[39m
                          [36m<path[39m
                            [33md[39m=[32m"M10 10h4"[39m
                          [36m/>[39m
                          [36m<path[39m
                            [33md[39m=[32m"M10 14h4"[39m
                          [36m/>[39m
                          [36m<path[39m
                            [33md[39m=[32m"M10 18h4"[39m
                          [36m/>[39m
                        [36m</svg>[39m
                        [36m<h3[39m
                          
[33mclass[39m=[32m"font-semibold"[39m
                        [36m>[39m
                          [0mTest Organization[0m
                        [36m</h3>[39m
                      [36m</div>[39m
                      [36m<p[39m
                        [33mclass[39m=[32m"text-xs 
text-gray-500 mb-2"[39m
                      [36m>[39m
                        [0m/[0m
                        [0mtest-org[0m
                      [36m</p>[39m
                      [36m<div[39m
                        [33mclass[39m=[32m"flex gap-2"[39m
                      [36m>[39m
                        [36m<div[39m
                          [33mclass[39m=[32m"inline-flex 
items-center rounded-full border px-2.5 py-0.5 text-xs 
font-semibold transition-colors focus:outline-none 
focus:ring-2 focus:ring-ring focus:ring-offset-2 bg-primary 
text-primary-foreground hover:bg-primary/80"[39m
                        [36m>[39m
                          [0mActive[0m
                        [36m</div>[39m
                      [36m</div>[39m
                    [36m</div>[39m
                    [36m<div[39m
   ...
[36m [2mΓ¥»[22m 
src/__tests__/OrganizationsPage.test.tsx:[2m180:28[22m[39m
    [90m178| [39m
    [90m179| [39m      [35mawait[39m [34mwaitFor[39m(() 
[33m=>[39m {
    [90m180| [39m        [34mexpect[39m(api[33m.[39m[35
mdelete[39m)[33m.[39m[34mtoHaveBeenCalled[39m()[33m;[39
m
    [90m   | [39m                           [31m^[39m
    [90m181| [39m      })[33m;[39m
    [90m182| [39m    }
[90m [2mΓ¥»[22m runWithExpensiveErrorDiagnosticsDisabled no
de_modules/@testing-library/dom/dist/config.js:[2m47:12[22m
[39m
[90m [2mΓ¥»[22m checkCallback node_modules/@testing-library
/dom/dist/wait-for.js:[2m124:77[22m[39m
[90m [2mΓ¥»[22m Timeout.checkRealTimersCallback node_module
s/@testing-library/dom/dist/wait-for.js:[2m118:16[22m[39m

[31m[2mΓÄ»ΓÄ»ΓÄ»ΓÄ»ΓÄ»ΓÄ»ΓÄ»ΓÄ»ΓÄ»ΓÄ»ΓÄ»ΓÄ»ΓÄ»ΓÄ»ΓÄ»ΓÄ»ΓÄ»ΓÄ
»ΓÄ»ΓÄ»ΓÄ»ΓÄ»ΓÄ»[3/14]ΓÄ»[22m[39m

[41m[1m FAIL [22m[49m 
src/__tests__/OrganizationsPage.test.tsx[2m > 
[22mOrganizationsPage[2m > [22mshows usage progress bars
[31m[1mTestingLibraryElementError[22m[39m: Unable to find 
an element with the text: Test Organization. This could be 
because the text is broken up by multiple elements. In this 
case, you can provide a function for your text matcher to 
make your matcher more flexible.

Ignored nodes: comments, script, style
[36m<body[39m
  [33mstyle[39m=[32m""[39m
[36m>[39m
  [36m<div>[39m
    [36m<div[39m
      [33mclass[39m=[32m"space-y-6"[39m
    [36m>[39m
      [36m<div[39m
        [33mclass[39m=[32m"flex items-center 
justify-between"[39m
      [36m>[39m
        [36m<div>[39m
          [36m<h1[39m
            [33mclass[39m=[32m"text-3xl font-bold"[39m
          [36m>[39m
            [0mOrganizations[0m
          [36m</h1>[39m
          [36m<p[39m
            [33mclass[39m=[32m"text-muted-foreground"[39m
          [36m>[39m
            [0mManage multi-tenant organizations[0m
          [36m</p>[39m
        [36m</div>[39m
        [36m<button[39m
          [33mclass[39m=[32m"inline-flex items-center 
justify-center whitespace-nowrap rounded-md text-sm 
font-medium ring-offset-background transition-colors 
focus-visible:outline-none focus-visible:ring-2 
focus-visible:ring-ring focus-visible:ring-offset-2 
disabled:pointer-events-none disabled:opacity-50 bg-primary 
text-primary-foreground hover:bg-primary/90 h-10 px-4 py-2 
gap-2"[39m
        [36m>[39m
          [36m<svg[39m
            [33mclass[39m=[32m"lucide lucide-plus h-4 
w-4"[39m
            [33mfill[39m=[32m"none"[39m
            [33mheight[39m=[32m"24"[39m
            [33mstroke[39m=[32m"currentColor"[39m
            [33mstroke-linecap[39m=[32m"round"[39m
            [33mstroke-linejoin[39m=[32m"round"[39m
            [33mstroke-width[39m=[32m"2"[39m
            [33mviewBox[39m=[32m"0 0 24 24"[39m
            [33mwidth[39m=[32m"24"[39m
            
[33mxmlns[39m=[32m"http://www.w3.org/2000/svg"[39m
          [36m>[39m
            [36m<path[39m
              [33md[39m=[32m"M5 12h14"[39m
            [36m/>[39m
            [36m<path[39m
              [33md[39m=[32m"M12 5v14"[39m
            [36m/>[39m
          [36m</svg>[39m
          [0mNew Organization[0m
        [36m</button>[39m
      [36m</div>[39m
      [36m<div[39m
        [33mclass[39m=[32m"grid grid-cols-1 lg:grid-cols-3 
gap-6"[39m
      [36m>[39m
        [36m<div[39m
          [33mclass[39m=[32m"lg:col-span-1 space-y-4"[39m
        [36m>[39m
          [36m<h2[39m
            [33mclass[39m=[32m"text-lg font-semibold"[39m
          [36m>[39m
            [0mAll Organizations[0m
          [36m</h2>[39m
          [36m<div[39m
            [33mclass[39m=[32m"space-y-2"[39m
          [36m/>[39m
        [36m</div>[39m
        [36m<div[39m
          [33mclass[39m=[32m"lg:col-span-2 space-y-4"[39m
        [36m>[39m
          [36m<div[39m
            [33mclass[39m=[32m"rounded-lg border bg-card 
text-card-foreground shadow-sm"[39m
          [36m>[39m
            [36m<div[39m
              [33mclass[39m=[32m"p-6 flex flex-col 
items-center justify-center py-16"[39m
            [36m>[39m
              [36m<svg[39m
                [33mclass[39m=[32m"lucide lucide-building2 
h-16 w-16 text-gray-400 mb-4"[39m
                [33mfill[39m=[32m"none"[39m
                [33mheight[39m=[32m"24"[39m
                [33mstroke[39m=[32m"currentColor"[39m
                [33mstroke-linecap[39m=[32m"round"[39m
                [33mstroke-linejoin[39m=[32m"round"[39m
                [33mstroke-width[39m=[32m"2"[39m
                [33mviewBox[39m=[32m"0 0 24 24"[39m
                [33mwidth[39m=[32m"24"[39m
                
[33mxmlns[39m=[32m"http://www.w3.org/2000/svg"[39m
              [36m>[39m
                [36m<path[39m
                  [33md[39m=[32m"M6 22V4a2 2 0 0 1 2-2h8a2 
2 0 0 1 2 2v18Z"[39m
                [36m/>[39m
                [36m<path[39m
                  [33md[39m=[32m"M6 12H4a2 2 0 0 0-2 2v6a2 
2 0 0 0 2 2h2"[39m
                [36m/>[39m
                [36m<path[39m
                  [33md[39m=[32m"M18 9h2a2 2 0 0 1 2 2v9a2 
2 0 0 1-2 2h-2"[39m
                [36m/>[39m
                [36m<path[39m
                  [33md[39m=[32m"M10 6h4"[39m
                [36m/>[39m
                [36m<path[39m
                  [33md[39m=[32m"M10 10h4"[39m
                [36m/>[39m
                [36m<path[39m
                  [33md[39m=[32m"M10 14h4"[39m
                [36m/>[39m
                [36m<path[39m
                  [33md[39m=[32m"M10 18h4"[39m
                [36m/>[39m
              [36m</svg>[39m
              [36m<p[39m
                [33mclass[39m=[32m"text-gray-500"[39m
              [36m>[39m
                [0mSelect an organization to view details[0m
              [36m</p>[39m
            [36m</div>[39m
          [36m</div>[39m
        [36m</div>[39m
      [36m</div>[39m
    [36m</div>[39m
  [36m</div>[39m
[36m</body>[39m

Ignored nodes: comments, script, style
[36m<html[39m
  [33mclass[39m=[32m"light"[39m
[36m>[39m
  [36m<head />[39m
  [36m<body[39m
    [33mstyle[39m=[32m""[39m
  [36m>[39m
    [36m<div>[39m
      [36m<div[39m
        [33mclass[39m=[32m"space-y-6"[39m
      [36m>[39m
        [36m<div[39m
          [33mclass[39m=[32m"flex items-center 
justify-between"[39m
        [36m>[39m
          [36m<div>[39m
            [36m<h1[39m
              [33mclass[39m=[32m"text-3xl font-bold"[39m
            [36m>[39m
              [0mOrganizations[0m
            [36m</h1>[39m
            [36m<p[39m
              
[33mclass[39m=[32m"text-muted-foreground"[39m
            [36m>[39m
              [0mManage multi-tenant organizations[0m
            [36m</p>[39m
          [36m</div>[39m
          [36m<button[39m
            [33mclass[39m=[32m"inline-flex items-center 
justify-center whitespace-nowrap rounded-md text-sm 
font-medium ring-offset-background transition-colors 
focus-visible:outline-none focus-visible:ring-2 
focus-visible:ring-ring focus-visible:ring-offset-2 
disabled:pointer-events-none disabled:opacity-50 bg-primary 
text-primary-foreground hover:bg-primary/90 h-10 px-4 py-2 
gap-2"[39m
          [36m>[39m
            [36m<svg[39m
              [33mclass[39m=[32m"lucide lucide-plus h-4 
w-4"[39m
              [33mfill[39m=[32m"none"[39m
              [33mheight[39m=[32m"24"[39m
              [33mstroke[39m=[32m"currentColor"[39m
              [33mstroke-linecap[39m=[32m"round"[39m
              [33mstroke-linejoin[39m=[32m"round"[39m
              [33mstroke-width[39m=[32m"2"[39m
              [33mviewBox[39m=[32m"0 0 24 24"[39m
              [33mwidth[39m=[32m"24"[39m
              
[33mxmlns[39m=[32m"http://www.w3.org/2000/svg"[39m
            [36m>[39m
              [36m<path[39m
                [33md[39m=[32m"M5 12h14"[39m
              [36m/>[39m
              [36m<path[39m
                [33md[39m=[32m"M12 5v14"[39m
              [36m/>[39m
            [36m</svg>[39m
            [0mNew Organization[0m
          [36m</button>[39m
        [36m</div>[39m
        [36m<div[39m
          [33mclass[39m=[32m"grid grid-cols-1 
lg:grid-cols-3 gap-6"[39m
        [36m>[39m
          [36m<div[39m
            [33mclass[39m=[32m"lg:col-span-1 
space-y-4"[39m
          [36m>[39m
            [36m<h2[39m
              [33mclass[39m=[32m"text-lg 
font-semibold"[39m
            [36m>[39m
              [0mAll Organizations[0m
            [36m</h2>[39m
            [36m<div[39m
              [33mclass[39m=[32m"space-y-2"[39m
            [36m/>[39m
          [36m</div>[39m
          [36m<div[39m
            [33mclass[39m=[32m"lg:col-span-2 
space-y-4"[39m
          [36m>[39m
            [36m<div[39m
              [33mclass[39m=[32m"rounded-lg border bg-card 
text-card-foreground shadow-sm"[39m
            [36m>[39m
              [36m<div[39m
                [33mclass[39m=[32m"p-6 flex flex-col 
items-center justify-center py-16"[39m
              [36m>[39m
                [36m<svg[39m
                  [33mclass[39m=[32m"lucide 
lucide-building2 h-16 w-16 text-gray-400 mb-4"[39m
                  [33mfill[39m=[32m"none"[39m
                  [33mheight[39m=[32m"24"[39m
                  [33mstroke[39m=[32m"currentColor"[39m
                  [33mstroke-linecap[39m=[32m"round"[39m
                  [33mstroke-linejoin[39m=[32m"round"[39m
                  [33mstroke-width[39m=[32m"2"[39m
                  [33mviewBox[39m=[32m"0 0 24 24"[39m
                  [33mwidth[39m=[32m"24"[39m
                  
[33mxmlns[39m=[32m"http://www.w3.org/2000/svg"[39m
                [36m>[39m
                  [36m<path[39m
                    [33md[39m=[32m"M6 22V4a2 2 0 0 1 
2-2h8a2 2 0 0 1 2 2v18Z"[39m
                  [36m/>[39m
                  [36m<path[39m
                    [33md[39m=[32m"M6 12H4a2 2 0 0 0-2 
2v6a2 2 0 0 0 2 2h2"[39m
                  [36m/>[39m
                  [36m<path[39m
                    [33md[39m=[32m"M18 9h2a2 2 0 0 1 2 
2v9a2 2 0 0 1-2 2h-2"[39m
                  [36m/>[39m
                  [36m<path[39m
                    [33md[39m=[32m"M10 6h4"[39m
                  [36m/>[39m
                  [36m<path[39m
                    [33md[39m=[32m"M10 10h4"[39m
                  [36m/>[39m
                  [36m<path[39m
                    [33md[39m=[32m"M10 14h4"[39m
                  [36m/>[39m
                  [36m<path[39m
                    [33md[39m=[32m"M10 18h4"[39m
                  [36m/>[39m
                [36m</svg>[39m
                [36m<p[39m
                  [33mclass[39m=[32m"text-gray-500"[39m
                [36m>[39m
                  [0mSelect an organization to view 
details[0m
                [36m</p>[39m
              [36m</div>[39m
            [36m</div>[39m
          [36m</div>[39m
        [36m</div>[39m
      [36m</div>[39m
    [36m</div>[39m
  [36m</body>[39m
[36m</html>[39m
[90m [2mΓ¥»[22m Proxy.waitForWrapper node_modules/@testing-
library/dom/dist/wait-for.js:[2m163:27[22m[39m
[36m [2mΓ¥»[22m 
src/__tests__/OrganizationsPage.test.tsx:[2m215:11[22m[39m
    [90m213| [39m    
[34mrender[39m([33m<[39m[33mOrganizationsPage[39m 
[33m/[39m[33m>[39m)[33m;[39m
    [90m214| [39m
    [90m215| [39m    [35mawait[39m [34mwaitFor[39m(() 
[33m=>[39m {
    [90m   | [39m          [31m^[39m
    [90m216| [39m      expect(screen.getByText('Test 
Organization')).toBeInTheDocument(ΓÇª
    [90m217| [39m    })[33m;[39m

[31m[2mΓÄ»ΓÄ»ΓÄ»ΓÄ»ΓÄ»ΓÄ»ΓÄ»ΓÄ»ΓÄ»ΓÄ»ΓÄ»ΓÄ»ΓÄ»ΓÄ»ΓÄ»ΓÄ»ΓÄ»ΓÄ
»ΓÄ»ΓÄ»ΓÄ»ΓÄ»ΓÄ»[4/14]ΓÄ»[22m[39m

[41m[1m FAIL [22m[49m 
src/__tests__/VersionHistoryPage.test.tsx[2m > 
[22mVersionHistoryPage[2m > [22mrenders version history 
timeline
[31m[1mTestingLibraryElementError[22m[39m: Unable to find 
an element with the text: /Version 3/i. This could be because 
the text is broken up by multiple elements. In this case, you 
can provide a function for your text matcher to make your 
matcher more flexible.

Ignored nodes: comments, script, style
[36m<body>[39m
  [36m<div>[39m
    [36m<div[39m
      [33mclass[39m=[32m"space-y-6"[39m
    [36m>[39m
      [36m<div[39m
        [33mclass[39m=[32m"flex items-center 
justify-between"[39m
      [36m>[39m
        [36m<div[39m
          [33mclass[39m=[32m"flex items-center gap-4"[39m
        [36m>[39m
          [36m<button[39m
            [33mclass[39m=[32m"inline-flex items-center 
justify-center whitespace-nowrap rounded-md text-sm 
font-medium ring-offset-background transition-colors 
focus-visible:outline-none focus-visible:ring-2 
focus-visible:ring-ring focus-visible:ring-offset-2 
disabled:pointer-events-none disabled:opacity-50 
hover:bg-accent hover:text-accent-foreground h-10 px-4 
py-2"[39m
          [36m>[39m
            [36m<svg[39m
              [33mclass[39m=[32m"lucide lucide-arrow-left 
h-4 w-4 mr-2"[39m
              [33mfill[39m=[32m"none"[39m
              [33mheight[39m=[32m"24"[39m
              [33mstroke[39m=[32m"currentColor"[39m
              [33mstroke-linecap[39m=[32m"round"[39m
              [33mstroke-linejoin[39m=[32m"round"[39m
              [33mstroke-width[39m=[32m"2"[39m
              [33mviewBox[39m=[32m"0 0 24 24"[39m
              [33mwidth[39m=[32m"24"[39m
              
[33mxmlns[39m=[32m"http://www.w3.org/2000/svg"[39m
            [36m>[39m
              [36m<path[39m
                [33md[39m=[32m"m12 19-7-7 7-7"[39m
              [36m/>[39m
              [36m<path[39m
                [33md[39m=[32m"M19 12H5"[39m
              [36m/>[39m
            [36m</svg>[39m
            [0mBack[0m
          [36m</button>[39m
          [36m<div>[39m
            [36m<h1[39m
              [33mclass[39m=[32m"text-3xl font-bold"[39m
            [36m>[39m
              [0mVersion History[0m
            [36m</h1>[39m
            [36m<p[39m
              
[33mclass[39m=[32m"text-muted-foreground"[39m
            [36m>[39m
              [0m3[0m
              [0m version[0m
              [0ms[0m
              [0m ΓÇó Current: v[0m
              [0m3[0m
            [36m</p>[39m
          [36m</div>[39m
        [36m</div>[39m
      [36m</div>[39m
      [36m<div[39m
        [33mclass[39m=[32m"space-y-4"[39m
      [36m>[39m
        [36m<div[39m
          [33mclass[39m=[32m"rounded-lg bg-card 
text-card-foreground shadow-sm cursor-pointer transition-all 
border-green-500 border-2"[39m
        [36m>[39m
          [36m<div[39m
            [33mclass[39m=[32m"p-4"[39m
          [36m>[39m
            [36m<div[39m
              [33mclass[39m=[32m"flex items-start 
justify-between"[39m
            [36m>[39m
              [36m<div[39m
                [33mclass[39m=[32m"flex-1"[39m
              [36m>[39m
                [36m<div[39m
                  [33mclass[39m=[32m"flex items-center 
gap-2 mb-2"[39m
                [36m>[39m
                  [36m<div[39m
                    [33mclass[39m=[32m"inline-flex 
items-center rounded-full px-2.5 py-0.5 text-xs font-semibold 
transition-colors focus:outline-none focus:ring-2 
focus:ring-ring focus:ring-offset-2 text-foreground border 
border-input font-mono"[39m
                  [36m>[39m
                    [0mv[0m
                    [0m3[0m
                  [36m</div>[39m
                  [36m<div[39m
                    [33mclass[39m=[32m"inline-flex 
items-center rounded-full border px-2.5 py-0.5 text-xs 
font-semibold transition-colors focus:outline-none 
focus:ring-2 focus:ring-ring focus:ring-offset-2 
hover:bg-primary/80 bg-blue-100 text-blue-800"[39m
                  [36m>[39m
                    [0mUPDATE[0m
                  [36m</div>[39m
                  [36m<div[39m
                    [33mclass[39m=[32m"inline-flex 
items-center rounded-full border px-2.5 py-0.5 text-xs 
font-semibold transition-colors focus:outline-none 
focus:ring-2 focus:ring-ring focus:ring-offset-2 
text-primary-foreground hover:bg-primary/80 bg-green-600"[39m
                  [36m>[39m
                    [36m<svg[39m
                      [33mclass[39m=[32m"lucide 
lucide-check-circle2 h-3 w-3 mr-1"[39m
                      [33mfill[39m=[32m"none"[39m
                      [33mheight[39m=[32m"24"[39m
                      
[33mstroke[39m=[32m"currentColor"[39m
                      
[33mstroke-linecap[39m=[32m"round"[39m
                      
[33mstroke-linejoin[39m=[32m"round"[39m
                      [33mstroke-width[39m=[32m"2"[39m
                      [33mviewBox[39m=[32m"0 0 24 24"[39m
                      [33mwidth[39m=[32m"24"[39m
                      
[33mxmlns[39m=[32m"http://www.w3.org/2000/svg"[39m
                    [36m>[39m
                      [36m<circle[39m
                        [33mcx[39m=[32m"12"[39m
                        [33mcy[39m=[32m"12"[39m
                        [33mr[39m=[32m"10"[39m
                      [36m/>[39m
                      [36m<path[39m
                        [33md[39m=[32m"m9 12 2 2 4-4"[39m
                      [36m/>[39m
                    [36m</svg>[39m
                    [0mCurrent[0m
                  [36m</div>[39m
                [36m</div>[39m
                [36m<div[39m
                  [33mclass[39m=[32m"grid grid-cols-2 
gap-4 text-sm"[39m
                [36m>[39m
                  [36m<div>[39m
                    [36m<span[39m
                      
[33mclass[39m=[32m"font-semibold"[39m
                    [36m>[39m
                      [0mCode:[0m
                    [36m</span>[39m
                    [0m [0m
                  [36m</div>[39m
                  [36m<div>[39m
                    [36m<span[39m
                      
[33mclass[39m=[32m"font-semibold"[39m
                    [36m>[39m
                      [0mCategory:[0m
                    [36m</span>[39m
                    [0m [0m
                    [0mN/A[0m
                  [36m</div>[39m
                  [36m<div[39m
                    [33mclass[39m=[32m"col-span-2"[39m
                  [36m>[39m
                    [36m<span[39m
                      
[33mclass[39m=[32m"font-semibold"[39m
                    [36m>[39m
                      [0mDescription:[0m
                    [36m</span>[39m
                    [0m [0m
                  [36m</div>[39m
                [36m</div>[39m
                [36m<div[39m
                  [33mclass[39m=[32m"flex items-center 
gap-4 mt-3 text-xs text-gray-500"[39m
                [36m>[39m
                  [36m<span[39m
                    [33mclass[39m=[32m"flex items-center 
gap-1"[39m
                  [36m>[39m
                    [36m<svg[39m
                      [33mclass[39m=[32m"lucide 
lucide-clock h-3 w-3"[39m
                      [33mfill[39m=[32m"none"[39m
         ...

Ignored nodes: comments, script, style
[36m<html[39m
  [33mclass[39m=[32m"light"[39m
[36m>[39m
  [36m<head />[39m
  [36m<body>[39m
    [36m<div>[39m
      [36m<div[39m
        [33mclass[39m=[32m"space-y-6"[39m
      [36m>[39m
        [36m<div[39m
          [33mclass[39m=[32m"flex items-center 
justify-between"[39m
        [36m>[39m
          [36m<div[39m
            [33mclass[39m=[32m"flex items-center 
gap-4"[39m
          [36m>[39m
            [36m<button[39m
              [33mclass[39m=[32m"inline-flex items-center 
justify-center whitespace-nowrap rounded-md text-sm 
font-medium ring-offset-background transition-colors 
focus-visible:outline-none focus-visible:ring-2 
focus-visible:ring-ring focus-visible:ring-offset-2 
disabled:pointer-events-none disabled:opacity-50 
hover:bg-accent hover:text-accent-foreground h-10 px-4 
py-2"[39m
            [36m>[39m
              [36m<svg[39m
                [33mclass[39m=[32m"lucide 
lucide-arrow-left h-4 w-4 mr-2"[39m
                [33mfill[39m=[32m"none"[39m
                [33mheight[39m=[32m"24"[39m
                [33mstroke[39m=[32m"currentColor"[39m
                [33mstroke-linecap[39m=[32m"round"[39m
                [33mstroke-linejoin[39m=[32m"round"[39m
                [33mstroke-width[39m=[32m"2"[39m
                [33mviewBox[39m=[32m"0 0 24 24"[39m
                [33mwidth[39m=[32m"24"[39m
                
[33mxmlns[39m=[32m"http://www.w3.org/2000/svg"[39m
              [36m>[39m
                [36m<path[39m
                  [33md[39m=[32m"m12 19-7-7 7-7"[39m
                [36m/>[39m
                [36m<path[39m
                  [33md[39m=[32m"M19 12H5"[39m
                [36m/>[39m
              [36m</svg>[39m
              [0mBack[0m
            [36m</button>[39m
            [36m<div>[39m
              [36m<h1[39m
                [33mclass[39m=[32m"text-3xl font-bold"[39m
              [36m>[39m
                [0mVersion History[0m
              [36m</h1>[39m
              [36m<p[39m
                
[33mclass[39m=[32m"text-muted-foreground"[39m
              [36m>[39m
                [0m3[0m
                [0m version[0m
                [0ms[0m
                [0m ΓÇó Current: v[0m
                [0m3[0m
              [36m</p>[39m
            [36m</div>[39m
          [36m</div>[39m
        [36m</div>[39m
        [36m<div[39m
          [33mclass[39m=[32m"space-y-4"[39m
        [36m>[39m
          [36m<div[39m
            [33mclass[39m=[32m"rounded-lg bg-card 
text-card-foreground shadow-sm cursor-pointer transition-all 
border-green-500 border-2"[39m
          [36m>[39m
            [36m<div[39m
              [33mclass[39m=[32m"p-4"[39m
            [36m>[39m
              [36m<div[39m
                [33mclass[39m=[32m"flex items-start 
justify-between"[39m
              [36m>[39m
                [36m<div[39m
                  [33mclass[39m=[32m"flex-1"[39m
                [36m>[39m
                  [36m<div[39m
                    [33mclass[39m=[32m"flex items-center 
gap-2 mb-2"[39m
                  [36m>[39m
                    [36m<div[39m
                      [33mclass[39m=[32m"inline-flex 
items-center rounded-full px-2.5 py-0.5 text-xs font-semibold 
transition-colors focus:outline-none focus:ring-2 
focus:ring-ring focus:ring-offset-2 text-foreground border 
border-input font-mono"[39m
                    [36m>[39m
                      [0mv[0m
                      [0m3[0m
                    [36m</div>[39m
                    [36m<div[39m
                      [33mclass[39m=[32m"inline-flex 
items-center rounded-full border px-2.5 py-0.5 text-xs 
font-semibold transition-colors focus:outline-none 
focus:ring-2 focus:ring-ring focus:ring-offset-2 
hover:bg-primary/80 bg-blue-100 text-blue-800"[39m
                    [36m>[39m
                      [0mUPDATE[0m
                    [36m</div>[39m
                    [36m<div[39m
                      [33mclass[39m=[32m"inline-flex 
items-center rounded-full border px-2.5 py-0.5 text-xs 
font-semibold transition-colors focus:outline-none 
focus:ring-2 focus:ring-ring focus:ring-offset-2 
text-primary-foreground hover:bg-primary/80 bg-green-600"[39m
                    [36m>[39m
                      [36m<svg[39m
                        [33mclass[39m=[32m"lucide 
lucide-check-circle2 h-3 w-3 mr-1"[39m
                        [33mfill[39m=[32m"none"[39m
                        [33mheight[39m=[32m"24"[39m
                        
[33mstroke[39m=[32m"currentColor"[39m
                        
[33mstroke-linecap[39m=[32m"round"[39m
                        
[33mstroke-linejoin[39m=[32m"round"[39m
                        [33mstroke-width[39m=[32m"2"[39m
                        [33mviewBox[39m=[32m"0 0 24 
24"[39m
                        [33mwidth[39m=[32m"24"[39m
                        
[33mxmlns[39m=[32m"http://www.w3.org/2000/svg"[39m
                      [36m>[39m
                        [36m<circle[39m
                          [33mcx[39m=[32m"12"[39m
                          [33mcy[39m=[32m"12"[39m
                          [33mr[39m=[32m"10"[39m
                        [36m/>[39m
                        [36m<path[39m
                          [33md[39m=[32m"m9 12 2 2 
4-4"[39m
                        [36m/>[39m
                      [36m</svg>[39m
                      [0mCurrent[0m
                    [36m</div>[39m
                  [36m</div>[39m
                  [36m<div[39m
                    [33mclass[39m=[32m"grid grid-cols-2 
gap-4 text-sm"[39m
                  [36m>[39m
                    [36m<div>[39m
                      [36m<span[39m
                        
[33mclass[39m=[32m"font-semibold"[39m
                      [36m>[39m
                        [0mCode:[0m
                      [36m</span>[39m
                      [0m [0m
                    [36m</div>[39m
                    [36m<div>[39m
                      [36m<span[39m
                        
[33mclass[39m=[32m"font-semibold"[39m
                      [36m>[39m
                        [0mCategory:[0m
                      [36m</span>[39m
                      [0m [0m
                      [0mN/A[0m
                    [36m</div>[39m
                    [36m<div[39m
                      [33mclass[39m=[32m"col-span-2"[39m
                    [36m>[39m
                      [36m<span[39m
                        
[33mclass[39m=[32m"font-semibold"[39m
                      [36m>[39m
                        [0mDescription:[0m
                      [36m</span>[39m
                      [0m [0m
                    [36m</div>[39m
                  [36m</div>[39m
                  [36m<div[39m
                    [33mclass[39m=[32m"flex items-center 
gap-4 mt-3...
[90m [2mΓ¥»[22m Proxy.waitForWrapper node_modules/@testing-
library/dom/dist/wait-for.js:[2m163:27[22m[39m
[36m [2mΓ¥»[22m 
src/__tests__/VersionHistoryPage.test.tsx:[2m110:11[22m[39m
    [90m108| [39m    [34mrender[39m([33m<[39m[33mMocked
VersionHistoryPage[39m [33m/[39m[33m>[39m)[33m;[39m
    [90m109| [39m
    [90m110| [39m    [35mawait[39m [34mwaitFor[39m(() 
[33m=>[39m {
    [90m   | [39m          [31m^[39m
    [90m111| [39m      [34mexpect[39m(screen[33m.[39m[3
4mgetByText[39m([32m'Version History'[39m))[33m.[39m[34m
toBeInTheDocument[39m()[33m;[39m
    [90m112| [39m      [34mexpect[39m(screen[33m.[39m[3
4mgetByText[39m([36m/Version 
3/i[39m))[33m.[39m[34mtoBeInTheDocument[39m()[33m;[39m

[31m[2mΓÄ»ΓÄ»ΓÄ»ΓÄ»ΓÄ»ΓÄ»ΓÄ»ΓÄ»ΓÄ»ΓÄ»ΓÄ»ΓÄ»ΓÄ»ΓÄ»ΓÄ»ΓÄ»ΓÄ»ΓÄ
»ΓÄ»ΓÄ»ΓÄ»ΓÄ»ΓÄ»[5/14]ΓÄ»[22m[39m

[41m[1m FAIL [22m[49m 
src/__tests__/VersionHistoryPage.test.tsx[2m > 
[22mVersionHistoryPage[2m > [22mdisplays change type badges
[31m[1mTestingLibraryElementError[22m[39m: Found multiple 
elements with the text: UPDATE

Here are the matching elements:

Ignored nodes: comments, script, style
[36m<div[39m
  [33mclass[39m=[32m"inline-flex items-center rounded-full 
border px-2.5 py-0.5 text-xs font-semibold transition-colors 
focus:outline-none focus:ring-2 focus:ring-ring 
focus:ring-offset-2 hover:bg-primary/80 bg-blue-100 
text-blue-800"[39m
[36m>[39m
  [0mUPDATE[0m
[36m</div>[39m

Ignored nodes: comments, script, style
[36m<div[39m
  [33mclass[39m=[32m"inline-flex items-center rounded-full 
border px-2.5 py-0.5 text-xs font-semibold transition-colors 
focus:outline-none focus:ring-2 focus:ring-ring 
focus:ring-offset-2 hover:bg-primary/80 bg-blue-100 
text-blue-800"[39m
[36m>[39m
  [0mUPDATE[0m
[36m</div>[39m

(If this is intentional, then use the `*AllBy*` variant of 
the query (like `queryAllByText`, `getAllByText`, or 
`findAllByText`)).

Ignored nodes: comments, script, style
[36m<body>[39m
  [36m<div>[39m
    [36m<div[39m
      [33mclass[39m=[32m"space-y-6"[39m
    [36m>[39m
      [36m<div[39m
        [33mclass[39m=[32m"flex items-center 
justify-between"[39m
      [36m>[39m
        [36m<div[39m
          [33mclass[39m=[32m"flex items-center gap-4"[39m
        [36m>[39m
          [36m<button[39m
            [33mclass[39m=[32m"inline-flex items-center 
justify-center whitespace-nowrap rounded-md text-sm 
font-medium ring-offset-background transition-colors 
focus-visible:outline-none focus-visible:ring-2 
focus-visible:ring-ring focus-visible:ring-offset-2 
disabled:pointer-events-none disabled:opacity-50 
hover:bg-accent hover:text-accent-foreground h-10 px-4 
py-2"[39m
          [36m>[39m
            [36m<svg[39m
              [33mclass[39m=[32m"lucide lucide-arrow-left 
h-4 w-4 mr-2"[39m
              [33mfill[39m=[32m"none"[39m
              [33mheight[39m=[32m"24"[39m
              [33mstroke[39m=[32m"currentColor"[39m
              [33mstroke-linecap[39m=[32m"round"[39m
              [33mstroke-linejoin[39m=[32m"round"[39m
              [33mstroke-width[39m=[32m"2"[39m
              [33mviewBox[39m=[32m"0 0 24 24"[39m
              [33mwidth[39m=[32m"24"[39m
              
[33mxmlns[39m=[32m"http://www.w3.org/2000/svg"[39m
            [36m>[39m
              [36m<path[39m
                [33md[39m=[32m"m12 19-7-7 7-7"[39m
              [36m/>[39m
              [36m<path[39m
                [33md[39m=[32m"M19 12H5"[39m
              [36m/>[39m
            [36m</svg>[39m
            [0mBack[0m
          [36m</button>[39m
          [36m<div>[39m
            [36m<h1[39m
              [33mclass[39m=[32m"text-3xl font-bold"[39m
            [36m>[39m
              [0mVersion History[0m
            [36m</h1>[39m
            [36m<p[39m
              
[33mclass[39m=[32m"text-muted-foreground"[39m
            [36m>[39m
              [0m3[0m
              [0m version[0m
              [0ms[0m
              [0m ΓÇó Current: v[0m
              [0m3[0m
            [36m</p>[39m
          [36m</div>[39m
        [36m</div>[39m
      [36m</div>[39m
      [36m<div[39m
        [33mclass[39m=[32m"space-y-4"[39m
      [36m>[39m
        [36m<div[39m
          [33mclass[39m=[32m"rounded-lg bg-card 
text-card-foreground shadow-sm cursor-pointer transition-all 
border-green-500 border-2"[39m
        [36m>[39m
          [36m<div[39m
            [33mclass[39m=[32m"p-4"[39m
          [36m>[39m
            [36m<div[39m
              [33mclass[39m=[32m"flex items-start 
justify-between"[39m
            [36m>[39m
              [36m<div[39m
                [33mclass[39m=[32m"flex-1"[39m
              [36m>[39m
                [36m<div[39m
                  [33mclass[39m=[32m"flex items-center 
gap-2 mb-2"[39m
                [36m>[39m
                  [36m<div[39m
                    [33mclass[39m=[32m"inline-flex 
items-center rounded-full px-2.5 py-0.5 text-xs font-semibold 
transition-colors focus:outline-none focus:ring-2 
focus:ring-ring focus:ring-offset-2 text-foreground border 
border-input font-mono"[39m
                  [36m>[39m
                    [0mv[0m
                    [0m3[0m
                  [36m</div>[39m
                  [36m<div[39m
                    [33mclass[39m=[32m"inline-flex 
items-center rounded-full border px-2.5 py-0.5 text-xs 
font-semibold transition-colors focus:outline-none 
focus:ring-2 focus:ring-ring focus:ring-offset-2 
hover:bg-primary/80 bg-blue-100 text-blue-800"[39m
                  [36m>[39m
                    [0mUPDATE[0m
                  [36m</div>[39m
                  [36m<div[39m
                    [33mclass[39m=[32m"inline-flex 
items-center rounded-full border px-2.5 py-0.5 text-xs 
font-semibold transition-colors focus:outline-none 
focus:ring-2 focus:ring-ring focus:ring-offset-2 
text-primary-foreground hover:bg-primary/80 bg-green-600"[39m
                  [36m>[39m
                    [36m<svg[39m
                      [33mclass[39m=[32m"lucide 
lucide-check-circle2 h-3 w-3 mr-1"[39m
                      [33mfill[39m=[32m"none"[39m
                      [33mheight[39m=[32m"24"[39m
                      
[33mstroke[39m=[32m"currentColor"[39m
                      
[33mstroke-linecap[39m=[32m"round"[39m
                      
[33mstroke-linejoin[39m=[32m"round"[39m
                      [33mstroke-width[39m=[32m"2"[39m
                      [33mviewBox[39m=[32m"0 0 24 24"[39m
                      [33mwidth[39m=[32m"24"[39m
                      
[33mxmlns[39m=[32m"http://www.w3.org/2000/svg"[39m
                    [36m>[39m
                      [36m<circle[39m
                        [33mcx[39m=[32m"12"[39m
                        [33mcy[39m=[32m"12"[39m
                        [33mr[39m=[32m"10"[39m
                      [36m/>[39m
                      [36m<path[39m
                        [33md[39m=[32m"m9 12 2 2 4-4"[39m
                      [36m/>[39m
                    [36m</svg>[39m
                    [0mCurrent[0m
                  [36m</div>[39m
                [36m</div>[39m
                [36m<div[39m
                  [33mclass[39m=[32m"grid grid-cols-2 
gap-4 text-sm"[39m
                [36m>[39m
                  [36m<div>[39m
                    [36m<span[39m
                      
[33mclass[39m=[32m"font-semibold"[39m
                    [36m>[39m
                      [0mCode:[0m
                    [36m</span>[39m
                    [0m [0m
                  [36m</div>[39m
                  [36m<div>[39m
                    [36m<span[39m
                      
[33mclass[39m=[32m"font-semibold"[39m
                    [36m>[39m
                      [0mCategory:[0m
                    [36m</span>[39m
                    [0m [0m
                    [0mN/A[0m
                  [36m</div>[39m
                  [36m<div[39m
                    [33mclass[39m=[32m"col-span-2"[39m
                  [36m>[39m
                    [36m<span[39m
                      
[33mclass[39m=[32m"font-semibold"[39m
                    [36m>[39m
                      [0mDescription:[0m
                    [36m</span>[39m
                    [0m [0m
                  [36m</div>[39m
                [36m</div>[39m
                [36m<div[39m
                  [33mclass[39m=[32m"flex items-center 
gap-4 mt-3 text-xs text-gray-500"[39m
                [36m>[39m
                  [36m<span[39m
                    [33mclass[39m=[32m"flex items-center 
gap-1"[39m
                  [36m>[39m
                    [36m<svg[39m
                      [33mclass[39m=[32m"lucide 
lucide-clock h-3 w-3"[39m
                      [33mfill[39m=[32m"none"[39m
         ...

Ignored nodes: comments, script, style
[36m<html[39m
  [33mclass[39m=[32m"light"[39m
[36m>[39m
  [36m<head />[39m
  [36m<body>[39m
    [36m<div>[39m
      [36m<div[39m
        [33mclass[39m=[32m"space-y-6"[39m
      [36m>[39m
        [36m<div[39m
          [33mclass[39m=[32m"flex items-center 
justify-between"[39m
        [36m>[39m
          [36m<div[39m
            [33mclass[39m=[32m"flex items-center 
gap-4"[39m
          [36m>[39m
            [36m<button[39m
              [33mclass[39m=[32m"inline-flex items-center 
justify-center whitespace-nowrap rounded-md text-sm 
font-medium ring-offset-background transition-colors 
focus-visible:outline-none focus-visible:ring-2 
focus-visible:ring-ring focus-visible:ring-offset-2 
disabled:pointer-events-none disabled:opacity-50 
hover:bg-accent hover:text-accent-foreground h-10 px-4 
py-2"[39m
            [36m>[39m
              [36m<svg[39m
                [33mclass[39m=[32m"lucide 
lucide-arrow-left h-4 w-4 mr-2"[39m
                [33mfill[39m=[32m"none"[39m
                [33mheight[39m=[32m"24"[39m
                [33mstroke[39m=[32m"currentColor"[39m
                [33mstroke-linecap[39m=[32m"round"[39m
                [33mstroke-linejoin[39m=[32m"round"[39m
                [33mstroke-width[39m=[32m"2"[39m
                [33mviewBox[39m=[32m"0 0 24 24"[39m
                [33mwidth[39m=[32m"24"[39m
                
[33mxmlns[39m=[32m"http://www.w3.org/2000/svg"[39m
              [36m>[39m
                [36m<path[39m
                  [33md[39m=[32m"m12 19-7-7 7-7"[39m
                [36m/>[39m
                [36m<path[39m
                  [33md[39m=[32m"M19 12H5"[39m
                [36m/>[39m
              [36m</svg>[39m
              [0mBack[0m
            [36m</button>[39m
            [36m<div>[39m
              [36m<h1[39m
                [33mclass[39m=[32m"text-3xl font-bold"[39m
              [36m>[39m
                [0mVersion History[0m
              [36m</h1>[39m
              [36m<p[39m
                
[33mclass[39m=[32m"text-muted-foreground"[39m
              [36m>[39m
                [0m3[0m
                [0m version[0m
                [0ms[0m
                [0m ΓÇó Current: v[0m
                [0m3[0m
              [36m</p>[39m
            [36m</div>[39m
          [36m</div>[39m
        [36m</div>[39m
        [36m<div[39m
          [33mclass[39m=[32m"space-y-4"[39m
        [36m>[39m
          [36m<div[39m
            [33mclass[39m=[32m"rounded-lg bg-card 
text-card-foreground shadow-sm cursor-pointer transition-all 
border-green-500 border-2"[39m
          [36m>[39m
            [36m<div[39m
              [33mclass[39m=[32m"p-4"[39m
            [36m>[39m
              [36m<div[39m
                [33mclass[39m=[32m"flex items-start 
justify-between"[39m
              [36m>[39m
                [36m<div[39m
                  [33mclass[39m=[32m"flex-1"[39m
                [36m>[39m
                  [36m<div[39m
                    [33mclass[39m=[32m"flex items-center 
gap-2 mb-2"[39m
                  [36m>[39m
                    [36m<div[39m
                      [33mclass[39m=[32m"inline-flex 
items-center rounded-full px-2.5 py-0.5 text-xs font-semibold 
transition-colors focus:outline-none focus:ring-2 
focus:ring-ring focus:ring-offset-2 text-foreground border 
border-input font-mono"[39m
                    [36m>[39m
                      [0mv[0m
                      [0m3[0m
                    [36m</div>[39m
                    [36m<div[39m
                      [33mclass[39m=[32m"inline-flex 
items-center rounded-full border px-2.5 py-0.5 text-xs 
font-semibold transition-colors focus:outline-none 
focus:ring-2 focus:ring-ring focus:ring-offset-2 
hover:bg-primary/80 bg-blue-100 text-blue-800"[39m
                    [36m>[39m
                      [0mUPDATE[0m
                    [36m</div>[39m
                    [36m<div[39m
                      [33mclass[39m=[32m"inline-flex 
items-center rounded-full border px-2.5 py-0.5 text-xs 
font-semibold transition-colors focus:outline-none 
focus:ring-2 focus:ring-ring focus:ring-offset-2 
text-primary-foreground hover:bg-primary/80 bg-green-600"[39m
                    [36m>[39m
                      [36m<svg[39m
                        [33mclass[39m=[32m"lucide 
lucide-check-circle2 h-3 w-3 mr-1"[39m
                        [33mfill[39m=[32m"none"[39m
                        [33mheight[39m=[32m"24"[39m
                        
[33mstroke[39m=[32m"currentColor"[39m
                        
[33mstroke-linecap[39m=[32m"round"[39m
                        
[33mstroke-linejoin[39m=[32m"round"[39m
                        [33mstroke-width[39m=[32m"2"[39m
                        [33mviewBox[39m=[32m"0 0 24 
24"[39m
                        [33mwidth[39m=[32m"24"[39m
                        
[33mxmlns[39m=[32m"http://www.w3.org/2000/svg"[39m
                      [36m>[39m
                        [36m<circle[39m
                          [33mcx[39m=[32m"12"[39m
                          [33mcy[39m=[32m"12"[39m
                          [33mr[39m=[32m"10"[39m
                        [36m/>[39m
                        [36m<path[39m
                          [33md[39m=[32m"m9 12 2 2 
4-4"[39m
                        [36m/>[39m
                      [36m</svg>[39m
                      [0mCurrent[0m
                    [36m</div>[39m
                  [36m</div>[39m
                  [36m<div[39m
                    [33mclass[39m=[32m"grid grid-cols-2 
gap-4 text-sm"[39m
                  [36m>[39m
                    [36m<div>[39m
                      [36m<span[39m
                        
[33mclass[39m=[32m"font-semibold"[39m
                      [36m>[39m
                        [0mCode:[0m
                      [36m</span>[39m
                      [0m [0m
                    [36m</div>[39m
                    [36m<div>[39m
                      [36m<span[39m
                        
[33mclass[39m=[32m"font-semibold"[39m
                      [36m>[39m
                        [0mCategory:[0m
                      [36m</span>[39m
                      [0m [0m
                      [0mN/A[0m
                    [36m</div>[39m
                    [36m<div[39m
                      [33mclass[39m=[32m"col-span-2"[39m
                    [36m>[39m
                      [36m<span[39m
                        
[33mclass[39m=[32m"font-semibold"[39m
                      [36m>[39m
                        [0mDescription:[0m
                      [36m</span>[39m
                      [0m [0m
                    [36m</div>[39m
                  [36m</div>[39m
                  [36m<div[39m
                    [33mclass[39m=[32m"flex items-center 
gap-4 mt-3...
[90m [2mΓ¥»[22m Proxy.waitForWrapper node_modules/@testing-
library/dom/dist/wait-for.js:[2m163:27[22m[39m
[36m [2mΓ¥»[22m 
src/__tests__/VersionHistoryPage.test.tsx:[2m121:11[22m[39m
    [90m119| [39m    [34mrender[39m([33m<[39m[33mMocked
VersionHistoryPage[39m [33m/[39m[33m>[39m)[33m;[39m
    [90m120| [39m
    [90m121| [39m    [35mawait[39m [34mwaitFor[39m(() 
[33m=>[39m {
    [90m   | [39m          [31m^[39m
    [90m122| [39m      [34mexpect[39m(screen[33m.[39m[3
4mgetByText[39m([32m'UPDATE'[39m))[33m.[39m[34mtoBeInThe
Document[39m()[33m;[39m
    [90m123| [39m      [34mexpect[39m(screen[33m.[39m[3
4mgetByText[39m([32m'CREATE'[39m))[33m.[39m[34mtoBeInThe
Document[39m()[33m;[39m

[31m[2mΓÄ»ΓÄ»ΓÄ»ΓÄ»ΓÄ»ΓÄ»ΓÄ»ΓÄ»ΓÄ»ΓÄ»ΓÄ»ΓÄ»ΓÄ»ΓÄ»ΓÄ»ΓÄ»ΓÄ»ΓÄ
»ΓÄ»ΓÄ»ΓÄ»ΓÄ»ΓÄ»[6/14]ΓÄ»[22m[39m

[41m[1m FAIL [22m[49m 
src/__tests__/VersionHistoryPage.test.tsx[2m > 
[22mVersionHistoryPage[2m > [22mshows version comments
[31m[1mTestingLibraryElementError[22m[39m: Unable to find 
an element with the text: Updated description. This could be 
because the text is broken up by multiple elements. In this 
case, you can provide a function for your text matcher to 
make your matcher more flexible.

Ignored nodes: comments, script, style
[36m<body>[39m
  [36m<div>[39m
    [36m<div[39m
      [33mclass[39m=[32m"space-y-6"[39m
    [36m>[39m
      [36m<div[39m
        [33mclass[39m=[32m"flex items-center 
justify-between"[39m
      [36m>[39m
        [36m<div[39m
          [33mclass[39m=[32m"flex items-center gap-4"[39m
        [36m>[39m
          [36m<button[39m
            [33mclass[39m=[32m"inline-flex items-center 
justify-center whitespace-nowrap rounded-md text-sm 
font-medium ring-offset-background transition-colors 
focus-visible:outline-none focus-visible:ring-2 
focus-visible:ring-ring focus-visible:ring-offset-2 
disabled:pointer-events-none disabled:opacity-50 
hover:bg-accent hover:text-accent-foreground h-10 px-4 
py-2"[39m
          [36m>[39m
            [36m<svg[39m
              [33mclass[39m=[32m"lucide lucide-arrow-left 
h-4 w-4 mr-2"[39m
              [33mfill[39m=[32m"none"[39m
              [33mheight[39m=[32m"24"[39m
              [33mstroke[39m=[32m"currentColor"[39m
              [33mstroke-linecap[39m=[32m"round"[39m
              [33mstroke-linejoin[39m=[32m"round"[39m
              [33mstroke-width[39m=[32m"2"[39m
              [33mviewBox[39m=[32m"0 0 24 24"[39m
              [33mwidth[39m=[32m"24"[39m
              
[33mxmlns[39m=[32m"http://www.w3.org/2000/svg"[39m
            [36m>[39m
              [36m<path[39m
                [33md[39m=[32m"m12 19-7-7 7-7"[39m
              [36m/>[39m
              [36m<path[39m
                [33md[39m=[32m"M19 12H5"[39m
              [36m/>[39m
            [36m</svg>[39m
            [0mBack[0m
          [36m</button>[39m
          [36m<div>[39m
            [36m<h1[39m
              [33mclass[39m=[32m"text-3xl font-bold"[39m
            [36m>[39m
              [0mVersion History[0m
            [36m</h1>[39m
            [36m<p[39m
              
[33mclass[39m=[32m"text-muted-foreground"[39m
            [36m>[39m
              [0m3[0m
              [0m version[0m
              [0ms[0m
              [0m ΓÇó Current: v[0m
              [0m3[0m
            [36m</p>[39m
          [36m</div>[39m
        [36m</div>[39m
      [36m</div>[39m
      [36m<div[39m
        [33mclass[39m=[32m"space-y-4"[39m
      [36m>[39m
        [36m<div[39m
          [33mclass[39m=[32m"rounded-lg bg-card 
text-card-foreground shadow-sm cursor-pointer transition-all 
border-green-500 border-2"[39m
        [36m>[39m
          [36m<div[39m
            [33mclass[39m=[32m"p-4"[39m
          [36m>[39m
            [36m<div[39m
              [33mclass[39m=[32m"flex items-start 
justify-between"[39m
            [36m>[39m
              [36m<div[39m
                [33mclass[39m=[32m"flex-1"[39m
              [36m>[39m
                [36m<div[39m
                  [33mclass[39m=[32m"flex items-center 
gap-2 mb-2"[39m
                [36m>[39m
                  [36m<div[39m
                    [33mclass[39m=[32m"inline-flex 
items-center rounded-full px-2.5 py-0.5 text-xs font-semibold 
transition-colors focus:outline-none focus:ring-2 
focus:ring-ring focus:ring-offset-2 text-foreground border 
border-input font-mono"[39m
                  [36m>[39m
                    [0mv[0m
                    [0m3[0m
                  [36m</div>[39m
                  [36m<div[39m
                    [33mclass[39m=[32m"inline-flex 
items-center rounded-full border px-2.5 py-0.5 text-xs 
font-semibold transition-colors focus:outline-none 
focus:ring-2 focus:ring-ring focus:ring-offset-2 
hover:bg-primary/80 bg-blue-100 text-blue-800"[39m
                  [36m>[39m
                    [0mUPDATE[0m
                  [36m</div>[39m
                  [36m<div[39m
                    [33mclass[39m=[32m"inline-flex 
items-center rounded-full border px-2.5 py-0.5 text-xs 
font-semibold transition-colors focus:outline-none 
focus:ring-2 focus:ring-ring focus:ring-offset-2 
text-primary-foreground hover:bg-primary/80 bg-green-600"[39m
                  [36m>[39m
                    [36m<svg[39m
                      [33mclass[39m=[32m"lucide 
lucide-check-circle2 h-3 w-3 mr-1"[39m
                      [33mfill[39m=[32m"none"[39m
                      [33mheight[39m=[32m"24"[39m
                      
[33mstroke[39m=[32m"currentColor"[39m
                      
[33mstroke-linecap[39m=[32m"round"[39m
                      
[33mstroke-linejoin[39m=[32m"round"[39m
                      [33mstroke-width[39m=[32m"2"[39m
                      [33mviewBox[39m=[32m"0 0 24 24"[39m
                      [33mwidth[39m=[32m"24"[39m
                      
[33mxmlns[39m=[32m"http://www.w3.org/2000/svg"[39m
                    [36m>[39m
                      [36m<circle[39m
                        [33mcx[39m=[32m"12"[39m
                        [33mcy[39m=[32m"12"[39m
                        [33mr[39m=[32m"10"[39m
                      [36m/>[39m
                      [36m<path[39m
                        [33md[39m=[32m"m9 12 2 2 4-4"[39m
                      [36m/>[39m
                    [36m</svg>[39m
                    [0mCurrent[0m
                  [36m</div>[39m
                [36m</div>[39m
                [36m<div[39m
                  [33mclass[39m=[32m"grid grid-cols-2 
gap-4 text-sm"[39m
                [36m>[39m
                  [36m<div>[39m
                    [36m<span[39m
                      
[33mclass[39m=[32m"font-semibold"[39m
                    [36m>[39m
                      [0mCode:[0m
                    [36m</span>[39m
                    [0m [0m
                  [36m</div>[39m
                  [36m<div>[39m
                    [36m<span[39m
                      
[33mclass[39m=[32m"font-semibold"[39m
                    [36m>[39m
                      [0mCategory:[0m
                    [36m</span>[39m
                    [0m [0m
                    [0mN/A[0m
                  [36m</div>[39m
                  [36m<div[39m
                    [33mclass[39m=[32m"col-span-2"[39m
                  [36m>[39m
                    [36m<span[39m
                      
[33mclass[39m=[32m"font-semibold"[39m
                    [36m>[39m
                      [0mDescription:[0m
                    [36m</span>[39m
                    [0m [0m
                  [36m</div>[39m
                [36m</div>[39m
                [36m<div[39m
                  [33mclass[39m=[32m"flex items-center 
gap-4 mt-3 text-xs text-gray-500"[39m
                [36m>[39m
                  [36m<span[39m
                    [33mclass[39m=[32m"flex items-center 
gap-1"[39m
                  [36m>[39m
                    [36m<svg[39m
                      [33mclass[39m=[32m"lucide 
lucide-clock h-3 w-3"[39m
                      [33mfill[39m=[32m"none"[39m
         ...

Ignored nodes: comments, script, style
[36m<html[39m
  [33mclass[39m=[32m"light"[39m
[36m>[39m
  [36m<head />[39m
  [36m<body>[39m
    [36m<div>[39m
      [36m<div[39m
        [33mclass[39m=[32m"space-y-6"[39m
      [36m>[39m
        [36m<div[39m
          [33mclass[39m=[32m"flex items-center 
justify-between"[39m
        [36m>[39m
          [36m<div[39m
            [33mclass[39m=[32m"flex items-center 
gap-4"[39m
          [36m>[39m
            [36m<button[39m
              [33mclass[39m=[32m"inline-flex items-center 
justify-center whitespace-nowrap rounded-md text-sm 
font-medium ring-offset-background transition-colors 
focus-visible:outline-none focus-visible:ring-2 
focus-visible:ring-ring focus-visible:ring-offset-2 
disabled:pointer-events-none disabled:opacity-50 
hover:bg-accent hover:text-accent-foreground h-10 px-4 
py-2"[39m
            [36m>[39m
              [36m<svg[39m
                [33mclass[39m=[32m"lucide 
lucide-arrow-left h-4 w-4 mr-2"[39m
                [33mfill[39m=[32m"none"[39m
                [33mheight[39m=[32m"24"[39m
                [33mstroke[39m=[32m"currentColor"[39m
                [33mstroke-linecap[39m=[32m"round"[39m
                [33mstroke-linejoin[39m=[32m"round"[39m
                [33mstroke-width[39m=[32m"2"[39m
                [33mviewBox[39m=[32m"0 0 24 24"[39m
                [33mwidth[39m=[32m"24"[39m
                
[33mxmlns[39m=[32m"http://www.w3.org/2000/svg"[39m
              [36m>[39m
                [36m<path[39m
                  [33md[39m=[32m"m12 19-7-7 7-7"[39m
                [36m/>[39m
                [36m<path[39m
                  [33md[39m=[32m"M19 12H5"[39m
                [36m/>[39m
              [36m</svg>[39m
              [0mBack[0m
            [36m</button>[39m
            [36m<div>[39m
              [36m<h1[39m
                [33mclass[39m=[32m"text-3xl font-bold"[39m
              [36m>[39m
                [0mVersion History[0m
              [36m</h1>[39m
              [36m<p[39m
                
[33mclass[39m=[32m"text-muted-foreground"[39m
              [36m>[39m
                [0m3[0m
                [0m version[0m
                [0ms[0m
                [0m ΓÇó Current: v[0m
                [0m3[0m
              [36m</p>[39m
            [36m</div>[39m
          [36m</div>[39m
        [36m</div>[39m
        [36m<div[39m
          [33mclass[39m=[32m"space-y-4"[39m
        [36m>[39m
          [36m<div[39m
            [33mclass[39m=[32m"rounded-lg bg-card 
text-card-foreground shadow-sm cursor-pointer transition-all 
border-green-500 border-2"[39m
          [36m>[39m
            [36m<div[39m
              [33mclass[39m=[32m"p-4"[39m
            [36m>[39m
              [36m<div[39m
                [33mclass[39m=[32m"flex items-start 
justify-between"[39m
              [36m>[39m
                [36m<div[39m
                  [33mclass[39m=[32m"flex-1"[39m
                [36m>[39m
                  [36m<div[39m
                    [33mclass[39m=[32m"flex items-center 
gap-2 mb-2"[39m
                  [36m>[39m
                    [36m<div[39m
                      [33mclass[39m=[32m"inline-flex 
items-center rounded-full px-2.5 py-0.5 text-xs font-semibold 
transition-colors focus:outline-none focus:ring-2 
focus:ring-ring focus:ring-offset-2 text-foreground border 
border-input font-mono"[39m
                    [36m>[39m
                      [0mv[0m
                      [0m3[0m
                    [36m</div>[39m
                    [36m<div[39m
                      [33mclass[39m=[32m"inline-flex 
items-center rounded-full border px-2.5 py-0.5 text-xs 
font-semibold transition-colors focus:outline-none 
focus:ring-2 focus:ring-ring focus:ring-offset-2 
hover:bg-primary/80 bg-blue-100 text-blue-800"[39m
                    [36m>[39m
                      [0mUPDATE[0m
                    [36m</div>[39m
                    [36m<div[39m
                      [33mclass[39m=[32m"inline-flex 
items-center rounded-full border px-2.5 py-0.5 text-xs 
font-semibold transition-colors focus:outline-none 
focus:ring-2 focus:ring-ring focus:ring-offset-2 
text-primary-foreground hover:bg-primary/80 bg-green-600"[39m
                    [36m>[39m
                      [36m<svg[39m
                        [33mclass[39m=[32m"lucide 
lucide-check-circle2 h-3 w-3 mr-1"[39m
                        [33mfill[39m=[32m"none"[39m
                        [33mheight[39m=[32m"24"[39m
                        
[33mstroke[39m=[32m"currentColor"[39m
                        
[33mstroke-linecap[39m=[32m"round"[39m
                        
[33mstroke-linejoin[39m=[32m"round"[39m
                        [33mstroke-width[39m=[32m"2"[39m
                        [33mviewBox[39m=[32m"0 0 24 
24"[39m
                        [33mwidth[39m=[32m"24"[39m
                        
[33mxmlns[39m=[32m"http://www.w3.org/2000/svg"[39m
                      [36m>[39m
                        [36m<circle[39m
                          [33mcx[39m=[32m"12"[39m
                          [33mcy[39m=[32m"12"[39m
                          [33mr[39m=[32m"10"[39m
                        [36m/>[39m
                        [36m<path[39m
                          [33md[39m=[32m"m9 12 2 2 
4-4"[39m
                        [36m/>[39m
                      [36m</svg>[39m
                      [0mCurrent[0m
                    [36m</div>[39m
                  [36m</div>[39m
                  [36m<div[39m
                    [33mclass[39m=[32m"grid grid-cols-2 
gap-4 text-sm"[39m
                  [36m>[39m
                    [36m<div>[39m
                      [36m<span[39m
                        
[33mclass[39m=[32m"font-semibold"[39m
                      [36m>[39m
                        [0mCode:[0m
                      [36m</span>[39m
                      [0m [0m
                    [36m</div>[39m
                    [36m<div>[39m
                      [36m<span[39m
                        
[33mclass[39m=[32m"font-semibold"[39m
                      [36m>[39m
                        [0mCategory:[0m
                      [36m</span>[39m
                      [0m [0m
                      [0mN/A[0m
                    [36m</div>[39m
                    [36m<div[39m
                      [33mclass[39m=[32m"col-span-2"[39m
                    [36m>[39m
                      [36m<span[39m
                        
[33mclass[39m=[32m"font-semibold"[39m
                      [36m>[39m
                        [0mDescription:[0m
                      [36m</span>[39m
                      [0m [0m
                    [36m</div>[39m
                  [36m</div>[39m
                  [36m<div[39m
                    [33mclass[39m=[32m"flex items-center 
gap-4 mt-3...
[90m [2mΓ¥»[22m Proxy.waitForWrapper node_modules/@testing-
library/dom/dist/wait-for.js:[2m163:27[22m[39m
[36m [2mΓ¥»[22m 
src/__tests__/VersionHistoryPage.test.tsx:[2m130:11[22m[39m
    [90m128| [39m    [34mrender[39m([33m<[39m[33mMocked
VersionHistoryPage[39m [33m/[39m[33m>[39m)[33m;[39m
    [90m129| [39m
    [90m130| [39m    [35mawait[39m [34mwaitFor[39m(() 
[33m=>[39m {
    [90m   | [39m          [31m^[39m
    [90m131| [39m      expect(screen.getByText('Updated 
description')).toBeInTheDocumenΓÇª
    [90m132| [39m      [34mexpect[39m(screen[33m.[39m[3
4mgetByText[39m([32m'Changed severity'[39m))[33m.[39m[34
mtoBeInTheDocument[39m()[33m;[39m

[31m[2mΓÄ»ΓÄ»ΓÄ»ΓÄ»ΓÄ»ΓÄ»ΓÄ»ΓÄ»ΓÄ»ΓÄ»ΓÄ»ΓÄ»ΓÄ»ΓÄ»ΓÄ»ΓÄ»ΓÄ»ΓÄ
»ΓÄ»ΓÄ»ΓÄ»ΓÄ»ΓÄ»[7/14]ΓÄ»[22m[39m

[41m[1m FAIL [22m[49m 
src/__tests__/VersionHistoryPage.test.tsx[2m > 
[22mVersionHistoryPage[2m > [22mallows selecting versions 
for comparison
[31m[1mTestingLibraryElementError[22m[39m: Unable to find 
role="button" and name `/version/i`

Ignored nodes: comments, script, style
[36m<body>[39m
  [36m<div>[39m
    [36m<div[39m
      [33mclass[39m=[32m"space-y-6"[39m
    [36m>[39m
      [36m<div[39m
        [33mclass[39m=[32m"flex items-center 
justify-between"[39m
      [36m>[39m
        [36m<div[39m
          [33mclass[39m=[32m"flex items-center gap-4"[39m
        [36m>[39m
          [36m<button[39m
            [33mclass[39m=[32m"inline-flex items-center 
justify-center whitespace-nowrap rounded-md text-sm 
font-medium ring-offset-background transition-colors 
focus-visible:outline-none focus-visible:ring-2 
focus-visible:ring-ring focus-visible:ring-offset-2 
disabled:pointer-events-none disabled:opacity-50 
hover:bg-accent hover:text-accent-foreground h-10 px-4 
py-2"[39m
          [36m>[39m
            [36m<svg[39m
              [33mclass[39m=[32m"lucide lucide-arrow-left 
h-4 w-4 mr-2"[39m
              [33mfill[39m=[32m"none"[39m
              [33mheight[39m=[32m"24"[39m
              [33mstroke[39m=[32m"currentColor"[39m
              [33mstroke-linecap[39m=[32m"round"[39m
              [33mstroke-linejoin[39m=[32m"round"[39m
              [33mstroke-width[39m=[32m"2"[39m
              [33mviewBox[39m=[32m"0 0 24 24"[39m
              [33mwidth[39m=[32m"24"[39m
              
[33mxmlns[39m=[32m"http://www.w3.org/2000/svg"[39m
            [36m>[39m
              [36m<path[39m
                [33md[39m=[32m"m12 19-7-7 7-7"[39m
              [36m/>[39m
              [36m<path[39m
                [33md[39m=[32m"M19 12H5"[39m
              [36m/>[39m
            [36m</svg>[39m
            [0mBack[0m
          [36m</button>[39m
          [36m<div>[39m
            [36m<h1[39m
              [33mclass[39m=[32m"text-3xl font-bold"[39m
            [36m>[39m
              [0mVersion History[0m
            [36m</h1>[39m
            [36m<p[39m
              
[33mclass[39m=[32m"text-muted-foreground"[39m
            [36m>[39m
              [0m3[0m
              [0m version[0m
              [0ms[0m
              [0m ΓÇó Current: v[0m
              [0m3[0m
            [36m</p>[39m
          [36m</div>[39m
        [36m</div>[39m
      [36m</div>[39m
      [36m<div[39m
        [33mclass[39m=[32m"space-y-4"[39m
      [36m>[39m
        [36m<div[39m
          [33mclass[39m=[32m"rounded-lg bg-card 
text-card-foreground shadow-sm cursor-pointer transition-all 
border-green-500 border-2"[39m
        [36m>[39m
          [36m<div[39m
            [33mclass[39m=[32m"p-4"[39m
          [36m>[39m
            [36m<div[39m
              [33mclass[39m=[32m"flex items-start 
justify-between"[39m
            [36m>[39m
              [36m<div[39m
                [33mclass[39m=[32m"flex-1"[39m
              [36m>[39m
                [36m<div[39m
                  [33mclass[39m=[32m"flex items-center 
gap-2 mb-2"[39m
                [36m>[39m
                  [36m<div[39m
                    [33mclass[39m=[32m"inline-flex 
items-center rounded-full px-2.5 py-0.5 text-xs font-semibold 
transition-colors focus:outline-none focus:ring-2 
focus:ring-ring focus:ring-offset-2 text-foreground border 
border-input font-mono"[39m
                  [36m>[39m
                    [0mv[0m
                    [0m3[0m
                  [36m</div>[39m
                  [36m<div[39m
                    [33mclass[39m=[32m"inline-flex 
items-center rounded-full border px-2.5 py-0.5 text-xs 
font-semibold transition-colors focus:outline-none 
focus:ring-2 focus:ring-ring focus:ring-offset-2 
hover:bg-primary/80 bg-blue-100 text-blue-800"[39m
                  [36m>[39m
                    [0mUPDATE[0m
                  [36m</div>[39m
                  [36m<div[39m
                    [33mclass[39m=[32m"inline-flex 
items-center rounded-full border px-2.5 py-0.5 text-xs 
font-semibold transition-colors focus:outline-none 
focus:ring-2 focus:ring-ring focus:ring-offset-2 
text-primary-foreground hover:bg-primary/80 bg-green-600"[39m
                  [36m>[39m
                    [36m<svg[39m
                      [33mclass[39m=[32m"lucide 
lucide-check-circle2 h-3 w-3 mr-1"[39m
                      [33mfill[39m=[32m"none"[39m
                      [33mheight[39m=[32m"24"[39m
                      
[33mstroke[39m=[32m"currentColor"[39m
                      
[33mstroke-linecap[39m=[32m"round"[39m
                      
[33mstroke-linejoin[39m=[32m"round"[39m
                      [33mstroke-width[39m=[32m"2"[39m
                      [33mviewBox[39m=[32m"0 0 24 24"[39m
                      [33mwidth[39m=[32m"24"[39m
                      
[33mxmlns[39m=[32m"http://www.w3.org/2000/svg"[39m
                    [36m>[39m
                      [36m<circle[39m
                        [33mcx[39m=[32m"12"[39m
                        [33mcy[39m=[32m"12"[39m
                        [33mr[39m=[32m"10"[39m
                      [36m/>[39m
                      [36m<path[39m
                        [33md[39m=[32m"m9 12 2 2 4-4"[39m
                      [36m/>[39m
                    [36m</svg>[39m
                    [0mCurrent[0m
                  [36m</div>[39m
                [36m</div>[39m
                [36m<div[39m
                  [33mclass[39m=[32m"grid grid-cols-2 
gap-4 text-sm"[39m
                [36m>[39m
                  [36m<div>[39m
                    [36m<span[39m
                      
[33mclass[39m=[32m"font-semibold"[39m
                    [36m>[39m
                      [0mCode:[0m
                    [36m</span>[39m
                    [0m [0m
                  [36m</div>[39m
                  [36m<div>[39m
                    [36m<span[39m
                      
[33mclass[39m=[32m"font-semibold"[39m
                    [36m>[39m
                      [0mCategory:[0m
                    [36m</span>[39m
                    [0m [0m
                    [0mN/A[0m
                  [36m</div>[39m
                  [36m<div[39m
                    [33mclass[39m=[32m"col-span-2"[39m
                  [36m>[39m
                    [36m<span[39m
                      
[33mclass[39m=[32m"font-semibold"[39m
                    [36m>[39m
                      [0mDescription:[0m
                    [36m</span>[39m
                    [0m [0m
                  [36m</div>[39m
                [36m</div>[39m
                [36m<div[39m
                  [33mclass[39m=[32m"flex items-center 
gap-4 mt-3 text-xs text-gray-500"[39m
                [36m>[39m
                  [36m<span[39m
                    [33mclass[39m=[32m"flex items-center 
gap-1"[39m
                  [36m>[39m
                    [36m<svg[39m
                      [33mclass[39m=[32m"lucide 
lucide-clock h-3 w-3"[39m
                      [33mfill[39m=[32m"none"[39m
         ...

Ignored nodes: comments, script, style
[36m<html[39m
  [33mclass[39m=[32m"light"[39m
[36m>[39m
  [36m<head />[39m
  [36m<body>[39m
    [36m<div>[39m
      [36m<div[39m
        [33mclass[39m=[32m"space-y-6"[39m
      [36m>[39m
        [36m<div[39m
          [33mclass[39m=[32m"flex items-center 
justify-between"[39m
        [36m>[39m
          [36m<div[39m
            [33mclass[39m=[32m"flex items-center 
gap-4"[39m
          [36m>[39m
            [36m<button[39m
              [33mclass[39m=[32m"inline-flex items-center 
justify-center whitespace-nowrap rounded-md text-sm 
font-medium ring-offset-background transition-colors 
focus-visible:outline-none focus-visible:ring-2 
focus-visible:ring-ring focus-visible:ring-offset-2 
disabled:pointer-events-none disabled:opacity-50 
hover:bg-accent hover:text-accent-foreground h-10 px-4 
py-2"[39m
            [36m>[39m
              [36m<svg[39m
                [33mclass[39m=[32m"lucide 
lucide-arrow-left h-4 w-4 mr-2"[39m
                [33mfill[39m=[32m"none"[39m
                [33mheight[39m=[32m"24"[39m
                [33mstroke[39m=[32m"currentColor"[39m
                [33mstroke-linecap[39m=[32m"round"[39m
                [33mstroke-linejoin[39m=[32m"round"[39m
                [33mstroke-width[39m=[32m"2"[39m
                [33mviewBox[39m=[32m"0 0 24 24"[39m
                [33mwidth[39m=[32m"24"[39m
                
[33mxmlns[39m=[32m"http://www.w3.org/2000/svg"[39m
              [36m>[39m
                [36m<path[39m
                  [33md[39m=[32m"m12 19-7-7 7-7"[39m
                [36m/>[39m
                [36m<path[39m
                  [33md[39m=[32m"M19 12H5"[39m
                [36m/>[39m
              [36m</svg>[39m
              [0mBack[0m
            [36m</button>[39m
            [36m<div>[39m
              [36m<h1[39m
                [33mclass[39m=[32m"text-3xl font-bold"[39m
              [36m>[39m
                [0mVersion History[0m
              [36m</h1>[39m
              [36m<p[39m
                
[33mclass[39m=[32m"text-muted-foreground"[39m
              [36m>[39m
                [0m3[0m
                [0m version[0m
                [0ms[0m
                [0m ΓÇó Current: v[0m
                [0m3[0m
              [36m</p>[39m
            [36m</div>[39m
          [36m</div>[39m
        [36m</div>[39m
        [36m<div[39m
          [33mclass[39m=[32m"space-y-4"[39m
        [36m>[39m
          [36m<div[39m
            [33mclass[39m=[32m"rounded-lg bg-card 
text-card-foreground shadow-sm cursor-pointer transition-all 
border-green-500 border-2"[39m
          [36m>[39m
            [36m<div[39m
              [33mclass[39m=[32m"p-4"[39m
            [36m>[39m
              [36m<div[39m
                [33mclass[39m=[32m"flex items-start 
justify-between"[39m
              [36m>[39m
                [36m<div[39m
                  [33mclass[39m=[32m"flex-1"[39m
                [36m>[39m
                  [36m<div[39m
                    [33mclass[39m=[32m"flex items-center 
gap-2 mb-2"[39m
                  [36m>[39m
                    [36m<div[39m
                      [33mclass[39m=[32m"inline-flex 
items-center rounded-full px-2.5 py-0.5 text-xs font-semibold 
transition-colors focus:outline-none focus:ring-2 
focus:ring-ring focus:ring-offset-2 text-foreground border 
border-input font-mono"[39m
                    [36m>[39m
                      [0mv[0m
                      [0m3[0m
                    [36m</div>[39m
                    [36m<div[39m
                      [33mclass[39m=[32m"inline-flex 
items-center rounded-full border px-2.5 py-0.5 text-xs 
font-semibold transition-colors focus:outline-none 
focus:ring-2 focus:ring-ring focus:ring-offset-2 
hover:bg-primary/80 bg-blue-100 text-blue-800"[39m
                    [36m>[39m
                      [0mUPDATE[0m
                    [36m</div>[39m
                    [36m<div[39m
                      [33mclass[39m=[32m"inline-flex 
items-center rounded-full border px-2.5 py-0.5 text-xs 
font-semibold transition-colors focus:outline-none 
focus:ring-2 focus:ring-ring focus:ring-offset-2 
text-primary-foreground hover:bg-primary/80 bg-green-600"[39m
                    [36m>[39m
                      [36m<svg[39m
                        [33mclass[39m=[32m"lucide 
lucide-check-circle2 h-3 w-3 mr-1"[39m
                        [33mfill[39m=[32m"none"[39m
                        [33mheight[39m=[32m"24"[39m
                        
[33mstroke[39m=[32m"currentColor"[39m
                        
[33mstroke-linecap[39m=[32m"round"[39m
                        
[33mstroke-linejoin[39m=[32m"round"[39m
                        [33mstroke-width[39m=[32m"2"[39m
                        [33mviewBox[39m=[32m"0 0 24 
24"[39m
                        [33mwidth[39m=[32m"24"[39m
                        
[33mxmlns[39m=[32m"http://www.w3.org/2000/svg"[39m
                      [36m>[39m
                        [36m<circle[39m
                          [33mcx[39m=[32m"12"[39m
                          [33mcy[39m=[32m"12"[39m
                          [33mr[39m=[32m"10"[39m
                        [36m/>[39m
                        [36m<path[39m
                          [33md[39m=[32m"m9 12 2 2 
4-4"[39m
                        [36m/>[39m
                      [36m</svg>[39m
                      [0mCurrent[0m
                    [36m</div>[39m
                  [36m</div>[39m
                  [36m<div[39m
                    [33mclass[39m=[32m"grid grid-cols-2 
gap-4 text-sm"[39m
                  [36m>[39m
                    [36m<div>[39m
                      [36m<span[39m
                        
[33mclass[39m=[32m"font-semibold"[39m
                      [36m>[39m
                        [0mCode:[0m
                      [36m</span>[39m
                      [0m [0m
                    [36m</div>[39m
                    [36m<div>[39m
                      [36m<span[39m
                        
[33mclass[39m=[32m"font-semibold"[39m
                      [36m>[39m
                        [0mCategory:[0m
                      [36m</span>[39m
                      [0m [0m
                      [0mN/A[0m
                    [36m</div>[39m
                    [36m<div[39m
                      [33mclass[39m=[32m"col-span-2"[39m
                    [36m>[39m
                      [36m<span[39m
                        
[33mclass[39m=[32m"font-semibold"[39m
                      [36m>[39m
                        [0mDescription:[0m
                      [36m</span>[39m
                      [0m [0m
                    [36m</div>[39m
                  [36m</div>[39m
                  [36m<div[39m
                    [33mclass[39m=[32m"flex items-center 
gap-4 mt-3...
[90m [2mΓ¥»[22m Proxy.waitForWrapper node_modules/@testing-
library/dom/dist/wait-for.js:[2m163:27[22m[39m
[36m [2mΓ¥»[22m 
src/__tests__/VersionHistoryPage.test.tsx:[2m140:11[22m[39m
    [90m138| [39m    [34mrender[39m([33m<[39m[33mMocked
VersionHistoryPage[39m [33m/[39m[33m>[39m)[33m;[39m
    [90m139| [39m
    [90m140| [39m    [35mawait[39m [34mwaitFor[39m(() 
[33m=>[39m {
    [90m   | [39m          [31m^[39m
    [90m141| [39m      const versionCards = 
screen.getAllByRole('button', { name: /versΓÇª
    [90m142| [39m      [34mexpect[39m(versionCards[33m.[
39mlength)[33m.[39m[34mtoBeGreaterThan[39m([34m0[39m)[3
3m;[39m

[31m[2mΓÄ»ΓÄ»ΓÄ»ΓÄ»ΓÄ»ΓÄ»ΓÄ»ΓÄ»ΓÄ»ΓÄ»ΓÄ»ΓÄ»ΓÄ»ΓÄ»ΓÄ»ΓÄ»ΓÄ»ΓÄ
»ΓÄ»ΓÄ»ΓÄ»ΓÄ»ΓÄ»[8/14]ΓÄ»[22m[39m

[41m[1m FAIL [22m[49m 
src/__tests__/VersionHistoryPage.test.tsx[2m > 
[22mVersionHistoryPage[2m > [22mcompares two versions
[31m[1mTestingLibraryElementError[22m[39m: Unable to find 
role="button" and name `/version/i`

Ignored nodes: comments, script, style
[36m<body>[39m
  [36m<div>[39m
    [36m<div[39m
      [33mclass[39m=[32m"space-y-6"[39m
    [36m>[39m
      [36m<div[39m
        [33mclass[39m=[32m"flex items-center 
justify-between"[39m
      [36m>[39m
        [36m<div[39m
          [33mclass[39m=[32m"flex items-center gap-4"[39m
        [36m>[39m
          [36m<button[39m
            [33mclass[39m=[32m"inline-flex items-center 
justify-center whitespace-nowrap rounded-md text-sm 
font-medium ring-offset-background transition-colors 
focus-visible:outline-none focus-visible:ring-2 
focus-visible:ring-ring focus-visible:ring-offset-2 
disabled:pointer-events-none disabled:opacity-50 
hover:bg-accent hover:text-accent-foreground h-10 px-4 
py-2"[39m
          [36m>[39m
            [36m<svg[39m
              [33mclass[39m=[32m"lucide lucide-arrow-left 
h-4 w-4 mr-2"[39m
              [33mfill[39m=[32m"none"[39m
              [33mheight[39m=[32m"24"[39m
              [33mstroke[39m=[32m"currentColor"[39m
              [33mstroke-linecap[39m=[32m"round"[39m
              [33mstroke-linejoin[39m=[32m"round"[39m
              [33mstroke-width[39m=[32m"2"[39m
              [33mviewBox[39m=[32m"0 0 24 24"[39m
              [33mwidth[39m=[32m"24"[39m
              
[33mxmlns[39m=[32m"http://www.w3.org/2000/svg"[39m
            [36m>[39m
              [36m<path[39m
                [33md[39m=[32m"m12 19-7-7 7-7"[39m
              [36m/>[39m
              [36m<path[39m
                [33md[39m=[32m"M19 12H5"[39m
              [36m/>[39m
            [36m</svg>[39m
            [0mBack[0m
          [36m</button>[39m
          [36m<div>[39m
            [36m<h1[39m
              [33mclass[39m=[32m"text-3xl font-bold"[39m
            [36m>[39m
              [0mVersion History[0m
            [36m</h1>[39m
            [36m<p[39m
              
[33mclass[39m=[32m"text-muted-foreground"[39m
            [36m>[39m
              [0m3[0m
              [0m version[0m
              [0ms[0m
              [0m ΓÇó Current: v[0m
              [0m3[0m
            [36m</p>[39m
          [36m</div>[39m
        [36m</div>[39m
      [36m</div>[39m
      [36m<div[39m
        [33mclass[39m=[32m"space-y-4"[39m
      [36m>[39m
        [36m<div[39m
          [33mclass[39m=[32m"rounded-lg bg-card 
text-card-foreground shadow-sm cursor-pointer transition-all 
border-green-500 border-2"[39m
        [36m>[39m
          [36m<div[39m
            [33mclass[39m=[32m"p-4"[39m
          [36m>[39m
            [36m<div[39m
              [33mclass[39m=[32m"flex items-start 
justify-between"[39m
            [36m>[39m
              [36m<div[39m
                [33mclass[39m=[32m"flex-1"[39m
              [36m>[39m
                [36m<div[39m
                  [33mclass[39m=[32m"flex items-center 
gap-2 mb-2"[39m
                [36m>[39m
                  [36m<div[39m
                    [33mclass[39m=[32m"inline-flex 
items-center rounded-full px-2.5 py-0.5 text-xs font-semibold 
transition-colors focus:outline-none focus:ring-2 
focus:ring-ring focus:ring-offset-2 text-foreground border 
border-input font-mono"[39m
                  [36m>[39m
                    [0mv[0m
                    [0m3[0m
                  [36m</div>[39m
                  [36m<div[39m
                    [33mclass[39m=[32m"inline-flex 
items-center rounded-full border px-2.5 py-0.5 text-xs 
font-semibold transition-colors focus:outline-none 
focus:ring-2 focus:ring-ring focus:ring-offset-2 
hover:bg-primary/80 bg-blue-100 text-blue-800"[39m
                  [36m>[39m
                    [0mUPDATE[0m
                  [36m</div>[39m
                  [36m<div[39m
                    [33mclass[39m=[32m"inline-flex 
items-center rounded-full border px-2.5 py-0.5 text-xs 
font-semibold transition-colors focus:outline-none 
focus:ring-2 focus:ring-ring focus:ring-offset-2 
text-primary-foreground hover:bg-primary/80 bg-green-600"[39m
                  [36m>[39m
                    [36m<svg[39m
                      [33mclass[39m=[32m"lucide 
lucide-check-circle2 h-3 w-3 mr-1"[39m
                      [33mfill[39m=[32m"none"[39m
                      [33mheight[39m=[32m"24"[39m
                      
[33mstroke[39m=[32m"currentColor"[39m
                      
[33mstroke-linecap[39m=[32m"round"[39m
                      
[33mstroke-linejoin[39m=[32m"round"[39m
                      [33mstroke-width[39m=[32m"2"[39m
                      [33mviewBox[39m=[32m"0 0 24 24"[39m
                      [33mwidth[39m=[32m"24"[39m
                      
[33mxmlns[39m=[32m"http://www.w3.org/2000/svg"[39m
                    [36m>[39m
                      [36m<circle[39m
                        [33mcx[39m=[32m"12"[39m
                        [33mcy[39m=[32m"12"[39m
                        [33mr[39m=[32m"10"[39m
                      [36m/>[39m
                      [36m<path[39m
                        [33md[39m=[32m"m9 12 2 2 4-4"[39m
                      [36m/>[39m
                    [36m</svg>[39m
                    [0mCurrent[0m
                  [36m</div>[39m
                [36m</div>[39m
                [36m<div[39m
                  [33mclass[39m=[32m"grid grid-cols-2 
gap-4 text-sm"[39m
                [36m>[39m
                  [36m<div>[39m
                    [36m<span[39m
                      
[33mclass[39m=[32m"font-semibold"[39m
                    [36m>[39m
                      [0mCode:[0m
                    [36m</span>[39m
                    [0m [0m
                  [36m</div>[39m
                  [36m<div>[39m
                    [36m<span[39m
                      
[33mclass[39m=[32m"font-semibold"[39m
                    [36m>[39m
                      [0mCategory:[0m
                    [36m</span>[39m
                    [0m [0m
                    [0mN/A[0m
                  [36m</div>[39m
                  [36m<div[39m
                    [33mclass[39m=[32m"col-span-2"[39m
                  [36m>[39m
                    [36m<span[39m
                      
[33mclass[39m=[32m"font-semibold"[39m
                    [36m>[39m
                      [0mDescription:[0m
                    [36m</span>[39m
                    [0m [0m
                  [36m</div>[39m
                [36m</div>[39m
                [36m<div[39m
                  [33mclass[39m=[32m"flex items-center 
gap-4 mt-3 text-xs text-gray-500"[39m
                [36m>[39m
                  [36m<span[39m
                    [33mclass[39m=[32m"flex items-center 
gap-1"[39m
                  [36m>[39m
                    [36m<svg[39m
                      [33mclass[39m=[32m"lucide 
lucide-clock h-3 w-3"[39m
                      [33mfill[39m=[32m"none"[39m
         ...

Ignored nodes: comments, script, style
[36m<html[39m
  [33mclass[39m=[32m"light"[39m
[36m>[39m
  [36m<head />[39m
  [36m<body>[39m
    [36m<div>[39m
      [36m<div[39m
        [33mclass[39m=[32m"space-y-6"[39m
      [36m>[39m
        [36m<div[39m
          [33mclass[39m=[32m"flex items-center 
justify-between"[39m
        [36m>[39m
          [36m<div[39m
            [33mclass[39m=[32m"flex items-center 
gap-4"[39m
          [36m>[39m
            [36m<button[39m
              [33mclass[39m=[32m"inline-flex items-center 
justify-center whitespace-nowrap rounded-md text-sm 
font-medium ring-offset-background transition-colors 
focus-visible:outline-none focus-visible:ring-2 
focus-visible:ring-ring focus-visible:ring-offset-2 
disabled:pointer-events-none disabled:opacity-50 
hover:bg-accent hover:text-accent-foreground h-10 px-4 
py-2"[39m
            [36m>[39m
              [36m<svg[39m
                [33mclass[39m=[32m"lucide 
lucide-arrow-left h-4 w-4 mr-2"[39m
                [33mfill[39m=[32m"none"[39m
                [33mheight[39m=[32m"24"[39m
                [33mstroke[39m=[32m"currentColor"[39m
                [33mstroke-linecap[39m=[32m"round"[39m
                [33mstroke-linejoin[39m=[32m"round"[39m
                [33mstroke-width[39m=[32m"2"[39m
                [33mviewBox[39m=[32m"0 0 24 24"[39m
                [33mwidth[39m=[32m"24"[39m
                
[33mxmlns[39m=[32m"http://www.w3.org/2000/svg"[39m
              [36m>[39m
                [36m<path[39m
                  [33md[39m=[32m"m12 19-7-7 7-7"[39m
                [36m/>[39m
                [36m<path[39m
                  [33md[39m=[32m"M19 12H5"[39m
                [36m/>[39m
              [36m</svg>[39m
              [0mBack[0m
            [36m</button>[39m
            [36m<div>[39m
              [36m<h1[39m
                [33mclass[39m=[32m"text-3xl font-bold"[39m
              [36m>[39m
                [0mVersion History[0m
              [36m</h1>[39m
              [36m<p[39m
                
[33mclass[39m=[32m"text-muted-foreground"[39m
              [36m>[39m
                [0m3[0m
                [0m version[0m
                [0ms[0m
                [0m ΓÇó Current: v[0m
                [0m3[0m
              [36m</p>[39m
            [36m</div>[39m
          [36m</div>[39m
        [36m</div>[39m
        [36m<div[39m
          [33mclass[39m=[32m"space-y-4"[39m
        [36m>[39m
          [36m<div[39m
            [33mclass[39m=[32m"rounded-lg bg-card 
text-card-foreground shadow-sm cursor-pointer transition-all 
border-green-500 border-2"[39m
          [36m>[39m
            [36m<div[39m
              [33mclass[39m=[32m"p-4"[39m
            [36m>[39m
              [36m<div[39m
                [33mclass[39m=[32m"flex items-start 
justify-between"[39m
              [36m>[39m
                [36m<div[39m
                  [33mclass[39m=[32m"flex-1"[39m
                [36m>[39m
                  [36m<div[39m
                    [33mclass[39m=[32m"flex items-center 
gap-2 mb-2"[39m
                  [36m>[39m
                    [36m<div[39m
                      [33mclass[39m=[32m"inline-flex 
items-center rounded-full px-2.5 py-0.5 text-xs font-semibold 
transition-colors focus:outline-none focus:ring-2 
focus:ring-ring focus:ring-offset-2 text-foreground border 
border-input font-mono"[39m
                    [36m>[39m
                      [0mv[0m
                      [0m3[0m
                    [36m</div>[39m
                    [36m<div[39m
                      [33mclass[39m=[32m"inline-flex 
items-center rounded-full border px-2.5 py-0.5 text-xs 
font-semibold transition-colors focus:outline-none 
focus:ring-2 focus:ring-ring focus:ring-offset-2 
hover:bg-primary/80 bg-blue-100 text-blue-800"[39m
                    [36m>[39m
                      [0mUPDATE[0m
                    [36m</div>[39m
                    [36m<div[39m
                      [33mclass[39m=[32m"inline-flex 
items-center rounded-full border px-2.5 py-0.5 text-xs 
font-semibold transition-colors focus:outline-none 
focus:ring-2 focus:ring-ring focus:ring-offset-2 
text-primary-foreground hover:bg-primary/80 bg-green-600"[39m
                    [36m>[39m
                      [36m<svg[39m
                        [33mclass[39m=[32m"lucide 
lucide-check-circle2 h-3 w-3 mr-1"[39m
                        [33mfill[39m=[32m"none"[39m
                        [33mheight[39m=[32m"24"[39m
                        
[33mstroke[39m=[32m"currentColor"[39m
                        
[33mstroke-linecap[39m=[32m"round"[39m
                        
[33mstroke-linejoin[39m=[32m"round"[39m
                        [33mstroke-width[39m=[32m"2"[39m
                        [33mviewBox[39m=[32m"0 0 24 
24"[39m
                        [33mwidth[39m=[32m"24"[39m
                        
[33mxmlns[39m=[32m"http://www.w3.org/2000/svg"[39m
                      [36m>[39m
                        [36m<circle[39m
                          [33mcx[39m=[32m"12"[39m
                          [33mcy[39m=[32m"12"[39m
                          [33mr[39m=[32m"10"[39m
                        [36m/>[39m
                        [36m<path[39m
                          [33md[39m=[32m"m9 12 2 2 
4-4"[39m
                        [36m/>[39m
                      [36m</svg>[39m
                      [0mCurrent[0m
                    [36m</div>[39m
                  [36m</div>[39m
                  [36m<div[39m
                    [33mclass[39m=[32m"grid grid-cols-2 
gap-4 text-sm"[39m
                  [36m>[39m
                    [36m<div>[39m
                      [36m<span[39m
                        
[33mclass[39m=[32m"font-semibold"[39m
                      [36m>[39m
                        [0mCode:[0m
                      [36m</span>[39m
                      [0m [0m
                    [36m</div>[39m
                    [36m<div>[39m
                      [36m<span[39m
                        
[33mclass[39m=[32m"font-semibold"[39m
                      [36m>[39m
                        [0mCategory:[0m
                      [36m</span>[39m
                      [0m [0m
                      [0mN/A[0m
                    [36m</div>[39m
                    [36m<div[39m
                      [33mclass[39m=[32m"col-span-2"[39m
                    [36m>[39m
                      [36m<span[39m
                        
[33mclass[39m=[32m"font-semibold"[39m
                      [36m>[39m
                        [0mDescription:[0m
                      [36m</span>[39m
                      [0m [0m
                    [36m</div>[39m
                  [36m</div>[39m
                  [36m<div[39m
                    [33mclass[39m=[32m"flex items-center 
gap-4 mt-3...
[90m [2mΓ¥»[22m Proxy.waitForWrapper node_modules/@testing-
library/dom/dist/wait-for.js:[2m163:27[22m[39m
[36m [2mΓ¥»[22m 
src/__tests__/VersionHistoryPage.test.tsx:[2m172:11[22m[39m
    [90m170| [39m    [34mrender[39m([33m<[39m[33mMocked
VersionHistoryPage[39m [33m/[39m[33m>[39m)[33m;[39m
    [90m171| [39m
    [90m172| [39m    [35mawait[39m [34mwaitFor[39m(() 
[33m=>[39m {
    [90m   | [39m          [31m^[39m
    [90m173| [39m      const versionCards = 
screen.getAllByRole('button', { name: /versΓÇª
    [90m174| [39m      fireEvent[33m.[39m[34mclick[39m(v
ersionCards[[34m0[39m])[33m;[39m

[31m[2mΓÄ»ΓÄ»ΓÄ»ΓÄ»ΓÄ»ΓÄ»ΓÄ»ΓÄ»ΓÄ»ΓÄ»ΓÄ»ΓÄ»ΓÄ»ΓÄ»ΓÄ»ΓÄ»ΓÄ»ΓÄ
»ΓÄ»ΓÄ»ΓÄ»ΓÄ»ΓÄ»[9/14]ΓÄ»[22m[39m

[41m[1m FAIL [22m[49m 
src/__tests__/VersionHistoryPage.test.tsx[2m > 
[22mVersionHistoryPage[2m > [22mrestores a previous version
[31m[1mTestingLibraryElementError[22m[39m: Found multiple 
elements with the text: /Restore Version/i

Here are the matching elements:

Ignored nodes: comments, script, style
[36m<h2[39m
  [33mclass[39m=[32m"text-lg font-semibold leading-none 
tracking-tight"[39m
  [33mid[39m=[32m"radix-:rg:"[39m
[36m>[39m
  [0mRestore Version[0m
[36m</h2>[39m

Ignored nodes: comments, script, style
[36m<button[39m
  [33mclass[39m=[32m"inline-flex items-center 
justify-center whitespace-nowrap rounded-md text-sm 
font-medium ring-offset-background transition-colors 
focus-visible:outline-none focus-visible:ring-2 
focus-visible:ring-ring focus-visible:ring-offset-2 
disabled:pointer-events-none disabled:opacity-50 bg-primary 
text-primary-foreground hover:bg-primary/90 h-10 px-4 
py-2"[39m
[36m>[39m
  [36m<svg[39m
    [33mclass[39m=[32m"lucide lucide-rotate-ccw h-4 w-4 
mr-2"[39m
    [33mfill[39m=[32m"none"[39m
    [33mheight[39m=[32m"24"[39m
    [33mstroke[39m=[32m"currentColor"[39m
    [33mstroke-linecap[39m=[32m"round"[39m
    [33mstroke-linejoin[39m=[32m"round"[39m
    [33mstroke-width[39m=[32m"2"[39m
    [33mviewBox[39m=[32m"0 0 24 24"[39m
    [33mwidth[39m=[32m"24"[39m
    [33mxmlns[39m=[32m"http://www.w3.org/2000/svg"[39m
  [36m>[39m
    [36m<path[39m
      [33md[39m=[32m"M3 12a9 9 0 1 0 9-9 9.75 9.75 0 0 
0-6.74 2.74L3 8"[39m
    [36m/>[39m
    [36m<path[39m
      [33md[39m=[32m"M3 3v5h5"[39m
    [36m/>[39m
  [36m</svg>[39m
  [0mRestore Version[0m
[36m</button>[39m

(If this is intentional, then use the `*AllBy*` variant of 
the query (like `queryAllByText`, `getAllByText`, or 
`findAllByText`)).

Ignored nodes: comments, script, style
[36m<body[39m
  [33mdata-scroll-locked[39m=[32m"1"[39m
  [33mstyle[39m=[32m"pointer-events: none;"[39m
[36m>[39m
  [36m<span[39m
    [33maria-hidden[39m=[32m"true"[39m
    [33mdata-aria-hidden[39m=[32m"true"[39m
    [33mdata-radix-focus-guard[39m=[32m""[39m
    [33mstyle[39m=[32m"outline: none; opacity: 0; 
position: fixed; pointer-events: none;"[39m
    [33mtabindex[39m=[32m"0"[39m
  [36m/>[39m
  [36m<div[39m
    [33maria-hidden[39m=[32m"true"[39m
    [33mdata-aria-hidden[39m=[32m"true"[39m
  [36m>[39m
    [36m<div[39m
      [33mclass[39m=[32m"space-y-6"[39m
    [36m>[39m
      [36m<div[39m
        [33mclass[39m=[32m"flex items-center 
justify-between"[39m
      [36m>[39m
        [36m<div[39m
          [33mclass[39m=[32m"flex items-center gap-4"[39m
        [36m>[39m
          [36m<button[39m
            [33mclass[39m=[32m"inline-flex items-center 
justify-center whitespace-nowrap rounded-md text-sm 
font-medium ring-offset-background transition-colors 
focus-visible:outline-none focus-visible:ring-2 
focus-visible:ring-ring focus-visible:ring-offset-2 
disabled:pointer-events-none disabled:opacity-50 
hover:bg-accent hover:text-accent-foreground h-10 px-4 
py-2"[39m
          [36m>[39m
            [36m<svg[39m
              [33mclass[39m=[32m"lucide lucide-arrow-left 
h-4 w-4 mr-2"[39m
              [33mfill[39m=[32m"none"[39m
              [33mheight[39m=[32m"24"[39m
              [33mstroke[39m=[32m"currentColor"[39m
              [33mstroke-linecap[39m=[32m"round"[39m
              [33mstroke-linejoin[39m=[32m"round"[39m
              [33mstroke-width[39m=[32m"2"[39m
              [33mviewBox[39m=[32m"0 0 24 24"[39m
              [33mwidth[39m=[32m"24"[39m
              
[33mxmlns[39m=[32m"http://www.w3.org/2000/svg"[39m
            [36m>[39m
              [36m<path[39m
                [33md[39m=[32m"m12 19-7-7 7-7"[39m
              [36m/>[39m
              [36m<path[39m
                [33md[39m=[32m"M19 12H5"[39m
              [36m/>[39m
            [36m</svg>[39m
            [0mBack[0m
          [36m</button>[39m
          [36m<div>[39m
            [36m<h1[39m
              [33mclass[39m=[32m"text-3xl font-bold"[39m
            [36m>[39m
              [0mVersion History[0m
            [36m</h1>[39m
            [36m<p[39m
              
[33mclass[39m=[32m"text-muted-foreground"[39m
            [36m>[39m
              [0m3[0m
              [0m version[0m
              [0ms[0m
              [0m ΓÇó Current: v[0m
              [0m3[0m
            [36m</p>[39m
          [36m</div>[39m
        [36m</div>[39m
      [36m</div>[39m
      [36m<div[39m
        [33mclass[39m=[32m"space-y-4"[39m
      [36m>[39m
        [36m<div[39m
          [33mclass[39m=[32m"rounded-lg bg-card 
text-card-foreground shadow-sm cursor-pointer transition-all 
border-green-500 border-2"[39m
        [36m>[39m
          [36m<div[39m
            [33mclass[39m=[32m"p-4"[39m
          [36m>[39m
            [36m<div[39m
              [33mclass[39m=[32m"flex items-start 
justify-between"[39m
            [36m>[39m
              [36m<div[39m
                [33mclass[39m=[32m"flex-1"[39m
              [36m>[39m
                [36m<div[39m
                  [33mclass[39m=[32m"flex items-center 
gap-2 mb-2"[39m
                [36m>[39m
                  [36m<div[39m
                    [33mclass[39m=[32m"inline-flex 
items-center rounded-full px-2.5 py-0.5 text-xs font-semibold 
transition-colors focus:outline-none focus:ring-2 
focus:ring-ring focus:ring-offset-2 text-foreground border 
border-input font-mono"[39m
                  [36m>[39m
                    [0mv[0m
                    [0m3[0m
                  [36m</div>[39m
                  [36m<div[39m
                    [33mclass[39m=[32m"inline-flex 
items-center rounded-full border px-2.5 py-0.5 text-xs 
font-semibold transition-colors focus:outline-none 
focus:ring-2 focus:ring-ring focus:ring-offset-2 
hover:bg-primary/80 bg-blue-100 text-blue-800"[39m
                  [36m>[39m
                    [0mUPDATE[0m
                  [36m</div>[39m
                  [36m<div[39m
                    [33mclass[39m=[32m"inline-flex 
items-center rounded-full border px-2.5 py-0.5 text-xs 
font-semibold transition-colors focus:outline-none 
focus:ring-2 focus:ring-ring focus:ring-offset-2 
text-primary-foreground hover:bg-primary/80 bg-green-600"[39m
                  [36m>[39m
                    [36m<svg[39m
                      [33mclass[39m=[32m"lucide 
lucide-check-circle2 h-3 w-3 mr-1"[39m
                      [33mfill[39m=[32m"none"[39m
                      [33mheight[39m=[32m"24"[39m
                      
[33mstroke[39m=[32m"currentColor"[39m
                      
[33mstroke-linecap[39m=[32m"round"[39m
                      
[33mstroke-linejoin[39m=[32m"round"[39m
                      [33mstroke-width[39m=[32m"2"[39m
                      [33mviewBox[39m=[32m"0 0 24 24"[39m
                      [33mwidth[39m=[32m"24"[39m
                      
[33mxmlns[39m=[32m"http://www.w3.org/2000/svg"[39m
                    [36m>[39m
                      [36m<circle[39m
                        [33mcx[39m=[32m"12"[39m
                        [33mcy[39m=[32m"12"[39m
                        [33mr[39m=[32m"10"[39m
                      [36m/>[39m
                      [36m<path[39m
                        [33md[39m=[32m"m9 12 2 2 4-4"[39m
                      [36m/>[39m
                    [36m</svg>[39m
                    [0mCurrent[0m
                  [36m</div>[39m
                [36m</div>[39m
                [36m<div[39m
                  [33mclass[39m=[32m"grid grid-cols-2 
gap-4 text-sm"[39m
                [36m>[39m
                  [36m<div>[39m
                    [36m<span[39m
                      
[33mclass[39m=[32m"font-semibold"[39m
                    [36m>[39m
                      [0mCode:[0m
                    [36m</span>[39m
                    [0m [0m
                  [36m</div>[39m
                  [36m<div>[39m
                    [36m<span[39m
                      
[33mclass[39m=[32m"font-semibold"[39m
                    [36m>[39m
                      [0mCategory:[0m
                    [36m</span>[39m
                    [0m [0m
                    [0mN/A[0m
                  [36m</div>[39m
                  [36m<div[39m
                    [33mclass[39m=[32m"col-span-2"[39m
                  [36m>[39m
                    [36m<span[39m
                      
[33mclass[39m=[32m"font-semibold"[39m
                    [36m>[39m
                      [0mDescription:[0m
                    [36m</span>[39m
                    [0m [0m
               ...

Ignored nodes: comments, script, style
[36m<html[39m
  [33mclass[39m=[32m"light"[39m
[36m>[39m
  [36m<head />[39m
  [36m<body[39m
    [33mdata-scroll-locked[39m=[32m"1"[39m
    [33mstyle[39m=[32m"pointer-events: none;"[39m
  [36m>[39m
    [36m<span[39m
      [33maria-hidden[39m=[32m"true"[39m
      [33mdata-aria-hidden[39m=[32m"true"[39m
      [33mdata-radix-focus-guard[39m=[32m""[39m
      [33mstyle[39m=[32m"outline: none; opacity: 0; 
position: fixed; pointer-events: none;"[39m
      [33mtabindex[39m=[32m"0"[39m
    [36m/>[39m
    [36m<div[39m
      [33maria-hidden[39m=[32m"true"[39m
      [33mdata-aria-hidden[39m=[32m"true"[39m
    [36m>[39m
      [36m<div[39m
        [33mclass[39m=[32m"space-y-6"[39m
      [36m>[39m
        [36m<div[39m
          [33mclass[39m=[32m"flex items-center 
justify-between"[39m
        [36m>[39m
          [36m<div[39m
            [33mclass[39m=[32m"flex items-center 
gap-4"[39m
          [36m>[39m
            [36m<button[39m
              [33mclass[39m=[32m"inline-flex items-center 
justify-center whitespace-nowrap rounded-md text-sm 
font-medium ring-offset-background transition-colors 
focus-visible:outline-none focus-visible:ring-2 
focus-visible:ring-ring focus-visible:ring-offset-2 
disabled:pointer-events-none disabled:opacity-50 
hover:bg-accent hover:text-accent-foreground h-10 px-4 
py-2"[39m
            [36m>[39m
              [36m<svg[39m
                [33mclass[39m=[32m"lucide 
lucide-arrow-left h-4 w-4 mr-2"[39m
                [33mfill[39m=[32m"none"[39m
                [33mheight[39m=[32m"24"[39m
                [33mstroke[39m=[32m"currentColor"[39m
                [33mstroke-linecap[39m=[32m"round"[39m
                [33mstroke-linejoin[39m=[32m"round"[39m
                [33mstroke-width[39m=[32m"2"[39m
                [33mviewBox[39m=[32m"0 0 24 24"[39m
                [33mwidth[39m=[32m"24"[39m
                
[33mxmlns[39m=[32m"http://www.w3.org/2000/svg"[39m
              [36m>[39m
                [36m<path[39m
                  [33md[39m=[32m"m12 19-7-7 7-7"[39m
                [36m/>[39m
                [36m<path[39m
                  [33md[39m=[32m"M19 12H5"[39m
                [36m/>[39m
              [36m</svg>[39m
              [0mBack[0m
            [36m</button>[39m
            [36m<div>[39m
              [36m<h1[39m
                [33mclass[39m=[32m"text-3xl font-bold"[39m
              [36m>[39m
                [0mVersion History[0m
              [36m</h1>[39m
              [36m<p[39m
                
[33mclass[39m=[32m"text-muted-foreground"[39m
              [36m>[39m
                [0m3[0m
                [0m version[0m
                [0ms[0m
                [0m ΓÇó Current: v[0m
                [0m3[0m
              [36m</p>[39m
            [36m</div>[39m
          [36m</div>[39m
        [36m</div>[39m
        [36m<div[39m
          [33mclass[39m=[32m"space-y-4"[39m
        [36m>[39m
          [36m<div[39m
            [33mclass[39m=[32m"rounded-lg bg-card 
text-card-foreground shadow-sm cursor-pointer transition-all 
border-green-500 border-2"[39m
          [36m>[39m
            [36m<div[39m
              [33mclass[39m=[32m"p-4"[39m
            [36m>[39m
              [36m<div[39m
                [33mclass[39m=[32m"flex items-start 
justify-between"[39m
              [36m>[39m
                [36m<div[39m
                  [33mclass[39m=[32m"flex-1"[39m
                [36m>[39m
                  [36m<div[39m
                    [33mclass[39m=[32m"flex items-center 
gap-2 mb-2"[39m
                  [36m>[39m
                    [36m<div[39m
                      [33mclass[39m=[32m"inline-flex 
items-center rounded-full px-2.5 py-0.5 text-xs font-semibold 
transition-colors focus:outline-none focus:ring-2 
focus:ring-ring focus:ring-offset-2 text-foreground border 
border-input font-mono"[39m
                    [36m>[39m
                      [0mv[0m
                      [0m3[0m
                    [36m</div>[39m
                    [36m<div[39m
                      [33mclass[39m=[32m"inline-flex 
items-center rounded-full border px-2.5 py-0.5 text-xs 
font-semibold transition-colors focus:outline-none 
focus:ring-2 focus:ring-ring focus:ring-offset-2 
hover:bg-primary/80 bg-blue-100 text-blue-800"[39m
                    [36m>[39m
                      [0mUPDATE[0m
                    [36m</div>[39m
                    [36m<div[39m
                      [33mclass[39m=[32m"inline-flex 
items-center rounded-full border px-2.5 py-0.5 text-xs 
font-semibold transition-colors focus:outline-none 
focus:ring-2 focus:ring-ring focus:ring-offset-2 
text-primary-foreground hover:bg-primary/80 bg-green-600"[39m
                    [36m>[39m
                      [36m<svg[39m
                        [33mclass[39m=[32m"lucide 
lucide-check-circle2 h-3 w-3 mr-1"[39m
                        [33mfill[39m=[32m"none"[39m
                        [33mheight[39m=[32m"24"[39m
                        
[33mstroke[39m=[32m"currentColor"[39m
                        
[33mstroke-linecap[39m=[32m"round"[39m
                        
[33mstroke-linejoin[39m=[32m"round"[39m
                        [33mstroke-width[39m=[32m"2"[39m
                        [33mviewBox[39m=[32m"0 0 24 
24"[39m
                        [33mwidth[39m=[32m"24"[39m
                        
[33mxmlns[39m=[32m"http://www.w3.org/2000/svg"[39m
                      [36m>[39m
                        [36m<circle[39m
                          [33mcx[39m=[32m"12"[39m
                          [33mcy[39m=[32m"12"[39m
                          [33mr[39m=[32m"10"[39m
                        [36m/>[39m
                        [36m<path[39m
                          [33md[39m=[32m"m9 12 2 2 
4-4"[39m
                        [36m/>[39m
                      [36m</svg>[39m
                      [0mCurrent[0m
                    [36m</div>[39m
                  [36m</div>[39m
                  [36m<div[39m
                    [33mclass[39m=[32m"grid grid-cols-2 
gap-4 text-sm"[39m
                  [36m>[39m
                    [36m<div>[39m
                      [36m<span[39m
                        
[33mclass[39m=[32m"font-semibold"[39m
                      [36m>[39m
                        [0mCode:[0m
                      [36m</span>[39m
                      [0m [0m
                    [36m</div>[39m
                    [36m<div>[39m
                      [36m<span[39m
                        
[33mclass[39m=[32m"font-semibold"[39m
                      [36m>[39m
                        [0mCategory:[0m
                      [36m</span>[39m
                      [0m [0m
                      [0mN/A[0m
                    [36m</div>[39m
           ...
[90m [2mΓ¥»[22m Proxy.waitForWrapper node_modules/@testing-
library/dom/dist/wait-for.js:[2m163:27[22m[39m
[36m [2mΓ¥»[22m 
src/__tests__/VersionHistoryPage.test.tsx:[2m204:11[22m[39m
    [90m202| [39m    })[33m;[39m
    [90m203| [39m
    [90m204| [39m    [35mawait[39m [34mwaitFor[39m(() 
[33m=>[39m {
    [90m   | [39m          [31m^[39m
    [90m205| [39m      [90m// Should show restore 
confirmation dialog[39m
    [90m206| [39m      [34mexpect[39m(screen[33m.[39m[3
4mgetByText[39m([36m/Restore Version/i[39m))[33m.[39m[34
mtoBeInTheDocument[39m()[33m;[39m

[31m[2mΓÄ»ΓÄ»ΓÄ»ΓÄ»ΓÄ»ΓÄ»ΓÄ»ΓÄ»ΓÄ»ΓÄ»ΓÄ»ΓÄ»ΓÄ»ΓÄ»ΓÄ»ΓÄ»ΓÄ»ΓÄ
»ΓÄ»ΓÄ»ΓÄ»ΓÄ»[10/14]ΓÄ»[22m[39m

[41m[1m FAIL [22m[49m 
src/__tests__/VersionHistoryPage.test.tsx[2m > 
[22mVersionHistoryPage[2m > [22mshows changed fields in 
version cards
[31m[1mTestingLibraryElementError[22m[39m: Found multiple 
elements with the text: /description/i

Here are the matching elements:

Ignored nodes: comments, script, style
[36m<span[39m
  [33mclass[39m=[32m"font-semibold"[39m
[36m>[39m
  [0mDescription:[0m
[36m</span>[39m

Ignored nodes: comments, script, style
[36m<span[39m
  [33mclass[39m=[32m"font-semibold"[39m
[36m>[39m
  [0mDescription:[0m
[36m</span>[39m

Ignored nodes: comments, script, style
[36m<span[39m
  [33mclass[39m=[32m"font-semibold"[39m
[36m>[39m
  [0mDescription:[0m
[36m</span>[39m

(If this is intentional, then use the `*AllBy*` variant of 
the query (like `queryAllByText`, `getAllByText`, or 
`findAllByText`)).

Ignored nodes: comments, script, style
[36m<body[39m
  [33mstyle[39m=[32m""[39m
[36m>[39m
  [36m<div>[39m
    [36m<div[39m
      [33mclass[39m=[32m"space-y-6"[39m
    [36m>[39m
      [36m<div[39m
        [33mclass[39m=[32m"flex items-center 
justify-between"[39m
      [36m>[39m
        [36m<div[39m
          [33mclass[39m=[32m"flex items-center gap-4"[39m
        [36m>[39m
          [36m<button[39m
            [33mclass[39m=[32m"inline-flex items-center 
justify-center whitespace-nowrap rounded-md text-sm 
font-medium ring-offset-background transition-colors 
focus-visible:outline-none focus-visible:ring-2 
focus-visible:ring-ring focus-visible:ring-offset-2 
disabled:pointer-events-none disabled:opacity-50 
hover:bg-accent hover:text-accent-foreground h-10 px-4 
py-2"[39m
          [36m>[39m
            [36m<svg[39m
              [33mclass[39m=[32m"lucide lucide-arrow-left 
h-4 w-4 mr-2"[39m
              [33mfill[39m=[32m"none"[39m
              [33mheight[39m=[32m"24"[39m
              [33mstroke[39m=[32m"currentColor"[39m
              [33mstroke-linecap[39m=[32m"round"[39m
              [33mstroke-linejoin[39m=[32m"round"[39m
              [33mstroke-width[39m=[32m"2"[39m
              [33mviewBox[39m=[32m"0 0 24 24"[39m
              [33mwidth[39m=[32m"24"[39m
              
[33mxmlns[39m=[32m"http://www.w3.org/2000/svg"[39m
            [36m>[39m
              [36m<path[39m
                [33md[39m=[32m"m12 19-7-7 7-7"[39m
              [36m/>[39m
              [36m<path[39m
                [33md[39m=[32m"M19 12H5"[39m
              [36m/>[39m
            [36m</svg>[39m
            [0mBack[0m
          [36m</button>[39m
          [36m<div>[39m
            [36m<h1[39m
              [33mclass[39m=[32m"text-3xl font-bold"[39m
            [36m>[39m
              [0mVersion History[0m
            [36m</h1>[39m
            [36m<p[39m
              
[33mclass[39m=[32m"text-muted-foreground"[39m
            [36m>[39m
              [0m3[0m
              [0m version[0m
              [0ms[0m
              [0m ΓÇó Current: v[0m
              [0m3[0m
            [36m</p>[39m
          [36m</div>[39m
        [36m</div>[39m
      [36m</div>[39m
      [36m<div[39m
        [33mclass[39m=[32m"space-y-4"[39m
      [36m>[39m
        [36m<div[39m
          [33mclass[39m=[32m"rounded-lg bg-card 
text-card-foreground shadow-sm cursor-pointer transition-all 
border-green-500 border-2"[39m
        [36m>[39m
          [36m<div[39m
            [33mclass[39m=[32m"p-4"[39m
          [36m>[39m
            [36m<div[39m
              [33mclass[39m=[32m"flex items-start 
justify-between"[39m
            [36m>[39m
              [36m<div[39m
                [33mclass[39m=[32m"flex-1"[39m
              [36m>[39m
                [36m<div[39m
                  [33mclass[39m=[32m"flex items-center 
gap-2 mb-2"[39m
                [36m>[39m
                  [36m<div[39m
                    [33mclass[39m=[32m"inline-flex 
items-center rounded-full px-2.5 py-0.5 text-xs font-semibold 
transition-colors focus:outline-none focus:ring-2 
focus:ring-ring focus:ring-offset-2 text-foreground border 
border-input font-mono"[39m
                  [36m>[39m
                    [0mv[0m
                    [0m3[0m
                  [36m</div>[39m
                  [36m<div[39m
                    [33mclass[39m=[32m"inline-flex 
items-center rounded-full border px-2.5 py-0.5 text-xs 
font-semibold transition-colors focus:outline-none 
focus:ring-2 focus:ring-ring focus:ring-offset-2 
hover:bg-primary/80 bg-blue-100 text-blue-800"[39m
                  [36m>[39m
                    [0mUPDATE[0m
                  [36m</div>[39m
                  [36m<div[39m
                    [33mclass[39m=[32m"inline-flex 
items-center rounded-full border px-2.5 py-0.5 text-xs 
font-semibold transition-colors focus:outline-none 
focus:ring-2 focus:ring-ring focus:ring-offset-2 
text-primary-foreground hover:bg-primary/80 bg-green-600"[39m
                  [36m>[39m
                    [36m<svg[39m
                      [33mclass[39m=[32m"lucide 
lucide-check-circle2 h-3 w-3 mr-1"[39m
                      [33mfill[39m=[32m"none"[39m
                      [33mheight[39m=[32m"24"[39m
                      
[33mstroke[39m=[32m"currentColor"[39m
                      
[33mstroke-linecap[39m=[32m"round"[39m
                      
[33mstroke-linejoin[39m=[32m"round"[39m
                      [33mstroke-width[39m=[32m"2"[39m
                      [33mviewBox[39m=[32m"0 0 24 24"[39m
                      [33mwidth[39m=[32m"24"[39m
                      
[33mxmlns[39m=[32m"http://www.w3.org/2000/svg"[39m
                    [36m>[39m
                      [36m<circle[39m
                        [33mcx[39m=[32m"12"[39m
                        [33mcy[39m=[32m"12"[39m
                        [33mr[39m=[32m"10"[39m
                      [36m/>[39m
                      [36m<path[39m
                        [33md[39m=[32m"m9 12 2 2 4-4"[39m
                      [36m/>[39m
                    [36m</svg>[39m
                    [0mCurrent[0m
                  [36m</div>[39m
                [36m</div>[39m
                [36m<div[39m
                  [33mclass[39m=[32m"grid grid-cols-2 
gap-4 text-sm"[39m
                [36m>[39m
                  [36m<div>[39m
                    [36m<span[39m
                      
[33mclass[39m=[32m"font-semibold"[39m
                    [36m>[39m
                      [0mCode:[0m
                    [36m</span>[39m
                    [0m [0m
                  [36m</div>[39m
                  [36m<div>[39m
                    [36m<span[39m
                      
[33mclass[39m=[32m"font-semibold"[39m
                    [36m>[39m
                      [0mCategory:[0m
                    [36m</span>[39m
                    [0m [0m
                    [0mN/A[0m
                  [36m</div>[39m
                  [36m<div[39m
                    [33mclass[39m=[32m"col-span-2"[39m
                  [36m>[39m
                    [36m<span[39m
                      
[33mclass[39m=[32m"font-semibold"[39m
                    [36m>[39m
                      [0mDescription:[0m
                    [36m</span>[39m
                    [0m [0m
                  [36m</div>[39m
                [36m</div>[39m
                [36m<div[39m
                  [33mclass[39m=[32m"flex items-center 
gap-4 mt-3 text-xs text-gray-500"[39m
                [36m>[39m
                  [36m<span[39m
                    [33mclass[39m=[32m"flex items-center 
gap-1"[39m
                  [36m>[39m
                    [36m<svg[39m
                      [33mclass[39m=[32m"lucide 
lucide-clock h-3 w-3"[39m
                     ...

Ignored nodes: comments, script, style
[36m<html[39m
  [33mclass[39m=[32m"light"[39m
[36m>[39m
  [36m<head />[39m
  [36m<body[39m
    [33mstyle[39m=[32m""[39m
  [36m>[39m
    [36m<div>[39m
      [36m<div[39m
        [33mclass[39m=[32m"space-y-6"[39m
      [36m>[39m
        [36m<div[39m
          [33mclass[39m=[32m"flex items-center 
justify-between"[39m
        [36m>[39m
          [36m<div[39m
            [33mclass[39m=[32m"flex items-center 
gap-4"[39m
          [36m>[39m
            [36m<button[39m
              [33mclass[39m=[32m"inline-flex items-center 
justify-center whitespace-nowrap rounded-md text-sm 
font-medium ring-offset-background transition-colors 
focus-visible:outline-none focus-visible:ring-2 
focus-visible:ring-ring focus-visible:ring-offset-2 
disabled:pointer-events-none disabled:opacity-50 
hover:bg-accent hover:text-accent-foreground h-10 px-4 
py-2"[39m
            [36m>[39m
              [36m<svg[39m
                [33mclass[39m=[32m"lucide 
lucide-arrow-left h-4 w-4 mr-2"[39m
                [33mfill[39m=[32m"none"[39m
                [33mheight[39m=[32m"24"[39m
                [33mstroke[39m=[32m"currentColor"[39m
                [33mstroke-linecap[39m=[32m"round"[39m
                [33mstroke-linejoin[39m=[32m"round"[39m
                [33mstroke-width[39m=[32m"2"[39m
                [33mviewBox[39m=[32m"0 0 24 24"[39m
                [33mwidth[39m=[32m"24"[39m
                
[33mxmlns[39m=[32m"http://www.w3.org/2000/svg"[39m
              [36m>[39m
                [36m<path[39m
                  [33md[39m=[32m"m12 19-7-7 7-7"[39m
                [36m/>[39m
                [36m<path[39m
                  [33md[39m=[32m"M19 12H5"[39m
                [36m/>[39m
              [36m</svg>[39m
              [0mBack[0m
            [36m</button>[39m
            [36m<div>[39m
              [36m<h1[39m
                [33mclass[39m=[32m"text-3xl font-bold"[39m
              [36m>[39m
                [0mVersion History[0m
              [36m</h1>[39m
              [36m<p[39m
                
[33mclass[39m=[32m"text-muted-foreground"[39m
              [36m>[39m
                [0m3[0m
                [0m version[0m
                [0ms[0m
                [0m ΓÇó Current: v[0m
                [0m3[0m
              [36m</p>[39m
            [36m</div>[39m
          [36m</div>[39m
        [36m</div>[39m
        [36m<div[39m
          [33mclass[39m=[32m"space-y-4"[39m
        [36m>[39m
          [36m<div[39m
            [33mclass[39m=[32m"rounded-lg bg-card 
text-card-foreground shadow-sm cursor-pointer transition-all 
border-green-500 border-2"[39m
          [36m>[39m
            [36m<div[39m
              [33mclass[39m=[32m"p-4"[39m
            [36m>[39m
              [36m<div[39m
                [33mclass[39m=[32m"flex items-start 
justify-between"[39m
              [36m>[39m
                [36m<div[39m
                  [33mclass[39m=[32m"flex-1"[39m
                [36m>[39m
                  [36m<div[39m
                    [33mclass[39m=[32m"flex items-center 
gap-2 mb-2"[39m
                  [36m>[39m
                    [36m<div[39m
                      [33mclass[39m=[32m"inline-flex 
items-center rounded-full px-2.5 py-0.5 text-xs font-semibold 
transition-colors focus:outline-none focus:ring-2 
focus:ring-ring focus:ring-offset-2 text-foreground border 
border-input font-mono"[39m
                    [36m>[39m
                      [0mv[0m
                      [0m3[0m
                    [36m</div>[39m
                    [36m<div[39m
                      [33mclass[39m=[32m"inline-flex 
items-center rounded-full border px-2.5 py-0.5 text-xs 
font-semibold transition-colors focus:outline-none 
focus:ring-2 focus:ring-ring focus:ring-offset-2 
hover:bg-primary/80 bg-blue-100 text-blue-800"[39m
                    [36m>[39m
                      [0mUPDATE[0m
                    [36m</div>[39m
                    [36m<div[39m
                      [33mclass[39m=[32m"inline-flex 
items-center rounded-full border px-2.5 py-0.5 text-xs 
font-semibold transition-colors focus:outline-none 
focus:ring-2 focus:ring-ring focus:ring-offset-2 
text-primary-foreground hover:bg-primary/80 bg-green-600"[39m
                    [36m>[39m
                      [36m<svg[39m
                        [33mclass[39m=[32m"lucide 
lucide-check-circle2 h-3 w-3 mr-1"[39m
                        [33mfill[39m=[32m"none"[39m
                        [33mheight[39m=[32m"24"[39m
                        
[33mstroke[39m=[32m"currentColor"[39m
                        
[33mstroke-linecap[39m=[32m"round"[39m
                        
[33mstroke-linejoin[39m=[32m"round"[39m
                        [33mstroke-width[39m=[32m"2"[39m
                        [33mviewBox[39m=[32m"0 0 24 
24"[39m
                        [33mwidth[39m=[32m"24"[39m
                        
[33mxmlns[39m=[32m"http://www.w3.org/2000/svg"[39m
                      [36m>[39m
                        [36m<circle[39m
                          [33mcx[39m=[32m"12"[39m
                          [33mcy[39m=[32m"12"[39m
                          [33mr[39m=[32m"10"[39m
                        [36m/>[39m
                        [36m<path[39m
                          [33md[39m=[32m"m9 12 2 2 
4-4"[39m
                        [36m/>[39m
                      [36m</svg>[39m
                      [0mCurrent[0m
                    [36m</div>[39m
                  [36m</div>[39m
                  [36m<div[39m
                    [33mclass[39m=[32m"grid grid-cols-2 
gap-4 text-sm"[39m
                  [36m>[39m
                    [36m<div>[39m
                      [36m<span[39m
                        
[33mclass[39m=[32m"font-semibold"[39m
                      [36m>[39m
                        [0mCode:[0m
                      [36m</span>[39m
                      [0m [0m
                    [36m</div>[39m
                    [36m<div>[39m
                      [36m<span[39m
                        
[33mclass[39m=[32m"font-semibold"[39m
                      [36m>[39m
                        [0mCategory:[0m
                      [36m</span>[39m
                      [0m [0m
                      [0mN/A[0m
                    [36m</div>[39m
                    [36m<div[39m
                      [33mclass[39m=[32m"col-span-2"[39m
                    [36m>[39m
                      [36m<span[39m
                        
[33mclass[39m=[32m"font-semibold"[39m
                      [36m>[39m
                        [0mDescription:[0m
                      [36m</span>[39m
                      [0m [0m
                    [36m</div>[39m
                  [36m</div>[39m
                  [36m<div[39m
                    [33...
[90m [2mΓ¥»[22m Proxy.waitForWrapper node_modules/@testing-
library/dom/dist/wait-for.js:[2m163:27[22m[39m
[36m [2mΓ¥»[22m 
src/__tests__/VersionHistoryPage.test.tsx:[2m221:11[22m[39m
    [90m219| [39m    [34mrender[39m([33m<[39m[33mMocked
VersionHistoryPage[39m [33m/[39m[33m>[39m)[33m;[39m
    [90m220| [39m
    [90m221| [39m    [35mawait[39m [34mwaitFor[39m(() 
[33m=>[39m {
    [90m   | [39m          [31m^[39m
    [90m222| [39m      [34mexpect[39m(screen[33m.[39m[3
4mgetByText[39m([36m/description/i[39m))[33m.[39m[34mtoB
eInTheDocument[39m()[33m;[39m
    [90m223| [39m      [34mexpect[39m(screen[33m.[39m[3
4mgetByText[39m([36m/severity/i[39m))[33m.[39m[34mtoBeIn
TheDocument[39m()[33m;[39m

[31m[2mΓÄ»ΓÄ»ΓÄ»ΓÄ»ΓÄ»ΓÄ»ΓÄ»ΓÄ»ΓÄ»ΓÄ»ΓÄ»ΓÄ»ΓÄ»ΓÄ»ΓÄ»ΓÄ»ΓÄ»ΓÄ
»ΓÄ»ΓÄ»ΓÄ»ΓÄ»[11/14]ΓÄ»[22m[39m

[41m[1m FAIL [22m[49m 
src/__tests__/VersionHistoryPage.test.tsx[2m > 
[22mVersionHistoryPage[2m > [22mhandles empty version 
history
[31m[1mTestingLibraryElementError[22m[39m: Unable to find 
an element with the text: /No version history/i. This could 
be because the text is broken up by multiple elements. In 
this case, you can provide a function for your text matcher 
to make your matcher more flexible.

Ignored nodes: comments, script, style
[36m<body[39m
  [33mstyle[39m=[32m""[39m
[36m>[39m
  [36m<div>[39m
    [36m<div[39m
      [33mclass[39m=[32m"space-y-6"[39m
    [36m>[39m
      [36m<div[39m
        [33mclass[39m=[32m"flex items-center 
justify-between"[39m
      [36m>[39m
        [36m<div[39m
          [33mclass[39m=[32m"flex items-center gap-4"[39m
        [36m>[39m
          [36m<button[39m
            [33mclass[39m=[32m"inline-flex items-center 
justify-center whitespace-nowrap rounded-md text-sm 
font-medium ring-offset-background transition-colors 
focus-visible:outline-none focus-visible:ring-2 
focus-visible:ring-ring focus-visible:ring-offset-2 
disabled:pointer-events-none disabled:opacity-50 
hover:bg-accent hover:text-accent-foreground h-10 px-4 
py-2"[39m
          [36m>[39m
            [36m<svg[39m
              [33mclass[39m=[32m"lucide lucide-arrow-left 
h-4 w-4 mr-2"[39m
              [33mfill[39m=[32m"none"[39m
              [33mheight[39m=[32m"24"[39m
              [33mstroke[39m=[32m"currentColor"[39m
              [33mstroke-linecap[39m=[32m"round"[39m
              [33mstroke-linejoin[39m=[32m"round"[39m
              [33mstroke-width[39m=[32m"2"[39m
              [33mviewBox[39m=[32m"0 0 24 24"[39m
              [33mwidth[39m=[32m"24"[39m
              
[33mxmlns[39m=[32m"http://www.w3.org/2000/svg"[39m
            [36m>[39m
              [36m<path[39m
                [33md[39m=[32m"m12 19-7-7 7-7"[39m
              [36m/>[39m
              [36m<path[39m
                [33md[39m=[32m"M19 12H5"[39m
              [36m/>[39m
            [36m</svg>[39m
            [0mBack[0m
          [36m</button>[39m
          [36m<div>[39m
            [36m<h1[39m
              [33mclass[39m=[32m"text-3xl font-bold"[39m
            [36m>[39m
              [0mVersion History[0m
            [36m</h1>[39m
            [36m<p[39m
              
[33mclass[39m=[32m"text-muted-foreground"[39m
            [36m>[39m
              [0m0[0m
              [0m version[0m
              [0ms[0m
              [0m ΓÇó Current: v[0m
              [0m0[0m
            [36m</p>[39m
          [36m</div>[39m
        [36m</div>[39m
      [36m</div>[39m
      [36m<div[39m
        [33mclass[39m=[32m"space-y-4"[39m
      [36m/>[39m
    [36m</div>[39m
  [36m</div>[39m
[36m</body>[39m

Ignored nodes: comments, script, style
[36m<html[39m
  [33mclass[39m=[32m"light"[39m
[36m>[39m
  [36m<head />[39m
  [36m<body[39m
    [33mstyle[39m=[32m""[39m
  [36m>[39m
    [36m<div>[39m
      [36m<div[39m
        [33mclass[39m=[32m"space-y-6"[39m
      [36m>[39m
        [36m<div[39m
          [33mclass[39m=[32m"flex items-center 
justify-between"[39m
        [36m>[39m
          [36m<div[39m
            [33mclass[39m=[32m"flex items-center 
gap-4"[39m
          [36m>[39m
            [36m<button[39m
              [33mclass[39m=[32m"inline-flex items-center 
justify-center whitespace-nowrap rounded-md text-sm 
font-medium ring-offset-background transition-colors 
focus-visible:outline-none focus-visible:ring-2 
focus-visible:ring-ring focus-visible:ring-offset-2 
disabled:pointer-events-none disabled:opacity-50 
hover:bg-accent hover:text-accent-foreground h-10 px-4 
py-2"[39m
            [36m>[39m
              [36m<svg[39m
                [33mclass[39m=[32m"lucide 
lucide-arrow-left h-4 w-4 mr-2"[39m
                [33mfill[39m=[32m"none"[39m
                [33mheight[39m=[32m"24"[39m
                [33mstroke[39m=[32m"currentColor"[39m
                [33mstroke-linecap[39m=[32m"round"[39m
                [33mstroke-linejoin[39m=[32m"round"[39m
                [33mstroke-width[39m=[32m"2"[39m
                [33mviewBox[39m=[32m"0 0 24 24"[39m
                [33mwidth[39m=[32m"24"[39m
                
[33mxmlns[39m=[32m"http://www.w3.org/2000/svg"[39m
              [36m>[39m
                [36m<path[39m
                  [33md[39m=[32m"m12 19-7-7 7-7"[39m
                [36m/>[39m
                [36m<path[39m
                  [33md[39m=[32m"M19 12H5"[39m
                [36m/>[39m
              [36m</svg>[39m
              [0mBack[0m
            [36m</button>[39m
            [36m<div>[39m
              [36m<h1[39m
                [33mclass[39m=[32m"text-3xl font-bold"[39m
              [36m>[39m
                [0mVersion History[0m
              [36m</h1>[39m
              [36m<p[39m
                
[33mclass[39m=[32m"text-muted-foreground"[39m
              [36m>[39m
                [0m0[0m
                [0m version[0m
                [0ms[0m
                [0m ΓÇó Current: v[0m
                [0m0[0m
              [36m</p>[39m
            [36m</div>[39m
          [36m</div>[39m
        [36m</div>[39m
        [36m<div[39m
          [33mclass[39m=[32m"space-y-4"[39m
        [36m/>[39m
      [36m</div>[39m
    [36m</div>[39m
  [36m</body>[39m
[36m</html>[39m
[90m [2mΓ¥»[22m Proxy.waitForWrapper node_modules/@testing-
library/dom/dist/wait-for.js:[2m163:27[22m[39m
[36m [2mΓ¥»[22m 
src/__tests__/VersionHistoryPage.test.tsx:[2m246:11[22m[39m
    [90m244| [39m    [34mrender[39m([33m<[39m[33mMocked
VersionHistoryPage[39m [33m/[39m[33m>[39m)[33m;[39m
    [90m245| [39m
    [90m246| [39m    [35mawait[39m [34mwaitFor[39m(() 
[33m=>[39m {
    [90m   | [39m          [31m^[39m
    [90m247| [39m      expect(screen.getByText(/No version 
history/i)).toBeInTheDocumenΓÇª
    [90m248| [39m    })[33m;[39m

[31m[2mΓÄ»ΓÄ»ΓÄ»ΓÄ»ΓÄ»ΓÄ»ΓÄ»ΓÄ»ΓÄ»ΓÄ»ΓÄ»ΓÄ»ΓÄ»ΓÄ»ΓÄ»ΓÄ»ΓÄ»ΓÄ
»ΓÄ»ΓÄ»ΓÄ»ΓÄ»[12/14]ΓÄ»[22m[39m

[41m[1m FAIL [22m[49m 
src/__tests__/VersionHistoryPage.test.tsx[2m > 
[22mVersionHistoryPage[2m > [22mloads more versions on 
scroll
[31m[1mTestingLibraryElementError[22m[39m: Unable to find 
an element with the text: Version 20. This could be because 
the text is broken up by multiple elements. In this case, you 
can provide a function for your text matcher to make your 
matcher more flexible.

Ignored nodes: comments, script, style
[36m<body[39m
  [33mstyle[39m=[32m""[39m
[36m>[39m
  [36m<div>[39m
    [36m<div[39m
      [33mclass[39m=[32m"space-y-6"[39m
    [36m>[39m
      [36m<div[39m
        [33mclass[39m=[32m"flex items-center 
justify-between"[39m
      [36m>[39m
        [36m<div[39m
          [33mclass[39m=[32m"flex items-center gap-4"[39m
        [36m>[39m
          [36m<button[39m
            [33mclass[39m=[32m"inline-flex items-center 
justify-center whitespace-nowrap rounded-md text-sm 
font-medium ring-offset-background transition-colors 
focus-visible:outline-none focus-visible:ring-2 
focus-visible:ring-ring focus-visible:ring-offset-2 
disabled:pointer-events-none disabled:opacity-50 
hover:bg-accent hover:text-accent-foreground h-10 px-4 
py-2"[39m
          [36m>[39m
            [36m<svg[39m
              [33mclass[39m=[32m"lucide lucide-arrow-left 
h-4 w-4 mr-2"[39m
              [33mfill[39m=[32m"none"[39m
              [33mheight[39m=[32m"24"[39m
              [33mstroke[39m=[32m"currentColor"[39m
              [33mstroke-linecap[39m=[32m"round"[39m
              [33mstroke-linejoin[39m=[32m"round"[39m
              [33mstroke-width[39m=[32m"2"[39m
              [33mviewBox[39m=[32m"0 0 24 24"[39m
              [33mwidth[39m=[32m"24"[39m
              
[33mxmlns[39m=[32m"http://www.w3.org/2000/svg"[39m
            [36m>[39m
              [36m<path[39m
                [33md[39m=[32m"m12 19-7-7 7-7"[39m
              [36m/>[39m
              [36m<path[39m
                [33md[39m=[32m"M19 12H5"[39m
              [36m/>[39m
            [36m</svg>[39m
            [0mBack[0m
          [36m</button>[39m
          [36m<div>[39m
            [36m<h1[39m
              [33mclass[39m=[32m"text-3xl font-bold"[39m
            [36m>[39m
              [0mVersion History[0m
            [36m</h1>[39m
            [36m<p[39m
              
[33mclass[39m=[32m"text-muted-foreground"[39m
            [36m>[39m
              [0m20[0m
              [0m version[0m
              [0ms[0m
              [0m ΓÇó Current: v[0m
              [0m20[0m
            [36m</p>[39m
          [36m</div>[39m
        [36m</div>[39m
      [36m</div>[39m
      [36m<div[39m
        [33mclass[39m=[32m"space-y-4"[39m
      [36m>[39m
        [36m<div[39m
          [33mclass[39m=[32m"rounded-lg bg-card 
text-card-foreground shadow-sm cursor-pointer transition-all 
border-green-500 border-2"[39m
        [36m>[39m
          [36m<div[39m
            [33mclass[39m=[32m"p-4"[39m
          [36m>[39m
            [36m<div[39m
              [33mclass[39m=[32m"flex items-start 
justify-between"[39m
            [36m>[39m
              [36m<div[39m
                [33mclass[39m=[32m"flex-1"[39m
              [36m>[39m
                [36m<div[39m
                  [33mclass[39m=[32m"flex items-center 
gap-2 mb-2"[39m
                [36m>[39m
                  [36m<div[39m
                    [33mclass[39m=[32m"inline-flex 
items-center rounded-full px-2.5 py-0.5 text-xs font-semibold 
transition-colors focus:outline-none focus:ring-2 
focus:ring-ring focus:ring-offset-2 text-foreground border 
border-input font-mono"[39m
                  [36m>[39m
                    [0mv[0m
                    [0m20[0m
                  [36m</div>[39m
                  [36m<div[39m
                    [33mclass[39m=[32m"inline-flex 
items-center rounded-full border px-2.5 py-0.5 text-xs 
font-semibold transition-colors focus:outline-none 
focus:ring-2 focus:ring-ring focus:ring-offset-2 
hover:bg-primary/80 bg-blue-100 text-blue-800"[39m
                  [36m>[39m
                    [0mUPDATE[0m
                  [36m</div>[39m
                  [36m<div[39m
                    [33mclass[39m=[32m"inline-flex 
items-center rounded-full border px-2.5 py-0.5 text-xs 
font-semibold transition-colors focus:outline-none 
focus:ring-2 focus:ring-ring focus:ring-offset-2 
text-primary-foreground hover:bg-primary/80 bg-green-600"[39m
                  [36m>[39m
                    [36m<svg[39m
                      [33mclass[39m=[32m"lucide 
lucide-check-circle2 h-3 w-3 mr-1"[39m
                      [33mfill[39m=[32m"none"[39m
                      [33mheight[39m=[32m"24"[39m
                      
[33mstroke[39m=[32m"currentColor"[39m
                      
[33mstroke-linecap[39m=[32m"round"[39m
                      
[33mstroke-linejoin[39m=[32m"round"[39m
                      [33mstroke-width[39m=[32m"2"[39m
                      [33mviewBox[39m=[32m"0 0 24 24"[39m
                      [33mwidth[39m=[32m"24"[39m
                      
[33mxmlns[39m=[32m"http://www.w3.org/2000/svg"[39m
                    [36m>[39m
                      [36m<circle[39m
                        [33mcx[39m=[32m"12"[39m
                        [33mcy[39m=[32m"12"[39m
                        [33mr[39m=[32m"10"[39m
                      [36m/>[39m
                      [36m<path[39m
                        [33md[39m=[32m"m9 12 2 2 4-4"[39m
                      [36m/>[39m
                    [36m</svg>[39m
                    [0mCurrent[0m
                  [36m</div>[39m
                [36m</div>[39m
                [36m<div[39m
                  [33mclass[39m=[32m"grid grid-cols-2 
gap-4 text-sm"[39m
                [36m>[39m
                  [36m<div>[39m
                    [36m<span[39m
                      
[33mclass[39m=[32m"font-semibold"[39m
                    [36m>[39m
                      [0mCode:[0m
                    [36m</span>[39m
                    [0m [0m
                  [36m</div>[39m
                  [36m<div>[39m
                    [36m<span[39m
                      
[33mclass[39m=[32m"font-semibold"[39m
                    [36m>[39m
                      [0mCategory:[0m
                    [36m</span>[39m
                    [0m [0m
                    [0mN/A[0m
                  [36m</div>[39m
                  [36m<div[39m
                    [33mclass[39m=[32m"col-span-2"[39m
                  [36m>[39m
                    [36m<span[39m
                      
[33mclass[39m=[32m"font-semibold"[39m
                    [36m>[39m
                      [0mDescription:[0m
                    [36m</span>[39m
                    [0m [0m
                  [36m</div>[39m
                [36m</div>[39m
                [36m<div[39m
                  [33mclass[39m=[32m"flex items-center 
gap-4 mt-3 text-xs text-gray-500"[39m
                [36m>[39m
                  [36m<span[39m
                    [33mclass[39m=[32m"flex items-center 
gap-1"[39m
                  [36m>[39m
                    [36m<svg[39m
                      [33mclass[39m=[32m"lucide 
lucide-clock h-3 w-3"[39m
                  ...

Ignored nodes: comments, script, style
[36m<html[39m
  [33mclass[39m=[32m"light"[39m
[36m>[39m
  [36m<head />[39m
  [36m<body[39m
    [33mstyle[39m=[32m""[39m
  [36m>[39m
    [36m<div>[39m
      [36m<div[39m
        [33mclass[39m=[32m"space-y-6"[39m
      [36m>[39m
        [36m<div[39m
          [33mclass[39m=[32m"flex items-center 
justify-between"[39m
        [36m>[39m
          [36m<div[39m
            [33mclass[39m=[32m"flex items-center 
gap-4"[39m
          [36m>[39m
            [36m<button[39m
              [33mclass[39m=[32m"inline-flex items-center 
justify-center whitespace-nowrap rounded-md text-sm 
font-medium ring-offset-background transition-colors 
focus-visible:outline-none focus-visible:ring-2 
focus-visible:ring-ring focus-visible:ring-offset-2 
disabled:pointer-events-none disabled:opacity-50 
hover:bg-accent hover:text-accent-foreground h-10 px-4 
py-2"[39m
            [36m>[39m
              [36m<svg[39m
                [33mclass[39m=[32m"lucide 
lucide-arrow-left h-4 w-4 mr-2"[39m
                [33mfill[39m=[32m"none"[39m
                [33mheight[39m=[32m"24"[39m
                [33mstroke[39m=[32m"currentColor"[39m
                [33mstroke-linecap[39m=[32m"round"[39m
                [33mstroke-linejoin[39m=[32m"round"[39m
                [33mstroke-width[39m=[32m"2"[39m
                [33mviewBox[39m=[32m"0 0 24 24"[39m
                [33mwidth[39m=[32m"24"[39m
                
[33mxmlns[39m=[32m"http://www.w3.org/2000/svg"[39m
              [36m>[39m
                [36m<path[39m
                  [33md[39m=[32m"m12 19-7-7 7-7"[39m
                [36m/>[39m
                [36m<path[39m
                  [33md[39m=[32m"M19 12H5"[39m
                [36m/>[39m
              [36m</svg>[39m
              [0mBack[0m
            [36m</button>[39m
            [36m<div>[39m
              [36m<h1[39m
                [33mclass[39m=[32m"text-3xl font-bold"[39m
              [36m>[39m
                [0mVersion History[0m
              [36m</h1>[39m
              [36m<p[39m
                
[33mclass[39m=[32m"text-muted-foreground"[39m
              [36m>[39m
                [0m20[0m
                [0m version[0m
                [0ms[0m
                [0m ΓÇó Current: v[0m
                [0m20[0m
              [36m</p>[39m
            [36m</div>[39m
          [36m</div>[39m
        [36m</div>[39m
        [36m<div[39m
          [33mclass[39m=[32m"space-y-4"[39m
        [36m>[39m
          [36m<div[39m
            [33mclass[39m=[32m"rounded-lg bg-card 
text-card-foreground shadow-sm cursor-pointer transition-all 
border-green-500 border-2"[39m
          [36m>[39m
            [36m<div[39m
              [33mclass[39m=[32m"p-4"[39m
            [36m>[39m
              [36m<div[39m
                [33mclass[39m=[32m"flex items-start 
justify-between"[39m
              [36m>[39m
                [36m<div[39m
                  [33mclass[39m=[32m"flex-1"[39m
                [36m>[39m
                  [36m<div[39m
                    [33mclass[39m=[32m"flex items-center 
gap-2 mb-2"[39m
                  [36m>[39m
                    [36m<div[39m
                      [33mclass[39m=[32m"inline-flex 
items-center rounded-full px-2.5 py-0.5 text-xs font-semibold 
transition-colors focus:outline-none focus:ring-2 
focus:ring-ring focus:ring-offset-2 text-foreground border 
border-input font-mono"[39m
                    [36m>[39m
                      [0mv[0m
                      [0m20[0m
                    [36m</div>[39m
                    [36m<div[39m
                      [33mclass[39m=[32m"inline-flex 
items-center rounded-full border px-2.5 py-0.5 text-xs 
font-semibold transition-colors focus:outline-none 
focus:ring-2 focus:ring-ring focus:ring-offset-2 
hover:bg-primary/80 bg-blue-100 text-blue-800"[39m
                    [36m>[39m
                      [0mUPDATE[0m
                    [36m</div>[39m
                    [36m<div[39m
                      [33mclass[39m=[32m"inline-flex 
items-center rounded-full border px-2.5 py-0.5 text-xs 
font-semibold transition-colors focus:outline-none 
focus:ring-2 focus:ring-ring focus:ring-offset-2 
text-primary-foreground hover:bg-primary/80 bg-green-600"[39m
                    [36m>[39m
                      [36m<svg[39m
                        [33mclass[39m=[32m"lucide 
lucide-check-circle2 h-3 w-3 mr-1"[39m
                        [33mfill[39m=[32m"none"[39m
                        [33mheight[39m=[32m"24"[39m
                        
[33mstroke[39m=[32m"currentColor"[39m
                        
[33mstroke-linecap[39m=[32m"round"[39m
                        
[33mstroke-linejoin[39m=[32m"round"[39m
                        [33mstroke-width[39m=[32m"2"[39m
                        [33mviewBox[39m=[32m"0 0 24 
24"[39m
                        [33mwidth[39m=[32m"24"[39m
                        
[33mxmlns[39m=[32m"http://www.w3.org/2000/svg"[39m
                      [36m>[39m
                        [36m<circle[39m
                          [33mcx[39m=[32m"12"[39m
                          [33mcy[39m=[32m"12"[39m
                          [33mr[39m=[32m"10"[39m
                        [36m/>[39m
                        [36m<path[39m
                          [33md[39m=[32m"m9 12 2 2 
4-4"[39m
                        [36m/>[39m
                      [36m</svg>[39m
                      [0mCurrent[0m
                    [36m</div>[39m
                  [36m</div>[39m
                  [36m<div[39m
                    [33mclass[39m=[32m"grid grid-cols-2 
gap-4 text-sm"[39m
                  [36m>[39m
                    [36m<div>[39m
                      [36m<span[39m
                        
[33mclass[39m=[32m"font-semibold"[39m
                      [36m>[39m
                        [0mCode:[0m
                      [36m</span>[39m
                      [0m [0m
                    [36m</div>[39m
                    [36m<div>[39m
                      [36m<span[39m
                        
[33mclass[39m=[32m"font-semibold"[39m
                      [36m>[39m
                        [0mCategory:[0m
                      [36m</span>[39m
                      [0m [0m
                      [0mN/A[0m
                    [36m</div>[39m
                    [36m<div[39m
                      [33mclass[39m=[32m"col-span-2"[39m
                    [36m>[39m
                      [36m<span[39m
                        
[33mclass[39m=[32m"font-semibold"[39m
                      [36m>[39m
                        [0mDescription:[0m
                      [36m</span>[39m
                      [0m [0m
                    [36m</div>[39m
                  [36m</div>[39m
                  [36m<div[39m
                    ...
[90m [2mΓ¥»[22m Proxy.waitForWrapper node_modules/@testing-
library/dom/dist/wait-for.js:[2m163:27[22m[39m
[36m [2mΓ¥»[22m 
src/__tests__/VersionHistoryPage.test.tsx:[2m272:11[22m[39m
    [90m270| [39m    [34mrender[39m([33m<[39m[33mMocked
VersionHistoryPage[39m [33m/[39m[33m>[39m)[33m;[39m
    [90m271| [39m
    [90m272| [39m    [35mawait[39m [34mwaitFor[39m(() 
[33m=>[39m {
    [90m   | [39m          [31m^[39m
    [90m273| [39m      [34mexpect[39m(screen[33m.[39m[3
4mgetByText[39m([32m'Version 
20'[39m))[33m.[39m[34mtoBeInTheDocument[39m()[33m;[39m
    [90m274| [39m    })[33m;[39m

[31m[2mΓÄ»ΓÄ»ΓÄ»ΓÄ»ΓÄ»ΓÄ»ΓÄ»ΓÄ»ΓÄ»ΓÄ»ΓÄ»ΓÄ»ΓÄ»ΓÄ»ΓÄ»ΓÄ»ΓÄ»ΓÄ
»ΓÄ»ΓÄ»ΓÄ»ΓÄ»[13/14]ΓÄ»[22m[39m

[41m[1m FAIL [22m[49m 
src/__tests__/WebhooksPage.test.tsx[2m > 
[22mWebhooksPage[2m > [22mcreates webhook with selected 
events
[31m[1mTestingLibraryElementError[22m[39m: Unable to find 
a label with the text of: /Webhook Name/i

Ignored nodes: comments, script, style
[36m<body[39m
  [33mdata-scroll-locked[39m=[32m"1"[39m
  [33mstyle[39m=[32m"pointer-events: none;"[39m
[36m>[39m
  [36m<span[39m
    [33maria-hidden[39m=[32m"true"[39m
    [33mdata-aria-hidden[39m=[32m"true"[39m
    [33mdata-radix-focus-guard[39m=[32m""[39m
    [33mstyle[39m=[32m"outline: none; opacity: 0; 
position: fixed; pointer-events: none;"[39m
    [33mtabindex[39m=[32m"0"[39m
  [36m/>[39m
  [36m<div[39m
    [33maria-hidden[39m=[32m"true"[39m
    [33mdata-aria-hidden[39m=[32m"true"[39m
  [36m>[39m
    [36m<div[39m
      [33mclass[39m=[32m"space-y-6"[39m
    [36m>[39m
      [36m<div[39m
        [33mclass[39m=[32m"flex items-center 
justify-between"[39m
      [36m>[39m
        [36m<div>[39m
          [36m<h1[39m
            [33mclass[39m=[32m"text-3xl font-bold"[39m
          [36m>[39m
            [0mWebhooks[0m
          [36m</h1>[39m
          [36m<p[39m
            [33mclass[39m=[32m"text-muted-foreground"[39m
          [36m>[39m
            [0mConfigure real-time event notifications[0m
          [36m</p>[39m
        [36m</div>[39m
        [36m<button[39m
          [33mclass[39m=[32m"inline-flex items-center 
justify-center whitespace-nowrap rounded-md text-sm 
font-medium ring-offset-background transition-colors 
focus-visible:outline-none focus-visible:ring-2 
focus-visible:ring-ring focus-visible:ring-offset-2 
disabled:pointer-events-none disabled:opacity-50 bg-primary 
text-primary-foreground hover:bg-primary/90 h-10 px-4 py-2 
gap-2"[39m
        [36m>[39m
          [36m<svg[39m
            [33mclass[39m=[32m"lucide lucide-plus h-4 
w-4"[39m
            [33mfill[39m=[32m"none"[39m
            [33mheight[39m=[32m"24"[39m
            [33mstroke[39m=[32m"currentColor"[39m
            [33mstroke-linecap[39m=[32m"round"[39m
            [33mstroke-linejoin[39m=[32m"round"[39m
            [33mstroke-width[39m=[32m"2"[39m
            [33mviewBox[39m=[32m"0 0 24 24"[39m
            [33mwidth[39m=[32m"24"[39m
            
[33mxmlns[39m=[32m"http://www.w3.org/2000/svg"[39m
          [36m>[39m
            [36m<path[39m
              [33md[39m=[32m"M5 12h14"[39m
            [36m/>[39m
            [36m<path[39m
              [33md[39m=[32m"M12 5v14"[39m
            [36m/>[39m
          [36m</svg>[39m
          [0mNew Webhook[0m
        [36m</button>[39m
      [36m</div>[39m
      [36m<div[39m
        [33mclass[39m=[32m"grid grid-cols-1 lg:grid-cols-2 
gap-6"[39m
      [36m>[39m
        [36m<div[39m
          [33mclass[39m=[32m"space-y-4"[39m
        [36m>[39m
          [36m<h2[39m
            [33mclass[39m=[32m"text-lg font-semibold"[39m
          [36m>[39m
            [0mYour Webhooks[0m
          [36m</h2>[39m
          [36m<div[39m
            [33mclass[39m=[32m"rounded-lg border bg-card 
text-card-foreground shadow-sm cursor-pointer 
transition-all"[39m
          [36m>[39m
            [36m<div[39m
              [33mclass[39m=[32m"p-4"[39m
            [36m>[39m
              [36m<div[39m
                [33mclass[39m=[32m"flex items-start 
justify-between"[39m
              [36m>[39m
                [36m<div[39m
                  [33mclass[39m=[32m"flex-1"[39m
                [36m>[39m
                  [36m<div[39m
                    [33mclass[39m=[32m"flex items-center 
gap-2 mb-2"[39m
                  [36m>[39m
                    [36m<h3[39m
                      
[33mclass[39m=[32m"font-semibold"[39m
                    [36m>[39m
                      [0mProduction Webhook[0m
                    [36m</h3>[39m
                    [36m<div[39m
                      [33mclass[39m=[32m"inline-flex 
items-center rounded-full border px-2.5 py-0.5 text-xs 
font-semibold transition-colors focus:outline-none 
focus:ring-2 focus:ring-ring focus:ring-offset-2 bg-primary 
text-primary-foreground hover:bg-primary/80"[39m
                    [36m>[39m
                      [0mActive[0m
                    [36m</div>[39m
                  [36m</div>[39m
                  [36m<p[39m
                    [33mclass[39m=[32m"text-sm 
text-gray-600 truncate mb-2"[39m
                  [36m>[39m
                    [0mhttps://api.example.com/webhook[0m
                  [36m</p>[39m
                  [36m<div[39m
                    [33mclass[39m=[32m"flex flex-wrap 
gap-1 mb-2"[39m
                  [36m>[39m
                    [36m<div[39m
                      [33mclass[39m=[32m"inline-flex 
items-center rounded-full px-2.5 py-0.5 font-semibold 
transition-colors focus:outline-none focus:ring-2 
focus:ring-ring focus:ring-offset-2 text-foreground border 
border-input text-xs"[39m
                    [36m>[39m
                      [0mcode.created[0m
                    [36m</div>[39m
                    [36m<div[39m
                      [33mclass[39m=[32m"inline-flex 
items-center rounded-full px-2.5 py-0.5 font-semibold 
transition-colors focus:outline-none focus:ring-2 
focus:ring-ring focus:ring-offset-2 text-foreground border 
border-input text-xs"[39m
                    [36m>[39m
                      [0mcode.updated[0m
                    [36m</div>[39m
                  [36m</div>[39m
                  [36m<div[39m
                    [33mclass[39m=[32m"flex gap-4 text-xs 
text-gray-500"[39m
                  [36m>[39m
                    [36m<span>[39m
                      [0mTriggers: [0m
                    [36m</span>[39m
                    [36m<span>[39m
                      [0mFailed: [0m
                    [36m</span>[39m
                  [36m</div>[39m
                [36m</div>[39m
                [36m<div[39m
                  [33mclass[39m=[32m"flex flex-col 
gap-1"[39m
                [36m>[39m
                  [36m<button[39m
                    [33mclass[39m=[32m"inline-flex 
items-center justify-center whitespace-nowrap text-sm 
font-medium ring-offset-background transition-colors 
focus-visible:outline-none focus-visible:ring-2 
focus-visible:ring-ring focus-visible:ring-offset-2 
disabled:pointer-events-none disabled:opacity-50 
hover:bg-accent hover:text-accent-foreground rounded-md h-7 
px-2"[39m
                  [36m>[39m
                    [36m<svg[39m
                      [33mclass[39m=[32m"lucide 
lucide-power-off h-3 w-3"[39m
                      [33mfill[39m=[32m"none"[39m
                      [33mheight[39m=[32m"24"[39m
                      
[33mstroke[39m=[32m"currentColor"[39m
                      
[33mstroke-linecap[39m=[32m"round"[39m
                      
[33mstroke-linejoin[39m=[32m"round"[39m
                      [33mstroke-width[39m=[32m"2"[39m
                      [33mviewBox[39m=[32m"0 0 24 24"[39m
                      [33mwidth[39m=[32m"24"[39m
                      [33mxmlns[39...

Ignored nodes: comments, script, style
[36m<html[39m
  [33mclass[39m=[32m"light"[39m
[36m>[39m
  [36m<head />[39m
  [36m<body[39m
    [33mdata-scroll-locked[39m=[32m"1"[39m
    [33mstyle[39m=[32m"pointer-events: none;"[39m
  [36m>[39m
    [36m<span[39m
      [33maria-hidden[39m=[32m"true"[39m
      [33mdata-aria-hidden[39m=[32m"true"[39m
      [33mdata-radix-focus-guard[39m=[32m""[39m
      [33mstyle[39m=[32m"outline: none; opacity: 0; 
position: fixed; pointer-events: none;"[39m
      [33mtabindex[39m=[32m"0"[39m
    [36m/>[39m
    [36m<div[39m
      [33maria-hidden[39m=[32m"true"[39m
      [33mdata-aria-hidden[39m=[32m"true"[39m
    [36m>[39m
      [36m<div[39m
        [33mclass[39m=[32m"space-y-6"[39m
      [36m>[39m
        [36m<div[39m
          [33mclass[39m=[32m"flex items-center 
justify-between"[39m
        [36m>[39m
          [36m<div>[39m
            [36m<h1[39m
              [33mclass[39m=[32m"text-3xl font-bold"[39m
            [36m>[39m
              [0mWebhooks[0m
            [36m</h1>[39m
            [36m<p[39m
              
[33mclass[39m=[32m"text-muted-foreground"[39m
            [36m>[39m
              [0mConfigure real-time event notifications[0m
            [36m</p>[39m
          [36m</div>[39m
          [36m<button[39m
            [33mclass[39m=[32m"inline-flex items-center 
justify-center whitespace-nowrap rounded-md text-sm 
font-medium ring-offset-background transition-colors 
focus-visible:outline-none focus-visible:ring-2 
focus-visible:ring-ring focus-visible:ring-offset-2 
disabled:pointer-events-none disabled:opacity-50 bg-primary 
text-primary-foreground hover:bg-primary/90 h-10 px-4 py-2 
gap-2"[39m
          [36m>[39m
            [36m<svg[39m
              [33mclass[39m=[32m"lucide lucide-plus h-4 
w-4"[39m
              [33mfill[39m=[32m"none"[39m
              [33mheight[39m=[32m"24"[39m
              [33mstroke[39m=[32m"currentColor"[39m
              [33mstroke-linecap[39m=[32m"round"[39m
              [33mstroke-linejoin[39m=[32m"round"[39m
              [33mstroke-width[39m=[32m"2"[39m
              [33mviewBox[39m=[32m"0 0 24 24"[39m
              [33mwidth[39m=[32m"24"[39m
              
[33mxmlns[39m=[32m"http://www.w3.org/2000/svg"[39m
            [36m>[39m
              [36m<path[39m
                [33md[39m=[32m"M5 12h14"[39m
              [36m/>[39m
              [36m<path[39m
                [33md[39m=[32m"M12 5v14"[39m
              [36m/>[39m
            [36m</svg>[39m
            [0mNew Webhook[0m
          [36m</button>[39m
        [36m</div>[39m
        [36m<div[39m
          [33mclass[39m=[32m"grid grid-cols-1 
lg:grid-cols-2 gap-6"[39m
        [36m>[39m
          [36m<div[39m
            [33mclass[39m=[32m"space-y-4"[39m
          [36m>[39m
            [36m<h2[39m
              [33mclass[39m=[32m"text-lg 
font-semibold"[39m
            [36m>[39m
              [0mYour Webhooks[0m
            [36m</h2>[39m
            [36m<div[39m
              [33mclass[39m=[32m"rounded-lg border bg-card 
text-card-foreground shadow-sm cursor-pointer 
transition-all"[39m
            [36m>[39m
              [36m<div[39m
                [33mclass[39m=[32m"p-4"[39m
              [36m>[39m
                [36m<div[39m
                  [33mclass[39m=[32m"flex items-start 
justify-between"[39m
                [36m>[39m
                  [36m<div[39m
                    [33mclass[39m=[32m"flex-1"[39m
                  [36m>[39m
                    [36m<div[39m
                      [33mclass[39m=[32m"flex items-center 
gap-2 mb-2"[39m
                    [36m>[39m
                      [36m<h3[39m
                        
[33mclass[39m=[32m"font-semibold"[39m
                      [36m>[39m
                        [0mProduction Webhook[0m
                      [36m</h3>[39m
                      [36m<div[39m
                        [33mclass[39m=[32m"inline-flex 
items-center rounded-full border px-2.5 py-0.5 text-xs 
font-semibold transition-colors focus:outline-none 
focus:ring-2 focus:ring-ring focus:ring-offset-2 bg-primary 
text-primary-foreground hover:bg-primary/80"[39m
                      [36m>[39m
                        [0mActive[0m
                      [36m</div>[39m
                    [36m</div>[39m
                    [36m<p[39m
                      [33mclass[39m=[32m"text-sm 
text-gray-600 truncate mb-2"[39m
                    [36m>[39m
                      [0mhttps://api.example.com/webhook[0m
                    [36m</p>[39m
                    [36m<div[39m
                      [33mclass[39m=[32m"flex flex-wrap 
gap-1 mb-2"[39m
                    [36m>[39m
                      [36m<div[39m
                        [33mclass[39m=[32m"inline-flex 
items-center rounded-full px-2.5 py-0.5 font-semibold 
transition-colors focus:outline-none focus:ring-2 
focus:ring-ring focus:ring-offset-2 text-foreground border 
border-input text-xs"[39m
                      [36m>[39m
                        [0mcode.created[0m
                      [36m</div>[39m
                      [36m<div[39m
                        [33mclass[39m=[32m"inline-flex 
items-center rounded-full px-2.5 py-0.5 font-semibold 
transition-colors focus:outline-none focus:ring-2 
focus:ring-ring focus:ring-offset-2 text-foreground border 
border-input text-xs"[39m
                      [36m>[39m
                        [0mcode.updated[0m
                      [36m</div>[39m
                    [36m</div>[39m
                    [36m<div[39m
                      [33mclass[39m=[32m"flex gap-4 
text-xs text-gray-500"[39m
                    [36m>[39m
                      [36m<span>[39m
                        [0mTriggers: [0m
                      [36m</span>[39m
                      [36m<span>[39m
                        [0mFailed: [0m
                      [36m</span>[39m
                    [36m</div>[39m
                  [36m</div>[39m
                  [36m<div[39m
                    [33mclass[39m=[32m"flex flex-col 
gap-1"[39m
                  [36m>[39m
                    [36m<button[39m
                      [33mclass[39m=[32m"inline-flex 
items-center justify-center whitespace-nowrap text-sm 
font-medium ring-offset-background transition-colors 
focus-visible:outline-none focus-visible:ring-2 
focus-visible:ring-ring focus-visible:ring-offset-2 
disabled:pointer-events-none disabled:opacity-50 
hover:bg-accent hover:text-accent-foreground rounded-md h-7 
px-2"[39m
                    [36m>[39m
                      [36m<svg[39m
                        [33mclass[39m=[32m"lucide 
lucide-power-off h-3 w-3"[39m
                        [33mfill[39m=[32m"none"[39m
                        [33mheight[39m=[32m"24"[39m
                        [33mstroke[39m=[32m"cur...
[90m [2mΓ¥»[22m Proxy.waitForWrapper node_modules/@testing-
library/dom/dist/wait-for.js:[2m163:27[22m[39m
[36m [2mΓ¥»[22m 
src/__tests__/WebhooksPage.test.tsx:[2m142:11[22m[39m
    [90m140| [39m    fireEvent[33m.[39m[34mclick[39m(scr
een[33m.[39m[34mgetByText[39m([32m'New 
Webhook'[39m))[33m;[39m
    [90m141| [39m
    [90m142| [39m    [35mawait[39m [34mwaitFor[39m(() 
[33m=>[39m {
    [90m   | [39m          [31m^[39m
    [90m143| [39m      [35mconst[39m nameInput 
[33m=[39m 
screen[33m.[39m[34mgetByLabelText[39m([36m/Webhook 
Name/i[39m)[33m;[39m
    [90m144| [39m      [35mconst[39m urlInput [33m=[39m 
screen[33m.[39m[34mgetByLabelText[39m([36m/URL/i[39m)[3
3m;[39m

[31m[2mΓÄ»ΓÄ»ΓÄ»ΓÄ»ΓÄ»ΓÄ»ΓÄ»ΓÄ»ΓÄ»ΓÄ»ΓÄ»ΓÄ»ΓÄ»ΓÄ»ΓÄ»ΓÄ»ΓÄ»ΓÄ
»ΓÄ»ΓÄ»ΓÄ»ΓÄ»[14/14]ΓÄ»[22m[39m


[2m Test Files [22m [1m[31m3 failed[39m[22m[2m | [22m[1m[32m23 passed[39m[22m[90m (26)[39m
[2m      Tests [22m [1m[31m14 failed[39m[22m[2m | [22m[1m[32m223 passed[39m[22m[90m (237)[39m
[2m   Start at [22m 22:41:46
[2m   Duration [22m 13.61s[2m (transform 6.58s, setup 12.57s, import 24.00s, tests 44.78s, environment 42.26s)[22m

